[{"stream_name":"stderr","time":1.635110741,"data":"Cloning into '/kaggle/working/thesis_source'...\n"}
,{"stream_name":"stderr","time":3.72880606,"data":"HEAD is now at f4a17a4 research: implement audited S2C CPM adaptation\n"}
,{"stream_name":"stdout","time":37.449264962,"data":"RUN [\"/usr/bin/python3\", \"-m\", \"unittest\", \"discover\", \"-s\", \"/kaggle/working/thesis_source/tests\", \"-p\", \"test_torch_math_and_resume.py\", \"-v\"]\n"}
,{"stream_name":"stderr","time":41.05891327,"data":"test_resume_config_is_path_portable_but_training_strict (test_torch_math_and_resume.ResumeIntegrationTests.test_resume_config_is_path_portable_but_training_strict) ... ok\n"}
,{"stream_name":"stderr","time":41.402698916,"data":"test_resume_matches_uninterrupted_next_step (test_torch_math_and_resume.ResumeIntegrationTests.test_resume_matches_uninterrupted_next_step) ... /kaggle/working/thesis_source/tests/test_torch_math_and_resume.py:138: FutureWarning: `torch.cuda.amp.GradScaler(args...)` is deprecated. Please use `torch.amp.GradScaler('cuda', args...)` instead.\n"}
,{"stream_name":"stderr","time":41.402769325,"data":"  scaler = torch.cuda.amp.GradScaler(enabled=False)\n"}
,{"stream_name":"stderr","time":44.396741148,"data":"ok\n"}
,{"stream_name":"stderr","time":44.397720263,"data":"test_bce_dice_formula (test_torch_math_and_resume.TorchMathTests.test_bce_dice_formula) ... ok\n"}
,{"stream_name":"stderr","time":44.453368461,"data":"test_classifier_budget_audit_runs_after_early_stopping (test_torch_math_and_resume.TorchMathTests.test_classifier_budget_audit_runs_after_early_stopping) ... ok\n"}
,{"stream_name":"stderr","time":44.461698883,"data":"test_flat_puzzle_cam_normalises_to_zero (test_torch_math_and_resume.TorchMathTests.test_flat_puzzle_cam_normalises_to_zero) ... ok\n"}
,{"stream_name":"stderr","time":44.486380894,"data":"test_postprocess_guidance_threshold_fails_closed (test_torch_math_and_resume.TorchMathTests.test_postprocess_guidance_threshold_fails_closed) ... ok\n"}
,{"stream_name":"stderr","time":44.487987099,"data":"test_puzzle_tile_merge_is_exact (test_torch_math_and_resume.TorchMathTests.test_puzzle_tile_merge_is_exact) ... ok\n"}
,{"stream_name":"stderr","time":44.736806538,"data":"test_resnet18_unet_preserves_spatial_shape_and_backpropagates (test_torch_math_and_resume.TorchMathTests.test_resnet18_unet_preserves_spatial_shape_and_backpropagates) ... ok\n"}
,{"stream_name":"stderr","time":44.790897811,"data":"test_unet_preserves_spatial_shape_and_backpropagates (test_torch_math_and_resume.TorchMathTests.test_unet_preserves_spatial_shape_and_backpropagates) ... ok\n"}
,{"stream_name":"stderr","time":44.791326887,"data":"\n"}
,{"stream_name":"stderr","time":44.791339228,"data":"----------------------------------------------------------------------\n"}
,{"stream_name":"stderr","time":44.791344837,"data":"Ran 9 tests in 5.444s\n"}
,{"stream_name":"stderr","time":44.791349496,"data":"\n"}
,{"stream_name":"stderr","time":44.79135452,"data":"OK\n"}
,{"stream_name":"stdout","time":49.278656969,"data":"RUN [\"/usr/bin/python3\", \"-m\", \"unittest\", \"discover\", \"-s\", \"/kaggle/working/thesis_source/tests\", \"-p\", \"test_sam_segment_contrastive.py\", \"-v\"]\n"}
,{"stream_name":"stderr","time":52.724203381,"data":"test_coherent_region_features_have_lower_loss (test_sam_segment_contrastive.SamSegmentContrastiveLossTests.test_coherent_region_features_have_lower_loss) ... ok\n"}
,{"stream_name":"stderr","time":52.875799521,"data":"test_denseblock2_tap_is_stride8_and_preserves_logits (test_sam_segment_contrastive.SamSegmentContrastiveLossTests.test_denseblock2_tap_is_stride8_and_preserves_logits) ... /kaggle/working/thesis_source/project/models/classifier.py:64: FutureWarning: `torch.cuda.amp.autocast(args...)` is deprecated. Please use `torch.amp.autocast('cuda', args...)` instead.\n"}
,{"stream_name":"stderr","time":52.875900982,"data":"  with torch.cuda.amp.autocast(enabled=False):\n"}
,{"stream_name":"stderr","time":52.954022458,"data":"ok\n"}
,{"stream_name":"stderr","time":53.083513923,"data":"test_denseblock2_tap_rejects_unknown_stage (test_sam_segment_contrastive.SamSegmentContrastiveLossTests.test_denseblock2_tap_rejects_unknown_stage) ... ok\n"}
,{"stream_name":"stderr","time":53.085336372,"data":"test_ignore_zero_does_not_create_a_prototype (test_sam_segment_contrastive.SamSegmentContrastiveLossTests.test_ignore_zero_does_not_create_a_prototype) ... ok\n"}
,{"stream_name":"stderr","time":53.086452845,"data":"test_store_rejects_manifest_hash_mismatch (test_sam_segment_contrastive.SamSegmentMapStoreTests.test_store_rejects_manifest_hash_mismatch) ... ok\n"}
,{"stream_name":"stderr","time":53.086907393,"data":"test_store_verifies_population_hashes_and_loads_uint16 (test_sam_segment_contrastive.SamSegmentMapStoreTests.test_store_verifies_population_hashes_and_loads_uint16) ... /kaggle/working/thesis_source/tests/test_sam_segment_contrastive.py:106: DeprecationWarning: 'mode' parameter is deprecated and will be removed in Pillow 13 (2026-10-15)\n"}
,{"stream_name":"stderr","time":53.08691628,"data":"  Image.fromarray(\n"}
,{"stream_name":"stderr","time":53.139685921,"data":"ok\n"}
,{"stream_name":"stderr","time":53.139707761,"data":"\n"}
,{"stream_name":"stderr","time":53.13971375,"data":"----------------------------------------------------------------------\n"}
,{"stream_name":"stderr","time":53.139718275,"data":"Ran 6 tests in 1.904s\n"}
,{"stream_name":"stderr","time":53.139722315,"data":"\n"}
,{"stream_name":"stderr","time":53.139726036,"data":"OK\n"}
,{"stream_name":"stdout","time":53.727029337,"data":"RUN [\"/usr/bin/python3\", \"-m\", \"unittest\", \"discover\", \"-s\", \"/kaggle/working/thesis_source/tests\", \"-p\", \"test_s2c_cpm.py\", \"-v\"]\n"}
,{"stream_name":"stderr","time":56.919403398,"data":"test_cpm_loss_prefers_cam_aligned_with_sam_mask (test_s2c_cpm.S2CCPMTests.test_cpm_loss_prefers_cam_aligned_with_sam_mask) ... ok\n"}
,{"stream_name":"stderr","time":56.997364364,"data":"test_cpm_peak_extraction_keeps_global_and_separated_peaks (test_s2c_cpm.S2CCPMTests.test_cpm_peak_extraction_keeps_global_and_separated_peaks) ... ok\n"}
,{"stream_name":"stderr","time":57.000104646,"data":"test_direct_cam_adapter_returns_normalized_multiscale_map (test_s2c_cpm.S2CCPMTests.test_direct_cam_adapter_returns_normalized_multiscale_map) ... ok\n"}
,{"stream_name":"stderr","time":57.001996808,"data":"test_known_normal_forces_all_background (test_s2c_cpm.S2CCPMTests.test_known_normal_forces_all_background) ... ok\n"}
,{"stream_name":"stderr","time":57.212150744,"data":"test_model_emits_stride8_cam_and_fused_features (test_s2c_cpm.S2CCPMTests.test_model_emits_stride8_cam_and_fused_features) ... /kaggle/working/thesis_source/project/models/s2c_cpm.py:94: FutureWarning: `torch.cuda.amp.autocast(args...)` is deprecated. Please use `torch.amp.autocast('cuda', args...)` instead.\n"}
,{"stream_name":"stderr","time":57.212221017,"data":"  with torch.cuda.amp.autocast(enabled=False):\n"}
,{"stream_name":"stderr","time":57.257260884,"data":"ok\n"}
,{"stream_name":"stderr","time":57.263235253,"data":"test_multiscale_teacher_cam_restores_training_state (test_s2c_cpm.S2CCPMTests.test_multiscale_teacher_cam_restores_training_state) ... ok\n"}
,{"stream_name":"stderr","time":57.263264577,"data":"\n"}
,{"stream_name":"stderr","time":57.263412884,"data":"----------------------------------------------------------------------\n"}
,{"stream_name":"stderr","time":57.263423395,"data":"Ran 6 tests in 3.439s\n"}
,{"stream_name":"stderr","time":57.263428765,"data":"\n"}
,{"stream_name":"stderr","time":57.263471419,"data":"OK\n"}
,{"stream_name":"stdout","time":57.884296676,"data":"RUN [\"/usr/bin/python3\", \"-m\", \"unittest\", \"discover\", \"-s\", \"/kaggle/working/thesis_source/tests\", \"-p\", \"test_pipeline_audit_fixes.py\", \"-v\"]\n"}
,{"stream_name":"stderr","time":59.237990332,"data":"test_invalid_flag_is_not_silently_converted_to_zero (test_pipeline_audit_fixes.BTXRDDatasetValidationTests.test_invalid_flag_is_not_silently_converted_to_zero) ... ok\n"}
,{"stream_name":"stderr","time":59.239815093,"data":"test_manifest_assignments_are_authoritative (test_pipeline_audit_fixes.BTXRDDatasetValidationTests.test_manifest_assignments_are_authoritative) ... ok\n"}
,{"stream_name":"stderr","time":59.24137941,"data":"test_manifest_rejects_changed_image_hash (test_pipeline_audit_fixes.BTXRDDatasetValidationTests.test_manifest_rejects_changed_image_hash) ... ok\n"}
,{"stream_name":"stderr","time":59.243049129,"data":"test_manifest_rejects_group_overlap (test_pipeline_audit_fixes.BTXRDDatasetValidationTests.test_manifest_rejects_group_overlap) ... ok\n"}
,{"stream_name":"stderr","time":59.244625171,"data":"test_missing_pseudo_mask_fails_before_training (test_pipeline_audit_fixes.BTXRDDatasetValidationTests.test_missing_pseudo_mask_fails_before_training) ... ok\n"}
,{"stream_name":"stderr","time":59.24870787,"data":"test_training_resizes_verified_pseudo_masks_from_source_grid (test_pipeline_audit_fixes.BTXRDDatasetValidationTests.test_training_resizes_verified_pseudo_masks_from_source_grid) ... ok\n"}
,{"stream_name":"stderr","time":59.2489057,"data":"test_test_split_requires_frozen_config_before_access (test_pipeline_audit_fixes.FrozenTestGuardTests.test_test_split_requires_frozen_config_before_access) ... ok\n"}
,{"stream_name":"stderr","time":59.248939335,"data":"test_validation_split_does_not_require_frozen_config (test_pipeline_audit_fixes.FrozenTestGuardTests.test_validation_split_does_not_require_frozen_config) ... ok\n"}
,{"stream_name":"stderr","time":59.249576716,"data":"test_causal_selector_retains_support_clipping (test_pipeline_audit_fixes.MaskSelectionTests.test_causal_selector_retains_support_clipping) ... ok\n"}
,{"stream_name":"stderr","time":59.255705059,"data":"test_causal_selector_uses_classifier_rank_within_component (test_pipeline_audit_fixes.MaskSelectionTests.test_causal_selector_uses_classifier_rank_within_component) ... ok\n"}
,{"stream_name":"stderr","time":59.255998354,"data":"test_coverage_mass_sam_applies_support_clipping (test_pipeline_audit_fixes.MaskSelectionTests.test_coverage_mass_sam_applies_support_clipping) ... ok\n"}
,{"stream_name":"stderr","time":59.259895889,"data":"test_keep_best_policy_is_explicit_debug_opt_in (test_pipeline_audit_fixes.MaskSelectionTests.test_keep_best_policy_is_explicit_debug_opt_in) ... ok\n"}
,{"stream_name":"stderr","time":59.260213538,"data":"test_rejects_all_candidates_below_threshold_by_default (test_pipeline_audit_fixes.MaskSelectionTests.test_rejects_all_candidates_below_threshold_by_default) ... ok\n"}
,{"stream_name":"stderr","time":59.262222634,"data":"test_selection_details_distinguish_threshold_candidates_and_components (test_pipeline_audit_fixes.MaskSelectionTests.test_selection_details_distinguish_threshold_candidates_and_components) ... ok\n"}
,{"stream_name":"stderr","time":59.262578446,"data":"test_support_clipping_fails_closed_when_candidate_is_off_support (test_pipeline_audit_fixes.MaskSelectionTests.test_support_clipping_fails_closed_when_candidate_is_off_support) ... ok\n"}
,{"stream_name":"stderr","time":59.266692585,"data":"test_manifest_detects_mask_tampering (test_pipeline_audit_fixes.PseudoManifestTests.test_manifest_detects_mask_tampering) ... ok\n"}
,{"stream_name":"stderr","time":59.268974766,"data":"test_non_finite_cam_produces_empty_support (test_pipeline_audit_fixes.PseudoManifestTests.test_non_finite_cam_produces_empty_support) ... ok\n"}
,{"stream_name":"stderr","time":59.272120779,"data":"test_binary_metric_math_on_small_mask (test_pipeline_audit_fixes.ReportingMetricTests.test_binary_metric_math_on_small_mask) ... ok\n"}
,{"stream_name":"stderr","time":59.273341163,"data":"test_boundary_means_are_explicitly_conditional_and_misses_are_counted (test_pipeline_audit_fixes.ReportingMetricTests.test_boundary_means_are_explicitly_conditional_and_misses_are_counted) ... ok\n"}
,{"stream_name":"stderr","time":59.278691075,"data":"test_classifier_auc_metrics_are_tie_invariant (test_pipeline_audit_fixes.ReportingMetricTests.test_classifier_auc_metrics_are_tie_invariant) ... ok\n"}
,{"stream_name":"stderr","time":59.288544301,"data":"test_classifier_group_bootstrap_reports_required_intervals (test_pipeline_audit_fixes.ReportingMetricTests.test_classifier_group_bootstrap_reports_required_intervals) ... ok\n"}
,{"stream_name":"stderr","time":59.289217171,"data":"test_normal_cases_are_not_mixed_into_main_tumor_dice (test_pipeline_audit_fixes.ReportingMetricTests.test_normal_cases_are_not_mixed_into_main_tumor_dice) ... ok\n"}
,{"stream_name":"stderr","time":59.290222861,"data":"test_one_to_one_lesion_matching_does_not_double_credit_merged_prediction (test_pipeline_audit_fixes.ReportingMetricTests.test_one_to_one_lesion_matching_does_not_double_credit_merged_prediction) ... ok\n"}
,{"stream_name":"stderr","time":59.290501148,"data":"test_pure_box_ignores_negative_points_and_passes_no_point_arrays (test_pipeline_audit_fixes.SAMPromptTests.test_pure_box_ignores_negative_points_and_passes_no_point_arrays) ... ok\n"}
,{"stream_name":"stderr","time":59.2910734,"data":"test_constant_zero_cam_produces_empty_support (test_pipeline_audit_fixes.TumorMorphologyTests.test_constant_zero_cam_produces_empty_support) ... ok\n"}
,{"stream_name":"stderr","time":59.291219904,"data":"test_flat_cam_does_not_create_corner_prompt (test_pipeline_audit_fixes.TumorMorphologyTests.test_flat_cam_does_not_create_corner_prompt) ... ok\n"}
,{"stream_name":"stderr","time":59.291421818,"data":"test_legacy_tumor_guidance_also_fails_closed_on_flat_cam (test_pipeline_audit_fixes.TumorMorphologyTests.test_legacy_tumor_guidance_also_fails_closed_on_flat_cam) ... ok\n"}
,{"stream_name":"stderr","time":59.329928417,"data":"test_negative_points_are_outside_positive_component (test_pipeline_audit_fixes.TumorMorphologyTests.test_negative_points_are_outside_positive_component) ... ok\n"}
,{"stream_name":"stderr","time":59.329947272,"data":"test_non_finite_cam_does_not_create_prompt (test_pipeline_audit_fixes.TumorMorphologyTests.test_non_finite_cam_does_not_create_prompt) ... ok\n"}
,{"stream_name":"stderr","time":59.329953627,"data":"\n"}
,{"stream_name":"stderr","time":59.329957498,"data":"----------------------------------------------------------------------\n"}
,{"stream_name":"stderr","time":59.329961972,"data":"Ran 29 tests in 0.103s\n"}
,{"stream_name":"stderr","time":59.32996612,"data":"\n"}
,{"stream_name":"stderr","time":59.329970155,"data":"OK\n"}
,{"stream_name":"stdout","time":59.394917762,"data":"RUN [\"/usr/bin/python3\", \"-m\", \"pip\", \"install\", \"--disable-pip-version-check\", \"--no-input\", \"--no-deps\", \"git+https://github.com/facebookresearch/segment-anything.git@6fdee8f2727f4506cfbbe553e23b895e27956588\"]\n"}
,{"stream_name":"stdout","time":62.69679329,"data":"Collecting git+https://github.com/facebookresearch/segment-anything.git@6fdee8f2727f4506cfbbe553e23b895e27956588\n"}
,{"stream_name":"stdout","time":62.697867529,"data":"  Cloning https://github.com/facebookresearch/segment-anything.git (to revision 6fdee8f2727f4506cfbbe553e23b895e27956588) to /tmp/pip-req-build-kistqol6\n"}
,{"stream_name":"stderr","time":62.70100477,"data":"  Running command git clone --filter=blob:none --quiet https://github.com/facebookresearch/segment-anything.git /tmp/pip-req-build-kistqol6\n"}
,{"stream_name":"stderr","time":65.020481114,"data":"  Running command git rev-parse -q --verify 'sha^6fdee8f2727f4506cfbbe553e23b895e27956588'\n"}
,{"stream_name":"stderr","time":65.023618676,"data":"  Running command git fetch -q https://github.com/facebookresearch/segment-anything.git 6fdee8f2727f4506cfbbe553e23b895e27956588\n"}
,{"stream_name":"stderr","time":65.291444325,"data":"  Running command git checkout -q 6fdee8f2727f4506cfbbe553e23b895e27956588\n"}
,{"stream_name":"stdout","time":65.623947568,"data":"  Resolved https://github.com/facebookresearch/segment-anything.git to commit 6fdee8f2727f4506cfbbe553e23b895e27956588\n"}
,{"stream_name":"stdout","time":65.635404106,"data":"  Preparing metadata (setup.py): started\n"}
,{"stream_name":"stdout","time":66.70392815,"data":"  Preparing metadata (setup.py): finished with status 'done'\n"}
,{"stream_name":"stdout","time":71.777212746,"data":"RUN [\"/usr/bin/python3\", \"/kaggle/working/thesis_source/project/generate_pseudo_masks.py\", \"--pipeline-profile\", \"default\", \"--data-root\", \"/kaggle/input/datasets/itsthang333/btxrd-raw/BTXRD\", \"--split\", \"val\", \"--split-manifest\", \"/kaggle/working/frozen_split_manifest.csv\", \"--classifier-checkpoint\", \"/kaggle/input/notebooks/itsthang333/btxrd-s2c-cpm-classifier-v1/btxrd_s2c_cpm_classifier_v1/training/best_classifier.pt\", \"--sam-checkpoint\", \"/kaggle/input/datasets/itsthang333/btxrd-model-checkpoints/btxrd-model-checkpoints/sam_vit_b_01ec64.pth\", \"--classifier-device\", \"cuda\", \"--sam-device\", \"cuda\", \"--target-columns\", \"tumor\", \"--image-size\", \"320\", \"--sam-image-size\", \"512\", \"--batch-size\", \"1\", \"--num-workers\", \"2\", \"--output-dir\", \"/kaggle/working/btxrd_s2c_cpm_gate_c_v1/ground_truth/pseudo_masks\", \"--process-all\", \"--save-visuals-limit\", \"0\", \"--confidence-threshold\", \"0.5\", \"--cam-percentile\", \"90\", \"--cam-percentile-ensemble\", \"--cam-percentile-values\", \"85,90,95\", \"--cam-tta-flip\", \"--cam-backend\", \"s2c_cpm\", \"--max-points\", \"5\", \"--min-component-area\", \"100\", \"--mask-score-threshold\", \"0.4\", \"--seed-percentile\", \"82\", \"--support-percentile\", \"55\", \"--morphology-fusion-mode\", \"components\", \"--sam-prompt-mode\", \"box_point\", \"--sam-prompt-ensemble\", \"--max-components\", \"3\", \"--all-cam-components\", \"--points-per-component\", \"5\", \"--bbox-padding-ratio\", \"0.02\", \"--negative-points-per-component\", \"4\", \"--prompt-border-margin\", \"2\", \"--max-box-area-ratio\", \"0.35\", \"--selection-method\", \"coverage_mass_sam\", \"--fusion-topk\", \"1\", \"--component-topk\", \"3\", \"--support-clip-kernel\", \"5\", \"--closing-kernel\", \"0\", \"--opening-kernel\", \"0\", \"--min-size\", \"40\", \"--max-hole-area\", \"0\", \"--guidance-threshold\", \"0.4\", \"--preprocessing-mode\", \"none\", \"--cam-aggregation\", \"class\", \"--low-score-policy\", \"empty\", \"--cam-target-class\", \"ground_truth\", \"--evaluate-prompt-quality\"]\n"}
,{"stream_name":"stdout","time":76.180953454,"data":"Loaded classifier checkpoint task=multi-label normalization=imagenet\n"}
,{"stream_name":"stdout","time":144.589731565,"data":"Loaded 371 ground-truth masks for prompt-quality evaluation\n"}
,{"stream_name":"stderr","time":145.947993851,"data":"/kaggle/working/thesis_source/project/models/s2c_cpm.py:94: FutureWarning: `torch.cuda.amp.autocast(args...)` is deprecated. Please use `torch.amp.autocast('cuda', args...)` instead.\n"}
,{"stream_name":"stderr","time":145.94802644,"data":"  with torch.cuda.amp.autocast(enabled=False):\n"}
,{"stream_name":"stdout","time":507.072760807,"data":"\n"}
,{"stream_name":"stdout","time":507.07279806,"data":"Done: full dataset. Masks saved to /kaggle/working/btxrd_s2c_cpm_gate_c_v1/ground_truth/pseudo_masks/masks (skipped 187 normal/low-confidence images)\n"}
,{"stream_name":"stdout","time":507.073450261,"data":"Saved list of 187 skipped image names to /kaggle/working/btxrd_s2c_cpm_gate_c_v1/ground_truth/pseudo_masks/skipped_low_confidence.txt\n"}
,{"stream_name":"stdout","time":507.891995796,"data":"Pseudo-mask completeness: 371/371 rows; manifest_sha256=343a402793652218053a9084343b30f68fa06f5870d2c0ea8b6591bf0d2299b6\n"}
,{"stream_name":"stdout","time":507.896045648,"data":"Prompt quality (184 images with GT): mean foreground_iou=0.0740 mean foreground_recall=0.6506 mean foreground_precision=0.0820 mean point_hit_rate=0.1994 mean negative_rejection=0.9665 mean box_recall=0.7409\n"}
,{"stream_name":"stdout","time":507.896178409,"data":"SAM-vs-selection oracle diagnostic (total gap decomposed into support-clip loss vs. mask-selection loss): mean oracle_best_single_dice=0.3693 mean oracle_best_single_dice_clipped=0.3414 mean selected_dice=0.1677 mean total_gap=0.2016 mean support_loss=0.0280 mean selection_loss=0.1736 mean final_dice=0.1644 mean postprocess_delta=-0.0033 (large support_loss =\u003e bone_support under-covers the lesion, fix morphology seed/support percentiles, not mask_selection.py; large selection_loss =\u003e bone_hybrid scoring is discarding a good clipped candidate, fix mask_selection.py)\n"}
,{"stream_name":"stdout","time":507.896235477,"data":"\n"}
,{"stream_name":"stdout","time":507.896278961,"data":"Oracle Dice by tumor_type (breaks down where CAM localization fails):\n"}
,{"stream_name":"stdout","time":507.896360764,"data":"  osteochondroma               n=  75  mean_oracle_dice=0.1748\n"}
,{"stream_name":"stdout","time":507.896371411,"data":"  osteosarcoma                 n=  30  mean_oracle_dice=0.6251\n"}
,{"stream_name":"stdout","time":507.896376518,"data":"  multiple osteochondromas     n=  26  mean_oracle_dice=0.4670\n"}
,{"stream_name":"stdout","time":507.896380978,"data":"  simple bone cyst             n=  20  mean_oracle_dice=0.5190\n"}
,{"stream_name":"stdout","time":507.896385284,"data":"  other bt                     n=  11  mean_oracle_dice=0.1410\n"}
,{"stream_name":"stdout","time":507.89638988,"data":"  giant cell tumor             n=   9  mean_oracle_dice=0.5498\n"}
,{"stream_name":"stdout","time":507.896395407,"data":"  synovial osteochondroma      n=   5  mean_oracle_dice=0.8102\n"}
,{"stream_name":"stdout","time":507.896409076,"data":"  other mt                     n=   4  mean_oracle_dice=0.5932\n"}
,{"stream_name":"stdout","time":507.896413719,"data":"  osteofibroma                 n=   4  mean_oracle_dice=0.1623\n"}
,{"stream_name":"stdout","time":507.896418054,"data":"Saved per-image prompt-quality metrics to /kaggle/working/btxrd_s2c_cpm_gate_c_v1/ground_truth/pseudo_masks/prompt_quality.csv\n"}
,{"stream_name":"stdout","time":509.311241414,"data":"RUN [\"/usr/bin/python3\", \"/kaggle/working/thesis_source/project/evaluate_pseudo_masks.py\", \"--data-root\", \"/kaggle/input/datasets/itsthang333/btxrd-raw/BTXRD\", \"--split\", \"val\", \"--split-manifest\", \"/kaggle/working/frozen_split_manifest.csv\", \"--pred-mask-root\", \"/kaggle/working/btxrd_s2c_cpm_gate_c_v1/ground_truth/pseudo_masks/masks\", \"--image-size\", \"320\", \"--batch-size\", \"8\", \"--num-workers\", \"2\", \"--output-csv\", \"/kaggle/working/btxrd_s2c_cpm_gate_c_v1/ground_truth/evaluation/per_image.csv\", \"--output-json\", \"/kaggle/working/btxrd_s2c_cpm_gate_c_v1/ground_truth/evaluation/summary.json\", \"--bootstrap-iterations\", \"2000\", \"--bootstrap-seed\", \"42\"]\n"}
,{"stream_name":"stdout","time":535.473010315,"data":"Validated pseudo-mask manifest: 343a402793652218053a9084343b30f68fa06f5870d2c0ea8b6591bf0d2299b6\n"}
,{"stream_name":"stdout","time":535.481179025,"data":"Pseudo-mask protocol: ground_truth\n"}
,{"stream_name":"stdout","time":535.481206628,"data":"Loaded 187 low-confidence-skipped image names\n"}
,{"stream_name":"stdout","time":550.855124494,"data":"btxrd val: tumor images=184 (image-gate skips=0) conditional Dice=0.1644 end-to-end Dice=0.1644 | normal empty_prediction_rate=1.0000 | missing=0\n"}
,{"stream_name":"stdout","time":550.855198849,"data":"Saved separate per-image, summary, subgroup, bootstrap, confusion and run-manifest artifacts\n"}
,{"stream_name":"stdout","time":554.820740339,"data":"{\n"}
,{"stream_name":"stdout","time":554.820775935,"data":"  \"run_id\": \"btxrd_s2c_cpm_gate_c_v1\",\n"}
,{"stream_name":"stdout","time":554.820782513,"data":"  \"status\": \"complete\",\n"}
,{"stream_name":"stdout","time":554.820787588,"data":"  \"test_evaluated\": false,\n"}
,{"stream_name":"stdout","time":554.820796615,"data":"  \"split_manifest_sha256\": \"85511ee1bd1339c7b6b4f527acc504869da935997fd6b2485042edd619193c8c\",\n"}
,{"stream_name":"stdout","time":554.820800841,"data":"  \"classifier_checkpoint_sha256\": \"7da19e9c0537501c4c919200ed65b2bf6992383af70aa91c18b312a5d6204043\",\n"}
,{"stream_name":"stdout","time":554.820804287,"data":"  \"classifier_s2c_metadata\": {\n"}
,{"stream_name":"stdout","time":554.820807957,"data":"    \"method\": \"BTXRD DenseNet FPN adaptation of S2C SSC plus CPM\",\n"}
,{"stream_name":"stdout","time":554.820811437,"data":"    \"architecture\": \"DenseNet121 stride-8 FPN CAM classifier\",\n"}
,{"stream_name":"stdout","time":554.820814951,"data":"    \"feature_sources\": [\n"}
,{"stream_name":"stdout","time":554.82081824,"data":"      \"denseblock2\",\n"}
,{"stream_name":"stdout","time":554.820821575,"data":"      \"final\"\n"}
,{"stream_name":"stdout","time":554.820824829,"data":"    ],\n"}
,{"stream_name":"stdout","time":554.820827969,"data":"    \"feature_channels\": 256,\n"}
,{"stream_name":"stdout","time":554.82083117,"data":"    \"feature_stride\": 8,\n"}
,{"stream_name":"stdout","time":554.820847369,"data":"    \"classification_head\": \"global average pooling of one-channel CAM\",\n"}
,{"stream_name":"stdout","time":554.820853805,"data":"    \"image_size\": 320,\n"}
,{"stream_name":"stdout","time":554.820859565,"data":"    \"batch_size\": 2,\n"}
,{"stream_name":"stdout","time":554.820865067,"data":"    \"seed\": 42,\n"}
,{"stream_name":"stdout","time":554.82087016,"data":"    \"split_manifest_sha256\": \"85511ee1bd1339c7b6b4f527acc504869da935997fd6b2485042edd619193c8c\",\n"}
,{"stream_name":"stdout","time":554.820875144,"data":"    \"augmentation\": false,\n"}
,{"stream_name":"stdout","time":554.820879792,"data":"    \"preprocessing\": \"none\",\n"}
,{"stream_name":"stdout","time":554.820884651,"data":"    \"normalization\": \"imagenet\",\n"}
,{"stream_name":"stdout","time":554.820889375,"data":"    \"ssc_weight\": 1.0,\n"}
,{"stream_name":"stdout","time":554.820894017,"data":"    \"ssc_temperature\": 1.0,\n"}
,{"stream_name":"stdout","time":554.820898747,"data":"    \"ssc_region_manifest_sha256\": \"677dbb16ca0824a03bb75c991a01e6a83de5819d1db1f6f6d9f02765375c8f8e\",\n"}
,{"stream_name":"stdout","time":554.820903759,"data":"    \"cpm_weight\": 1.0,\n"}
,{"stream_name":"stdout","time":554.820908299,"data":"    \"cpm_warmup_epochs\": 2,\n"}
,{"stream_name":"stdout","time":554.820922229,"data":"    \"cpm_cam_scales\": [\n"}
,{"stream_name":"stdout","time":554.820925498,"data":"      0.5,\n"}
,{"stream_name":"stdout","time":554.82092868,"data":"      1.0,\n"}
,{"stream_name":"stdout","time":554.820932675,"data":"      1.5,\n"}
,{"stream_name":"stdout","time":554.820947329,"data":"      2.0\n"}
,{"stream_name":"stdout","time":554.820952727,"data":"    ],\n"}
,{"stream_name":"stdout","time":554.820974149,"data":"    \"cpm_peak_threshold\": 0.5,\n"}
,{"stream_name":"stdout","time":554.820978373,"data":"    \"cpm_peak_min_distance\": 20,\n"}
,{"stream_name":"stdout","time":554.820982042,"data":"    \"cpm_max_peaks\": 8,\n"}
,{"stream_name":"stdout","time":554.820985781,"data":"    \"sam_model\": \"vit_b\",\n"}
,{"stream_name":"stdout","time":554.820989431,"data":"    \"sam_checkpoint_sha256\": \"ec2df62732614e57411cdcf32a23ffdf28910380d03139ee0f4fcbe91eb8c912\",\n"}
,{"stream_name":"stdout","time":554.820993528,"data":"    \"sam_embedding_cache_sha256\": \"1853602fb36913c049010461057014465780ba06f37e5a562a4aae2f0a6436be\",\n"}
,{"stream_name":"stdout","time":554.820997389,"data":"    \"sam_embedding_index_sha256\": \"4c838827c02be65f3c1793b4c7036b2c7d0625d920d19c56666251a237ad7d06\",\n"}
,{"stream_name":"stdout","time":554.821001474,"data":"    \"sam_embedding_cache_population\": 1488,\n"}
,{"stream_name":"stdout","time":554.821005132,"data":"    \"sam_mask_selection\": \"highest SAM predicted-IoU times mean normalized CAM inside mask\",\n"}
,{"stream_name":"stdout","time":554.821009122,"data":"    \"optimizer\": \"AdamW\",\n"}
,{"stream_name":"stdout","time":554.82101269,"data":"    \"learning_rate\": 0.0001,\n"}
,{"stream_name":"stdout","time":554.821016251,"data":"    \"weight_decay\": 0.0001,\n"}
,{"stream_name":"stdout","time":554.821019857,"data":"    \"maximum_epochs\": 30,\n"}
,{"stream_name":"stdout","time":554.821027325,"data":"    \"early_stop_patience\": 7,\n"}
,{"stream_name":"stdout","time":554.821045391,"data":"    \"checkpoint_selection\": \"clean validation tumor F1 at threshold 0.5\",\n"}
,{"stream_name":"stdout","time":554.821050427,"data":"    \"train_polygons_loaded\": false,\n"}
,{"stream_name":"stdout","time":554.821054837,"data":"    \"validation_polygons_loaded\": false,\n"}
,{"stream_name":"stdout","time":554.821059379,"data":"    \"test_evaluated\": false\n"}
,{"stream_name":"stdout","time":554.821063689,"data":"  },\n"}
,{"stream_name":"stdout","time":554.821069405,"data":"  \"sam_checkpoint_sha256\": \"ec2df62732614e57411cdcf32a23ffdf28910380d03139ee0f4fcbe91eb8c912\",\n"}
,{"stream_name":"stdout","time":554.821073336,"data":"  \"baseline\": {\n"}
,{"stream_name":"stdout","time":554.821076931,"data":"    \"run_id\": \"btxrd_binary_cam_sam_tta_flip_v1\",\n"}
,{"stream_name":"stdout","time":554.821080665,"data":"    \"per_image_sha256\": \"fe5cf247cd236799de9e279db342314c11ff65fdb065cda26986c302efd05540\",\n"}
,{"stream_name":"stdout","time":554.821084602,"data":"    \"mean_tumor_dice\": 0.23433922219069755\n"}
,{"stream_name":"stdout","time":554.821088229,"data":"  },\n"}
,{"stream_name":"stdout","time":554.821091635,"data":"  \"candidate_mean_tumor_dice\": 0.1643982371420088,\n"}
,{"stream_name":"stdout","time":554.821095289,"data":"  \"lesion_size_diagnostics\": {\n"}
,{"stream_name":"stdout","time":554.821098897,"data":"    \"small\": {\n"}
,{"stream_name":"stdout","time":554.821102474,"data":"      \"definition\": \"frozen baseline validation tumor gt_area_ratio \u003c 0.01\",\n"}
,{"stream_name":"stdout","time":554.821106622,"data":"      \"diagnostic_only_never_inference_input\": true,\n"}
,{"stream_name":"stdout","time":554.821110303,"data":"      \"images\": 94,\n"}
,{"stream_name":"stdout","time":554.821113808,"data":"      \"baseline_mean_dice\": 0.1121634039404338,\n"}
,{"stream_name":"stdout","time":554.82111747,"data":"      \"candidate_mean_dice\": 0.029658925967813634,\n"}
,{"stream_name":"stdout","time":554.821121131,"data":"      \"delta\": -0.08250447797262016\n"}
,{"stream_name":"stdout","time":554.821127773,"data":"    },\n"}
,{"stream_name":"stdout","time":554.821145785,"data":"    \"medium\": {\n"}
,{"stream_name":"stdout","time":554.821150448,"data":"      \"definition\": \"frozen baseline validation tumor 0.01 \u003c= gt_area_ratio \u003c 0.05\",\n"}
,{"stream_name":"stdout","time":554.821155187,"data":"      \"diagnostic_only_never_inference_input\": true,\n"}
,{"stream_name":"stdout","time":554.821159654,"data":"      \"images\": 72,\n"}
,{"stream_name":"stdout","time":554.821163292,"data":"      \"baseline_mean_dice\": 0.34860371437700266,\n"}
,{"stream_name":"stdout","time":554.821187879,"data":"      \"candidate_mean_dice\": 0.28530965744080905,\n"}
,{"stream_name":"stdout","time":554.821192046,"data":"      \"delta\": -0.06329405693619361\n"}
,{"stream_name":"stdout","time":554.821195715,"data":"    },\n"}
,{"stream_name":"stdout","time":554.821199089,"data":"    \"large\": {\n"}
,{"stream_name":"stdout","time":554.821202592,"data":"      \"definition\": \"frozen baseline validation tumor gt_area_ratio \u003e= 0.05\",\n"}
,{"stream_name":"stdout","time":554.821206447,"data":"      \"diagnostic_only_never_inference_input\": true,\n"}
,{"stream_name":"stdout","time":554.821210055,"data":"      \"images\": 18,\n"}
,{"stream_name":"stdout","time":554.821213637,"data":"      \"baseline_mean_dice\": 0.4153105265301879,\n"}
,{"stream_name":"stdout","time":554.821217247,"data":"      \"candidate_mean_dice\": 0.3843911809676046,\n"}
,{"stream_name":"stdout","time":554.821220844,"data":"      \"delta\": -0.0309193455625833\n"}
,{"stream_name":"stdout","time":554.821224439,"data":"    }\n"}
,{"stream_name":"stdout","time":554.821227778,"data":"  },\n"}
,{"stream_name":"stdout","time":554.821231775,"data":"  \"paired_vs_promoted_tta\": {\n"}
,{"stream_name":"stdout","time":554.821236041,"data":"    \"method\": \"paired nonparametric bootstrap resampling complete tumor groups\",\n"}
,{"stream_name":"stdout","time":554.821240633,"data":"    \"tumor_groups\": 167,\n"}
,{"stream_name":"stdout","time":554.821245135,"data":"    \"tumor_images\": 184,\n"}
,{"stream_name":"stdout","time":554.821248721,"data":"    \"iterations\": 10000,\n"}
,{"stream_name":"stdout","time":554.821252243,"data":"    \"seed\": 42,\n"}
,{"stream_name":"stdout","time":554.821255704,"data":"    \"mean_tumor_dice_delta\": -0.06994098504868877,\n"}
,{"stream_name":"stdout","time":554.821259317,"data":"    \"ci95_low\": -0.10882063320487315,\n"}
,{"stream_name":"stdout","time":554.821262908,"data":"    \"ci95_high\": -0.03229017657388055\n"}
,{"stream_name":"stdout","time":554.821266498,"data":"  },\n"}
,{"stream_name":"stdout","time":554.821269919,"data":"  \"promotion_rule\": \"candidate mean_tumor_dice exceeds promoted TTA baseline and paired tumor-group bootstrap ci95_low is above zero and the predeclared 94-image small-lesion mean does not decrease\",\n"}
,{"stream_name":"stdout","time":554.821274188,"data":"  \"promoted\": false,\n"}
,{"stream_name":"stdout","time":554.821277649,"data":"  \"protocol_results\": {\n"}
,{"stream_name":"stdout","time":554.821281247,"data":"    \"ground_truth\": {\n"}
,{"stream_name":"stdout","time":554.821284846,"data":"      \"evaluation\": {\n"}
,{"stream_name":"stdout","time":554.821288297,"data":"        \"dataset\": \"btxrd\",\n"}
,{"stream_name":"stdout","time":554.821291911,"data":"        \"split\": \"val\",\n"}
,{"stream_name":"stdout","time":554.821295498,"data":"        \"cam_target_class_protocol\": \"ground_truth\",\n"}
,{"stream_name":"stdout","time":554.821300226,"data":"        \"pred_mask_root\": \"/kaggle/working/btxrd_s2c_cpm_gate_c_v1/ground_truth/pseudo_masks/masks\",\n"}
,{"stream_name":"stdout","time":554.821307697,"data":"        \"boundary_distance_unit\": \"pixels on the resized evaluation grid\",\n"}
,{"stream_name":"stdout","time":554.821327506,"data":"        \"missing\": 0,\n"}
,{"stream_name":"stdout","time":554.821332213,"data":"        \"tumor_images_skipped_by_image_gate\": 0,\n"}
,{"stream_name":"stdout","time":554.821336535,"data":"        \"images\": 371,\n"}
,{"stream_name":"stdout","time":554.821340866,"data":"        \"tumor_images\": 184,\n"}
,{"stream_name":"stdout","time":554.821362083,"data":"        \"normal_images\": 187,\n"}
,{"stream_name":"stdout","time":554.821365898,"data":"        \"main_population\": \"tumor images only\",\n"}
,{"stream_name":"stdout","time":554.821369981,"data":"        \"mean_tumor_dice\": 0.1643982371420088,\n"}
,{"stream_name":"stdout","time":554.821373991,"data":"        \"mean_tumor_iou\": 0.11758745617512566,\n"}
,{"stream_name":"stdout","time":554.821377935,"data":"        \"mean_tumor_precision\": 0.1578910498824537,\n"}
,{"stream_name":"stdout","time":554.821381799,"data":"        \"mean_tumor_recall\": 0.3536396712112223,\n"}
,{"stream_name":"stdout","time":554.821385744,"data":"        \"mean_tumor_hd95_px_conditional_defined\": 132.15838743889591,\n"}
,{"stream_name":"stdout","time":554.821389753,"data":"        \"mean_tumor_assd_px_conditional_defined\": 77.24858761514844,\n"}
,{"stream_name":"stdout","time":554.821393761,"data":"        \"boundary_metric_definition\": \"conditional mean over tumor images with both GT and prediction non-empty; distances are pixels on the resized evaluation grid (not mm); complete misses are excluded and counted separately\",\n"}
,{"stream_name":"stdout","time":554.821398761,"data":"        \"boundary_metric_eligible_tumor_images\": 173,\n"}
,{"stream_name":"stdout","time":554.821406277,"data":"        \"boundary_metric_excluded_tumor_images\": 11,\n"}
,{"stream_name":"stdout","time":554.821420401,"data":"        \"boundary_metric_complete_misses\": 11,\n"}
,{"stream_name":"stdout","time":554.821425081,"data":"        \"tumor_non_empty_prediction_rate\": 0.9402173913043478,\n"}
,{"stream_name":"stdout","time":554.821429807,"data":"        \"tumor_overlap_detection_rate\": 0.5434782608695652,\n"}
,{"stream_name":"stdout","time":554.82143411,"data":"        \"lesion_any_overlap_recall\": 0.47368421052631576,\n"}
,{"stream_name":"stdout","time":554.821439109,"data":"        \"lesion_any_overlap_precision\": 0.38515901060070673,\n"}
,{"stream_name":"stdout","time":554.821443116,"data":"        \"gt_lesions\": 228,\n"}
,{"stream_name":"stdout","time":554.821447006,"data":"        \"detected_lesions_any_overlap\": 108,\n"}
,{"stream_name":"stdout","time":554.821450773,"data":"        \"predicted_lesions\": 283,\n"}
,{"stream_name":"stdout","time":554.82145462,"data":"        \"multifocal_tumor_images\": 23,\n"}
,{"stream_name":"stdout","time":554.821458443,"data":"        \"multifocal_tumor_image_rate\": 0.125,\n"}
,{"stream_name":"stdout","time":554.821462271,"data":"        \"gt_component_count_histogram\": {\n"}
,{"stream_name":"stdout","time":554.821466093,"data":"          \"1\": 161,\n"}
,{"stream_name":"stdout","time":554.821469886,"data":"          \"2\": 12,\n"}
,{"stream_name":"stdout","time":554.821473585,"data":"          \"3\": 5,\n"}
,{"stream_name":"stdout","time":554.821477305,"data":"          \"4\": 4,\n"}
,{"stream_name":"stdout","time":554.821481035,"data":"          \"5\": 1,\n"}
,{"stream_name":"stdout","time":554.821484776,"data":"          \"7\": 1\n"}
,{"stream_name":"stdout","time":554.821488489,"data":"        },\n"}
,{"stream_name":"stdout","time":554.821492274,"data":"        \"normal_empty_prediction_rate\": 1.0,\n"}
,{"stream_name":"stdout","time":554.821545156,"data":"        \"normal_false_positive_case_rate\": 0.0,\n"}
,{"stream_name":"stdout","time":554.821551139,"data":"        \"pixel_specificity\": 0.9795803197737868,\n"}
,{"stream_name":"stdout","time":554.821556273,"data":"        \"pixel_precision\": 0.15590906742557398,\n"}
,{"stream_name":"stdout","time":554.821560576,"data":"        \"pixel_recall\": 0.3685787493243524,\n"}
,{"stream_name":"stdout","time":554.821564638,"data":"        \"tp_pixels\": 141835,\n"}
,{"stream_name":"stdout","time":554.821568703,"data":"        \"fp_pixels\": 767894,\n"}
,{"stream_name":"stdout","time":554.821572584,"data":"        \"fn_pixels\": 242981,\n"}
,{"stream_name":"stdout","time":554.821576472,"data":"        \"tn_pixels\": 36837690,\n"}
,{"stream_name":"stdout","time":554.821581301,"data":"        \"lesion_one_to_one_iou10_recall\": 0.2850877192982456,\n"}
,{"stream_name":"stdout","time":554.821585417,"data":"        \"lesion_one_to_one_iou10_precision\": 0.22968197879858657,\n"}
,{"stream_name":"stdout","time":554.821589566,"data":"        \"lesion_one_to_one_iou10_f1\": 0.25440313111545987,\n"}
,{"stream_name":"stdout","time":554.821593592,"data":"        \"lesion_tp_one_to_one_iou10\": 65,\n"}
,{"stream_name":"stdout","time":554.821597607,"data":"        \"lesion_one_to_one_iou25_recall\": 0.19298245614035087,\n"}
,{"stream_name":"stdout","time":554.821601689,"data":"        \"lesion_one_to_one_iou25_precision\": 0.15547703180212014,\n"}
,{"stream_name":"stdout","time":554.821605692,"data":"        \"lesion_one_to_one_iou25_f1\": 0.17221135029354206,\n"}
,{"stream_name":"stdout","time":554.821609756,"data":"        \"lesion_tp_one_to_one_iou25\": 44,\n"}
,{"stream_name":"stdout","time":554.821618992,"data":"        \"lesion_one_to_one_iou50_recall\": 0.10087719298245613,\n"}
,{"stream_name":"stdout","time":554.821622978,"data":"        \"lesion_one_to_one_iou50_precision\": 0.0812720848056537,\n"}
,{"stream_name":"stdout","time":554.821637361,"data":"        \"lesion_one_to_one_iou50_f1\": 0.09001956947162426,\n"}
,{"stream_name":"stdout","time":554.821642444,"data":"        \"lesion_tp_one_to_one_iou50\": 23,\n"}
,{"stream_name":"stdout","time":554.821646998,"data":"        \"lesion_matching_definition\": \"maximum-cardinality one-to-one connected-component matching at IoU thresholds 0.10, 0.25, 0.50\",\n"}
,{"stream_name":"stdout","time":554.821652371,"data":"        \"end_to_end\": {\n"}
,{"stream_name":"stdout","time":554.821657399,"data":"          \"images\": 371,\n"}
,{"stream_name":"stdout","time":554.821661395,"data":"          \"tumor_images\": 184,\n"}
,{"stream_name":"stdout","time":554.821668651,"data":"          \"normal_images\": 187,\n"}
,{"stream_name":"stdout","time":554.82167269,"data":"          \"main_population\": \"tumor images only\",\n"}
,{"stream_name":"stdout","time":554.821676879,"data":"          \"mean_tumor_dice\": 0.1643982371420088,\n"}
,{"stream_name":"stdout","time":554.821680945,"data":"          \"mean_tumor_iou\": 0.11758745617512566,\n"}
,{"stream_name":"stdout","time":554.821684942,"data":"          \"mean_tumor_precision\": 0.1578910498824537,\n"}
,{"stream_name":"stdout","time":554.821689015,"data":"          \"mean_tumor_recall\": 0.3536396712112223,\n"}
,{"stream_name":"stdout","time":554.821693029,"data":"          \"mean_tumor_hd95_px_conditional_defined\": 132.15838743889591,\n"}
,{"stream_name":"stdout","time":554.821697055,"data":"          \"mean_tumor_assd_px_conditional_defined\": 77.24858761514844,\n"}
,{"stream_name":"stdout","time":554.821701238,"data":"          \"boundary_metric_definition\": \"conditional mean over tumor images with both GT and prediction non-empty; distances are pixels on the resized evaluation grid (not mm); complete misses are excluded and counted separately\",\n"}
,{"stream_name":"stdout","time":554.821709959,"data":"          \"boundary_metric_eligible_tumor_images\": 173,\n"}
,{"stream_name":"stdout","time":554.821717563,"data":"          \"boundary_metric_excluded_tumor_images\": 11,\n"}
,{"stream_name":"stdout","time":554.821720931,"data":"          \"boundary_metric_complete_misses\": 11,\n"}
,{"stream_name":"stdout","time":554.821735647,"data":"          \"tumor_non_empty_prediction_rate\": 0.9402173913043478,\n"}
,{"stream_name":"stdout","time":554.821740585,"data":"          \"tumor_overlap_detection_rate\": 0.5434782608695652,\n"}
,{"stream_name":"stdout","time":554.82174512,"data":"          \"lesion_any_overlap_recall\": 0.47368421052631576,\n"}
,{"stream_name":"stdout","time":554.82175004,"data":"          \"lesion_any_overlap_precision\": 0.38515901060070673,\n"}
,{"stream_name":"stdout","time":554.821754874,"data":"          \"gt_lesions\": 228,\n"}
,{"stream_name":"stdout","time":554.821758901,"data":"          \"detected_lesions_any_overlap\": 108,\n"}
,{"stream_name":"stdout","time":554.821763552,"data":"          \"predicted_lesions\": 283,\n"}
,{"stream_name":"stdout","time":554.821767586,"data":"          \"multifocal_tumor_images\": 23,\n"}
,{"stream_name":"stdout","time":554.821771507,"data":"          \"multifocal_tumor_image_rate\": 0.125,\n"}
,{"stream_name":"stdout","time":554.821775506,"data":"          \"gt_component_count_histogram\": {\n"}
,{"stream_name":"stdout","time":554.821779503,"data":"            \"1\": 161,\n"}
,{"stream_name":"stdout","time":554.821783459,"data":"            \"2\": 12,\n"}
,{"stream_name":"stdout","time":554.821787351,"data":"            \"3\": 5,\n"}
,{"stream_name":"stdout","time":554.821791262,"data":"            \"4\": 4,\n"}
,{"stream_name":"stdout","time":554.82179508,"data":"            \"5\": 1,\n"}
,{"stream_name":"stdout","time":554.821798921,"data":"            \"7\": 1\n"}
,{"stream_name":"stdout","time":554.821802789,"data":"          },\n"}
,{"stream_name":"stdout","time":554.821806698,"data":"          \"normal_empty_prediction_rate\": 1.0,\n"}
,{"stream_name":"stdout","time":554.821815853,"data":"          \"normal_false_positive_case_rate\": 0.0,\n"}
,{"stream_name":"stdout","time":554.821819359,"data":"          \"pixel_specificity\": 0.9795803197737868,\n"}
,{"stream_name":"stdout","time":554.821833618,"data":"          \"pixel_precision\": 0.15590906742557398,\n"}
,{"stream_name":"stdout","time":554.821838418,"data":"          \"pixel_recall\": 0.3685787493243524,\n"}
,{"stream_name":"stdout","time":554.821843149,"data":"          \"tp_pixels\": 141835,\n"}
,{"stream_name":"stdout","time":554.821847934,"data":"          \"fp_pixels\": 767894,\n"}
,{"stream_name":"stdout","time":554.82185226,"data":"          \"fn_pixels\": 242981,\n"}
,{"stream_name":"stdout","time":554.821856303,"data":"          \"tn_pixels\": 36837690,\n"}
,{"stream_name":"stdout","time":554.821860282,"data":"          \"lesion_one_to_one_iou10_recall\": 0.2850877192982456,\n"}
,{"stream_name":"stdout","time":554.821864338,"data":"          \"lesion_one_to_one_iou10_precision\": 0.22968197879858657,\n"}
,{"stream_name":"stdout","time":554.82186844,"data":"          \"lesion_one_to_one_iou10_f1\": 0.25440313111545987,\n"}
,{"stream_name":"stdout","time":554.821872412,"data":"          \"lesion_tp_one_to_one_iou10\": 65,\n"}
,{"stream_name":"stdout","time":554.821876412,"data":"          \"lesion_one_to_one_iou25_recall\": 0.19298245614035087,\n"}
,{"stream_name":"stdout","time":554.821884435,"data":"          \"lesion_one_to_one_iou25_precision\": 0.15547703180212014,\n"}
,{"stream_name":"stdout","time":554.821888515,"data":"          \"lesion_one_to_one_iou25_f1\": 0.17221135029354206,\n"}
,{"stream_name":"stdout","time":554.821892608,"data":"          \"lesion_tp_one_to_one_iou25\": 44,\n"}
,{"stream_name":"stdout","time":554.821896559,"data":"          \"lesion_one_to_one_iou50_recall\": 0.10087719298245613,\n"}
,{"stream_name":"stdout","time":554.821900591,"data":"          \"lesion_one_to_one_iou50_precision\": 0.0812720848056537,\n"}
,{"stream_name":"stdout","time":554.821904682,"data":"          \"lesion_one_to_one_iou50_f1\": 0.09001956947162426,\n"}
,{"stream_name":"stdout","time":554.82192889,"data":"          \"lesion_tp_one_to_one_iou50\": 23,\n"}
,{"stream_name":"stdout","time":554.821933677,"data":"          \"lesion_matching_definition\": \"maximum-cardinality one-to-one connected-component matching at IoU thresholds 0.10, 0.25, 0.50\"\n"}
,{"stream_name":"stdout","time":554.821938174,"data":"        },\n"}
,{"stream_name":"stdout","time":554.821942892,"data":"        \"cam_sam_conditional_tumor_only\": {\n"}
,{"stream_name":"stdout","time":554.821947907,"data":"          \"images\": 184,\n"}
,{"stream_name":"stdout","time":554.821952389,"data":"          \"tumor_images\": 184,\n"}
,{"stream_name":"stdout","time":554.821956399,"data":"          \"normal_images\": 0,\n"}
,{"stream_name":"stdout","time":554.821960359,"data":"          \"main_population\": \"tumor images only\",\n"}
,{"stream_name":"stdout","time":554.821964456,"data":"          \"mean_tumor_dice\": 0.1643982371420088,\n"}
,{"stream_name":"stdout","time":554.821968419,"data":"          \"mean_tumor_iou\": 0.11758745617512566,\n"}
,{"stream_name":"stdout","time":554.821972441,"data":"          \"mean_tumor_precision\": 0.1578910498824537,\n"}
,{"stream_name":"stdout","time":554.82197645,"data":"          \"mean_tumor_recall\": 0.3536396712112223,\n"}
,{"stream_name":"stdout","time":554.821980523,"data":"          \"mean_tumor_hd95_px_conditional_defined\": 132.15838743889591,\n"}
,{"stream_name":"stdout","time":554.82198462,"data":"          \"mean_tumor_assd_px_conditional_defined\": 77.24858761514844,\n"}
,{"stream_name":"stdout","time":554.821989271,"data":"          \"boundary_metric_definition\": \"conditional mean over tumor images with both GT and prediction non-empty; distances are pixels on the resized evaluation grid (not mm); complete misses are excluded and counted separately\",\n"}
,{"stream_name":"stdout","time":554.821994109,"data":"          \"boundary_metric_eligible_tumor_images\": 173,\n"}
,{"stream_name":"stdout","time":554.821998167,"data":"          \"boundary_metric_excluded_tumor_images\": 11,\n"}
,{"stream_name":"stdout","time":554.822002121,"data":"          \"boundary_metric_complete_misses\": 11,\n"}
,{"stream_name":"stdout","time":554.822006323,"data":"          \"tumor_non_empty_prediction_rate\": 0.9402173913043478,\n"}
,{"stream_name":"stdout","time":554.822013792,"data":"          \"tumor_overlap_detection_rate\": 0.5434782608695652,\n"}
,{"stream_name":"stdout","time":554.822028641,"data":"          \"lesion_any_overlap_recall\": 0.47368421052631576,\n"}
,{"stream_name":"stdout","time":554.822033404,"data":"          \"lesion_any_overlap_precision\": 0.38515901060070673,\n"}
,{"stream_name":"stdout","time":554.822038323,"data":"          \"gt_lesions\": 228,\n"}
,{"stream_name":"stdout","time":554.822042617,"data":"          \"detected_lesions_any_overlap\": 108,\n"}
,{"stream_name":"stdout","time":554.82204775,"data":"          \"predicted_lesions\": 283,\n"}
,{"stream_name":"stdout","time":554.822052041,"data":"          \"multifocal_tumor_images\": 23,\n"}
,{"stream_name":"stdout","time":554.822059983,"data":"          \"multifocal_tumor_image_rate\": 0.125,\n"}
,{"stream_name":"stdout","time":554.822064131,"data":"          \"gt_component_count_histogram\": {\n"}
,{"stream_name":"stdout","time":554.822068162,"data":"            \"1\": 161,\n"}
,{"stream_name":"stdout","time":554.82207204,"data":"            \"2\": 12,\n"}
,{"stream_name":"stdout","time":554.822075895,"data":"            \"3\": 5,\n"}
,{"stream_name":"stdout","time":554.822079832,"data":"            \"4\": 4,\n"}
,{"stream_name":"stdout","time":554.822083655,"data":"            \"5\": 1,\n"}
,{"stream_name":"stdout","time":554.82208748,"data":"            \"7\": 1\n"}
,{"stream_name":"stdout","time":554.82209136,"data":"          },\n"}
,{"stream_name":"stdout","time":554.822095135,"data":"          \"normal_empty_prediction_rate\": null,\n"}
,{"stream_name":"stdout","time":554.822099232,"data":"          \"normal_false_positive_case_rate\": null,\n"}
,{"stream_name":"stdout","time":554.822103353,"data":"          \"pixel_specificity\": 0.9583950269992866,\n"}
,{"stream_name":"stdout","time":554.822110942,"data":"          \"pixel_precision\": 0.15590906742557398,\n"}
,{"stream_name":"stdout","time":554.822114641,"data":"          \"pixel_recall\": 0.3685787493243524,\n"}
,{"stream_name":"stdout","time":554.822129407,"data":"          \"tp_pixels\": 141835,\n"}
,{"stream_name":"stdout","time":554.822134196,"data":"          \"fp_pixels\": 767894,\n"}
,{"stream_name":"stdout","time":554.822138821,"data":"          \"fn_pixels\": 242981,\n"}
,{"stream_name":"stdout","time":554.82214344,"data":"          \"tn_pixels\": 17688890,\n"}
,{"stream_name":"stdout","time":554.822147535,"data":"          \"lesion_one_to_one_iou10_recall\": 0.2850877192982456,\n"}
,{"stream_name":"stdout","time":554.822151669,"data":"          \"lesion_one_to_one_iou10_precision\": 0.22968197879858657,\n"}
,{"stream_name":"stdout","time":554.822155758,"data":"          \"lesion_one_to_one_iou10_f1\": 0.25440313111545987,\n"}
,{"stream_name":"stdout","time":554.8221597,"data":"          \"lesion_tp_one_to_one_iou10\": 65,\n"}
,{"stream_name":"stdout","time":554.822188738,"data":"          \"lesion_one_to_one_iou25_recall\": 0.19298245614035087,\n"}
,{"stream_name":"stdout","time":554.822193613,"data":"          \"lesion_one_to_one_iou25_precision\": 0.15547703180212014,\n"}
,{"stream_name":"stdout","time":554.822197758,"data":"          \"lesion_one_to_one_iou25_f1\": 0.17221135029354206,\n"}
,{"stream_name":"stdout","time":554.822201826,"data":"          \"lesion_tp_one_to_one_iou25\": 44,\n"}
,{"stream_name":"stdout","time":554.822205898,"data":"          \"lesion_one_to_one_iou50_recall\": 0.10087719298245613,\n"}
,{"stream_name":"stdout","time":554.822209995,"data":"          \"lesion_one_to_one_iou50_precision\": 0.0812720848056537,\n"}
,{"stream_name":"stdout","time":554.822214985,"data":"          \"lesion_one_to_one_iou50_f1\": 0.09001956947162426,\n"}
,{"stream_name":"stdout","time":554.822219169,"data":"          \"lesion_tp_one_to_one_iou50\": 23,\n"}
,{"stream_name":"stdout","time":554.822223188,"data":"          \"lesion_matching_definition\": \"maximum-cardinality one-to-one connected-component matching at IoU thresholds 0.10, 0.25, 0.50\"\n"}
,{"stream_name":"stdout","time":554.822227604,"data":"        }\n"}
,{"stream_name":"stdout","time":554.82223134,"data":"      },\n"}
,{"stream_name":"stdout","time":554.822235231,"data":"      \"prompt_quality\": {\n"}
,{"stream_name":"stdout","time":554.822239262,"data":"        \"all_rows\": 184,\n"}
,{"stream_name":"stdout","time":554.822252069,"data":"        \"tumor_rows\": 184,\n"}
,{"stream_name":"stdout","time":554.822267218,"data":"        \"tumor_only_means\": {\n"}
,{"stream_name":"stdout","time":554.822272297,"data":"          \"foreground_iou\": 0.07398210518674973,\n"}
,{"stream_name":"stdout","time":554.822276978,"data":"          \"foreground_recall\": 0.6505802351493998,\n"}
,{"stream_name":"stdout","time":554.822281775,"data":"          \"foreground_precision\": 0.08201111529372908,\n"}
,{"stream_name":"stdout","time":554.822286698,"data":"          \"point_hit_rate\": 0.1993666133261601,\n"}
,{"stream_name":"stdout","time":554.822290855,"data":"          \"negative_rejection_rate\": 0.9664582953873797,\n"}
,{"stream_name":"stdout","time":554.822294914,"data":"          \"box_recall\": 0.7409372013582758,\n"}
,{"stream_name":"stdout","time":554.822298883,"data":"          \"box_precision\": 0.06053591552660641,\n"}
,{"stream_name":"stdout","time":554.822302915,"data":"          \"oracle_best_single_dice\": 0.3693434433420247,\n"}
,{"stream_name":"stdout","time":554.822306968,"data":"          \"oracle_best_single_dice_clipped\": 0.3413734584062798,\n"}
,{"stream_name":"stdout","time":554.822310995,"data":"          \"selected_dice\": 0.16774516800671083,\n"}
,{"stream_name":"stdout","time":554.822314935,"data":"          \"oracle_gap_dice\": 0.20159827533531388,\n"}
,{"stream_name":"stdout","time":554.822318924,"data":"          \"support_loss_dice\": 0.027969984935744853,\n"}
,{"stream_name":"stdout","time":554.822322938,"data":"          \"selection_loss_dice\": 0.173628290399569,\n"}
,{"stream_name":"stdout","time":554.822327052,"data":"          \"final_dice\": 0.16439823796259737,\n"}
,{"stream_name":"stdout","time":554.822331027,"data":"          \"final_iou\": 0.1175874570158519,\n"}
,{"stream_name":"stdout","time":554.822335046,"data":"          \"postprocess_delta_dice\": -0.0033469300441134396\n"}
,{"stream_name":"stdout","time":554.822339222,"data":"        }\n"}
,{"stream_name":"stdout","time":554.822347343,"data":"      },\n"}
,{"stream_name":"stdout","time":554.822350878,"data":"      \"run_metadata_sha256\": \"814484159b4ebf50d7d3ff5a24b30b679ae07ef8c9b37838aacae6f84cadd7c1\",\n"}
,{"stream_name":"stdout","time":554.82236586,"data":"      \"pseudo_mask_manifest_sha256\": \"343a402793652218053a9084343b30f68fa06f5870d2c0ea8b6591bf0d2299b6\",\n"}
,{"stream_name":"stdout","time":554.822371041,"data":"      \"evaluation_per_image_sha256\": \"9124c162ff1454cbcb5643358f763ab2c255f67620dae455c0ee211c97b91a52\"\n"}
,{"stream_name":"stdout","time":554.822375692,"data":"    }\n"}
,{"stream_name":"stdout","time":554.822380309,"data":"  }\n"}
,{"stream_name":"stdout","time":554.822384678,"data":"}\n"}
,{"stream_name":"stderr","time":558.547275889,"data":"/usr/local/lib/python3.12/dist-packages/mistune.py:435: SyntaxWarning: invalid escape sequence '\\|'\n"}
,{"stream_name":"stderr","time":558.547316884,"data":"  cells[i][c] = re.sub('\\\\\\\\\\|', '|', cell)\n"}
,{"stream_name":"stderr","time":558.98373536,"data":"/usr/local/lib/python3.12/dist-packages/nbconvert/filters/filter_links.py:36: SyntaxWarning: invalid escape sequence '\\_'\n"}
,{"stream_name":"stderr","time":558.983768561,"data":"  text = re.sub(r'_', '\\_', text) # Escape underscores in display text\n"}
,{"stream_name":"stderr","time":559.797950162,"data":"[NbConvertApp] Converting notebook __script__.ipynb to html\n"}
,{"stream_name":"stderr","time":561.763724859,"data":"[NbConvertApp] Writing 417120 bytes to __results__.html\n"}
]