Loaded btxrd: 2981 train images from train, 371 validation images from val.
/kaggle/input/datasets/itsthang333/btxrd-small-lesion-research-v1/project/train_segmentation.py:567: FutureWarning: `torch.cuda.amp.GradScaler(args...)` is deprecated. Please use `torch.amp.GradScaler('cuda', args...)` instead.
  scaler = torch.cuda.amp.GradScaler(enabled=device.type == "cuda")
Scanning deterministic, non-augmented train masks for foreground ratio and empty-mask rate...
  pos_weight scan: batch 0/94
  pos_weight scan: batch 10/94
  pos_weight scan: batch 20/94
  pos_weight scan: batch 30/94
  pos_weight scan: batch 40/94
  pos_weight scan: batch 50/94
  pos_weight scan: batch 60/94
  pos_weight scan: batch 70/94
  pos_weight scan: batch 80/94
  pos_weight scan: batch 90/94
{
  "images": 2981,
  "total_pixels": 305254400,
  "foreground_pixels": 3698543,
  "background_pixels": 301555857,
  "foreground_ratio": 0.012116264335583696,
  "empty_mask_count": 1493,
  "empty_mask_rate": 0.5008386447500839,
  "raw_pos_weight": 81.53368961777652,
  "requested_mode": "manual",
  "resolved_mode": "manual",
  "candidate_weights": {
    "raw": 81.53368961777652,
    "clamped": 20.0,
    "fixed_reference": 10.0,
    "none": null
  },
  "selected_pos_weight": 10.0,
  "effective_pos_weight": 10.0,
  "clamp_min": 1.0,
  "clamp_max": 20.0,
  "ablation_note": "Compare separate otherwise-identical runs using auto-raw, auto-clamped, and manual --pos-weight-value equal to fixed_reference."
}
Resuming from checkpoint: /kaggle/working/btxrd_small_lesion/fs_pw10_full_320/last_unet.pt
Resumed at epoch 6 (best_val_positive_dice=0.3178, best_val_normal_specificity=0.5027)
/kaggle/input/datasets/itsthang333/btxrd-small-lesion-research-v1/project/train_segmentation.py:266: FutureWarning: `torch.cuda.amp.autocast(args...)` is deprecated. Please use `torch.amp.autocast('cuda', args...)` instead.
  with torch.cuda.amp.autocast(enabled=device.type == "cuda"):
Epoch 006 | train_loss=0.4952 train_dice=0.4786 val_loss=0.5065 val_dice=0.4835 val_positive_dice=0.3282 val_normal_empty_case_specificity=0.6364
--> Saved new best model: positive-target Dice=0.3282, normal empty-case specificity=0.6364
/kaggle/input/datasets/itsthang333/btxrd-small-lesion-research-v1/project/train_segmentation.py:266: FutureWarning: `torch.cuda.amp.autocast(args...)` is deprecated. Please use `torch.amp.autocast('cuda', args...)` instead.
  with torch.cuda.amp.autocast(enabled=device.type == "cuda"):
Epoch 007 | train_loss=0.4716 train_dice=0.5063 val_loss=0.4974 val_dice=0.4014 val_positive_dice=0.3691 val_normal_empty_case_specificity=0.4332
--> Saved new best model: positive-target Dice=0.3691, normal empty-case specificity=0.4332
/kaggle/input/datasets/itsthang333/btxrd-small-lesion-research-v1/project/train_segmentation.py:266: FutureWarning: `torch.cuda.amp.autocast(args...)` is deprecated. Please use `torch.amp.autocast('cuda', args...)` instead.
  with torch.cuda.amp.autocast(enabled=device.type == "cuda"):
Epoch 008 | train_loss=0.4559 train_dice=0.4880 val_loss=0.4936 val_dice=0.2880 val_positive_dice=0.3471 val_normal_empty_case_specificity=0.2299
/kaggle/input/datasets/itsthang333/btxrd-small-lesion-research-v1/project/train_segmentation.py:266: FutureWarning: `torch.cuda.amp.autocast(args...)` is deprecated. Please use `torch.amp.autocast('cuda', args...)` instead.
  with torch.cuda.amp.autocast(enabled=device.type == "cuda"):
Epoch 009 | train_loss=0.4359 train_dice=0.5304 val_loss=0.5112 val_dice=0.3682 val_positive_dice=0.3401 val_normal_empty_case_specificity=0.3957
/kaggle/input/datasets/itsthang333/btxrd-small-lesion-research-v1/project/train_segmentation.py:266: FutureWarning: `torch.cuda.amp.autocast(args...)` is deprecated. Please use `torch.amp.autocast('cuda', args...)` instead.
  with torch.cuda.amp.autocast(enabled=device.type == "cuda"):
Epoch 010 | train_loss=0.4206 train_dice=0.5511 val_loss=0.4932 val_dice=0.4658 val_positive_dice=0.3848 val_normal_empty_case_specificity=0.5455
--> Saved new best model: positive-target Dice=0.3848, normal empty-case specificity=0.5455
