[{"stream_name":"stdout","time":34.928993091,"data":"{\n"}
,{"stream_name":"stdout","time":34.929060367,"data":"  \"python\": \"3.12.13 (main, Mar  4 2026, 09:23:07) [GCC 11.4.0]\",\n"}
,{"stream_name":"stdout","time":34.929065499000004,"data":"  \"platform\": \"Linux-6.12.90+-x86_64-with-glibc2.35\",\n"}
,{"stream_name":"stdout","time":34.929068313,"data":"  \"torch\": \"2.10.0+cu128\",\n"}
,{"stream_name":"stdout","time":34.92907076,"data":"  \"torch_cuda\": \"12.8\",\n"}
,{"stream_name":"stdout","time":34.929073149,"data":"  \"gpu\": \"Tesla T4\",\n"}
,{"stream_name":"stdout","time":34.929075582,"data":"  \"gpu_count\": 2,\n"}
,{"stream_name":"stdout","time":34.929078032,"data":"  \"data_root\": \"/kaggle/input/datasets/itsthang333/btxrd-raw/BTXRD\",\n"}
,{"stream_name":"stdout","time":34.929080487,"data":"  \"split_manifest\": \"/kaggle/input/btxrd-small-lesion-research-v2/split_manifest.csv\",\n"}
,{"stream_name":"stdout","time":34.929083029,"data":"  \"split_sha256\": \"85511ee1bd1339c7b6b4f527acc504869da935997fd6b2485042edd619193c8c\",\n"}
,{"stream_name":"stdout","time":34.929085699,"data":"  \"pseudo_mask_root\": \"/kaggle/input/notebooks/itsthang333/btxrd-wsss-train-pseudo-v1/btxrd_wsss_train_pseudo_v1/pseudo_masks\",\n"}
,{"stream_name":"stdout","time":34.929101351,"data":"  \"pseudo_mask_manifest_sha256\": \"7b0b133e7bbff8fecb102159b1be41801b6c51199de549a3420978b13ea7c7e6\",\n"}
,{"stream_name":"stdout","time":34.929105805,"data":"  \"pseudo_run_metadata_sha256\": \"bec5e639e08421190a74179abaaa9a9d65ade089851b7b22d3e28b24ef7887a6\"\n"}
,{"stream_name":"stdout","time":34.929110173,"data":"}\n"}
,{"stream_name":"stdout","time":34.92939929,"data":"$ /usr/bin/python3 -u /kaggle/input/btxrd-small-lesion-research-v2/project/train_segmentation.py --pipeline-profile btxrd_best --data-root /kaggle/input/datasets/itsthang333/btxrd-raw/BTXRD --train-split train --val-split val --split-manifest /kaggle/input/btxrd-small-lesion-research-v2/split_manifest.csv --train-pred-mask-root /kaggle/input/notebooks/itsthang333/btxrd-wsss-train-pseudo-v1/btxrd_wsss_train_pseudo_v1/pseudo_masks/masks --image-size 448 --model-architecture resnet18_unet --batch-size 8 --lr 0.0001 --weight-decay 0.0001 --epochs 35 --seed 42 --num-workers 4 --output-dir /kaggle/working/btxrd_wsss_segmenter_v1/wsss_resnet18_pw10_448_e35 --early-stop-patience 10 --checkpoint-dice-tolerance 0.0001 --pos-weight-mode manual --pos-weight-value 10 --pos-weight-clamp-min 1 --pos-weight-clamp-max 20 --pos-weight-fixed-reference 10\n"}
,{"stream_name":"stdout","time":116.736898464,"data":"Loaded btxrd: 2981 train images from train, 371 validation images from val.\n"}
,{"stream_name":"stdout","time":117.462244736,"data":"/kaggle/input/btxrd-small-lesion-research-v2/project/train_segmentation.py:557: FutureWarning: `torch.cuda.amp.GradScaler(args...)` is deprecated. Please use `torch.amp.GradScaler('cuda', args...)` instead.\n"}
,{"stream_name":"stdout","time":117.462272845,"data":"  scaler = torch.cuda.amp.GradScaler(enabled=device.type == \"cuda\")\n"}
,{"stream_name":"stdout","time":117.462487668,"data":"Scanning deterministic, non-augmented train masks for foreground ratio and empty-mask rate...\n"}
,{"stream_name":"stdout","time":139.451510648,"data":"  pos_weight scan: batch 0/94\n"}
,{"stream_name":"stdout","time":143.500473698,"data":"  pos_weight scan: batch 10/94\n"}
,{"stream_name":"stdout","time":151.147830287,"data":"  pos_weight scan: batch 20/94\n"}
,{"stream_name":"stdout","time":157.561081689,"data":"  pos_weight scan: batch 30/94\n"}
,{"stream_name":"stdout","time":164.82463445,"data":"  pos_weight scan: batch 40/94\n"}
,{"stream_name":"stdout","time":169.563676774,"data":"  pos_weight scan: batch 50/94\n"}
,{"stream_name":"stdout","time":179.057994514,"data":"  pos_weight scan: batch 60/94\n"}
,{"stream_name":"stdout","time":184.853406243,"data":"  pos_weight scan: batch 70/94\n"}
,{"stream_name":"stdout","time":194.461125637,"data":"  pos_weight scan: batch 80/94\n"}
,{"stream_name":"stdout","time":199.153508993,"data":"  pos_weight scan: batch 90/94\n"}
,{"stream_name":"stdout","time":200.626386669,"data":"{\n"}
,{"stream_name":"stdout","time":200.626414571,"data":"  \"images\": 2981,\n"}
,{"stream_name":"stdout","time":200.626421048,"data":"  \"total_pixels\": 598298624,\n"}
,{"stream_name":"stdout","time":200.626426486,"data":"  \"foreground_pixels\": 12727847,\n"}
,{"stream_name":"stdout","time":200.626430898,"data":"  \"background_pixels\": 585570777,\n"}
,{"stream_name":"stdout","time":200.6264361,"data":"  \"foreground_ratio\": 0.02127340175865088,\n"}
,{"stream_name":"stdout","time":200.626440605,"data":"  \"empty_mask_count\": 1518,\n"}
,{"stream_name":"stdout","time":200.626445445,"data":"  \"empty_mask_rate\": 0.5092250922509225,\n"}
,{"stream_name":"stdout","time":200.626643024,"data":"  \"raw_pos_weight\": 46.007056574454424,\n"}
,{"stream_name":"stdout","time":200.626655511,"data":"  \"requested_mode\": \"manual\",\n"}
,{"stream_name":"stdout","time":200.626661402,"data":"  \"resolved_mode\": \"manual\",\n"}
,{"stream_name":"stdout","time":200.626666532,"data":"  \"candidate_weights\": {\n"}
,{"stream_name":"stdout","time":200.626672382,"data":"    \"raw\": 46.007056574454424,\n"}
,{"stream_name":"stdout","time":200.626677444,"data":"    \"clamped\": 20.0,\n"}
,{"stream_name":"stdout","time":200.626682833,"data":"    \"fixed_reference\": 10.0,\n"}
,{"stream_name":"stdout","time":200.626694888,"data":"    \"none\": null\n"}
,{"stream_name":"stdout","time":200.62670071,"data":"  },\n"}
,{"stream_name":"stdout","time":200.626706442,"data":"  \"selected_pos_weight\": 10.0,\n"}
,{"stream_name":"stdout","time":200.626711471,"data":"  \"effective_pos_weight\": 10.0,\n"}
,{"stream_name":"stdout","time":200.626716646,"data":"  \"clamp_min\": 1.0,\n"}
,{"stream_name":"stdout","time":200.626721638,"data":"  \"clamp_max\": 20.0,\n"}
,{"stream_name":"stdout","time":200.626726792,"data":"  \"ablation_note\": \"Compare separate otherwise-identical runs using auto-raw, auto-clamped, and manual --pos-weight-value equal to fixed_reference.\"\n"}
,{"stream_name":"stdout","time":200.626733134,"data":"}\n"}
,{"stream_name":"stdout","time":201.708388164,"data":"/kaggle/input/btxrd-small-lesion-research-v2/project/train_segmentation.py:257: FutureWarning: `torch.cuda.amp.autocast(args...)` is deprecated. Please use `torch.amp.autocast('cuda', args...)` instead.\n"}
,{"stream_name":"stdout","time":201.708417047,"data":"  with torch.cuda.amp.autocast(enabled=device.type == \"cuda\"):\n"}
,{"stream_name":"stdout","time":290.862142814,"data":"Epoch 001 | train_loss=0.7565 train_dice=0.1292 val_loss=0.7126 val_dice=0.1157 val_positive_dice=0.1626 val_normal_empty_case_specificity=0.0695\n"}
,{"stream_name":"stdout","time":291.80868311,"data":"--\u003e Saved new best model: positive-target Dice=0.1626, normal empty-case specificity=0.0695\n"}
,{"stream_name":"stdout","time":292.58354695,"data":"/kaggle/input/btxrd-small-lesion-research-v2/project/train_segmentation.py:257: FutureWarning: `torch.cuda.amp.autocast(args...)` is deprecated. Please use `torch.amp.autocast('cuda', args...)` instead.\n"}
,{"stream_name":"stdout","time":292.583578044,"data":"  with torch.cuda.amp.autocast(enabled=device.type == \"cuda\"):\n"}
,{"stream_name":"stdout","time":379.714997177,"data":"Epoch 002 | train_loss=0.6773 train_dice=0.1977 val_loss=0.6701 val_dice=0.0977 val_positive_dice=0.1753 val_normal_empty_case_specificity=0.0214\n"}
,{"stream_name":"stdout","time":380.773742174,"data":"--\u003e Saved new best model: positive-target Dice=0.1753, normal empty-case specificity=0.0214\n"}
,{"stream_name":"stdout","time":381.441425047,"data":"/kaggle/input/btxrd-small-lesion-research-v2/project/train_segmentation.py:257: FutureWarning: `torch.cuda.amp.autocast(args...)` is deprecated. Please use `torch.amp.autocast('cuda', args...)` instead.\n"}
,{"stream_name":"stdout","time":381.441662701,"data":"  with torch.cuda.amp.autocast(enabled=device.type == \"cuda\"):\n"}
,{"stream_name":"stdout","time":468.822761101,"data":"Epoch 003 | train_loss=0.6296 train_dice=0.2497 val_loss=0.6200 val_dice=0.1691 val_positive_dice=0.1834 val_normal_empty_case_specificity=0.1551\n"}
,{"stream_name":"stdout","time":469.90192629,"data":"--\u003e Saved new best model: positive-target Dice=0.1834, normal empty-case specificity=0.1551\n"}
,{"stream_name":"stdout","time":470.635015192,"data":"/kaggle/input/btxrd-small-lesion-research-v2/project/train_segmentation.py:257: FutureWarning: `torch.cuda.amp.autocast(args...)` is deprecated. Please use `torch.amp.autocast('cuda', args...)` instead.\n"}
,{"stream_name":"stdout","time":470.637493346,"data":"  with torch.cuda.amp.autocast(enabled=device.type == \"cuda\"):\n"}
,{"stream_name":"stdout","time":557.988449843,"data":"Epoch 004 | train_loss=0.5969 train_dice=0.2841 val_loss=0.6142 val_dice=0.0937 val_positive_dice=0.1727 val_normal_empty_case_specificity=0.0160\n"}
,{"stream_name":"stdout","time":559.25151608,"data":"/kaggle/input/btxrd-small-lesion-research-v2/project/train_segmentation.py:257: FutureWarning: `torch.cuda.amp.autocast(args...)` is deprecated. Please use `torch.amp.autocast('cuda', args...)` instead.\n"}
,{"stream_name":"stdout","time":559.251550561,"data":"  with torch.cuda.amp.autocast(enabled=device.type == \"cuda\"):\n"}
,{"stream_name":"stdout","time":645.57865931,"data":"Epoch 005 | train_loss=0.5636 train_dice=0.3054 val_loss=0.5948 val_dice=0.1634 val_positive_dice=0.1881 val_normal_empty_case_specificity=0.1390\n"}
,{"stream_name":"stdout","time":646.617387078,"data":"--\u003e Saved new best model: positive-target Dice=0.1881, normal empty-case specificity=0.1390\n"}
,{"stream_name":"stdout","time":647.361527306,"data":"/kaggle/input/btxrd-small-lesion-research-v2/project/train_segmentation.py:257: FutureWarning: `torch.cuda.amp.autocast(args...)` is deprecated. Please use `torch.amp.autocast('cuda', args...)` instead.\n"}
,{"stream_name":"stdout","time":647.361603234,"data":"  with torch.cuda.amp.autocast(enabled=device.type == \"cuda\"):\n"}
,{"stream_name":"stdout","time":733.001047054,"data":"Epoch 006 | train_loss=0.5418 train_dice=0.3447 val_loss=0.5801 val_dice=0.1968 val_positive_dice=0.2012 val_normal_empty_case_specificity=0.1925\n"}
,{"stream_name":"stdout","time":733.972245863,"data":"--\u003e Saved new best model: positive-target Dice=0.2012, normal empty-case specificity=0.1925\n"}
,{"stream_name":"stdout","time":734.468383787,"data":"/kaggle/input/btxrd-small-lesion-research-v2/project/train_segmentation.py:257: FutureWarning: `torch.cuda.amp.autocast(args...)` is deprecated. Please use `torch.amp.autocast('cuda', args...)` instead.\n"}
,{"stream_name":"stdout","time":734.468424225,"data":"  with torch.cuda.amp.autocast(enabled=device.type == \"cuda\"):\n"}
,{"stream_name":"stdout","time":820.840712945,"data":"Epoch 007 | train_loss=0.5245 train_dice=0.3713 val_loss=0.5725 val_dice=0.2328 val_positive_dice=0.2032 val_normal_empty_case_specificity=0.2620\n"}
,{"stream_name":"stdout","time":821.810135104,"data":"--\u003e Saved new best model: positive-target Dice=0.2032, normal empty-case specificity=0.2620\n"}
,{"stream_name":"stdout","time":822.637536655,"data":"/kaggle/input/btxrd-small-lesion-research-v2/project/train_segmentation.py:257: FutureWarning: `torch.cuda.amp.autocast(args...)` is deprecated. Please use `torch.amp.autocast('cuda', args...)` instead.\n"}
,{"stream_name":"stdout","time":822.63758323,"data":"  with torch.cuda.amp.autocast(enabled=device.type == \"cuda\"):\n"}
,{"stream_name":"stdout","time":909.041622749,"data":"Epoch 008 | train_loss=0.5067 train_dice=0.3948 val_loss=0.5752 val_dice=0.3018 val_positive_dice=0.1792 val_normal_empty_case_specificity=0.4225\n"}
,{"stream_name":"stdout","time":910.266421624,"data":"/kaggle/input/btxrd-small-lesion-research-v2/project/train_segmentation.py:257: FutureWarning: `torch.cuda.amp.autocast(args...)` is deprecated. Please use `torch.amp.autocast('cuda', args...)` instead.\n"}
,{"stream_name":"stdout","time":910.268526184,"data":"  with torch.cuda.amp.autocast(enabled=device.type == \"cuda\"):\n"}
,{"stream_name":"stdout","time":996.403374667,"data":"Epoch 009 | train_loss=0.4931 train_dice=0.3981 val_loss=0.5932 val_dice=0.3691 val_positive_dice=0.1790 val_normal_empty_case_specificity=0.5561\n"}
,{"stream_name":"stdout","time":997.749523552,"data":"/kaggle/input/btxrd-small-lesion-research-v2/project/train_segmentation.py:257: FutureWarning: `torch.cuda.amp.autocast(args...)` is deprecated. Please use `torch.amp.autocast('cuda', args...)` instead.\n"}
,{"stream_name":"stdout","time":997.749580115,"data":"  with torch.cuda.amp.autocast(enabled=device.type == \"cuda\"):\n"}
,{"stream_name":"stdout","time":1083.343175337,"data":"Epoch 010 | train_loss=0.4805 train_dice=0.4144 val_loss=0.5711 val_dice=0.2618 val_positive_dice=0.2127 val_normal_empty_case_specificity=0.3102\n"}
,{"stream_name":"stdout","time":1084.387762958,"data":"--\u003e Saved new best model: positive-target Dice=0.2127, normal empty-case specificity=0.3102\n"}
,{"stream_name":"stdout","time":1084.995586847,"data":"/kaggle/input/btxrd-small-lesion-research-v2/project/train_segmentation.py:257: FutureWarning: `torch.cuda.amp.autocast(args...)` is deprecated. Please use `torch.amp.autocast('cuda', args...)` instead.\n"}
,{"stream_name":"stdout","time":1084.995626249,"data":"  with torch.cuda.amp.autocast(enabled=device.type == \"cuda\"):\n"}
,{"stream_name":"stdout","time":1171.099715909,"data":"Epoch 011 | train_loss=0.4682 train_dice=0.4312 val_loss=0.5764 val_dice=0.3231 val_positive_dice=0.2004 val_normal_empty_case_specificity=0.4439\n"}
,{"stream_name":"stdout","time":1172.471586355,"data":"/kaggle/input/btxrd-small-lesion-research-v2/project/train_segmentation.py:257: FutureWarning: `torch.cuda.amp.autocast(args...)` is deprecated. Please use `torch.amp.autocast('cuda', args...)` instead.\n"}
,{"stream_name":"stdout","time":1172.47163098,"data":"  with torch.cuda.amp.autocast(enabled=device.type == \"cuda\"):\n"}
,{"stream_name":"stdout","time":1259.605057794,"data":"Epoch 012 | train_loss=0.4559 train_dice=0.4296 val_loss=0.5796 val_dice=0.2505 val_positive_dice=0.1952 val_normal_empty_case_specificity=0.3048\n"}
,{"stream_name":"stdout","time":1260.710544868,"data":"/kaggle/input/btxrd-small-lesion-research-v2/project/train_segmentation.py:257: FutureWarning: `torch.cuda.amp.autocast(args...)` is deprecated. Please use `torch.amp.autocast('cuda', args...)` instead.\n"}
,{"stream_name":"stdout","time":1260.710595528,"data":"  with torch.cuda.amp.autocast(enabled=device.type == \"cuda\"):\n"}
,{"stream_name":"stdout","time":1347.770344497,"data":"Epoch 013 | train_loss=0.4369 train_dice=0.4998 val_loss=0.5959 val_dice=0.2129 val_positive_dice=0.2172 val_normal_empty_case_specificity=0.2086\n"}
,{"stream_name":"stdout","time":1348.74168309,"data":"--\u003e Saved new best model: positive-target Dice=0.2172, normal empty-case specificity=0.2086\n"}
,{"stream_name":"stdout","time":1349.546456821,"data":"/kaggle/input/btxrd-small-lesion-research-v2/project/train_segmentation.py:257: FutureWarning: `torch.cuda.amp.autocast(args...)` is deprecated. Please use `torch.amp.autocast('cuda', args...)` instead.\n"}
,{"stream_name":"stdout","time":1349.546572521,"data":"  with torch.cuda.amp.autocast(enabled=device.type == \"cuda\"):\n"}
,{"stream_name":"stdout","time":1436.495727993,"data":"Epoch 014 | train_loss=0.4258 train_dice=0.4697 val_loss=0.6231 val_dice=0.3113 val_positive_dice=0.1820 val_normal_empty_case_specificity=0.4385\n"}
,{"stream_name":"stdout","time":1437.643476752,"data":"/kaggle/input/btxrd-small-lesion-research-v2/project/train_segmentation.py:257: FutureWarning: `torch.cuda.amp.autocast(args...)` is deprecated. Please use `torch.amp.autocast('cuda', args...)` instead.\n"}
,{"stream_name":"stdout","time":1437.643514876,"data":"  with torch.cuda.amp.autocast(enabled=device.type == \"cuda\"):\n"}
,{"stream_name":"stdout","time":1524.393124066,"data":"Epoch 015 | train_loss=0.4190 train_dice=0.4900 val_loss=0.6305 val_dice=0.2472 val_positive_dice=0.1831 val_normal_empty_case_specificity=0.3102\n"}
,{"stream_name":"stdout","time":1525.662632642,"data":"/kaggle/input/btxrd-small-lesion-research-v2/project/train_segmentation.py:257: FutureWarning: `torch.cuda.amp.autocast(args...)` is deprecated. Please use `torch.amp.autocast('cuda', args...)` instead.\n"}
,{"stream_name":"stdout","time":1525.662668193,"data":"  with torch.cuda.amp.autocast(enabled=device.type == \"cuda\"):\n"}
,{"stream_name":"stdout","time":1611.656928761,"data":"Epoch 016 | train_loss=0.4150 train_dice=0.4757 val_loss=0.6173 val_dice=0.2884 val_positive_dice=0.1957 val_normal_empty_case_specificity=0.3797\n"}
,{"stream_name":"stdout","time":1612.878575254,"data":"/kaggle/input/btxrd-small-lesion-research-v2/project/train_segmentation.py:257: FutureWarning: `torch.cuda.amp.autocast(args...)` is deprecated. Please use `torch.amp.autocast('cuda', args...)` instead.\n"}
,{"stream_name":"stdout","time":1612.878757813,"data":"  with torch.cuda.amp.autocast(enabled=device.type == \"cuda\"):\n"}
,{"stream_name":"stdout","time":1699.258281678,"data":"Epoch 017 | train_loss=0.4067 train_dice=0.5112 val_loss=0.6132 val_dice=0.2271 val_positive_dice=0.1916 val_normal_empty_case_specificity=0.2620\n"}
,{"stream_name":"stdout","time":1700.324636454,"data":"/kaggle/input/btxrd-small-lesion-research-v2/project/train_segmentation.py:257: FutureWarning: `torch.cuda.amp.autocast(args...)` is deprecated. Please use `torch.amp.autocast('cuda', args...)` instead.\n"}
,{"stream_name":"stdout","time":1700.324671492,"data":"  with torch.cuda.amp.autocast(enabled=device.type == \"cuda\"):\n"}
,{"stream_name":"stdout","time":1786.980787978,"data":"Epoch 018 | train_loss=0.4026 train_dice=0.5282 val_loss=0.6000 val_dice=0.1450 val_positive_dice=0.2164 val_normal_empty_case_specificity=0.0749\n"}
,{"stream_name":"stdout","time":1788.289370391,"data":"/kaggle/input/btxrd-small-lesion-research-v2/project/train_segmentation.py:257: FutureWarning: `torch.cuda.amp.autocast(args...)` is deprecated. Please use `torch.amp.autocast('cuda', args...)` instead.\n"}
,{"stream_name":"stdout","time":1788.289623688,"data":"  with torch.cuda.amp.autocast(enabled=device.type == \"cuda\"):\n"}
,{"stream_name":"stdout","time":1874.77063235,"data":"Epoch 019 | train_loss=0.3919 train_dice=0.5195 val_loss=0.6436 val_dice=0.2419 val_positive_dice=0.1887 val_normal_empty_case_specificity=0.2941\n"}
,{"stream_name":"stdout","time":1875.982595585,"data":"/kaggle/input/btxrd-small-lesion-research-v2/project/train_segmentation.py:257: FutureWarning: `torch.cuda.amp.autocast(args...)` is deprecated. Please use `torch.amp.autocast('cuda', args...)` instead.\n"}
,{"stream_name":"stdout","time":1875.982632869,"data":"  with torch.cuda.amp.autocast(enabled=device.type == \"cuda\"):\n"}
,{"stream_name":"stdout","time":1962.774088006,"data":"Epoch 020 | train_loss=0.3828 train_dice=0.5216 val_loss=0.6481 val_dice=0.3022 val_positive_dice=0.2018 val_normal_empty_case_specificity=0.4011\n"}
,{"stream_name":"stdout","time":1963.855487064,"data":"/kaggle/input/btxrd-small-lesion-research-v2/project/train_segmentation.py:257: FutureWarning: `torch.cuda.amp.autocast(args...)` is deprecated. Please use `torch.amp.autocast('cuda', args...)` instead.\n"}
,{"stream_name":"stdout","time":1963.855693376,"data":"  with torch.cuda.amp.autocast(enabled=device.type == \"cuda\"):\n"}
,{"stream_name":"stdout","time":2050.373557154,"data":"Epoch 021 | train_loss=0.3820 train_dice=0.5520 val_loss=0.6890 val_dice=0.2711 val_positive_dice=0.1880 val_normal_empty_case_specificity=0.3529\n"}
,{"stream_name":"stdout","time":2051.482584612,"data":"/kaggle/input/btxrd-small-lesion-research-v2/project/train_segmentation.py:257: FutureWarning: `torch.cuda.amp.autocast(args...)` is deprecated. Please use `torch.amp.autocast('cuda', args...)` instead.\n"}
,{"stream_name":"stdout","time":2051.482633139,"data":"  with torch.cuda.amp.autocast(enabled=device.type == \"cuda\"):\n"}
,{"stream_name":"stdout","time":2137.639767736,"data":"Epoch 022 | train_loss=0.3695 train_dice=0.5780 val_loss=0.6779 val_dice=0.3017 val_positive_dice=0.1953 val_normal_empty_case_specificity=0.4064\n"}
,{"stream_name":"stdout","time":2138.66257691,"data":"/kaggle/input/btxrd-small-lesion-research-v2/project/train_segmentation.py:257: FutureWarning: `torch.cuda.amp.autocast(args...)` is deprecated. Please use `torch.amp.autocast('cuda', args...)` instead.\n"}
,{"stream_name":"stdout","time":2138.662618442,"data":"  with torch.cuda.amp.autocast(enabled=device.type == \"cuda\"):\n"}
,{"stream_name":"stdout","time":2225.217839025,"data":"Epoch 023 | train_loss=0.3711 train_dice=0.5843 val_loss=0.6802 val_dice=0.3080 val_positive_dice=0.2135 val_normal_empty_case_specificity=0.4011\n"}
,{"stream_name":"stdout","time":2225.836921479,"data":"Early stopping: val_positive_dice did not improve for 10 epochs (patience=10). Best val_positive_dice=0.2172.\n"}
,{"stream_name":"stdout","time":2230.420733805,"data":"$ /usr/bin/python3 -u /kaggle/input/btxrd-small-lesion-research-v2/project/evaluate_unet.py --data-root /kaggle/input/datasets/itsthang333/btxrd-raw/BTXRD --split val --split-manifest /kaggle/input/btxrd-small-lesion-research-v2/split_manifest.csv --checkpoint /kaggle/working/btxrd_wsss_segmenter_v1/wsss_resnet18_pw10_448_e35/best_unet.pt --image-size 448 --batch-size 8 --num-workers 4 --threshold 0.5 --threshold-grid 0.05 0.1 0.15 0.2 0.25 0.3 0.35 0.4 0.45 0.5 0.55 0.6 0.65 0.7 0.75 0.8 0.85 0.9 --output-csv /kaggle/working/btxrd_wsss_segmenter_v1/evaluation/fixed_per_image.csv --output-json /kaggle/working/btxrd_wsss_segmenter_v1/evaluation/fixed_summary.json --bootstrap-iterations 5000 --bootstrap-seed 42\n"}
,{"stream_name":"stdout","time":2356.819356033,"data":"{\n"}
,{"stream_name":"stdout","time":2356.819399176,"data":"  \"dataset\": \"btxrd\",\n"}
,{"stream_name":"stdout","time":2356.81940612,"data":"  \"split\": \"val\",\n"}
,{"stream_name":"stdout","time":2356.819412869,"data":"  \"checkpoint\": \"/kaggle/working/btxrd_wsss_segmenter_v1/wsss_resnet18_pw10_448_e35/best_unet.pt\",\n"}
,{"stream_name":"stdout","time":2356.819419553,"data":"  \"checkpoint_sha256\": \"02d3af8feede3c3e650cb76d664185c59092697c1c8306ea67613b89f8407fb4\",\n"}
,{"stream_name":"stdout","time":2356.819426179,"data":"  \"image_size\": 448,\n"}
,{"stream_name":"stdout","time":2356.819431553,"data":"  \"threshold\": 0.5,\n"}
,{"stream_name":"stdout","time":2356.819436883,"data":"  \"boundary_distance_unit\": \"pixels on the resized evaluation grid\",\n"}
,{"stream_name":"stdout","time":2356.819442622,"data":"  \"images\": 371,\n"}
,{"stream_name":"stdout","time":2356.819447996,"data":"  \"tumor_images\": 184,\n"}
,{"stream_name":"stdout","time":2356.819465329,"data":"  \"normal_images\": 187,\n"}
,{"stream_name":"stdout","time":2356.819469889,"data":"  \"main_population\": \"tumor images only\",\n"}
,{"stream_name":"stdout","time":2356.819474059,"data":"  \"mean_tumor_dice\": 0.21720720308458533,\n"}
,{"stream_name":"stdout","time":2356.81948373,"data":"  \"mean_tumor_iou\": 0.1486188969044934,\n"}
,{"stream_name":"stdout","time":2356.819487777,"data":"  \"mean_tumor_precision\": 0.19388737616733878,\n"}
,{"stream_name":"stdout","time":2356.81949173,"data":"  \"mean_tumor_recall\": 0.530822456062909,\n"}
,{"stream_name":"stdout","time":2356.819496201,"data":"  \"mean_tumor_hd95_px_conditional_defined\": 177.42187181674618,\n"}
,{"stream_name":"stdout","time":2356.819503364,"data":"  \"mean_tumor_assd_px_conditional_defined\": 87.52807370604428,\n"}
,{"stream_name":"stdout","time":2356.819507382,"data":"  \"boundary_metric_definition\": \"conditional mean over tumor images with both GT and prediction non-empty; distances are pixels on the resized evaluation grid (not mm); complete misses are excluded and counted separately\",\n"}
,{"stream_name":"stdout","time":2356.819512874,"data":"  \"boundary_metric_eligible_tumor_images\": 174,\n"}
,{"stream_name":"stdout","time":2356.819516867,"data":"  \"boundary_metric_excluded_tumor_images\": 10,\n"}
,{"stream_name":"stdout","time":2356.819520626,"data":"  \"boundary_metric_complete_misses\": 10,\n"}
,{"stream_name":"stdout","time":2356.819524654,"data":"  \"tumor_non_empty_prediction_rate\": 0.9456521739130435,\n"}
,{"stream_name":"stdout","time":2356.819528594,"data":"  \"tumor_overlap_detection_rate\": 0.6956521739130435,\n"}
,{"stream_name":"stdout","time":2356.819532832,"data":"  \"lesion_any_overlap_recall\": 0.6784140969162996,\n"}
,{"stream_name":"stdout","time":2356.819537564,"data":"  \"lesion_any_overlap_precision\": 0.1952141057934509,\n"}
,{"stream_name":"stdout","time":2356.819541592,"data":"  \"gt_lesions\": 227,\n"}
,{"stream_name":"stdout","time":2356.81954605,"data":"  \"detected_lesions_any_overlap\": 154,\n"}
,{"stream_name":"stdout","time":2356.819550979,"data":"  \"predicted_lesions\": 794,\n"}
,{"stream_name":"stdout","time":2356.819555408,"data":"  \"multifocal_tumor_images\": 22,\n"}
,{"stream_name":"stdout","time":2356.819559633,"data":"  \"multifocal_tumor_image_rate\": 0.11956521739130435,\n"}
,{"stream_name":"stdout","time":2356.819563716,"data":"  \"gt_component_count_histogram\": {\n"}
,{"stream_name":"stdout","time":2356.819567959,"data":"    \"1\": 162,\n"}
,{"stream_name":"stdout","time":2356.819573085,"data":"    \"2\": 11,\n"}
,{"stream_name":"stdout","time":2356.819577096,"data":"    \"3\": 5,\n"}
,{"stream_name":"stdout","time":2356.819603186,"data":"    \"4\": 4,\n"}
,{"stream_name":"stdout","time":2356.819619532,"data":"    \"5\": 1,\n"}
,{"stream_name":"stdout","time":2356.81962494,"data":"    \"7\": 1\n"}
,{"stream_name":"stdout","time":2356.819711912,"data":"  },\n"}
,{"stream_name":"stdout","time":2356.81971955,"data":"  \"normal_empty_prediction_rate\": 0.20855614973262032,\n"}
,{"stream_name":"stdout","time":2356.819723366,"data":"  \"normal_false_positive_case_rate\": 0.7914438502673797,\n"}
,{"stream_name":"stdout","time":2356.819726951,"data":"  \"pixel_specificity\": 0.9700311631391754,\n"}
,{"stream_name":"stdout","time":2356.819731099,"data":"  \"pixel_precision\": 0.14079224103694524,\n"}
,{"stream_name":"stdout","time":2356.819734965,"data":"  \"pixel_recall\": 0.47969725122025886,\n"}
,{"stream_name":"stdout","time":2356.81973993,"data":"  \"tp_pixels\": 361957,\n"}
,{"stream_name":"stdout","time":2356.819744378,"data":"  \"fp_pixels\": 2208902,\n"}
,{"stream_name":"stdout","time":2356.819755704,"data":"  \"fn_pixels\": 392596,\n"}
,{"stream_name":"stdout","time":2356.819781524,"data":"  \"tn_pixels\": 71497729,\n"}
,{"stream_name":"stdout","time":2356.81978534,"data":"  \"lesion_one_to_one_iou10_recall\": 0.41409691629955947,\n"}
,{"stream_name":"stdout","time":2356.819799034,"data":"  \"lesion_one_to_one_iou10_precision\": 0.11838790931989925,\n"}
,{"stream_name":"stdout","time":2356.819803986,"data":"  \"lesion_one_to_one_iou10_f1\": 0.1841332027424094,\n"}
,{"stream_name":"stdout","time":2356.819808065,"data":"  \"lesion_tp_one_to_one_iou10\": 94,\n"}
,{"stream_name":"stdout","time":2356.81981199,"data":"  \"lesion_one_to_one_iou25_recall\": 0.32599118942731276,\n"}
,{"stream_name":"stdout","time":2356.819815973,"data":"  \"lesion_one_to_one_iou25_precision\": 0.09319899244332494,\n"}
,{"stream_name":"stdout","time":2356.819820024,"data":"  \"lesion_one_to_one_iou25_f1\": 0.14495592556317335,\n"}
,{"stream_name":"stdout","time":2356.81983267,"data":"  \"lesion_tp_one_to_one_iou25\": 74,\n"}
,{"stream_name":"stdout","time":2356.819837072,"data":"  \"lesion_one_to_one_iou50_recall\": 0.10572687224669604,\n"}
,{"stream_name":"stdout","time":2356.81985872,"data":"  \"lesion_one_to_one_iou50_precision\": 0.030226700251889168,\n"}
,{"stream_name":"stdout","time":2356.819863381,"data":"  \"lesion_one_to_one_iou50_f1\": 0.04701273261508325,\n"}
,{"stream_name":"stdout","time":2356.819877789,"data":"  \"lesion_tp_one_to_one_iou50\": 24,\n"}
,{"stream_name":"stdout","time":2356.819882164,"data":"  \"lesion_matching_definition\": \"maximum-cardinality one-to-one connected-component matching at IoU thresholds 0.10, 0.25, 0.50\"\n"}
,{"stream_name":"stdout","time":2356.81988685,"data":"}\n"}
,{"stream_name":"stdout","time":2356.819890968,"data":"Saved per-image metrics to /kaggle/working/btxrd_wsss_segmenter_v1/evaluation/fixed_per_image.csv\n"}
,{"stream_name":"stdout","time":2356.819908237,"data":"Saved summary to /kaggle/working/btxrd_wsss_segmenter_v1/evaluation/fixed_summary.json\n"}
,{"stream_name":"stdout","time":2356.819912718,"data":"Saved validation threshold sweep and selection to /kaggle/working/btxrd_wsss_segmenter_v1/evaluation/fixed_per_image_threshold_selection.json\n"}
,{"stream_name":"stdout","time":2356.820025193,"data":"Saved subgroup/bootstrap/confusion/run-manifest artifacts next to /kaggle/working/btxrd_wsss_segmenter_v1/evaluation/fixed_per_image.csv\n"}
,{"stream_name":"stdout","time":2357.816970445,"data":"$ /usr/bin/python3 -u /kaggle/input/btxrd-small-lesion-research-v2/project/evaluate_unet.py --data-root /kaggle/input/datasets/itsthang333/btxrd-raw/BTXRD --split val --split-manifest /kaggle/input/btxrd-small-lesion-research-v2/split_manifest.csv --checkpoint /kaggle/working/btxrd_wsss_segmenter_v1/wsss_resnet18_pw10_448_e35/best_unet.pt --image-size 448 --batch-size 8 --num-workers 4 --threshold 0.85 --output-csv /kaggle/working/btxrd_wsss_segmenter_v1/evaluation/selected_per_image.csv --output-json /kaggle/working/btxrd_wsss_segmenter_v1/evaluation/selected_summary.json --bootstrap-iterations 5000 --bootstrap-seed 42\n"}
,{"stream_name":"stdout","time":2401.610986936,"data":"{\n"}
,{"stream_name":"stdout","time":2401.611033772,"data":"  \"dataset\": \"btxrd\",\n"}
,{"stream_name":"stdout","time":2401.611039776,"data":"  \"split\": \"val\",\n"}
,{"stream_name":"stdout","time":2401.611046263,"data":"  \"checkpoint\": \"/kaggle/working/btxrd_wsss_segmenter_v1/wsss_resnet18_pw10_448_e35/best_unet.pt\",\n"}
,{"stream_name":"stdout","time":2401.611054519,"data":"  \"checkpoint_sha256\": \"02d3af8feede3c3e650cb76d664185c59092697c1c8306ea67613b89f8407fb4\",\n"}
,{"stream_name":"stdout","time":2401.611057977,"data":"  \"image_size\": 448,\n"}
,{"stream_name":"stdout","time":2401.611061045,"data":"  \"threshold\": 0.85,\n"}
,{"stream_name":"stdout","time":2401.611071238,"data":"  \"boundary_distance_unit\": \"pixels on the resized evaluation grid\",\n"}
,{"stream_name":"stdout","time":2401.611073885,"data":"  \"images\": 371,\n"}
,{"stream_name":"stdout","time":2401.611076145,"data":"  \"tumor_images\": 184,\n"}
,{"stream_name":"stdout","time":2401.611078407,"data":"  \"normal_images\": 187,\n"}
,{"stream_name":"stdout","time":2401.61108075,"data":"  \"main_population\": \"tumor images only\",\n"}
,{"stream_name":"stdout","time":2401.6110831,"data":"  \"mean_tumor_dice\": 0.23001987009320218,\n"}
,{"stream_name":"stdout","time":2401.611085434,"data":"  \"mean_tumor_iou\": 0.1654705281882286,\n"}
,{"stream_name":"stdout","time":2401.611087764,"data":"  \"mean_tumor_precision\": 0.23010321843059584,\n"}
,{"stream_name":"stdout","time":2401.611090178,"data":"  \"mean_tumor_recall\": 0.43152305787059675,\n"}
,{"stream_name":"stdout","time":2401.611092507,"data":"  \"mean_tumor_hd95_px_conditional_defined\": 148.81924482748013,\n"}
,{"stream_name":"stdout","time":2401.611095666,"data":"  \"mean_tumor_assd_px_conditional_defined\": 75.53498022197137,\n"}
,{"stream_name":"stdout","time":2401.611111705,"data":"  \"boundary_metric_definition\": \"conditional mean over tumor images with both GT and prediction non-empty; distances are pixels on the resized evaluation grid (not mm); complete misses are excluded and counted separately\",\n"}
,{"stream_name":"stdout","time":2401.611118705,"data":"  \"boundary_metric_eligible_tumor_images\": 154,\n"}
,{"stream_name":"stdout","time":2401.611122413,"data":"  \"boundary_metric_excluded_tumor_images\": 30,\n"}
,{"stream_name":"stdout","time":2401.6111265,"data":"  \"boundary_metric_complete_misses\": 30,\n"}
,{"stream_name":"stdout","time":2401.611130289,"data":"  \"tumor_non_empty_prediction_rate\": 0.8369565217391305,\n"}
,{"stream_name":"stdout","time":2401.61113389,"data":"  \"tumor_overlap_detection_rate\": 0.6141304347826086,\n"}
,{"stream_name":"stdout","time":2401.611137348,"data":"  \"lesion_any_overlap_recall\": 0.5770925110132159,\n"}
,{"stream_name":"stdout","time":2401.611140788,"data":"  \"lesion_any_overlap_precision\": 0.30242825607064017,\n"}
,{"stream_name":"stdout","time":2401.611144246,"data":"  \"gt_lesions\": 227,\n"}
,{"stream_name":"stdout","time":2401.611147657,"data":"  \"detected_lesions_any_overlap\": 131,\n"}
,{"stream_name":"stdout","time":2401.611151129,"data":"  \"predicted_lesions\": 453,\n"}
,{"stream_name":"stdout","time":2401.611159705,"data":"  \"multifocal_tumor_images\": 22,\n"}
,{"stream_name":"stdout","time":2401.611162425,"data":"  \"multifocal_tumor_image_rate\": 0.11956521739130435,\n"}
,{"stream_name":"stdout","time":2401.611164832,"data":"  \"gt_component_count_histogram\": {\n"}
,{"stream_name":"stdout","time":2401.611167168,"data":"    \"1\": 162,\n"}
,{"stream_name":"stdout","time":2401.611169479,"data":"    \"2\": 11,\n"}
,{"stream_name":"stdout","time":2401.61117172,"data":"    \"3\": 5,\n"}
,{"stream_name":"stdout","time":2401.611174048,"data":"    \"4\": 4,\n"}
,{"stream_name":"stdout","time":2401.611176252,"data":"    \"5\": 1,\n"}
,{"stream_name":"stdout","time":2401.611178459,"data":"    \"7\": 1\n"}
,{"stream_name":"stdout","time":2401.611180682,"data":"  },\n"}
,{"stream_name":"stdout","time":2401.611182922,"data":"  \"normal_empty_prediction_rate\": 0.5133689839572193,\n"}
,{"stream_name":"stdout","time":2401.611185268,"data":"  \"normal_false_positive_case_rate\": 0.48663101604278075,\n"}
,{"stream_name":"stdout","time":2401.611187595,"data":"  \"pixel_specificity\": 0.9845251507968122,\n"}
,{"stream_name":"stdout","time":2401.611193621,"data":"  \"pixel_precision\": 0.19701347323305496,\n"}
,{"stream_name":"stdout","time":2401.611208383,"data":"  \"pixel_recall\": 0.3708778574864854,\n"}
,{"stream_name":"stdout","time":2401.61121249,"data":"  \"tp_pixels\": 279847,\n"}
,{"stream_name":"stdout","time":2401.61121654,"data":"  \"fp_pixels\": 1140599,\n"}
,{"stream_name":"stdout","time":2401.611220611,"data":"  \"fn_pixels\": 474706,\n"}
,{"stream_name":"stdout","time":2401.61122457,"data":"  \"tn_pixels\": 72566032,\n"}
,{"stream_name":"stdout","time":2401.611227968,"data":"  \"lesion_one_to_one_iou10_recall\": 0.3568281938325991,\n"}
,{"stream_name":"stdout","time":2401.611232498,"data":"  \"lesion_one_to_one_iou10_precision\": 0.17880794701986755,\n"}
,{"stream_name":"stdout","time":2401.611236013,"data":"  \"lesion_one_to_one_iou10_f1\": 0.23823529411764705,\n"}
,{"stream_name":"stdout","time":2401.611239493,"data":"  \"lesion_tp_one_to_one_iou10\": 81,\n"}
,{"stream_name":"stdout","time":2401.611242883,"data":"  \"lesion_one_to_one_iou25_recall\": 0.2907488986784141,\n"}
,{"stream_name":"stdout","time":2401.611246281,"data":"  \"lesion_one_to_one_iou25_precision\": 0.1456953642384106,\n"}
,{"stream_name":"stdout","time":2401.611249659,"data":"  \"lesion_one_to_one_iou25_f1\": 0.19411764705882353,\n"}
,{"stream_name":"stdout","time":2401.61125314,"data":"  \"lesion_tp_one_to_one_iou25\": 66,\n"}
,{"stream_name":"stdout","time":2401.611256527,"data":"  \"lesion_one_to_one_iou50_recall\": 0.1277533039647577,\n"}
,{"stream_name":"stdout","time":2401.61125998,"data":"  \"lesion_one_to_one_iou50_precision\": 0.0640176600441501,\n"}
,{"stream_name":"stdout","time":2401.61126361,"data":"  \"lesion_one_to_one_iou50_f1\": 0.08529411764705883,\n"}
,{"stream_name":"stdout","time":2401.61126714,"data":"  \"lesion_tp_one_to_one_iou50\": 29,\n"}
,{"stream_name":"stdout","time":2401.611276451,"data":"  \"lesion_matching_definition\": \"maximum-cardinality one-to-one connected-component matching at IoU thresholds 0.10, 0.25, 0.50\"\n"}
,{"stream_name":"stdout","time":2401.611279333,"data":"}\n"}
,{"stream_name":"stdout","time":2401.611281549,"data":"Saved per-image metrics to /kaggle/working/btxrd_wsss_segmenter_v1/evaluation/selected_per_image.csv\n"}
,{"stream_name":"stdout","time":2401.611284088,"data":"Saved summary to /kaggle/working/btxrd_wsss_segmenter_v1/evaluation/selected_summary.json\n"}
,{"stream_name":"stdout","time":2401.611286589,"data":"Saved subgroup/bootstrap/confusion/run-manifest artifacts next to /kaggle/working/btxrd_wsss_segmenter_v1/evaluation/selected_per_image.csv\n"}
,{"stream_name":"stderr","time":2402.751925358,"data":"Traceback (most recent call last):\n"}
,{"stream_name":"stderr","time":2402.751992865,"data":"  File \"/kaggle/src/script.py\", line 329, in \u003cmodule\u003e\n"}
,{"stream_name":"stderr","time":2402.752012295,"data":"    raise RuntimeError(f\"{name} evaluation does not cover the full clean validation split\")\n"}
,{"stream_name":"stderr","time":2402.752063433,"data":"RuntimeError: fixed evaluation does not cover the full clean validation split\n"}
,{"stream_name":"stderr","time":2405.875387348,"data":"/usr/local/lib/python3.12/dist-packages/mistune.py:435: SyntaxWarning: invalid escape sequence '\\|'\n"}
,{"stream_name":"stderr","time":2405.875413075,"data":"  cells[i][c] = re.sub('\\\\\\\\\\|', '|', cell)\n"}
,{"stream_name":"stderr","time":2406.304880563,"data":"/usr/local/lib/python3.12/dist-packages/nbconvert/filters/filter_links.py:36: SyntaxWarning: invalid escape sequence '\\_'\n"}
,{"stream_name":"stderr","time":2406.30492969,"data":"  text = re.sub(r'_', '\\_', text) # Escape underscores in display text\n"}
,{"stream_name":"stderr","time":2407.134439615,"data":"[NbConvertApp] Converting notebook __script__.ipynb to html\n"}
,{"stream_name":"stderr","time":2408.82529315,"data":"[NbConvertApp] Writing 344164 bytes to __results__.html\n"}
]