[{"stream_name":"stderr","time":1.0748506,"data":"Cloning into '/kaggle/working/thesis_source'...\n"}
,{"stream_name":"stderr","time":3.139866913,"data":"HEAD is now at ab5f7cc research: close CPM Gate C and add grid gallery diagnostic\n"}
,{"stream_name":"stdout","time":32.336078553,"data":"RUN [\"/usr/bin/python3\", \"-m\", \"unittest\", \"discover\", \"-s\", \"/kaggle/working/thesis_source/tests\", \"-p\", \"test_torch_math_and_resume.py\", \"-v\"]\n"}
,{"stream_name":"stderr","time":35.937640639,"data":"test_resume_config_is_path_portable_but_training_strict (test_torch_math_and_resume.ResumeIntegrationTests.test_resume_config_is_path_portable_but_training_strict) ... ok\n"}
,{"stream_name":"stderr","time":36.231981549,"data":"test_resume_matches_uninterrupted_next_step (test_torch_math_and_resume.ResumeIntegrationTests.test_resume_matches_uninterrupted_next_step) ... /kaggle/working/thesis_source/tests/test_torch_math_and_resume.py:138: FutureWarning: `torch.cuda.amp.GradScaler(args...)` is deprecated. Please use `torch.amp.GradScaler('cuda', args...)` instead.\n"}
,{"stream_name":"stderr","time":36.232012514,"data":"  scaler = torch.cuda.amp.GradScaler(enabled=False)\n"}
,{"stream_name":"stderr","time":39.118430476,"data":"ok\n"}
,{"stream_name":"stderr","time":39.119573056,"data":"test_bce_dice_formula (test_torch_math_and_resume.TorchMathTests.test_bce_dice_formula) ... ok\n"}
,{"stream_name":"stderr","time":39.170051359,"data":"test_classifier_budget_audit_runs_after_early_stopping (test_torch_math_and_resume.TorchMathTests.test_classifier_budget_audit_runs_after_early_stopping) ... ok\n"}
,{"stream_name":"stderr","time":39.176964167,"data":"test_flat_puzzle_cam_normalises_to_zero (test_torch_math_and_resume.TorchMathTests.test_flat_puzzle_cam_normalises_to_zero) ... ok\n"}
,{"stream_name":"stderr","time":39.19360867,"data":"test_postprocess_guidance_threshold_fails_closed (test_torch_math_and_resume.TorchMathTests.test_postprocess_guidance_threshold_fails_closed) ... ok\n"}
,{"stream_name":"stderr","time":39.207727443,"data":"test_puzzle_tile_merge_is_exact (test_torch_math_and_resume.TorchMathTests.test_puzzle_tile_merge_is_exact) ... ok\n"}
,{"stream_name":"stderr","time":39.462516188,"data":"test_resnet18_unet_preserves_spatial_shape_and_backpropagates (test_torch_math_and_resume.TorchMathTests.test_resnet18_unet_preserves_spatial_shape_and_backpropagates) ... ok\n"}
,{"stream_name":"stderr","time":39.517233864,"data":"test_unet_preserves_spatial_shape_and_backpropagates (test_torch_math_and_resume.TorchMathTests.test_unet_preserves_spatial_shape_and_backpropagates) ... ok\n"}
,{"stream_name":"stderr","time":39.517337763,"data":"\n"}
,{"stream_name":"stderr","time":39.517348344,"data":"----------------------------------------------------------------------\n"}
,{"stream_name":"stderr","time":39.517354257,"data":"Ran 9 tests in 5.207s\n"}
,{"stream_name":"stderr","time":39.517358983,"data":"\n"}
,{"stream_name":"stderr","time":39.517364167,"data":"OK\n"}
,{"stream_name":"stdout","time":42.10086342,"data":"RUN [\"/usr/bin/python3\", \"-m\", \"unittest\", \"discover\", \"-s\", \"/kaggle/working/thesis_source/tests\", \"-p\", \"test_sam_segment_contrastive.py\", \"-v\"]\n"}
,{"stream_name":"stderr","time":45.530028869,"data":"test_coherent_region_features_have_lower_loss (test_sam_segment_contrastive.SamSegmentContrastiveLossTests.test_coherent_region_features_have_lower_loss) ... ok\n"}
,{"stream_name":"stderr","time":45.684233274,"data":"test_denseblock2_tap_is_stride8_and_preserves_logits (test_sam_segment_contrastive.SamSegmentContrastiveLossTests.test_denseblock2_tap_is_stride8_and_preserves_logits) ... /kaggle/working/thesis_source/project/models/classifier.py:64: FutureWarning: `torch.cuda.amp.autocast(args...)` is deprecated. Please use `torch.amp.autocast('cuda', args...)` instead.\n"}
,{"stream_name":"stderr","time":45.68429708,"data":"  with torch.cuda.amp.autocast(enabled=False):\n"}
,{"stream_name":"stderr","time":45.763552049,"data":"ok\n"}
,{"stream_name":"stderr","time":45.891665012,"data":"test_denseblock2_tap_rejects_unknown_stage (test_sam_segment_contrastive.SamSegmentContrastiveLossTests.test_denseblock2_tap_rejects_unknown_stage) ... ok\n"}
,{"stream_name":"stderr","time":45.893605607,"data":"test_ignore_zero_does_not_create_a_prototype (test_sam_segment_contrastive.SamSegmentContrastiveLossTests.test_ignore_zero_does_not_create_a_prototype) ... ok\n"}
,{"stream_name":"stderr","time":45.89489765,"data":"test_store_rejects_manifest_hash_mismatch (test_sam_segment_contrastive.SamSegmentMapStoreTests.test_store_rejects_manifest_hash_mismatch) ... ok\n"}
,{"stream_name":"stderr","time":45.895354786,"data":"test_store_verifies_population_hashes_and_loads_uint16 (test_sam_segment_contrastive.SamSegmentMapStoreTests.test_store_verifies_population_hashes_and_loads_uint16) ... /kaggle/working/thesis_source/tests/test_sam_segment_contrastive.py:106: DeprecationWarning: 'mode' parameter is deprecated and will be removed in Pillow 13 (2026-10-15)\n"}
,{"stream_name":"stderr","time":45.895370159,"data":"  Image.fromarray(\n"}
,{"stream_name":"stderr","time":45.940615204,"data":"ok\n"}
,{"stream_name":"stderr","time":45.940645358,"data":"\n"}
,{"stream_name":"stderr","time":45.940649291,"data":"----------------------------------------------------------------------\n"}
,{"stream_name":"stderr","time":45.940652699,"data":"Ran 6 tests in 1.918s\n"}
,{"stream_name":"stderr","time":45.940655397,"data":"\n"}
,{"stream_name":"stderr","time":45.94065781,"data":"OK\n"}
,{"stream_name":"stdout","time":46.649232985,"data":"RUN [\"/usr/bin/python3\", \"-m\", \"unittest\", \"discover\", \"-s\", \"/kaggle/working/thesis_source/tests\", \"-p\", \"test_s2c_cpm.py\", \"-v\"]\n"}
,{"stream_name":"stderr","time":50.008002189,"data":"test_cpm_loss_prefers_cam_aligned_with_sam_mask (test_s2c_cpm.S2CCPMTests.test_cpm_loss_prefers_cam_aligned_with_sam_mask) ... ok\n"}
,{"stream_name":"stderr","time":50.083133695,"data":"test_cpm_peak_extraction_keeps_global_and_separated_peaks (test_s2c_cpm.S2CCPMTests.test_cpm_peak_extraction_keeps_global_and_separated_peaks) ... ok\n"}
,{"stream_name":"stderr","time":50.085206678,"data":"test_direct_cam_adapter_returns_normalized_multiscale_map (test_s2c_cpm.S2CCPMTests.test_direct_cam_adapter_returns_normalized_multiscale_map) ... ok\n"}
,{"stream_name":"stderr","time":50.086903556,"data":"test_known_normal_forces_all_background (test_s2c_cpm.S2CCPMTests.test_known_normal_forces_all_background) ... ok\n"}
,{"stream_name":"stderr","time":50.29484216,"data":"test_model_emits_stride8_cam_and_fused_features (test_s2c_cpm.S2CCPMTests.test_model_emits_stride8_cam_and_fused_features) ... /kaggle/working/thesis_source/project/models/s2c_cpm.py:94: FutureWarning: `torch.cuda.amp.autocast(args...)` is deprecated. Please use `torch.amp.autocast('cuda', args...)` instead.\n"}
,{"stream_name":"stderr","time":50.294902612,"data":"  with torch.cuda.amp.autocast(enabled=False):\n"}
,{"stream_name":"stderr","time":50.342319353,"data":"ok\n"}
,{"stream_name":"stderr","time":50.347334249,"data":"test_multiscale_teacher_cam_restores_training_state (test_s2c_cpm.S2CCPMTests.test_multiscale_teacher_cam_restores_training_state) ... ok\n"}
,{"stream_name":"stderr","time":50.347362312,"data":"\n"}
,{"stream_name":"stderr","time":50.347402093,"data":"----------------------------------------------------------------------\n"}
,{"stream_name":"stderr","time":50.347408563,"data":"Ran 6 tests in 3.603s\n"}
,{"stream_name":"stderr","time":50.347413502,"data":"\n"}
,{"stream_name":"stderr","time":50.347450041,"data":"OK\n"}
,{"stream_name":"stdout","time":51.079894765,"data":"RUN [\"/usr/bin/python3\", \"-m\", \"unittest\", \"discover\", \"-s\", \"/kaggle/working/thesis_source/tests\", \"-p\", \"test_pipeline_audit_fixes.py\", \"-v\"]\n"}
,{"stream_name":"stderr","time":52.114413981,"data":"test_invalid_flag_is_not_silently_converted_to_zero (test_pipeline_audit_fixes.BTXRDDatasetValidationTests.test_invalid_flag_is_not_silently_converted_to_zero) ... ok\n"}
,{"stream_name":"stderr","time":52.116140057,"data":"test_manifest_assignments_are_authoritative (test_pipeline_audit_fixes.BTXRDDatasetValidationTests.test_manifest_assignments_are_authoritative) ... ok\n"}
,{"stream_name":"stderr","time":52.117778321,"data":"test_manifest_rejects_changed_image_hash (test_pipeline_audit_fixes.BTXRDDatasetValidationTests.test_manifest_rejects_changed_image_hash) ... ok\n"}
,{"stream_name":"stderr","time":52.119489642,"data":"test_manifest_rejects_group_overlap (test_pipeline_audit_fixes.BTXRDDatasetValidationTests.test_manifest_rejects_group_overlap) ... ok\n"}
,{"stream_name":"stderr","time":52.121097861,"data":"test_missing_pseudo_mask_fails_before_training (test_pipeline_audit_fixes.BTXRDDatasetValidationTests.test_missing_pseudo_mask_fails_before_training) ... ok\n"}
,{"stream_name":"stderr","time":52.125225236,"data":"test_training_resizes_verified_pseudo_masks_from_source_grid (test_pipeline_audit_fixes.BTXRDDatasetValidationTests.test_training_resizes_verified_pseudo_masks_from_source_grid) ... ok\n"}
,{"stream_name":"stderr","time":52.125439879,"data":"test_test_split_requires_frozen_config_before_access (test_pipeline_audit_fixes.FrozenTestGuardTests.test_test_split_requires_frozen_config_before_access) ... ok\n"}
,{"stream_name":"stderr","time":52.12550531,"data":"test_validation_split_does_not_require_frozen_config (test_pipeline_audit_fixes.FrozenTestGuardTests.test_validation_split_does_not_require_frozen_config) ... ok\n"}
,{"stream_name":"stderr","time":52.126079344,"data":"test_causal_selector_retains_support_clipping (test_pipeline_audit_fixes.MaskSelectionTests.test_causal_selector_retains_support_clipping) ... ok\n"}
,{"stream_name":"stderr","time":52.130275206,"data":"test_causal_selector_uses_classifier_rank_within_component (test_pipeline_audit_fixes.MaskSelectionTests.test_causal_selector_uses_classifier_rank_within_component) ... ok\n"}
,{"stream_name":"stderr","time":52.130709831,"data":"test_coverage_mass_sam_applies_support_clipping (test_pipeline_audit_fixes.MaskSelectionTests.test_coverage_mass_sam_applies_support_clipping) ... ok\n"}
,{"stream_name":"stderr","time":52.133281687,"data":"test_keep_best_policy_is_explicit_debug_opt_in (test_pipeline_audit_fixes.MaskSelectionTests.test_keep_best_policy_is_explicit_debug_opt_in) ... ok\n"}
,{"stream_name":"stderr","time":52.133714041,"data":"test_rejects_all_candidates_below_threshold_by_default (test_pipeline_audit_fixes.MaskSelectionTests.test_rejects_all_candidates_below_threshold_by_default) ... ok\n"}
,{"stream_name":"stderr","time":52.135164173,"data":"test_selection_details_distinguish_threshold_candidates_and_components (test_pipeline_audit_fixes.MaskSelectionTests.test_selection_details_distinguish_threshold_candidates_and_components) ... ok\n"}
,{"stream_name":"stderr","time":52.135522309,"data":"test_support_clipping_fails_closed_when_candidate_is_off_support (test_pipeline_audit_fixes.MaskSelectionTests.test_support_clipping_fails_closed_when_candidate_is_off_support) ... ok\n"}
,{"stream_name":"stderr","time":52.139444461,"data":"test_manifest_detects_mask_tampering (test_pipeline_audit_fixes.PseudoManifestTests.test_manifest_detects_mask_tampering) ... ok\n"}
,{"stream_name":"stderr","time":52.141363043,"data":"test_non_finite_cam_produces_empty_support (test_pipeline_audit_fixes.PseudoManifestTests.test_non_finite_cam_produces_empty_support) ... ok\n"}
,{"stream_name":"stderr","time":52.143654508,"data":"test_binary_metric_math_on_small_mask (test_pipeline_audit_fixes.ReportingMetricTests.test_binary_metric_math_on_small_mask) ... ok\n"}
,{"stream_name":"stderr","time":52.145008292,"data":"test_boundary_means_are_explicitly_conditional_and_misses_are_counted (test_pipeline_audit_fixes.ReportingMetricTests.test_boundary_means_are_explicitly_conditional_and_misses_are_counted) ... ok\n"}
,{"stream_name":"stderr","time":52.148623134,"data":"test_classifier_auc_metrics_are_tie_invariant (test_pipeline_audit_fixes.ReportingMetricTests.test_classifier_auc_metrics_are_tie_invariant) ... ok\n"}
,{"stream_name":"stderr","time":52.157540412,"data":"test_classifier_group_bootstrap_reports_required_intervals (test_pipeline_audit_fixes.ReportingMetricTests.test_classifier_group_bootstrap_reports_required_intervals) ... ok\n"}
,{"stream_name":"stderr","time":52.158335172,"data":"test_normal_cases_are_not_mixed_into_main_tumor_dice (test_pipeline_audit_fixes.ReportingMetricTests.test_normal_cases_are_not_mixed_into_main_tumor_dice) ... ok\n"}
,{"stream_name":"stderr","time":52.159346472,"data":"test_one_to_one_lesion_matching_does_not_double_credit_merged_prediction (test_pipeline_audit_fixes.ReportingMetricTests.test_one_to_one_lesion_matching_does_not_double_credit_merged_prediction) ... ok\n"}
,{"stream_name":"stderr","time":52.159617644,"data":"test_pure_box_ignores_negative_points_and_passes_no_point_arrays (test_pipeline_audit_fixes.SAMPromptTests.test_pure_box_ignores_negative_points_and_passes_no_point_arrays) ... ok\n"}
,{"stream_name":"stderr","time":52.160249933,"data":"test_constant_zero_cam_produces_empty_support (test_pipeline_audit_fixes.TumorMorphologyTests.test_constant_zero_cam_produces_empty_support) ... ok\n"}
,{"stream_name":"stderr","time":52.160418982,"data":"test_flat_cam_does_not_create_corner_prompt (test_pipeline_audit_fixes.TumorMorphologyTests.test_flat_cam_does_not_create_corner_prompt) ... ok\n"}
,{"stream_name":"stderr","time":52.160558948,"data":"test_legacy_tumor_guidance_also_fails_closed_on_flat_cam (test_pipeline_audit_fixes.TumorMorphologyTests.test_legacy_tumor_guidance_also_fails_closed_on_flat_cam) ... ok\n"}
,{"stream_name":"stderr","time":52.181101674,"data":"test_negative_points_are_outside_positive_component (test_pipeline_audit_fixes.TumorMorphologyTests.test_negative_points_are_outside_positive_component) ... ok\n"}
,{"stream_name":"stderr","time":52.181610509,"data":"test_non_finite_cam_does_not_create_prompt (test_pipeline_audit_fixes.TumorMorphologyTests.test_non_finite_cam_does_not_create_prompt) ... ok\n"}
,{"stream_name":"stderr","time":52.181626088,"data":"\n"}
,{"stream_name":"stderr","time":52.181630722,"data":"----------------------------------------------------------------------\n"}
,{"stream_name":"stderr","time":52.181634974,"data":"Ran 29 tests in 0.078s\n"}
,{"stream_name":"stderr","time":52.181638927,"data":"\n"}
,{"stream_name":"stderr","time":52.181648237,"data":"OK\n"}
,{"stream_name":"stdout","time":52.247843081,"data":"RUN [\"/usr/bin/python3\", \"-m\", \"unittest\", \"discover\", \"-s\", \"/kaggle/working/thesis_source/tests\", \"-p\", \"test_pro2sam_grid_gallery.py\", \"-v\"]\n"}
,{"stream_name":"stderr","time":52.438361947,"data":"test_dense_grid_uses_official_generator_and_preserves_candidates (test_pro2sam_grid_gallery.Pro2SAMGridGalleryTests.test_dense_grid_uses_official_generator_and_preserves_candidates) ... ok\n"}
,{"stream_name":"stderr","time":52.438692539,"data":"test_invalid_grid_configuration_fails_closed (test_pro2sam_grid_gallery.Pro2SAMGridGalleryTests.test_invalid_grid_configuration_fails_closed) ... ok\n"}
,{"stream_name":"stderr","time":52.438801044,"data":"\n"}
,{"stream_name":"stderr","time":52.438841255,"data":"----------------------------------------------------------------------\n"}
,{"stream_name":"stderr","time":52.438921187,"data":"Ran 2 tests in 0.014s\n"}
,{"stream_name":"stderr","time":52.439001791,"data":"\n"}
,{"stream_name":"stderr","time":52.439187483,"data":"OK\n"}
,{"stream_name":"stdout","time":52.473322754,"data":"RUN [\"/usr/bin/python3\", \"-m\", \"pip\", \"install\", \"--disable-pip-version-check\", \"--no-input\", \"--no-deps\", \"git+https://github.com/facebookresearch/segment-anything.git@6fdee8f2727f4506cfbbe553e23b895e27956588\"]\n"}
,{"stream_name":"stdout","time":54.923927799,"data":"Collecting git+https://github.com/facebookresearch/segment-anything.git@6fdee8f2727f4506cfbbe553e23b895e27956588\n"}
,{"stream_name":"stdout","time":54.925118833,"data":"  Cloning https://github.com/facebookresearch/segment-anything.git (to revision 6fdee8f2727f4506cfbbe553e23b895e27956588) to /tmp/pip-req-build-d67410qb\n"}
,{"stream_name":"stderr","time":54.928020212,"data":"  Running command git clone --filter=blob:none --quiet https://github.com/facebookresearch/segment-anything.git /tmp/pip-req-build-d67410qb\n"}
,{"stream_name":"stderr","time":56.813919049,"data":"  Running command git rev-parse -q --verify 'sha^6fdee8f2727f4506cfbbe553e23b895e27956588'\n"}
,{"stream_name":"stderr","time":56.817147386,"data":"  Running command git fetch -q https://github.com/facebookresearch/segment-anything.git 6fdee8f2727f4506cfbbe553e23b895e27956588\n"}
,{"stream_name":"stderr","time":57.068405114,"data":"  Running command git checkout -q 6fdee8f2727f4506cfbbe553e23b895e27956588\n"}
,{"stream_name":"stdout","time":57.459227553,"data":"  Resolved https://github.com/facebookresearch/segment-anything.git to commit 6fdee8f2727f4506cfbbe553e23b895e27956588\n"}
,{"stream_name":"stdout","time":57.468336463,"data":"  Preparing metadata (setup.py): started\n"}
,{"stream_name":"stdout","time":58.435495949,"data":"  Preparing metadata (setup.py): finished with status 'done'\n"}
,{"stream_name":"stdout","time":63.518786883,"data":"RUN [\"/usr/bin/python3\", \"/kaggle/working/thesis_source/project/generate_pseudo_masks.py\", \"--pipeline-profile\", \"default\", \"--data-root\", \"/kaggle/input/datasets/itsthang333/btxrd-raw/BTXRD\", \"--split\", \"val\", \"--split-manifest\", \"/kaggle/working/frozen_split_manifest.csv\", \"--classifier-checkpoint\", \"/kaggle/input/notebooks/itsthang333/btxrd-s2c-cpm-classifier-v1/btxrd_s2c_cpm_classifier_v1/training/best_classifier.pt\", \"--sam-checkpoint\", \"/kaggle/input/datasets/itsthang333/btxrd-model-checkpoints/btxrd-model-checkpoints/sam_vit_b_01ec64.pth\", \"--classifier-device\", \"cuda\", \"--sam-device\", \"cuda\", \"--target-columns\", \"tumor\", \"--image-size\", \"320\", \"--sam-image-size\", \"512\", \"--batch-size\", \"1\", \"--num-workers\", \"2\", \"--output-dir\", \"/kaggle/working/btxrd_pro2sam_grid_gallery_full_v1/ground_truth/pseudo_masks\", \"--process-all\", \"--save-visuals-limit\", \"0\", \"--confidence-threshold\", \"0.5\", \"--cam-percentile\", \"90\", \"--cam-percentile-ensemble\", \"--cam-percentile-values\", \"85,90,95\", \"--cam-tta-flip\", \"--cam-backend\", \"s2c_cpm\", \"--max-points\", \"5\", \"--min-component-area\", \"100\", \"--mask-score-threshold\", \"0.4\", \"--seed-percentile\", \"82\", \"--support-percentile\", \"55\", \"--morphology-fusion-mode\", \"components\", \"--sam-prompt-mode\", \"box_point\", \"--sam-grid-gallery\", \"--sam-grid-points-per-side\", \"32\", \"--sam-grid-points-per-batch\", \"64\", \"--sam-grid-pred-iou-thresh\", \"0.88\", \"--sam-grid-stability-thresh\", \"0.95\", \"--sam-grid-box-nms-thresh\", \"0.7\", \"--max-components\", \"3\", \"--all-cam-components\", \"--points-per-component\", \"5\", \"--bbox-padding-ratio\", \"0.02\", \"--negative-points-per-component\", \"4\", \"--prompt-border-margin\", \"2\", \"--max-box-area-ratio\", \"0.35\", \"--selection-method\", \"coverage_mass_sam\", \"--disable-best-per-component\", \"--fusion-topk\", \"1\", \"--component-topk\", \"3\", \"--support-clip-kernel\", \"5\", \"--closing-kernel\", \"0\", \"--opening-kernel\", \"0\", \"--min-size\", \"40\", \"--max-hole-area\", \"0\", \"--guidance-threshold\", \"0.4\", \"--preprocessing-mode\", \"none\", \"--cam-aggregation\", \"class\", \"--low-score-policy\", \"empty\", \"--cam-target-class\", \"ground_truth\", \"--evaluate-prompt-quality\"]\n"}
,{"stream_name":"stdout","time":68.117117459,"data":"Loaded classifier checkpoint task=multi-label normalization=imagenet\n"}
,{"stream_name":"stdout","time":136.293532609,"data":"Loaded 371 ground-truth masks for prompt-quality evaluation\n"}
,{"stream_name":"stderr","time":137.59303623,"data":"/kaggle/working/thesis_source/project/models/s2c_cpm.py:94: FutureWarning: `torch.cuda.amp.autocast(args...)` is deprecated. Please use `torch.amp.autocast('cuda', args...)` instead.\n"}
,{"stream_name":"stderr","time":137.593073814,"data":"  with torch.cuda.amp.autocast(enabled=False):\n"}
,{"stream_name":"stdout","time":1236.472565506,"data":"\n"}
,{"stream_name":"stdout","time":1236.472641989,"data":"Done: full dataset. Masks saved to /kaggle/working/btxrd_pro2sam_grid_gallery_full_v1/ground_truth/pseudo_masks/masks (skipped 187 normal/low-confidence images)\n"}
,{"stream_name":"stdout","time":1236.472736223,"data":"Saved list of 187 skipped image names to /kaggle/working/btxrd_pro2sam_grid_gallery_full_v1/ground_truth/pseudo_masks/skipped_low_confidence.txt\n"}
,{"stream_name":"stdout","time":1237.243210747,"data":"Pseudo-mask completeness: 371/371 rows; manifest_sha256=75fa4f28c7f184b6800db26387ef410b19018314c6af4a617507d41c229fd8e3\n"}
,{"stream_name":"stdout","time":1237.247359043,"data":"Prompt quality (184 images with GT): mean foreground_iou=0.0740 mean foreground_recall=0.6506 mean foreground_precision=0.0820 mean point_hit_rate=0.1994 mean negative_rejection=0.9665 mean box_recall=0.7409\n"}
,{"stream_name":"stdout","time":1237.247413953,"data":"SAM-vs-selection oracle diagnostic (total gap decomposed into support-clip loss vs. mask-selection loss): mean oracle_best_single_dice=0.1194 mean oracle_best_single_dice_clipped=0.1131 mean selected_dice=0.0295 mean total_gap=0.0899 mean support_loss=0.0063 mean selection_loss=0.0836 mean final_dice=0.0279 mean postprocess_delta=-0.0016 (large support_loss =\u003e bone_support under-covers the lesion, fix morphology seed/support percentiles, not mask_selection.py; large selection_loss =\u003e bone_hybrid scoring is discarding a good clipped candidate, fix mask_selection.py)\n"}
,{"stream_name":"stdout","time":1237.247425465,"data":"\n"}
,{"stream_name":"stdout","time":1237.247430599,"data":"Oracle Dice by tumor_type (breaks down where CAM localization fails):\n"}
,{"stream_name":"stdout","time":1237.247586509,"data":"  osteochondroma               n=  75  mean_oracle_dice=0.0813\n"}
,{"stream_name":"stdout","time":1237.247600909,"data":"  osteosarcoma                 n=  30  mean_oracle_dice=0.1281\n"}
,{"stream_name":"stdout","time":1237.247606969,"data":"  multiple osteochondromas     n=  26  mean_oracle_dice=0.1991\n"}
,{"stream_name":"stdout","time":1237.247612034,"data":"  simple bone cyst             n=  20  mean_oracle_dice=0.1877\n"}
,{"stream_name":"stdout","time":1237.247616709,"data":"  other bt                     n=  11  mean_oracle_dice=0.0594\n"}
,{"stream_name":"stdout","time":1237.247621311,"data":"  giant cell tumor             n=   9  mean_oracle_dice=0.1652\n"}
,{"stream_name":"stdout","time":1237.247626147,"data":"  synovial osteochondroma      n=   5  mean_oracle_dice=0.1728\n"}
,{"stream_name":"stdout","time":1237.247630948,"data":"  other mt                     n=   4  mean_oracle_dice=0.0089\n"}
,{"stream_name":"stdout","time":1237.247659446,"data":"  osteofibroma                 n=   4  mean_oracle_dice=0.0139\n"}
,{"stream_name":"stdout","time":1237.247664981,"data":"Saved per-image prompt-quality metrics to /kaggle/working/btxrd_pro2sam_grid_gallery_full_v1/ground_truth/pseudo_masks/prompt_quality.csv\n"}
,{"stream_name":"stdout","time":1238.719459049,"data":"RUN [\"/usr/bin/python3\", \"/kaggle/working/thesis_source/project/evaluate_pseudo_masks.py\", \"--data-root\", \"/kaggle/input/datasets/itsthang333/btxrd-raw/BTXRD\", \"--split\", \"val\", \"--split-manifest\", \"/kaggle/working/frozen_split_manifest.csv\", \"--pred-mask-root\", \"/kaggle/working/btxrd_pro2sam_grid_gallery_full_v1/ground_truth/pseudo_masks/masks\", \"--image-size\", \"320\", \"--batch-size\", \"8\", \"--num-workers\", \"2\", \"--output-csv\", \"/kaggle/working/btxrd_pro2sam_grid_gallery_full_v1/ground_truth/evaluation/per_image.csv\", \"--output-json\", \"/kaggle/working/btxrd_pro2sam_grid_gallery_full_v1/ground_truth/evaluation/summary.json\", \"--bootstrap-iterations\", \"2000\", \"--bootstrap-seed\", \"42\"]\n"}
,{"stream_name":"stdout","time":1252.497723923,"data":"Validated pseudo-mask manifest: 75fa4f28c7f184b6800db26387ef410b19018314c6af4a617507d41c229fd8e3\n"}
,{"stream_name":"stdout","time":1252.505794268,"data":"Pseudo-mask protocol: ground_truth\n"}
,{"stream_name":"stdout","time":1252.505828579,"data":"Loaded 187 low-confidence-skipped image names\n"}
,{"stream_name":"stdout","time":1266.47141217,"data":"btxrd val: tumor images=184 (image-gate skips=0) conditional Dice=0.0279 end-to-end Dice=0.0279 | normal empty_prediction_rate=1.0000 | missing=0\n"}
,{"stream_name":"stdout","time":1266.471453165,"data":"Saved separate per-image, summary, subgroup, bootstrap, confusion and run-manifest artifacts\n"}
,{"stream_name":"stdout","time":1271.006725667,"data":"{\n"}
,{"stream_name":"stdout","time":1271.006759734,"data":"  \"run_id\": \"btxrd_pro2sam_grid_gallery_full_v1\",\n"}
,{"stream_name":"stdout","time":1271.006765837,"data":"  \"status\": \"complete\",\n"}
,{"stream_name":"stdout","time":1271.006770613,"data":"  \"test_evaluated\": false,\n"}
,{"stream_name":"stdout","time":1271.006776175,"data":"  \"split_manifest_sha256\": \"85511ee1bd1339c7b6b4f527acc504869da935997fd6b2485042edd619193c8c\",\n"}
,{"stream_name":"stdout","time":1271.006781544,"data":"  \"classifier_checkpoint_sha256\": \"7da19e9c0537501c4c919200ed65b2bf6992383af70aa91c18b312a5d6204043\",\n"}
,{"stream_name":"stdout","time":1271.006786267,"data":"  \"classifier_s2c_metadata\": {\n"}
,{"stream_name":"stdout","time":1271.006790928,"data":"    \"method\": \"BTXRD DenseNet FPN adaptation of S2C SSC plus CPM\",\n"}
,{"stream_name":"stdout","time":1271.00679632,"data":"    \"architecture\": \"DenseNet121 stride-8 FPN CAM classifier\",\n"}
,{"stream_name":"stdout","time":1271.006801407,"data":"    \"feature_sources\": [\n"}
,{"stream_name":"stdout","time":1271.006805885,"data":"      \"denseblock2\",\n"}
,{"stream_name":"stdout","time":1271.006828192,"data":"      \"final\"\n"}
,{"stream_name":"stdout","time":1271.00683299,"data":"    ],\n"}
,{"stream_name":"stdout","time":1271.006837845,"data":"    \"feature_channels\": 256,\n"}
,{"stream_name":"stdout","time":1271.006842576,"data":"    \"feature_stride\": 8,\n"}
,{"stream_name":"stdout","time":1271.006847552,"data":"    \"classification_head\": \"global average pooling of one-channel CAM\",\n"}
,{"stream_name":"stdout","time":1271.006853705,"data":"    \"image_size\": 320,\n"}
,{"stream_name":"stdout","time":1271.006858479,"data":"    \"batch_size\": 2,\n"}
,{"stream_name":"stdout","time":1271.006863492,"data":"    \"seed\": 42,\n"}
,{"stream_name":"stdout","time":1271.006868499,"data":"    \"split_manifest_sha256\": \"85511ee1bd1339c7b6b4f527acc504869da935997fd6b2485042edd619193c8c\",\n"}
,{"stream_name":"stdout","time":1271.006887666,"data":"    \"augmentation\": false,\n"}
,{"stream_name":"stdout","time":1271.006892089,"data":"    \"preprocessing\": \"none\",\n"}
,{"stream_name":"stdout","time":1271.006896127,"data":"    \"normalization\": \"imagenet\",\n"}
,{"stream_name":"stdout","time":1271.006899955,"data":"    \"ssc_weight\": 1.0,\n"}
,{"stream_name":"stdout","time":1271.006903856,"data":"    \"ssc_temperature\": 1.0,\n"}
,{"stream_name":"stdout","time":1271.006907822,"data":"    \"ssc_region_manifest_sha256\": \"677dbb16ca0824a03bb75c991a01e6a83de5819d1db1f6f6d9f02765375c8f8e\",\n"}
,{"stream_name":"stdout","time":1271.006912128,"data":"    \"cpm_weight\": 1.0,\n"}
,{"stream_name":"stdout","time":1271.006915931,"data":"    \"cpm_warmup_epochs\": 2,\n"}
,{"stream_name":"stdout","time":1271.006919822,"data":"    \"cpm_cam_scales\": [\n"}
,{"stream_name":"stdout","time":1271.006923695,"data":"      0.5,\n"}
,{"stream_name":"stdout","time":1271.006927453,"data":"      1.0,\n"}
,{"stream_name":"stdout","time":1271.006930955,"data":"      1.5,\n"}
,{"stream_name":"stdout","time":1271.006934674,"data":"      2.0\n"}
,{"stream_name":"stdout","time":1271.006938577,"data":"    ],\n"}
,{"stream_name":"stdout","time":1271.006942537,"data":"    \"cpm_peak_threshold\": 0.5,\n"}
,{"stream_name":"stdout","time":1271.006946524,"data":"    \"cpm_peak_min_distance\": 20,\n"}
,{"stream_name":"stdout","time":1271.006950226,"data":"    \"cpm_max_peaks\": 8,\n"}
,{"stream_name":"stdout","time":1271.006954044,"data":"    \"sam_model\": \"vit_b\",\n"}
,{"stream_name":"stdout","time":1271.006957762,"data":"    \"sam_checkpoint_sha256\": \"ec2df62732614e57411cdcf32a23ffdf28910380d03139ee0f4fcbe91eb8c912\",\n"}
,{"stream_name":"stdout","time":1271.006962036,"data":"    \"sam_embedding_cache_sha256\": \"1853602fb36913c049010461057014465780ba06f37e5a562a4aae2f0a6436be\",\n"}
,{"stream_name":"stdout","time":1271.006965984,"data":"    \"sam_embedding_index_sha256\": \"4c838827c02be65f3c1793b4c7036b2c7d0625d920d19c56666251a237ad7d06\",\n"}
,{"stream_name":"stdout","time":1271.006969842,"data":"    \"sam_embedding_cache_population\": 1488,\n"}
,{"stream_name":"stdout","time":1271.006973782,"data":"    \"sam_mask_selection\": \"highest SAM predicted-IoU times mean normalized CAM inside mask\",\n"}
,{"stream_name":"stdout","time":1271.006977779,"data":"    \"optimizer\": \"AdamW\",\n"}
,{"stream_name":"stdout","time":1271.006981577,"data":"    \"learning_rate\": 0.0001,\n"}
,{"stream_name":"stdout","time":1271.006985416,"data":"    \"weight_decay\": 0.0001,\n"}
,{"stream_name":"stdout","time":1271.006989207,"data":"    \"maximum_epochs\": 30,\n"}
,{"stream_name":"stdout","time":1271.006993413,"data":"    \"early_stop_patience\": 7,\n"}
,{"stream_name":"stdout","time":1271.006997347,"data":"    \"checkpoint_selection\": \"clean validation tumor F1 at threshold 0.5\",\n"}
,{"stream_name":"stdout","time":1271.007001576,"data":"    \"train_polygons_loaded\": false,\n"}
,{"stream_name":"stdout","time":1271.007005311,"data":"    \"validation_polygons_loaded\": false,\n"}
,{"stream_name":"stdout","time":1271.007009035,"data":"    \"test_evaluated\": false\n"}
,{"stream_name":"stdout","time":1271.007014674,"data":"  },\n"}
,{"stream_name":"stdout","time":1271.007018411,"data":"  \"sam_checkpoint_sha256\": \"ec2df62732614e57411cdcf32a23ffdf28910380d03139ee0f4fcbe91eb8c912\",\n"}
,{"stream_name":"stdout","time":1271.007022282,"data":"  \"baseline\": {\n"}
,{"stream_name":"stdout","time":1271.007026077,"data":"    \"run_id\": \"btxrd_binary_cam_sam_tta_flip_v1\",\n"}
,{"stream_name":"stdout","time":1271.007034509,"data":"    \"per_image_sha256\": \"fe5cf247cd236799de9e279db342314c11ff65fdb065cda26986c302efd05540\",\n"}
,{"stream_name":"stdout","time":1271.007039063,"data":"    \"mean_tumor_dice\": 0.23433922219069755\n"}
,{"stream_name":"stdout","time":1271.007042957,"data":"  },\n"}
,{"stream_name":"stdout","time":1271.007046565,"data":"  \"proposal_control\": {\n"}
,{"stream_name":"stdout","time":1271.007050445,"data":"    \"run_id\": \"btxrd_s2c_cpm_gate_c_v1\",\n"}
,{"stream_name":"stdout","time":1271.007054347,"data":"    \"per_image_sha256\": \"9124c162ff1454cbcb5643358f763ab2c255f67620dae455c0ee211c97b91a52\",\n"}
,{"stream_name":"stdout","time":1271.007058405,"data":"    \"mean_tumor_dice\": 0.1643982371420088,\n"}
,{"stream_name":"stdout","time":1271.007062302,"data":"    \"difference_from_candidate\": \"SAM proposal gallery only\"\n"}
,{"stream_name":"stdout","time":1271.007066497,"data":"  },\n"}
,{"stream_name":"stdout","time":1271.00706984,"data":"  \"candidate_mean_tumor_dice\": 0.027876905082655133,\n"}
,{"stream_name":"stdout","time":1271.007073816,"data":"  \"lesion_size_diagnostics\": {\n"}
,{"stream_name":"stdout","time":1271.007077552,"data":"    \"small\": {\n"}
,{"stream_name":"stdout","time":1271.007081611,"data":"      \"definition\": \"frozen baseline validation tumor gt_area_ratio \u003c 0.01\",\n"}
,{"stream_name":"stdout","time":1271.007086129,"data":"      \"diagnostic_only_never_inference_input\": true,\n"}
,{"stream_name":"stdout","time":1271.007089859,"data":"      \"images\": 94,\n"}
,{"stream_name":"stdout","time":1271.007093605,"data":"      \"baseline_mean_dice\": 0.1121634039404338,\n"}
,{"stream_name":"stdout","time":1271.007097444,"data":"      \"candidate_mean_dice\": 0.007247395202184537,\n"}
,{"stream_name":"stdout","time":1271.00710136,"data":"      \"delta\": -0.10491600873824926\n"}
,{"stream_name":"stdout","time":1271.007105301,"data":"    },\n"}
,{"stream_name":"stdout","time":1271.007108844,"data":"    \"medium\": {\n"}
,{"stream_name":"stdout","time":1271.007112897,"data":"      \"definition\": \"frozen baseline validation tumor 0.01 \u003c= gt_area_ratio \u003c 0.05\",\n"}
,{"stream_name":"stdout","time":1271.00711699,"data":"      \"diagnostic_only_never_inference_input\": true,\n"}
,{"stream_name":"stdout","time":1271.007120967,"data":"      \"images\": 72,\n"}
,{"stream_name":"stdout","time":1271.007124686,"data":"      \"baseline_mean_dice\": 0.34860371437700266,\n"}
,{"stream_name":"stdout","time":1271.007128599,"data":"      \"candidate_mean_dice\": 0.05793018332543608,\n"}
,{"stream_name":"stdout","time":1271.007132465,"data":"      \"delta\": -0.29067353105156657\n"}
,{"stream_name":"stdout","time":1271.007136359,"data":"    },\n"}
,{"stream_name":"stdout","time":1271.007139917,"data":"    \"large\": {\n"}
,{"stream_name":"stdout","time":1271.007143816,"data":"      \"definition\": \"frozen baseline validation tumor gt_area_ratio \u003e= 0.05\",\n"}
,{"stream_name":"stdout","time":1271.007147863,"data":"      \"diagnostic_only_never_inference_input\": true,\n"}
,{"stream_name":"stdout","time":1271.007151737,"data":"      \"images\": 18,\n"}
,{"stream_name":"stdout","time":1271.007155304,"data":"      \"baseline_mean_dice\": 0.4153105265301879,\n"}
,{"stream_name":"stdout","time":1271.00715918,"data":"      \"candidate_mean_dice\": 0.01539567704287776,\n"}
,{"stream_name":"stdout","time":1271.00716284,"data":"      \"delta\": -0.39991484948731015\n"}
,{"stream_name":"stdout","time":1271.007166713,"data":"    }\n"}
,{"stream_name":"stdout","time":1271.007170336,"data":"  },\n"}
,{"stream_name":"stdout","time":1271.007174175,"data":"  \"paired_vs_promoted_tta\": {\n"}
,{"stream_name":"stdout","time":1271.007181051,"data":"    \"method\": \"paired nonparametric bootstrap resampling complete tumor groups\",\n"}
,{"stream_name":"stdout","time":1271.007184969,"data":"    \"tumor_groups\": 167,\n"}
,{"stream_name":"stdout","time":1271.007188869,"data":"    \"tumor_images\": 184,\n"}
,{"stream_name":"stdout","time":1271.007192601,"data":"    \"iterations\": 10000,\n"}
,{"stream_name":"stdout","time":1271.007198691,"data":"    \"seed\": 42,\n"}
,{"stream_name":"stdout","time":1271.007202389,"data":"    \"mean_tumor_dice_delta\": -0.20646231710804241,\n"}
,{"stream_name":"stdout","time":1271.007206412,"data":"    \"ci95_low\": -0.2524417116396175,\n"}
,{"stream_name":"stdout","time":1271.007210387,"data":"    \"ci95_high\": -0.1607865653773841\n"}
,{"stream_name":"stdout","time":1271.00721409,"data":"  },\n"}
,{"stream_name":"stdout","time":1271.007217647,"data":"  \"paired_vs_same_cpm_component_prompt_gate\": {\n"}
,{"stream_name":"stdout","time":1271.00722213,"data":"    \"method\": \"paired nonparametric bootstrap resampling complete tumor groups\",\n"}
,{"stream_name":"stdout","time":1271.007226,"data":"    \"tumor_groups\": 167,\n"}
,{"stream_name":"stdout","time":1271.007229905,"data":"    \"tumor_images\": 184,\n"}
,{"stream_name":"stdout","time":1271.007233607,"data":"    \"iterations\": 10000,\n"}
,{"stream_name":"stdout","time":1271.007237282,"data":"    \"seed\": 42,\n"}
,{"stream_name":"stdout","time":1271.007241254,"data":"    \"mean_tumor_dice_delta\": -0.13652133205935366,\n"}
,{"stream_name":"stdout","time":1271.007245062,"data":"    \"ci95_low\": -0.17649586055836078,\n"}
,{"stream_name":"stdout","time":1271.007248929,"data":"    \"ci95_high\": -0.09866652042582706\n"}
,{"stream_name":"stdout","time":1271.007252563,"data":"  },\n"}
,{"stream_name":"stdout","time":1271.007256212,"data":"  \"promotion_rule\": \"candidate mean_tumor_dice exceeds promoted TTA baseline and paired tumor-group bootstrap ci95_low is above zero and the predeclared 94-image small-lesion mean does not decrease\",\n"}
,{"stream_name":"stdout","time":1271.007260872,"data":"  \"promoted\": false,\n"}
,{"stream_name":"stdout","time":1271.007264566,"data":"  \"protocol_results\": {\n"}
,{"stream_name":"stdout","time":1271.007268318,"data":"    \"ground_truth\": {\n"}
,{"stream_name":"stdout","time":1271.00727205,"data":"      \"evaluation\": {\n"}
,{"stream_name":"stdout","time":1271.007275776,"data":"        \"dataset\": \"btxrd\",\n"}
,{"stream_name":"stdout","time":1271.007279556,"data":"        \"split\": \"val\",\n"}
,{"stream_name":"stdout","time":1271.007283493,"data":"        \"cam_target_class_protocol\": \"ground_truth\",\n"}
,{"stream_name":"stdout","time":1271.007287736,"data":"        \"pred_mask_root\": \"/kaggle/working/btxrd_pro2sam_grid_gallery_full_v1/ground_truth/pseudo_masks/masks\",\n"}
,{"stream_name":"stdout","time":1271.007292149,"data":"        \"boundary_distance_unit\": \"pixels on the resized evaluation grid\",\n"}
,{"stream_name":"stdout","time":1271.007296142,"data":"        \"missing\": 0,\n"}
,{"stream_name":"stdout","time":1271.007299788,"data":"        \"tumor_images_skipped_by_image_gate\": 0,\n"}
,{"stream_name":"stdout","time":1271.00730371,"data":"        \"images\": 371,\n"}
,{"stream_name":"stdout","time":1271.00730765,"data":"        \"tumor_images\": 184,\n"}
,{"stream_name":"stdout","time":1271.007311543,"data":"        \"normal_images\": 187,\n"}
,{"stream_name":"stdout","time":1271.007315427,"data":"        \"main_population\": \"tumor images only\",\n"}
,{"stream_name":"stdout","time":1271.007319185,"data":"        \"mean_tumor_dice\": 0.027876905082655133,\n"}
,{"stream_name":"stdout","time":1271.007326196,"data":"        \"mean_tumor_iou\": 0.01942982025155456,\n"}
,{"stream_name":"stdout","time":1271.007329905,"data":"        \"mean_tumor_precision\": 0.057119509561670265,\n"}
,{"stream_name":"stdout","time":1271.007333733,"data":"        \"mean_tumor_recall\": 0.04232719827002054,\n"}
,{"stream_name":"stdout","time":1271.007337638,"data":"        \"mean_tumor_hd95_px_conditional_defined\": 132.89772929229883,\n"}
,{"stream_name":"stdout","time":1271.007341614,"data":"        \"mean_tumor_assd_px_conditional_defined\": 95.12178317977914,\n"}
,{"stream_name":"stdout","time":1271.007345527,"data":"        \"boundary_metric_definition\": \"conditional mean over tumor images with both GT and prediction non-empty; distances are pixels on the resized evaluation grid (not mm); complete misses are excluded and counted separately\",\n"}
,{"stream_name":"stdout","time":1271.007349918,"data":"        \"boundary_metric_eligible_tumor_images\": 74,\n"}
,{"stream_name":"stdout","time":1271.007353694,"data":"        \"boundary_metric_excluded_tumor_images\": 110,\n"}
,{"stream_name":"stdout","time":1271.007357789,"data":"        \"boundary_metric_complete_misses\": 110,\n"}
,{"stream_name":"stdout","time":1271.007361742,"data":"        \"tumor_non_empty_prediction_rate\": 0.40217391304347827,\n"}
,{"stream_name":"stdout","time":1271.007365619,"data":"        \"tumor_overlap_detection_rate\": 0.08695652173913043,\n"}
,{"stream_name":"stdout","time":1271.007369351,"data":"        \"lesion_any_overlap_recall\": 0.07456140350877193,\n"}
,{"stream_name":"stdout","time":1271.007373267,"data":"        \"lesion_any_overlap_precision\": 0.21621621621621623,\n"}
,{"stream_name":"stdout","time":1271.007377098,"data":"        \"gt_lesions\": 228,\n"}
,{"stream_name":"stdout","time":1271.007381092,"data":"        \"detected_lesions_any_overlap\": 17,\n"}
,{"stream_name":"stdout","time":1271.007385793,"data":"        \"predicted_lesions\": 74,\n"}
,{"stream_name":"stdout","time":1271.007389468,"data":"        \"multifocal_tumor_images\": 23,\n"}
,{"stream_name":"stdout","time":1271.007393037,"data":"        \"multifocal_tumor_image_rate\": 0.125,\n"}
,{"stream_name":"stdout","time":1271.007397013,"data":"        \"gt_component_count_histogram\": {\n"}
,{"stream_name":"stdout","time":1271.007400889,"data":"          \"1\": 161,\n"}
,{"stream_name":"stdout","time":1271.007404647,"data":"          \"2\": 12,\n"}
,{"stream_name":"stdout","time":1271.00740849,"data":"          \"3\": 5,\n"}
,{"stream_name":"stdout","time":1271.007412147,"data":"          \"4\": 4,\n"}
,{"stream_name":"stdout","time":1271.007415804,"data":"          \"5\": 1,\n"}
,{"stream_name":"stdout","time":1271.007419469,"data":"          \"7\": 1\n"}
,{"stream_name":"stdout","time":1271.007423362,"data":"        },\n"}
,{"stream_name":"stdout","time":1271.007426973,"data":"        \"normal_empty_prediction_rate\": 1.0,\n"}
,{"stream_name":"stdout","time":1271.007430804,"data":"        \"normal_false_positive_case_rate\": 0.0,\n"}
,{"stream_name":"stdout","time":1271.007434662,"data":"        \"pixel_specificity\": 0.9954308115518163,\n"}
,{"stream_name":"stdout","time":1271.007438319,"data":"        \"pixel_precision\": 0.07667051774631237,\n"}
,{"stream_name":"stdout","time":1271.007442474,"data":"        \"pixel_recall\": 0.0370774603966571,\n"}
,{"stream_name":"stdout","time":1271.007446404,"data":"        \"tp_pixels\": 14268,\n"}
,{"stream_name":"stdout","time":1271.007450378,"data":"        \"fp_pixels\": 171827,\n"}
,{"stream_name":"stdout","time":1271.007454184,"data":"        \"fn_pixels\": 370548,\n"}
,{"stream_name":"stdout","time":1271.007461893,"data":"        \"tn_pixels\": 37433757,\n"}
,{"stream_name":"stdout","time":1271.007468812,"data":"        \"lesion_one_to_one_iou10_recall\": 0.04824561403508772,\n"}
,{"stream_name":"stdout","time":1271.00749172,"data":"        \"lesion_one_to_one_iou10_precision\": 0.14864864864864866,\n"}
,{"stream_name":"stdout","time":1271.007495846,"data":"        \"lesion_one_to_one_iou10_f1\": 0.0728476821192053,\n"}
,{"stream_name":"stdout","time":1271.007499838,"data":"        \"lesion_tp_one_to_one_iou10\": 11,\n"}
,{"stream_name":"stdout","time":1271.007503711,"data":"        \"lesion_one_to_one_iou25_recall\": 0.02631578947368421,\n"}
,{"stream_name":"stdout","time":1271.007507522,"data":"        \"lesion_one_to_one_iou25_precision\": 0.08108108108108109,\n"}
,{"stream_name":"stdout","time":1271.007511327,"data":"        \"lesion_one_to_one_iou25_f1\": 0.039735099337748346,\n"}
,{"stream_name":"stdout","time":1271.007515105,"data":"        \"lesion_tp_one_to_one_iou25\": 6,\n"}
,{"stream_name":"stdout","time":1271.007518967,"data":"        \"lesion_one_to_one_iou50_recall\": 0.008771929824561403,\n"}
,{"stream_name":"stdout","time":1271.007522847,"data":"        \"lesion_one_to_one_iou50_precision\": 0.02702702702702703,\n"}
,{"stream_name":"stdout","time":1271.007526729,"data":"        \"lesion_one_to_one_iou50_f1\": 0.013245033112582781,\n"}
,{"stream_name":"stdout","time":1271.007530437,"data":"        \"lesion_tp_one_to_one_iou50\": 2,\n"}
,{"stream_name":"stdout","time":1271.00753423,"data":"        \"lesion_matching_definition\": \"maximum-cardinality one-to-one connected-component matching at IoU thresholds 0.10, 0.25, 0.50\",\n"}
,{"stream_name":"stdout","time":1271.007538466,"data":"        \"end_to_end\": {\n"}
,{"stream_name":"stdout","time":1271.007542244,"data":"          \"images\": 371,\n"}
,{"stream_name":"stdout","time":1271.007546127,"data":"          \"tumor_images\": 184,\n"}
,{"stream_name":"stdout","time":1271.007549915,"data":"          \"normal_images\": 187,\n"}
,{"stream_name":"stdout","time":1271.007553857,"data":"          \"main_population\": \"tumor images only\",\n"}
,{"stream_name":"stdout","time":1271.007557472,"data":"          \"mean_tumor_dice\": 0.027876905082655133,\n"}
,{"stream_name":"stdout","time":1271.007561337,"data":"          \"mean_tumor_iou\": 0.01942982025155456,\n"}
,{"stream_name":"stdout","time":1271.007565003,"data":"          \"mean_tumor_precision\": 0.057119509561670265,\n"}
,{"stream_name":"stdout","time":1271.007568921,"data":"          \"mean_tumor_recall\": 0.04232719827002054,\n"}
,{"stream_name":"stdout","time":1271.007572782,"data":"          \"mean_tumor_hd95_px_conditional_defined\": 132.89772929229883,\n"}
,{"stream_name":"stdout","time":1271.007576679,"data":"          \"mean_tumor_assd_px_conditional_defined\": 95.12178317977914,\n"}
,{"stream_name":"stdout","time":1271.007581005,"data":"          \"boundary_metric_definition\": \"conditional mean over tumor images with both GT and prediction non-empty; distances are pixels on the resized evaluation grid (not mm); complete misses are excluded and counted separately\",\n"}
,{"stream_name":"stdout","time":1271.007585527,"data":"          \"boundary_metric_eligible_tumor_images\": 74,\n"}
,{"stream_name":"stdout","time":1271.007589267,"data":"          \"boundary_metric_excluded_tumor_images\": 110,\n"}
,{"stream_name":"stdout","time":1271.007593423,"data":"          \"boundary_metric_complete_misses\": 110,\n"}
,{"stream_name":"stdout","time":1271.007597092,"data":"          \"tumor_non_empty_prediction_rate\": 0.40217391304347827,\n"}
,{"stream_name":"stdout","time":1271.007601049,"data":"          \"tumor_overlap_detection_rate\": 0.08695652173913043,\n"}
,{"stream_name":"stdout","time":1271.007609321,"data":"          \"lesion_any_overlap_recall\": 0.07456140350877193,\n"}
,{"stream_name":"stdout","time":1271.007624675,"data":"          \"lesion_any_overlap_precision\": 0.21621621621621623,\n"}
,{"stream_name":"stdout","time":1271.007628367,"data":"          \"gt_lesions\": 228,\n"}
,{"stream_name":"stdout","time":1271.007631895,"data":"          \"detected_lesions_any_overlap\": 17,\n"}
,{"stream_name":"stdout","time":1271.007635529,"data":"          \"predicted_lesions\": 74,\n"}
,{"stream_name":"stdout","time":1271.007638865,"data":"          \"multifocal_tumor_images\": 23,\n"}
,{"stream_name":"stdout","time":1271.00764223,"data":"          \"multifocal_tumor_image_rate\": 0.125,\n"}
,{"stream_name":"stdout","time":1271.007645801,"data":"          \"gt_component_count_histogram\": {\n"}
,{"stream_name":"stdout","time":1271.007649253,"data":"            \"1\": 161,\n"}
,{"stream_name":"stdout","time":1271.007652665,"data":"            \"2\": 12,\n"}
,{"stream_name":"stdout","time":1271.007656161,"data":"            \"3\": 5,\n"}
,{"stream_name":"stdout","time":1271.00765952,"data":"            \"4\": 4,\n"}
,{"stream_name":"stdout","time":1271.007662865,"data":"            \"5\": 1,\n"}
,{"stream_name":"stdout","time":1271.007666364,"data":"            \"7\": 1\n"}
,{"stream_name":"stdout","time":1271.007669622,"data":"          },\n"}
,{"stream_name":"stdout","time":1271.007673131,"data":"          \"normal_empty_prediction_rate\": 1.0,\n"}
,{"stream_name":"stdout","time":1271.007676521,"data":"          \"normal_false_positive_case_rate\": 0.0,\n"}
,{"stream_name":"stdout","time":1271.00768009,"data":"          \"pixel_specificity\": 0.9954308115518163,\n"}
,{"stream_name":"stdout","time":1271.007690783,"data":"          \"pixel_precision\": 0.07667051774631237,\n"}
,{"stream_name":"stdout","time":1271.007694961,"data":"          \"pixel_recall\": 0.0370774603966571,\n"}
,{"stream_name":"stdout","time":1271.007698395,"data":"          \"tp_pixels\": 14268,\n"}
,{"stream_name":"stdout","time":1271.007701707,"data":"          \"fp_pixels\": 171827,\n"}
,{"stream_name":"stdout","time":1271.007705288,"data":"          \"fn_pixels\": 370548,\n"}
,{"stream_name":"stdout","time":1271.00770893,"data":"          \"tn_pixels\": 37433757,\n"}
,{"stream_name":"stdout","time":1271.007712262,"data":"          \"lesion_one_to_one_iou10_recall\": 0.04824561403508772,\n"}
,{"stream_name":"stdout","time":1271.007715799,"data":"          \"lesion_one_to_one_iou10_precision\": 0.14864864864864866,\n"}
,{"stream_name":"stdout","time":1271.007719388,"data":"          \"lesion_one_to_one_iou10_f1\": 0.0728476821192053,\n"}
,{"stream_name":"stdout","time":1271.007723087,"data":"          \"lesion_tp_one_to_one_iou10\": 11,\n"}
,{"stream_name":"stdout","time":1271.007726755,"data":"          \"lesion_one_to_one_iou25_recall\": 0.02631578947368421,\n"}
,{"stream_name":"stdout","time":1271.007730559,"data":"          \"lesion_one_to_one_iou25_precision\": 0.08108108108108109,\n"}
,{"stream_name":"stdout","time":1271.007734124,"data":"          \"lesion_one_to_one_iou25_f1\": 0.039735099337748346,\n"}
,{"stream_name":"stdout","time":1271.007737758,"data":"          \"lesion_tp_one_to_one_iou25\": 6,\n"}
,{"stream_name":"stdout","time":1271.007741467,"data":"          \"lesion_one_to_one_iou50_recall\": 0.008771929824561403,\n"}
,{"stream_name":"stdout","time":1271.007745082,"data":"          \"lesion_one_to_one_iou50_precision\": 0.02702702702702703,\n"}
,{"stream_name":"stdout","time":1271.007748809,"data":"          \"lesion_one_to_one_iou50_f1\": 0.013245033112582781,\n"}
,{"stream_name":"stdout","time":1271.00775583,"data":"          \"lesion_tp_one_to_one_iou50\": 2,\n"}
,{"stream_name":"stdout","time":1271.007760049,"data":"          \"lesion_matching_definition\": \"maximum-cardinality one-to-one connected-component matching at IoU thresholds 0.10, 0.25, 0.50\"\n"}
,{"stream_name":"stdout","time":1271.007764305,"data":"        },\n"}
,{"stream_name":"stdout","time":1271.00776753,"data":"        \"cam_sam_conditional_tumor_only\": {\n"}
,{"stream_name":"stdout","time":1271.007771289,"data":"          \"images\": 184,\n"}
,{"stream_name":"stdout","time":1271.007774755,"data":"          \"tumor_images\": 184,\n"}
,{"stream_name":"stdout","time":1271.007778292,"data":"          \"normal_images\": 0,\n"}
,{"stream_name":"stdout","time":1271.007781748,"data":"          \"main_population\": \"tumor images only\",\n"}
,{"stream_name":"stdout","time":1271.007785134,"data":"          \"mean_tumor_dice\": 0.027876905082655133,\n"}
,{"stream_name":"stdout","time":1271.007788758,"data":"          \"mean_tumor_iou\": 0.01942982025155456,\n"}
,{"stream_name":"stdout","time":1271.007792594,"data":"          \"mean_tumor_precision\": 0.057119509561670265,\n"}
,{"stream_name":"stdout","time":1271.007796292,"data":"          \"mean_tumor_recall\": 0.04232719827002054,\n"}
,{"stream_name":"stdout","time":1271.007799838,"data":"          \"mean_tumor_hd95_px_conditional_defined\": 132.89772929229883,\n"}
,{"stream_name":"stdout","time":1271.007803529,"data":"          \"mean_tumor_assd_px_conditional_defined\": 95.12178317977914,\n"}
,{"stream_name":"stdout","time":1271.007807236,"data":"          \"boundary_metric_definition\": \"conditional mean over tumor images with both GT and prediction non-empty; distances are pixels on the resized evaluation grid (not mm); complete misses are excluded and counted separately\",\n"}
,{"stream_name":"stdout","time":1271.007811328,"data":"          \"boundary_metric_eligible_tumor_images\": 74,\n"}
,{"stream_name":"stdout","time":1271.007814842,"data":"          \"boundary_metric_excluded_tumor_images\": 110,\n"}
,{"stream_name":"stdout","time":1271.00781861,"data":"          \"boundary_metric_complete_misses\": 110,\n"}
,{"stream_name":"stdout","time":1271.00782221,"data":"          \"tumor_non_empty_prediction_rate\": 0.40217391304347827,\n"}
,{"stream_name":"stdout","time":1271.007825887,"data":"          \"tumor_overlap_detection_rate\": 0.08695652173913043,\n"}
,{"stream_name":"stdout","time":1271.007829529,"data":"          \"lesion_any_overlap_recall\": 0.07456140350877193,\n"}
,{"stream_name":"stdout","time":1271.007832882,"data":"          \"lesion_any_overlap_precision\": 0.21621621621621623,\n"}
,{"stream_name":"stdout","time":1271.007836619,"data":"          \"gt_lesions\": 228,\n"}
,{"stream_name":"stdout","time":1271.007840084,"data":"          \"detected_lesions_any_overlap\": 17,\n"}
,{"stream_name":"stdout","time":1271.00784365,"data":"          \"predicted_lesions\": 74,\n"}
,{"stream_name":"stdout","time":1271.007847406,"data":"          \"multifocal_tumor_images\": 23,\n"}
,{"stream_name":"stdout","time":1271.007850873,"data":"          \"multifocal_tumor_image_rate\": 0.125,\n"}
,{"stream_name":"stdout","time":1271.007854458,"data":"          \"gt_component_count_histogram\": {\n"}
,{"stream_name":"stdout","time":1271.007857971,"data":"            \"1\": 161,\n"}
,{"stream_name":"stdout","time":1271.007861421,"data":"            \"2\": 12,\n"}
,{"stream_name":"stdout","time":1271.007864689,"data":"            \"3\": 5,\n"}
,{"stream_name":"stdout","time":1271.00786821,"data":"            \"4\": 4,\n"}
,{"stream_name":"stdout","time":1271.007871579,"data":"            \"5\": 1,\n"}
,{"stream_name":"stdout","time":1271.007877773,"data":"            \"7\": 1\n"}
,{"stream_name":"stdout","time":1271.00788151,"data":"          },\n"}
,{"stream_name":"stdout","time":1271.007885175,"data":"          \"normal_empty_prediction_rate\": null,\n"}
,{"stream_name":"stdout","time":1271.007888685,"data":"          \"normal_false_positive_case_rate\": null,\n"}
,{"stream_name":"stdout","time":1271.007892309,"data":"          \"pixel_specificity\": 0.9906903066102957,\n"}
,{"stream_name":"stdout","time":1271.007896369,"data":"          \"pixel_precision\": 0.07667051774631237,\n"}
,{"stream_name":"stdout","time":1271.007899868,"data":"          \"pixel_recall\": 0.0370774603966571,\n"}
,{"stream_name":"stdout","time":1271.007903306,"data":"          \"tp_pixels\": 14268,\n"}
,{"stream_name":"stdout","time":1271.007906783,"data":"          \"fp_pixels\": 171827,\n"}
,{"stream_name":"stdout","time":1271.007910422,"data":"          \"fn_pixels\": 370548,\n"}
,{"stream_name":"stdout","time":1271.007914524,"data":"          \"tn_pixels\": 18284957,\n"}
,{"stream_name":"stdout","time":1271.007918184,"data":"          \"lesion_one_to_one_iou10_recall\": 0.04824561403508772,\n"}
,{"stream_name":"stdout","time":1271.007921723,"data":"          \"lesion_one_to_one_iou10_precision\": 0.14864864864864866,\n"}
,{"stream_name":"stdout","time":1271.007925516,"data":"          \"lesion_one_to_one_iou10_f1\": 0.0728476821192053,\n"}
,{"stream_name":"stdout","time":1271.007929336,"data":"          \"lesion_tp_one_to_one_iou10\": 11,\n"}
,{"stream_name":"stdout","time":1271.007932955,"data":"          \"lesion_one_to_one_iou25_recall\": 0.02631578947368421,\n"}
,{"stream_name":"stdout","time":1271.007936774,"data":"          \"lesion_one_to_one_iou25_precision\": 0.08108108108108109,\n"}
,{"stream_name":"stdout","time":1271.007940927,"data":"          \"lesion_one_to_one_iou25_f1\": 0.039735099337748346,\n"}
,{"stream_name":"stdout","time":1271.007944757,"data":"          \"lesion_tp_one_to_one_iou25\": 6,\n"}
,{"stream_name":"stdout","time":1271.007948275,"data":"          \"lesion_one_to_one_iou50_recall\": 0.008771929824561403,\n"}
,{"stream_name":"stdout","time":1271.007951833,"data":"          \"lesion_one_to_one_iou50_precision\": 0.02702702702702703,\n"}
,{"stream_name":"stdout","time":1271.007955221,"data":"          \"lesion_one_to_one_iou50_f1\": 0.013245033112582781,\n"}
,{"stream_name":"stdout","time":1271.007958758,"data":"          \"lesion_tp_one_to_one_iou50\": 2,\n"}
,{"stream_name":"stdout","time":1271.007962462,"data":"          \"lesion_matching_definition\": \"maximum-cardinality one-to-one connected-component matching at IoU thresholds 0.10, 0.25, 0.50\"\n"}
,{"stream_name":"stdout","time":1271.007966307,"data":"        }\n"}
,{"stream_name":"stdout","time":1271.007969635,"data":"      },\n"}
,{"stream_name":"stdout","time":1271.007973084,"data":"      \"prompt_quality\": {\n"}
,{"stream_name":"stdout","time":1271.007976585,"data":"        \"all_rows\": 184,\n"}
,{"stream_name":"stdout","time":1271.007980053,"data":"        \"tumor_rows\": 184,\n"}
,{"stream_name":"stdout","time":1271.007983627,"data":"        \"tumor_only_means\": {\n"}
,{"stream_name":"stdout","time":1271.007987121,"data":"          \"foreground_iou\": 0.07398210518674973,\n"}
,{"stream_name":"stdout","time":1271.007990689,"data":"          \"foreground_recall\": 0.6505802351493998,\n"}
,{"stream_name":"stdout","time":1271.007994255,"data":"          \"foreground_precision\": 0.08201111529372908,\n"}
,{"stream_name":"stdout","time":1271.007997882,"data":"          \"point_hit_rate\": 0.1993666133261601,\n"}
,{"stream_name":"stdout","time":1271.008001315,"data":"          \"negative_rejection_rate\": 0.9664582953873797,\n"}
,{"stream_name":"stdout","time":1271.008007851,"data":"          \"box_recall\": 0.7409372013582758,\n"}
,{"stream_name":"stdout","time":1271.008011816,"data":"          \"box_precision\": 0.06053591552660641,\n"}
,{"stream_name":"stdout","time":1271.008015285,"data":"          \"oracle_best_single_dice\": 0.11938725160133586,\n"}
,{"stream_name":"stdout","time":1271.00801896,"data":"          \"oracle_best_single_dice_clipped\": 0.11308556627412099,\n"}
,{"stream_name":"stdout","time":1271.008022545,"data":"          \"selected_dice\": 0.029471859122376782,\n"}
,{"stream_name":"stdout","time":1271.008026115,"data":"          \"oracle_gap_dice\": 0.08991539247895908,\n"}
,{"stream_name":"stdout","time":1271.008029739,"data":"          \"support_loss_dice\": 0.006301685327214884,\n"}
,{"stream_name":"stdout","time":1271.008033328,"data":"          \"selection_loss_dice\": 0.0836137071517442,\n"}
,{"stream_name":"stdout","time":1271.008036761,"data":"          \"final_dice\": 0.02787691051810174,\n"}
,{"stream_name":"stdout","time":1271.0080403,"data":"          \"final_iou\": 0.019429825695700197,\n"}
,{"stream_name":"stdout","time":1271.008043935,"data":"          \"postprocess_delta_dice\": -0.0015949486042750398\n"}
,{"stream_name":"stdout","time":1271.008047445,"data":"        }\n"}
,{"stream_name":"stdout","time":1271.008050991,"data":"      },\n"}
,{"stream_name":"stdout","time":1271.008054375,"data":"      \"run_metadata_sha256\": \"d53c71dba87884a13705eb6f79934b60a34eb49122be5ee05a6fb1268729f226\",\n"}
,{"stream_name":"stdout","time":1271.008058208,"data":"      \"pseudo_mask_manifest_sha256\": \"75fa4f28c7f184b6800db26387ef410b19018314c6af4a617507d41c229fd8e3\",\n"}
,{"stream_name":"stdout","time":1271.008062741,"data":"      \"evaluation_per_image_sha256\": \"9a0e90d48177ba7d9ed3b4579fd74807519a9be0231ac1c493a8181f9b284955\"\n"}
,{"stream_name":"stdout","time":1271.008066638,"data":"    }\n"}
,{"stream_name":"stdout","time":1271.008069978,"data":"  }\n"}
,{"stream_name":"stdout","time":1271.008073579,"data":"}\n"}
,{"stream_name":"stderr","time":1274.32468837,"data":"/usr/local/lib/python3.12/dist-packages/mistune.py:435: SyntaxWarning: invalid escape sequence '\\|'\n"}
,{"stream_name":"stderr","time":1274.324725121,"data":"  cells[i][c] = re.sub('\\\\\\\\\\|', '|', cell)\n"}
,{"stream_name":"stderr","time":1274.655807996,"data":"/usr/local/lib/python3.12/dist-packages/nbconvert/filters/filter_links.py:36: SyntaxWarning: invalid escape sequence '\\_'\n"}
,{"stream_name":"stderr","time":1274.65583937,"data":"  text = re.sub(r'_', '\\_', text) # Escape underscores in display text\n"}
,{"stream_name":"stderr","time":1275.415104737,"data":"[NbConvertApp] Converting notebook __script__.ipynb to html\n"}
,{"stream_name":"stderr","time":1277.049334525,"data":"[NbConvertApp] Writing 426241 bytes to __results__.html\n"}
]