[{"stream_name":"stdout","time":26.723170321,"data":"RUN [\"/usr/bin/python3\", \"-m\", \"pip\", \"install\", \"--disable-pip-version-check\", \"--no-input\", \"--no-deps\", \"git+https://github.com/facebookresearch/segment-anything.git@6fdee8f2727f4506cfbbe553e23b895e27956588\"]\n"}
,{"stream_name":"stdout","time":28.988096268,"data":"Collecting git+https://github.com/facebookresearch/segment-anything.git@6fdee8f2727f4506cfbbe553e23b895e27956588\n"}
,{"stream_name":"stdout","time":28.989220231,"data":"  Cloning https://github.com/facebookresearch/segment-anything.git (to revision 6fdee8f2727f4506cfbbe553e23b895e27956588) to /tmp/pip-req-build-h007j0iq\n"}
,{"stream_name":"stderr","time":29.016684833,"data":"  Running command git clone --filter=blob:none --quiet https://github.com/facebookresearch/segment-anything.git /tmp/pip-req-build-h007j0iq\n"}
,{"stream_name":"stderr","time":31.041256633,"data":"  Running command git rev-parse -q --verify 'sha^6fdee8f2727f4506cfbbe553e23b895e27956588'\n"}
,{"stream_name":"stderr","time":31.044166015,"data":"  Running command git fetch -q https://github.com/facebookresearch/segment-anything.git 6fdee8f2727f4506cfbbe553e23b895e27956588\n"}
,{"stream_name":"stderr","time":31.314268472,"data":"  Running command git checkout -q 6fdee8f2727f4506cfbbe553e23b895e27956588\n"}
,{"stream_name":"stdout","time":31.611004421,"data":"  Resolved https://github.com/facebookresearch/segment-anything.git to commit 6fdee8f2727f4506cfbbe553e23b895e27956588\n"}
,{"stream_name":"stdout","time":31.61851506,"data":"  Preparing metadata (setup.py): started\n"}
,{"stream_name":"stdout","time":32.512033848,"data":"  Preparing metadata (setup.py): finished with status 'done'\n"}
,{"stream_name":"stdout","time":43.901545305,"data":"RUN [\"/usr/bin/python3\", \"/kaggle/input/datasets/itsthang333/btxrd-small-lesion-research-v1/project/generate_pseudo_masks.py\", \"--pipeline-profile\", \"default\", \"--data-root\", \"/kaggle/input/datasets/itsthang333/btxrd-raw/BTXRD\", \"--split\", \"val\", \"--split-manifest\", \"/kaggle/input/datasets/itsthang333/btxrd-small-lesion-research-v1/split_manifest.csv\", \"--classifier-checkpoint\", \"/kaggle/input/notebooks/itsthang333/btxrd-clean-binary-classifier/btxrd_clean_binary_classifier/training/best_classifier.pt\", \"--sam-checkpoint\", \"/kaggle/input/datasets/itsthang333/btxrd-model-checkpoints/btxrd-model-checkpoints/sam_vit_b_01ec64.pth\", \"--classifier-device\", \"cuda\", \"--sam-device\", \"cuda\", \"--target-columns\", \"tumor\", \"--image-size\", \"320\", \"--sam-image-size\", \"512\", \"--batch-size\", \"1\", \"--num-workers\", \"2\", \"--output-dir\", \"/kaggle/working/btxrd_binary_cam_sam_gate_c/ground_truth/pseudo_masks\", \"--process-all\", \"--save-visuals-limit\", \"0\", \"--confidence-threshold\", \"0.5\", \"--cam-percentile\", \"90\", \"--cam-percentile-ensemble\", \"--cam-percentile-values\", \"85,90,95\", \"--max-points\", \"5\", \"--min-component-area\", \"100\", \"--mask-score-threshold\", \"0.4\", \"--seed-percentile\", \"82\", \"--support-percentile\", \"55\", \"--morphology-fusion-mode\", \"components\", \"--sam-prompt-mode\", \"box_point\", \"--sam-prompt-ensemble\", \"--max-components\", \"3\", \"--all-cam-components\", \"--points-per-component\", \"5\", \"--bbox-padding-ratio\", \"0.02\", \"--negative-points-per-component\", \"4\", \"--prompt-border-margin\", \"2\", \"--max-box-area-ratio\", \"0.35\", \"--layercam-weights\", \"0.20,0.30,0.50\", \"--layercam-gradient-mode\", \"positive\", \"--selection-method\", \"coverage_mass_sam\", \"--fusion-topk\", \"1\", \"--component-topk\", \"3\", \"--support-clip-kernel\", \"5\", \"--closing-kernel\", \"0\", \"--opening-kernel\", \"0\", \"--min-size\", \"40\", \"--max-hole-area\", \"0\", \"--guidance-threshold\", \"0.4\", \"--preprocessing-mode\", \"none\", \"--cam-aggregation\", \"class\", \"--low-score-policy\", \"empty\", \"--cam-target-class\", \"ground_truth\", \"--evaluate-prompt-quality\"]\n"}
,{"stream_name":"stdout","time":48.739457981,"data":"Loaded classifier checkpoint task=multi-label normalization=imagenet\n"}
,{"stream_name":"stdout","time":127.306872338,"data":"Loaded 371 ground-truth masks for prompt-quality evaluation\n"}
,{"stream_name":"stderr","time":128.608844317,"data":"/kaggle/input/datasets/itsthang333/btxrd-small-lesion-research-v1/project/models/classifier.py:54: FutureWarning: `torch.cuda.amp.autocast(args...)` is deprecated. Please use `torch.amp.autocast('cuda', args...)` instead.\n"}
,{"stream_name":"stderr","time":128.608887037,"data":"  with torch.cuda.amp.autocast(enabled=False):\n"}
,{"stream_name":"stdout","time":437.463791181,"data":"\n"}
,{"stream_name":"stdout","time":437.463822854,"data":"Done: full dataset. Masks saved to /kaggle/working/btxrd_binary_cam_sam_gate_c/ground_truth/pseudo_masks/masks (skipped 187 normal/low-confidence images)\n"}
,{"stream_name":"stdout","time":437.463999118,"data":"Saved list of 187 skipped image names to /kaggle/working/btxrd_binary_cam_sam_gate_c/ground_truth/pseudo_masks/skipped_low_confidence.txt\n"}
,{"stream_name":"stdout","time":438.179969238,"data":"Pseudo-mask completeness: 371/371 rows; manifest_sha256=eabd85338f5eda5e211fef5e931f3adff4d500e43aba18f91ead447394ab2d7f\n"}
,{"stream_name":"stdout","time":438.18357535,"data":"Prompt quality (184 images with GT): mean foreground_iou=0.0704 mean foreground_recall=0.6059 mean foreground_precision=0.0777 mean point_hit_rate=0.2706 mean negative_rejection=0.9668 mean box_recall=0.6719\n"}
,{"stream_name":"stdout","time":438.183622295,"data":"SAM-vs-selection oracle diagnostic (total gap decomposed into support-clip loss vs. mask-selection loss): mean oracle_best_single_dice=0.3809 mean oracle_best_single_dice_clipped=0.3600 mean selected_dice=0.2011 mean total_gap=0.1798 mean support_loss=0.0209 mean selection_loss=0.1589 mean final_dice=0.2023 mean postprocess_delta=0.0012 (large support_loss =\u003e bone_support under-covers the lesion, fix morphology seed/support percentiles, not mask_selection.py; large selection_loss =\u003e bone_hybrid scoring is discarding a good clipped candidate, fix mask_selection.py)\n"}
,{"stream_name":"stdout","time":438.18364295,"data":"\n"}
,{"stream_name":"stdout","time":438.183647485,"data":"Oracle Dice by tumor_type (breaks down where CAM localization fails):\n"}
,{"stream_name":"stdout","time":438.183853758,"data":"  osteochondroma               n=  75  mean_oracle_dice=0.2247\n"}
,{"stream_name":"stdout","time":438.18387626,"data":"  osteosarcoma                 n=  30  mean_oracle_dice=0.6162\n"}
,{"stream_name":"stdout","time":438.183883061,"data":"  multiple osteochondromas     n=  26  mean_oracle_dice=0.4100\n"}
,{"stream_name":"stdout","time":438.183887806,"data":"  simple bone cyst             n=  20  mean_oracle_dice=0.4325\n"}
,{"stream_name":"stdout","time":438.183893023,"data":"  other bt                     n=  11  mean_oracle_dice=0.1543\n"}
,{"stream_name":"stdout","time":438.18389767,"data":"  giant cell tumor             n=   9  mean_oracle_dice=0.6704\n"}
,{"stream_name":"stdout","time":438.183902134,"data":"  synovial osteochondroma      n=   5  mean_oracle_dice=0.7732\n"}
,{"stream_name":"stdout","time":438.183907041,"data":"  other mt                     n=   4  mean_oracle_dice=0.5374\n"}
,{"stream_name":"stdout","time":438.183912066,"data":"  osteofibroma                 n=   4  mean_oracle_dice=0.4227\n"}
,{"stream_name":"stdout","time":438.183917811,"data":"Saved per-image prompt-quality metrics to /kaggle/working/btxrd_binary_cam_sam_gate_c/ground_truth/pseudo_masks/prompt_quality.csv\n"}
,{"stream_name":"stdout","time":440.764991304,"data":"RUN [\"/usr/bin/python3\", \"/kaggle/input/datasets/itsthang333/btxrd-small-lesion-research-v1/project/evaluate_pseudo_masks.py\", \"--data-root\", \"/kaggle/input/datasets/itsthang333/btxrd-raw/BTXRD\", \"--split\", \"val\", \"--split-manifest\", \"/kaggle/input/datasets/itsthang333/btxrd-small-lesion-research-v1/split_manifest.csv\", \"--pred-mask-root\", \"/kaggle/working/btxrd_binary_cam_sam_gate_c/ground_truth/pseudo_masks/masks\", \"--image-size\", \"320\", \"--batch-size\", \"8\", \"--num-workers\", \"2\", \"--output-csv\", \"/kaggle/working/btxrd_binary_cam_sam_gate_c/ground_truth/evaluation/per_image.csv\", \"--output-json\", \"/kaggle/working/btxrd_binary_cam_sam_gate_c/ground_truth/evaluation/summary.json\", \"--bootstrap-iterations\", \"2000\", \"--bootstrap-seed\", \"42\"]\n"}
,{"stream_name":"stdout","time":455.417097703,"data":"Validated pseudo-mask manifest: eabd85338f5eda5e211fef5e931f3adff4d500e43aba18f91ead447394ab2d7f\n"}
,{"stream_name":"stdout","time":455.424811301,"data":"Pseudo-mask protocol: ground_truth\n"}
,{"stream_name":"stdout","time":455.424835595,"data":"Loaded 187 low-confidence-skipped image names\n"}
,{"stream_name":"stdout","time":469.14825445500003,"data":"btxrd val: tumor images=184 (image-gate skips=0) conditional Dice=0.2023 end-to-end Dice=0.2023 | normal empty_prediction_rate=1.0000 | missing=0\n"}
,{"stream_name":"stdout","time":469.148291511,"data":"Saved separate per-image, summary, subgroup, bootstrap, confusion and run-manifest artifacts\n"}
,{"stream_name":"stdout","time":469.926937371,"data":"RUN [\"/usr/bin/python3\", \"/kaggle/input/datasets/itsthang333/btxrd-small-lesion-research-v1/project/generate_pseudo_masks.py\", \"--pipeline-profile\", \"default\", \"--data-root\", \"/kaggle/input/datasets/itsthang333/btxrd-raw/BTXRD\", \"--split\", \"val\", \"--split-manifest\", \"/kaggle/input/datasets/itsthang333/btxrd-small-lesion-research-v1/split_manifest.csv\", \"--classifier-checkpoint\", \"/kaggle/input/notebooks/itsthang333/btxrd-clean-binary-classifier/btxrd_clean_binary_classifier/training/best_classifier.pt\", \"--sam-checkpoint\", \"/kaggle/input/datasets/itsthang333/btxrd-model-checkpoints/btxrd-model-checkpoints/sam_vit_b_01ec64.pth\", \"--classifier-device\", \"cuda\", \"--sam-device\", \"cuda\", \"--target-columns\", \"tumor\", \"--image-size\", \"320\", \"--sam-image-size\", \"512\", \"--batch-size\", \"1\", \"--num-workers\", \"2\", \"--output-dir\", \"/kaggle/working/btxrd_binary_cam_sam_gate_c/predicted/pseudo_masks\", \"--process-all\", \"--save-visuals-limit\", \"0\", \"--confidence-threshold\", \"0.5\", \"--cam-percentile\", \"90\", \"--cam-percentile-ensemble\", \"--cam-percentile-values\", \"85,90,95\", \"--max-points\", \"5\", \"--min-component-area\", \"100\", \"--mask-score-threshold\", \"0.4\", \"--seed-percentile\", \"82\", \"--support-percentile\", \"55\", \"--morphology-fusion-mode\", \"components\", \"--sam-prompt-mode\", \"box_point\", \"--sam-prompt-ensemble\", \"--max-components\", \"3\", \"--all-cam-components\", \"--points-per-component\", \"5\", \"--bbox-padding-ratio\", \"0.02\", \"--negative-points-per-component\", \"4\", \"--prompt-border-margin\", \"2\", \"--max-box-area-ratio\", \"0.35\", \"--layercam-weights\", \"0.20,0.30,0.50\", \"--layercam-gradient-mode\", \"positive\", \"--selection-method\", \"coverage_mass_sam\", \"--fusion-topk\", \"1\", \"--component-topk\", \"3\", \"--support-clip-kernel\", \"5\", \"--closing-kernel\", \"0\", \"--opening-kernel\", \"0\", \"--min-size\", \"40\", \"--max-hole-area\", \"0\", \"--guidance-threshold\", \"0.4\", \"--preprocessing-mode\", \"none\", \"--cam-aggregation\", \"class\", \"--low-score-policy\", \"empty\", \"--cam-target-class\", \"predicted\", \"--evaluate-prompt-quality\"]\n"}
,{"stream_name":"stdout","time":474.024303631,"data":"Loaded classifier checkpoint task=multi-label normalization=imagenet\n"}
,{"stream_name":"stdout","time":498.705289341,"data":"Loaded 371 ground-truth masks for prompt-quality evaluation\n"}
,{"stream_name":"stderr","time":500.008377511,"data":"/kaggle/input/datasets/itsthang333/btxrd-small-lesion-research-v1/project/models/classifier.py:54: FutureWarning: `torch.cuda.amp.autocast(args...)` is deprecated. Please use `torch.amp.autocast('cuda', args...)` instead.\n"}
,{"stream_name":"stderr","time":500.008419852,"data":"  with torch.cuda.amp.autocast(enabled=False):\n"}
,{"stream_name":"stdout","time":803.681000552,"data":"\n"}
,{"stream_name":"stdout","time":803.68104678,"data":"Done: full dataset. Masks saved to /kaggle/working/btxrd_binary_cam_sam_gate_c/predicted/pseudo_masks/masks (skipped 195 normal/low-confidence images)\n"}
,{"stream_name":"stdout","time":803.681316674,"data":"Saved list of 195 skipped image names to /kaggle/working/btxrd_binary_cam_sam_gate_c/predicted/pseudo_masks/skipped_low_confidence.txt\n"}
,{"stream_name":"stdout","time":804.459517402,"data":"Pseudo-mask completeness: 371/371 rows; manifest_sha256=8370e613c509efb6b1fd5d82a29c3145fb5356c58d7c642a9a01e34092d8f758\n"}
,{"stream_name":"stdout","time":804.462869642,"data":"Prompt quality (176 images with GT): mean foreground_iou=0.0791 mean foreground_recall=0.6656 mean foreground_precision=0.0883 mean point_hit_rate=0.3105 mean negative_rejection=0.9709 mean box_recall=0.7250\n"}
,{"stream_name":"stdout","time":804.463040546,"data":"SAM-vs-selection oracle diagnostic (total gap decomposed into support-clip loss vs. mask-selection loss): mean oracle_best_single_dice=0.4209 mean oracle_best_single_dice_clipped=0.4046 mean selected_dice=0.2209 mean total_gap=0.2000 mean support_loss=0.0163 mean selection_loss=0.1837 mean final_dice=0.1839 mean postprocess_delta=0.0015 (large support_loss =\u003e bone_support under-covers the lesion, fix morphology seed/support percentiles, not mask_selection.py; large selection_loss =\u003e bone_hybrid scoring is discarding a good clipped candidate, fix mask_selection.py)\n"}
,{"stream_name":"stdout","time":804.463060448,"data":"\n"}
,{"stream_name":"stdout","time":804.463067274,"data":"Oracle Dice by tumor_type (breaks down where CAM localization fails):\n"}
,{"stream_name":"stdout","time":804.463162497,"data":"  osteochondroma               n=  53  mean_oracle_dice=0.2814\n"}
,{"stream_name":"stdout","time":804.463188756,"data":"  osteosarcoma                 n=  25  mean_oracle_dice=0.6054\n"}
,{"stream_name":"stdout","time":804.463195875,"data":"  multiple osteochondromas     n=  25  mean_oracle_dice=0.4246\n"}
,{"stream_name":"stdout","time":804.463223167,"data":"  simple bone cyst             n=  14  mean_oracle_dice=0.4995\n"}
,{"stream_name":"stdout","time":804.463230572,"data":"  other bt                     n=   9  mean_oracle_dice=0.1383\n"}
,{"stream_name":"stdout","time":804.463236709,"data":"  giant cell tumor             n=   6  mean_oracle_dice=0.6023\n"}
,{"stream_name":"stdout","time":804.463242575,"data":"  synovial osteochondroma      n=   4  mean_oracle_dice=0.8845\n"}
,{"stream_name":"stdout","time":804.463249258,"data":"  osteofibroma                 n=   3  mean_oracle_dice=0.5626\n"}
,{"stream_name":"stdout","time":804.463255226,"data":"  other mt                     n=   2  mean_oracle_dice=0.8011\n"}
,{"stream_name":"stdout","time":804.463266622,"data":"Saved per-image prompt-quality metrics to /kaggle/working/btxrd_binary_cam_sam_gate_c/predicted/pseudo_masks/prompt_quality.csv\n"}
,{"stream_name":"stdout","time":805.55918291,"data":"RUN [\"/usr/bin/python3\", \"/kaggle/input/datasets/itsthang333/btxrd-small-lesion-research-v1/project/evaluate_pseudo_masks.py\", \"--data-root\", \"/kaggle/input/datasets/itsthang333/btxrd-raw/BTXRD\", \"--split\", \"val\", \"--split-manifest\", \"/kaggle/input/datasets/itsthang333/btxrd-small-lesion-research-v1/split_manifest.csv\", \"--pred-mask-root\", \"/kaggle/working/btxrd_binary_cam_sam_gate_c/predicted/pseudo_masks/masks\", \"--image-size\", \"320\", \"--batch-size\", \"8\", \"--num-workers\", \"2\", \"--output-csv\", \"/kaggle/working/btxrd_binary_cam_sam_gate_c/predicted/evaluation/per_image.csv\", \"--output-json\", \"/kaggle/working/btxrd_binary_cam_sam_gate_c/predicted/evaluation/summary.json\", \"--bootstrap-iterations\", \"2000\", \"--bootstrap-seed\", \"42\"]\n"}
,{"stream_name":"stdout","time":822.281571246,"data":"Validated pseudo-mask manifest: 8370e613c509efb6b1fd5d82a29c3145fb5356c58d7c642a9a01e34092d8f758\n"}
,{"stream_name":"stdout","time":822.290128865,"data":"Pseudo-mask protocol: predicted\n"}
,{"stream_name":"stdout","time":822.290160778,"data":"Loaded 195 low-confidence-skipped image names\n"}
,{"stream_name":"stdout","time":836.886378173,"data":"btxrd val: tumor images=184 (image-gate skips=43) conditional Dice=0.2224 end-to-end Dice=0.1704 | normal empty_prediction_rate=0.8182 | missing=0\n"}
,{"stream_name":"stdout","time":836.886429659,"data":"Saved separate per-image, summary, subgroup, bootstrap, confusion and run-manifest artifacts\n"}
,{"stream_name":"stdout","time":839.953985469,"data":"{\n"}
,{"stream_name":"stdout","time":839.954021763,"data":"  \"run_id\": \"btxrd_binary_cam_sam_gate_c_v1\",\n"}
,{"stream_name":"stdout","time":839.95402682,"data":"  \"status\": \"complete\",\n"}
,{"stream_name":"stdout","time":839.954030377,"data":"  \"test_evaluated\": false,\n"}
,{"stream_name":"stdout","time":839.954033931,"data":"  \"split_manifest_sha256\": \"85511ee1bd1339c7b6b4f527acc504869da935997fd6b2485042edd619193c8c\",\n"}
,{"stream_name":"stdout","time":839.954037477,"data":"  \"classifier_checkpoint_sha256\": \"f62d3702541ec3e6571751ddda22dab4c723943397471d3897500da1620304c5\",\n"}
,{"stream_name":"stdout","time":839.954041009,"data":"  \"sam_checkpoint_sha256\": \"ec2df62732614e57411cdcf32a23ffdf28910380d03139ee0f4fcbe91eb8c912\",\n"}
,{"stream_name":"stdout","time":839.954044399,"data":"  \"protocol_results\": {\n"}
,{"stream_name":"stdout","time":839.954061476,"data":"    \"ground_truth\": {\n"}
,{"stream_name":"stdout","time":839.954067949,"data":"      \"evaluation\": {\n"}
,{"stream_name":"stdout","time":839.954073607,"data":"        \"dataset\": \"btxrd\",\n"}
,{"stream_name":"stdout","time":839.954079337,"data":"        \"split\": \"val\",\n"}
,{"stream_name":"stdout","time":839.954084331,"data":"        \"cam_target_class_protocol\": \"ground_truth\",\n"}
,{"stream_name":"stdout","time":839.954089345,"data":"        \"pred_mask_root\": \"/kaggle/working/btxrd_binary_cam_sam_gate_c/ground_truth/pseudo_masks/masks\",\n"}
,{"stream_name":"stdout","time":839.954094529,"data":"        \"boundary_distance_unit\": \"pixels on the resized evaluation grid\",\n"}
,{"stream_name":"stdout","time":839.9540995,"data":"        \"missing\": 0,\n"}
,{"stream_name":"stdout","time":839.954104217,"data":"        \"tumor_images_skipped_by_image_gate\": 0,\n"}
,{"stream_name":"stdout","time":839.954108951,"data":"        \"images\": 371,\n"}
,{"stream_name":"stdout","time":839.954113673,"data":"        \"tumor_images\": 184,\n"}
,{"stream_name":"stdout","time":839.954118408,"data":"        \"normal_images\": 187,\n"}
,{"stream_name":"stdout","time":839.954123201,"data":"        \"main_population\": \"tumor images only\",\n"}
,{"stream_name":"stdout","time":839.954133137,"data":"        \"mean_tumor_dice\": 0.20230383521543677,\n"}
,{"stream_name":"stdout","time":839.954136644,"data":"        \"mean_tumor_iou\": 0.14721051242995467,\n"}
,{"stream_name":"stdout","time":839.954140078,"data":"        \"mean_tumor_precision\": 0.21350532228224278,\n"}
,{"stream_name":"stdout","time":839.954143404,"data":"        \"mean_tumor_recall\": 0.3770381542362369,\n"}
,{"stream_name":"stdout","time":839.954161194,"data":"        \"mean_tumor_hd95_px_conditional_defined\": 123.96673768337824,\n"}
,{"stream_name":"stdout","time":839.954179712,"data":"        \"mean_tumor_assd_px_conditional_defined\": 77.53097690065361,\n"}
,{"stream_name":"stdout","time":839.954184214,"data":"        \"boundary_metric_definition\": \"conditional mean over tumor images with both GT and prediction non-empty; distances are pixels on the resized evaluation grid (not mm); complete misses are excluded and counted separately\",\n"}
,{"stream_name":"stdout","time":839.954189942,"data":"        \"boundary_metric_eligible_tumor_images\": 182,\n"}
,{"stream_name":"stdout","time":839.954193653,"data":"        \"boundary_metric_excluded_tumor_images\": 2,\n"}
,{"stream_name":"stdout","time":839.954197383,"data":"        \"boundary_metric_complete_misses\": 2,\n"}
,{"stream_name":"stdout","time":839.95420121,"data":"        \"tumor_non_empty_prediction_rate\": 0.9891304347826086,\n"}
,{"stream_name":"stdout","time":839.954206146,"data":"        \"tumor_overlap_detection_rate\": 0.5543478260869565,\n"}
,{"stream_name":"stdout","time":839.954241447,"data":"        \"lesion_any_overlap_recall\": 0.4868421052631579,\n"}
,{"stream_name":"stdout","time":839.954248132,"data":"        \"lesion_any_overlap_precision\": 0.3793103448275862,\n"}
,{"stream_name":"stdout","time":839.954252623,"data":"        \"gt_lesions\": 228,\n"}
,{"stream_name":"stdout","time":839.954256091,"data":"        \"detected_lesions_any_overlap\": 111,\n"}
,{"stream_name":"stdout","time":839.954259609,"data":"        \"predicted_lesions\": 290,\n"}
,{"stream_name":"stdout","time":839.954263069,"data":"        \"multifocal_tumor_images\": 23,\n"}
,{"stream_name":"stdout","time":839.954267929,"data":"        \"multifocal_tumor_image_rate\": 0.125,\n"}
,{"stream_name":"stdout","time":839.954271833,"data":"        \"gt_component_count_histogram\": {\n"}
,{"stream_name":"stdout","time":839.954275434,"data":"          \"1\": 161,\n"}
,{"stream_name":"stdout","time":839.95427891,"data":"          \"2\": 12,\n"}
,{"stream_name":"stdout","time":839.954282318,"data":"          \"3\": 5,\n"}
,{"stream_name":"stdout","time":839.954285676,"data":"          \"4\": 4,\n"}
,{"stream_name":"stdout","time":839.954289457,"data":"          \"5\": 1,\n"}
,{"stream_name":"stdout","time":839.954293348,"data":"          \"7\": 1\n"}
,{"stream_name":"stdout","time":839.954297706,"data":"        },\n"}
,{"stream_name":"stdout","time":839.954301796,"data":"        \"normal_empty_prediction_rate\": 1.0,\n"}
,{"stream_name":"stdout","time":839.954305843,"data":"        \"normal_false_positive_case_rate\": 0.0,\n"}
,{"stream_name":"stdout","time":839.954309378,"data":"        \"pixel_specificity\": 0.9840003016573283,\n"}
,{"stream_name":"stdout","time":839.954312798,"data":"        \"pixel_precision\": 0.19098201728083644,\n"}
,{"stream_name":"stdout","time":839.954316301,"data":"        \"pixel_recall\": 0.3691010768783003,\n"}
,{"stream_name":"stdout","time":839.9543198,"data":"        \"tp_pixels\": 142036,\n"}
,{"stream_name":"stdout","time":839.954323214,"data":"        \"fp_pixels\": 601678,\n"}
,{"stream_name":"stdout","time":839.954326582,"data":"        \"fn_pixels\": 242780,\n"}
,{"stream_name":"stdout","time":839.954330024,"data":"        \"tn_pixels\": 37003906,\n"}
,{"stream_name":"stdout","time":839.954333493,"data":"        \"lesion_one_to_one_iou10_recall\": 0.3157894736842105,\n"}
,{"stream_name":"stdout","time":839.954337108,"data":"        \"lesion_one_to_one_iou10_precision\": 0.2482758620689655,\n"}
,{"stream_name":"stdout","time":839.954340649,"data":"        \"lesion_one_to_one_iou10_f1\": 0.277992277992278,\n"}
,{"stream_name":"stdout","time":839.954348946,"data":"        \"lesion_tp_one_to_one_iou10\": 72,\n"}
,{"stream_name":"stdout","time":839.954352659,"data":"        \"lesion_one_to_one_iou25_recall\": 0.2675438596491228,\n"}
,{"stream_name":"stdout","time":839.954356229,"data":"        \"lesion_one_to_one_iou25_precision\": 0.2103448275862069,\n"}
,{"stream_name":"stdout","time":839.954364909,"data":"        \"lesion_one_to_one_iou25_f1\": 0.23552123552123552,\n"}
,{"stream_name":"stdout","time":839.954368164,"data":"        \"lesion_tp_one_to_one_iou25\": 61,\n"}
,{"stream_name":"stdout","time":839.954371208,"data":"        \"lesion_one_to_one_iou50_recall\": 0.09649122807017543,\n"}
,{"stream_name":"stdout","time":839.954385341,"data":"        \"lesion_one_to_one_iou50_precision\": 0.07586206896551724,\n"}
,{"stream_name":"stdout","time":839.954389603,"data":"        \"lesion_one_to_one_iou50_f1\": 0.08494208494208494,\n"}
,{"stream_name":"stdout","time":839.954393768,"data":"        \"lesion_tp_one_to_one_iou50\": 22,\n"}
,{"stream_name":"stdout","time":839.954398085,"data":"        \"lesion_matching_definition\": \"maximum-cardinality one-to-one connected-component matching at IoU thresholds 0.10, 0.25, 0.50\",\n"}
,{"stream_name":"stdout","time":839.95440227,"data":"        \"end_to_end\": {\n"}
,{"stream_name":"stdout","time":839.954405759,"data":"          \"images\": 371,\n"}
,{"stream_name":"stdout","time":839.954409175,"data":"          \"tumor_images\": 184,\n"}
,{"stream_name":"stdout","time":839.954412631,"data":"          \"normal_images\": 187,\n"}
,{"stream_name":"stdout","time":839.954416141,"data":"          \"main_population\": \"tumor images only\",\n"}
,{"stream_name":"stdout","time":839.954419759,"data":"          \"mean_tumor_dice\": 0.20230383521543677,\n"}
,{"stream_name":"stdout","time":839.954423252,"data":"          \"mean_tumor_iou\": 0.14721051242995467,\n"}
,{"stream_name":"stdout","time":839.954426665,"data":"          \"mean_tumor_precision\": 0.21350532228224278,\n"}
,{"stream_name":"stdout","time":839.954430205,"data":"          \"mean_tumor_recall\": 0.3770381542362369,\n"}
,{"stream_name":"stdout","time":839.95443371,"data":"          \"mean_tumor_hd95_px_conditional_defined\": 123.96673768337824,\n"}
,{"stream_name":"stdout","time":839.954437441,"data":"          \"mean_tumor_assd_px_conditional_defined\": 77.53097690065361,\n"}
,{"stream_name":"stdout","time":839.954441547,"data":"          \"boundary_metric_definition\": \"conditional mean over tumor images with both GT and prediction non-empty; distances are pixels on the resized evaluation grid (not mm); complete misses are excluded and counted separately\",\n"}
,{"stream_name":"stdout","time":839.954445748,"data":"          \"boundary_metric_eligible_tumor_images\": 182,\n"}
,{"stream_name":"stdout","time":839.954449246,"data":"          \"boundary_metric_excluded_tumor_images\": 2,\n"}
,{"stream_name":"stdout","time":839.954452766,"data":"          \"boundary_metric_complete_misses\": 2,\n"}
,{"stream_name":"stdout","time":839.954461457,"data":"          \"tumor_non_empty_prediction_rate\": 0.9891304347826086,\n"}
,{"stream_name":"stdout","time":839.954464669,"data":"          \"tumor_overlap_detection_rate\": 0.5543478260869565,\n"}
,{"stream_name":"stdout","time":839.954478536,"data":"          \"lesion_any_overlap_recall\": 0.4868421052631579,\n"}
,{"stream_name":"stdout","time":839.954482524,"data":"          \"lesion_any_overlap_precision\": 0.3793103448275862,\n"}
,{"stream_name":"stdout","time":839.954486802,"data":"          \"gt_lesions\": 228,\n"}
,{"stream_name":"stdout","time":839.954491061,"data":"          \"detected_lesions_any_overlap\": 111,\n"}
,{"stream_name":"stdout","time":839.954499486,"data":"          \"predicted_lesions\": 290,\n"}
,{"stream_name":"stdout","time":839.954502978,"data":"          \"multifocal_tumor_images\": 23,\n"}
,{"stream_name":"stdout","time":839.954506446,"data":"          \"multifocal_tumor_image_rate\": 0.125,\n"}
,{"stream_name":"stdout","time":839.954509961,"data":"          \"gt_component_count_histogram\": {\n"}
,{"stream_name":"stdout","time":839.954513428,"data":"            \"1\": 161,\n"}
,{"stream_name":"stdout","time":839.954516878,"data":"            \"2\": 12,\n"}
,{"stream_name":"stdout","time":839.954520245,"data":"            \"3\": 5,\n"}
,{"stream_name":"stdout","time":839.954523648,"data":"            \"4\": 4,\n"}
,{"stream_name":"stdout","time":839.954527029,"data":"            \"5\": 1,\n"}
,{"stream_name":"stdout","time":839.954530391,"data":"            \"7\": 1\n"}
,{"stream_name":"stdout","time":839.954533686,"data":"          },\n"}
,{"stream_name":"stdout","time":839.954537038,"data":"          \"normal_empty_prediction_rate\": 1.0,\n"}
,{"stream_name":"stdout","time":839.954540502,"data":"          \"normal_false_positive_case_rate\": 0.0,\n"}
,{"stream_name":"stdout","time":839.954543947,"data":"          \"pixel_specificity\": 0.9840003016573283,\n"}
,{"stream_name":"stdout","time":839.954547574,"data":"          \"pixel_precision\": 0.19098201728083644,\n"}
,{"stream_name":"stdout","time":839.954555604,"data":"          \"pixel_recall\": 0.3691010768783003,\n"}
,{"stream_name":"stdout","time":839.954558539,"data":"          \"tp_pixels\": 142036,\n"}
,{"stream_name":"stdout","time":839.954561603,"data":"          \"fp_pixels\": 601678,\n"}
,{"stream_name":"stdout","time":839.954575292,"data":"          \"fn_pixels\": 242780,\n"}
,{"stream_name":"stdout","time":839.954579326,"data":"          \"tn_pixels\": 37003906,\n"}
,{"stream_name":"stdout","time":839.95458339,"data":"          \"lesion_one_to_one_iou10_recall\": 0.3157894736842105,\n"}
,{"stream_name":"stdout","time":839.954587892,"data":"          \"lesion_one_to_one_iou10_precision\": 0.2482758620689655,\n"}
,{"stream_name":"stdout","time":839.954591737,"data":"          \"lesion_one_to_one_iou10_f1\": 0.277992277992278,\n"}
,{"stream_name":"stdout","time":839.954595319,"data":"          \"lesion_tp_one_to_one_iou10\": 72,\n"}
,{"stream_name":"stdout","time":839.954598734,"data":"          \"lesion_one_to_one_iou25_recall\": 0.2675438596491228,\n"}
,{"stream_name":"stdout","time":839.954602328,"data":"          \"lesion_one_to_one_iou25_precision\": 0.2103448275862069,\n"}
,{"stream_name":"stdout","time":839.954605874,"data":"          \"lesion_one_to_one_iou25_f1\": 0.23552123552123552,\n"}
,{"stream_name":"stdout","time":839.954609472,"data":"          \"lesion_tp_one_to_one_iou25\": 61,\n"}
,{"stream_name":"stdout","time":839.954613022,"data":"          \"lesion_one_to_one_iou50_recall\": 0.09649122807017543,\n"}
,{"stream_name":"stdout","time":839.954616631,"data":"          \"lesion_one_to_one_iou50_precision\": 0.07586206896551724,\n"}
,{"stream_name":"stdout","time":839.954620092,"data":"          \"lesion_one_to_one_iou50_f1\": 0.08494208494208494,\n"}
,{"stream_name":"stdout","time":839.954623644,"data":"          \"lesion_tp_one_to_one_iou50\": 22,\n"}
,{"stream_name":"stdout","time":839.95462789,"data":"          \"lesion_matching_definition\": \"maximum-cardinality one-to-one connected-component matching at IoU thresholds 0.10, 0.25, 0.50\"\n"}
,{"stream_name":"stdout","time":839.954631857,"data":"        },\n"}
,{"stream_name":"stdout","time":839.954635153,"data":"        \"cam_sam_conditional_tumor_only\": {\n"}
,{"stream_name":"stdout","time":839.954642259,"data":"          \"images\": 184,\n"}
,{"stream_name":"stdout","time":839.954650949,"data":"          \"tumor_images\": 184,\n"}
,{"stream_name":"stdout","time":839.954653732,"data":"          \"normal_images\": 0,\n"}
,{"stream_name":"stdout","time":839.954667916,"data":"          \"main_population\": \"tumor images only\",\n"}
,{"stream_name":"stdout","time":839.954672552,"data":"          \"mean_tumor_dice\": 0.20230383521543677,\n"}
,{"stream_name":"stdout","time":839.954676565,"data":"          \"mean_tumor_iou\": 0.14721051242995467,\n"}
,{"stream_name":"stdout","time":839.954680916,"data":"          \"mean_tumor_precision\": 0.21350532228224278,\n"}
,{"stream_name":"stdout","time":839.954685022,"data":"          \"mean_tumor_recall\": 0.3770381542362369,\n"}
,{"stream_name":"stdout","time":839.954688525,"data":"          \"mean_tumor_hd95_px_conditional_defined\": 123.96673768337824,\n"}
,{"stream_name":"stdout","time":839.95469215,"data":"          \"mean_tumor_assd_px_conditional_defined\": 77.53097690065361,\n"}
,{"stream_name":"stdout","time":839.95469577,"data":"          \"boundary_metric_definition\": \"conditional mean over tumor images with both GT and prediction non-empty; distances are pixels on the resized evaluation grid (not mm); complete misses are excluded and counted separately\",\n"}
,{"stream_name":"stdout","time":839.954699872,"data":"          \"boundary_metric_eligible_tumor_images\": 182,\n"}
,{"stream_name":"stdout","time":839.954703405,"data":"          \"boundary_metric_excluded_tumor_images\": 2,\n"}
,{"stream_name":"stdout","time":839.954706915,"data":"          \"boundary_metric_complete_misses\": 2,\n"}
,{"stream_name":"stdout","time":839.954710391,"data":"          \"tumor_non_empty_prediction_rate\": 0.9891304347826086,\n"}
,{"stream_name":"stdout","time":839.954713937,"data":"          \"tumor_overlap_detection_rate\": 0.5543478260869565,\n"}
,{"stream_name":"stdout","time":839.954717454,"data":"          \"lesion_any_overlap_recall\": 0.4868421052631579,\n"}
,{"stream_name":"stdout","time":839.954720922,"data":"          \"lesion_any_overlap_precision\": 0.3793103448275862,\n"}
,{"stream_name":"stdout","time":839.954724445,"data":"          \"gt_lesions\": 228,\n"}
,{"stream_name":"stdout","time":839.954727857,"data":"          \"detected_lesions_any_overlap\": 111,\n"}
,{"stream_name":"stdout","time":839.954731394,"data":"          \"predicted_lesions\": 290,\n"}
,{"stream_name":"stdout","time":839.954734872,"data":"          \"multifocal_tumor_images\": 23,\n"}
,{"stream_name":"stdout","time":839.95474005,"data":"          \"multifocal_tumor_image_rate\": 0.125,\n"}
,{"stream_name":"stdout","time":839.954746608,"data":"          \"gt_component_count_histogram\": {\n"}
,{"stream_name":"stdout","time":839.954749362,"data":"            \"1\": 161,\n"}
,{"stream_name":"stdout","time":839.954763125,"data":"            \"2\": 12,\n"}
,{"stream_name":"stdout","time":839.95476716,"data":"            \"3\": 5,\n"}
,{"stream_name":"stdout","time":839.954771229,"data":"            \"4\": 4,\n"}
,{"stream_name":"stdout","time":839.954775165,"data":"            \"5\": 1,\n"}
,{"stream_name":"stdout","time":839.954779174,"data":"            \"7\": 1\n"}
,{"stream_name":"stdout","time":839.954782576,"data":"          },\n"}
,{"stream_name":"stdout","time":839.954785874,"data":"          \"normal_empty_prediction_rate\": null,\n"}
,{"stream_name":"stdout","time":839.954789345,"data":"          \"normal_false_positive_case_rate\": null,\n"}
,{"stream_name":"stdout","time":839.95479286,"data":"          \"pixel_specificity\": 0.96740071293027,\n"}
,{"stream_name":"stdout","time":839.954799814,"data":"          \"pixel_precision\": 0.19098201728083644,\n"}
,{"stream_name":"stdout","time":839.954803307,"data":"          \"pixel_recall\": 0.3691010768783003,\n"}
,{"stream_name":"stdout","time":839.954815247,"data":"          \"tp_pixels\": 142036,\n"}
,{"stream_name":"stdout","time":839.954818677,"data":"          \"fp_pixels\": 601678,\n"}
,{"stream_name":"stdout","time":839.954822048,"data":"          \"fn_pixels\": 242780,\n"}
,{"stream_name":"stdout","time":839.954825497,"data":"          \"tn_pixels\": 17855106,\n"}
,{"stream_name":"stdout","time":839.95482897,"data":"          \"lesion_one_to_one_iou10_recall\": 0.3157894736842105,\n"}
,{"stream_name":"stdout","time":839.954832954,"data":"          \"lesion_one_to_one_iou10_precision\": 0.2482758620689655,\n"}
,{"stream_name":"stdout","time":839.954843027,"data":"          \"lesion_one_to_one_iou10_f1\": 0.277992277992278,\n"}
,{"stream_name":"stdout","time":839.954858448,"data":"          \"lesion_tp_one_to_one_iou10\": 72,\n"}
,{"stream_name":"stdout","time":839.954862921,"data":"          \"lesion_one_to_one_iou25_recall\": 0.2675438596491228,\n"}
,{"stream_name":"stdout","time":839.954867371,"data":"          \"lesion_one_to_one_iou25_precision\": 0.2103448275862069,\n"}
,{"stream_name":"stdout","time":839.95487186,"data":"          \"lesion_one_to_one_iou25_f1\": 0.23552123552123552,\n"}
,{"stream_name":"stdout","time":839.95487582,"data":"          \"lesion_tp_one_to_one_iou25\": 61,\n"}
,{"stream_name":"stdout","time":839.954879392,"data":"          \"lesion_one_to_one_iou50_recall\": 0.09649122807017543,\n"}
,{"stream_name":"stdout","time":839.954883932,"data":"          \"lesion_one_to_one_iou50_precision\": 0.07586206896551724,\n"}
,{"stream_name":"stdout","time":839.95488751,"data":"          \"lesion_one_to_one_iou50_f1\": 0.08494208494208494,\n"}
,{"stream_name":"stdout","time":839.954891202,"data":"          \"lesion_tp_one_to_one_iou50\": 22,\n"}
,{"stream_name":"stdout","time":839.95489486,"data":"          \"lesion_matching_definition\": \"maximum-cardinality one-to-one connected-component matching at IoU thresholds 0.10, 0.25, 0.50\"\n"}
,{"stream_name":"stdout","time":839.954898719,"data":"        }\n"}
,{"stream_name":"stdout","time":839.954902166,"data":"      },\n"}
,{"stream_name":"stdout","time":839.954905535,"data":"      \"prompt_quality\": {\n"}
,{"stream_name":"stdout","time":839.954908952,"data":"        \"all_rows\": 184,\n"}
,{"stream_name":"stdout","time":839.954912623,"data":"        \"tumor_rows\": 184,\n"}
,{"stream_name":"stdout","time":839.954916117,"data":"        \"tumor_only_means\": {\n"}
,{"stream_name":"stdout","time":839.954919589,"data":"          \"foreground_iou\": 0.07038751111536486,\n"}
,{"stream_name":"stdout","time":839.954923269,"data":"          \"foreground_recall\": 0.6058501890795857,\n"}
,{"stream_name":"stdout","time":839.954926914,"data":"          \"foreground_precision\": 0.07769095424000125,\n"}
,{"stream_name":"stdout","time":839.954935462,"data":"          \"point_hit_rate\": 0.27055759742761587,\n"}
,{"stream_name":"stdout","time":839.954938219,"data":"          \"negative_rejection_rate\": 0.9667645106047671,\n"}
,{"stream_name":"stdout","time":839.954952257,"data":"          \"box_recall\": 0.6719485351243112,\n"}
,{"stream_name":"stdout","time":839.954956324,"data":"          \"box_precision\": 0.05949023082137527,\n"}
,{"stream_name":"stdout","time":839.954960577,"data":"          \"oracle_best_single_dice\": 0.38091865510492257,\n"}
,{"stream_name":"stdout","time":839.954964847,"data":"          \"oracle_best_single_dice_clipped\": 0.35997446501015695,\n"}
,{"stream_name":"stdout","time":839.954972823,"data":"          \"selected_dice\": 0.20108351931332766,\n"}
,{"stream_name":"stdout","time":839.954976512,"data":"          \"oracle_gap_dice\": 0.17983513579159482,\n"}
,{"stream_name":"stdout","time":839.95498009,"data":"          \"support_loss_dice\": 0.020944190094765554,\n"}
,{"stream_name":"stdout","time":839.954983641,"data":"          \"selection_loss_dice\": 0.1588909456968293,\n"}
,{"stream_name":"stdout","time":839.954987103,"data":"          \"final_dice\": 0.20230383594621615,\n"}
,{"stream_name":"stdout","time":839.95499064,"data":"          \"final_iou\": 0.14721051325838,\n"}
,{"stream_name":"stdout","time":839.954994151,"data":"          \"postprocess_delta_dice\": 0.0012203166328884762\n"}
,{"stream_name":"stdout","time":839.954997712,"data":"        }\n"}
,{"stream_name":"stdout","time":839.955001072,"data":"      },\n"}
,{"stream_name":"stdout","time":839.955004414,"data":"      \"run_metadata_sha256\": \"52578d15326a1dfcca0ff397caecb9247ff192deb3d4b72700c7ddf355d573e5\",\n"}
,{"stream_name":"stdout","time":839.955008254,"data":"      \"pseudo_mask_manifest_sha256\": \"eabd85338f5eda5e211fef5e931f3adff4d500e43aba18f91ead447394ab2d7f\",\n"}
,{"stream_name":"stdout","time":839.955012111,"data":"      \"evaluation_per_image_sha256\": \"8fc1212218a330a2799ddbb3bfe2b1a4fbbfe657237c9d6943b2aa0f10a43662\"\n"}
,{"stream_name":"stdout","time":839.955015895,"data":"    },\n"}
,{"stream_name":"stdout","time":839.95501948,"data":"    \"predicted\": {\n"}
,{"stream_name":"stdout","time":839.955027335,"data":"      \"evaluation\": {\n"}
,{"stream_name":"stdout","time":839.955030401,"data":"        \"dataset\": \"btxrd\",\n"}
,{"stream_name":"stdout","time":839.955032954,"data":"        \"split\": \"val\",\n"}
,{"stream_name":"stdout","time":839.955046427,"data":"        \"cam_target_class_protocol\": \"predicted\",\n"}
,{"stream_name":"stdout","time":839.955051655,"data":"        \"pred_mask_root\": \"/kaggle/working/btxrd_binary_cam_sam_gate_c/predicted/pseudo_masks/masks\",\n"}
,{"stream_name":"stdout","time":839.955056552,"data":"        \"boundary_distance_unit\": \"pixels on the resized evaluation grid\",\n"}
,{"stream_name":"stdout","time":839.95506111,"data":"        \"missing\": 0,\n"}
,{"stream_name":"stdout","time":839.955065079,"data":"        \"tumor_images_skipped_by_image_gate\": 43,\n"}
,{"stream_name":"stdout","time":839.955068624,"data":"        \"images\": 371,\n"}
,{"stream_name":"stdout","time":839.955072005,"data":"        \"tumor_images\": 184,\n"}
,{"stream_name":"stdout","time":839.955075555,"data":"        \"normal_images\": 187,\n"}
,{"stream_name":"stdout","time":839.955079069,"data":"        \"main_population\": \"tumor images only\",\n"}
,{"stream_name":"stdout","time":839.95508263,"data":"        \"mean_tumor_dice\": 0.17043110026003044,\n"}
,{"stream_name":"stdout","time":839.955086156,"data":"        \"mean_tumor_iou\": 0.12420476319326078,\n"}
,{"stream_name":"stdout","time":839.955089645,"data":"        \"mean_tumor_precision\": 0.18634146990442577,\n"}
,{"stream_name":"stdout","time":839.955093189,"data":"        \"mean_tumor_recall\": 0.31270669939498413,\n"}
,{"stream_name":"stdout","time":839.955096747,"data":"        \"mean_tumor_hd95_px_conditional_defined\": 119.6797103157425,\n"}
,{"stream_name":"stdout","time":839.955100403,"data":"        \"mean_tumor_assd_px_conditional_defined\": 73.13187801721433,\n"}
,{"stream_name":"stdout","time":839.955104069,"data":"        \"boundary_metric_definition\": \"conditional mean over tumor images with both GT and prediction non-empty; distances are pixels on the resized evaluation grid (not mm); complete misses are excluded and counted separately\",\n"}
,{"stream_name":"stdout","time":839.955111638,"data":"        \"boundary_metric_eligible_tumor_images\": 140,\n"}
,{"stream_name":"stdout","time":839.95511524,"data":"        \"boundary_metric_excluded_tumor_images\": 44,\n"}
,{"stream_name":"stdout","time":839.955124105,"data":"        \"boundary_metric_complete_misses\": 44,\n"}
,{"stream_name":"stdout","time":839.955126747,"data":"        \"tumor_non_empty_prediction_rate\": 0.7608695652173914,\n"}
,{"stream_name":"stdout","time":839.955129786,"data":"        \"tumor_overlap_detection_rate\": 0.45652173913043476,\n"}
,{"stream_name":"stdout","time":839.955143242,"data":"        \"lesion_any_overlap_recall\": 0.40350877192982454,\n"}
,{"stream_name":"stdout","time":839.955147311,"data":"        \"lesion_any_overlap_precision\": 0.33210332103321033,\n"}
,{"stream_name":"stdout","time":839.955151454,"data":"        \"gt_lesions\": 228,\n"}
,{"stream_name":"stdout","time":839.955155532,"data":"        \"detected_lesions_any_overlap\": 92,\n"}
,{"stream_name":"stdout","time":839.955159623,"data":"        \"predicted_lesions\": 271,\n"}
,{"stream_name":"stdout","time":839.955163024,"data":"        \"multifocal_tumor_images\": 23,\n"}
,{"stream_name":"stdout","time":839.955166512,"data":"        \"multifocal_tumor_image_rate\": 0.125,\n"}
,{"stream_name":"stdout","time":839.95517001,"data":"        \"gt_component_count_histogram\": {\n"}
,{"stream_name":"stdout","time":839.955173484,"data":"          \"1\": 161,\n"}
,{"stream_name":"stdout","time":839.955176843,"data":"          \"2\": 12,\n"}
,{"stream_name":"stdout","time":839.955180299,"data":"          \"3\": 5,\n"}
,{"stream_name":"stdout","time":839.955183688,"data":"          \"4\": 4,\n"}
,{"stream_name":"stdout","time":839.955187017,"data":"          \"5\": 1,\n"}
,{"stream_name":"stdout","time":839.955190324,"data":"          \"7\": 1\n"}
,{"stream_name":"stdout","time":839.955193671,"data":"        },\n"}
,{"stream_name":"stdout","time":839.955196965,"data":"        \"normal_empty_prediction_rate\": 0.8181818181818182,\n"}
,{"stream_name":"stdout","time":839.955200417,"data":"        \"normal_false_positive_case_rate\": 0.18181818181818182,\n"}
,{"stream_name":"stdout","time":839.955221185,"data":"        \"pixel_specificity\": 0.9852359958031764,\n"}
,{"stream_name":"stdout","time":839.955245202,"data":"        \"pixel_precision\": 0.17945083804909914,\n"}
,{"stream_name":"stdout","time":839.955249409,"data":"        \"pixel_recall\": 0.315532618186354,\n"}
,{"stream_name":"stdout","time":839.95525314,"data":"        \"tp_pixels\": 121422,\n"}
,{"stream_name":"stdout","time":839.955256764,"data":"        \"fp_pixels\": 555209,\n"}
,{"stream_name":"stdout","time":839.955260328,"data":"        \"fn_pixels\": 263394,\n"}
,{"stream_name":"stdout","time":839.95526391,"data":"        \"tn_pixels\": 37050375,\n"}
,{"stream_name":"stdout","time":839.955267546,"data":"        \"lesion_one_to_one_iou10_recall\": 0.2719298245614035,\n"}
,{"stream_name":"stdout","time":839.95527137,"data":"        \"lesion_one_to_one_iou10_precision\": 0.22878228782287824,\n"}
,{"stream_name":"stdout","time":839.955275192,"data":"        \"lesion_one_to_one_iou10_f1\": 0.24849699398797595,\n"}
,{"stream_name":"stdout","time":839.95527905,"data":"        \"lesion_tp_one_to_one_iou10\": 62,\n"}
,{"stream_name":"stdout","time":839.955282756,"data":"        \"lesion_one_to_one_iou25_recall\": 0.22807017543859648,\n"}
,{"stream_name":"stdout","time":839.95528649,"data":"        \"lesion_one_to_one_iou25_precision\": 0.1918819188191882,\n"}
,{"stream_name":"stdout","time":839.955293211,"data":"        \"lesion_one_to_one_iou25_f1\": 0.20841683366733466,\n"}
,{"stream_name":"stdout","time":839.95531635,"data":"        \"lesion_tp_one_to_one_iou25\": 52,\n"}
,{"stream_name":"stdout","time":839.955320988,"data":"        \"lesion_one_to_one_iou50_recall\": 0.08771929824561403,\n"}
,{"stream_name":"stdout","time":839.955325617,"data":"        \"lesion_one_to_one_iou50_precision\": 0.07380073800738007,\n"}
,{"stream_name":"stdout","time":839.955329912,"data":"        \"lesion_one_to_one_iou50_f1\": 0.08016032064128256,\n"}
,{"stream_name":"stdout","time":839.955334754,"data":"        \"lesion_tp_one_to_one_iou50\": 20,\n"}
,{"stream_name":"stdout","time":839.955338771,"data":"        \"lesion_matching_definition\": \"maximum-cardinality one-to-one connected-component matching at IoU thresholds 0.10, 0.25, 0.50\",\n"}
,{"stream_name":"stdout","time":839.955343161,"data":"        \"end_to_end\": {\n"}
,{"stream_name":"stdout","time":839.955347958,"data":"          \"images\": 371,\n"}
,{"stream_name":"stdout","time":839.955351591,"data":"          \"tumor_images\": 184,\n"}
,{"stream_name":"stdout","time":839.955355326,"data":"          \"normal_images\": 187,\n"}
,{"stream_name":"stdout","time":839.955359027,"data":"          \"main_population\": \"tumor images only\",\n"}
,{"stream_name":"stdout","time":839.95536291,"data":"          \"mean_tumor_dice\": 0.17043110026003044,\n"}
,{"stream_name":"stdout","time":839.955366668,"data":"          \"mean_tumor_iou\": 0.12420476319326078,\n"}
,{"stream_name":"stdout","time":839.955370437,"data":"          \"mean_tumor_precision\": 0.18634146990442577,\n"}
,{"stream_name":"stdout","time":839.955374251,"data":"          \"mean_tumor_recall\": 0.31270669939498413,\n"}
,{"stream_name":"stdout","time":839.955378046,"data":"          \"mean_tumor_hd95_px_conditional_defined\": 119.6797103157425,\n"}
,{"stream_name":"stdout","time":839.955381868,"data":"          \"mean_tumor_assd_px_conditional_defined\": 73.13187801721433,\n"}
,{"stream_name":"stdout","time":839.955385726,"data":"          \"boundary_metric_definition\": \"conditional mean over tumor images with both GT and prediction non-empty; distances are pixels on the resized evaluation grid (not mm); complete misses are excluded and counted separately\",\n"}
,{"stream_name":"stdout","time":839.955392052,"data":"          \"boundary_metric_eligible_tumor_images\": 140,\n"}
,{"stream_name":"stdout","time":839.955398784,"data":"          \"boundary_metric_excluded_tumor_images\": 44,\n"}
,{"stream_name":"stdout","time":839.95540217,"data":"          \"boundary_metric_complete_misses\": 44,\n"}
,{"stream_name":"stdout","time":839.955416532,"data":"          \"tumor_non_empty_prediction_rate\": 0.7608695652173914,\n"}
,{"stream_name":"stdout","time":839.955420998,"data":"          \"tumor_overlap_detection_rate\": 0.45652173913043476,\n"}
,{"stream_name":"stdout","time":839.955426358,"data":"          \"lesion_any_overlap_recall\": 0.40350877192982454,\n"}
,{"stream_name":"stdout","time":839.955430998,"data":"          \"lesion_any_overlap_precision\": 0.33210332103321033,\n"}
,{"stream_name":"stdout","time":839.955434834,"data":"          \"gt_lesions\": 228,\n"}
,{"stream_name":"stdout","time":839.955438436,"data":"          \"detected_lesions_any_overlap\": 92,\n"}
,{"stream_name":"stdout","time":839.955442231,"data":"          \"predicted_lesions\": 271,\n"}
,{"stream_name":"stdout","time":839.955445966,"data":"          \"multifocal_tumor_images\": 23,\n"}
,{"stream_name":"stdout","time":839.955449685,"data":"          \"multifocal_tumor_image_rate\": 0.125,\n"}
,{"stream_name":"stdout","time":839.955453463,"data":"          \"gt_component_count_histogram\": {\n"}
,{"stream_name":"stdout","time":839.955461161,"data":"            \"1\": 161,\n"}
,{"stream_name":"stdout","time":839.95546486,"data":"            \"2\": 12,\n"}
,{"stream_name":"stdout","time":839.955468449,"data":"            \"3\": 5,\n"}
,{"stream_name":"stdout","time":839.955472007,"data":"            \"4\": 4,\n"}
,{"stream_name":"stdout","time":839.955475603,"data":"            \"5\": 1,\n"}
,{"stream_name":"stdout","time":839.955479186,"data":"            \"7\": 1\n"}
,{"stream_name":"stdout","time":839.955482801,"data":"          },\n"}
,{"stream_name":"stdout","time":839.955488198,"data":"          \"normal_empty_prediction_rate\": 0.8181818181818182,\n"}
,{"stream_name":"stdout","time":839.955494686,"data":"          \"normal_false_positive_case_rate\": 0.18181818181818182,\n"}
,{"stream_name":"stdout","time":839.955497948,"data":"          \"pixel_specificity\": 0.9852359958031764,\n"}
,{"stream_name":"stdout","time":839.955512187,"data":"          \"pixel_precision\": 0.17945083804909914,\n"}
,{"stream_name":"stdout","time":839.955516458,"data":"          \"pixel_recall\": 0.315532618186354,\n"}
,{"stream_name":"stdout","time":839.955520747,"data":"          \"tp_pixels\": 121422,\n"}
,{"stream_name":"stdout","time":839.955525083,"data":"          \"fp_pixels\": 555209,\n"}
,{"stream_name":"stdout","time":839.955529177,"data":"          \"fn_pixels\": 263394,\n"}
,{"stream_name":"stdout","time":839.955532838,"data":"          \"tn_pixels\": 37050375,\n"}
,{"stream_name":"stdout","time":839.955536541,"data":"          \"lesion_one_to_one_iou10_recall\": 0.2719298245614035,\n"}
,{"stream_name":"stdout","time":839.955540266,"data":"          \"lesion_one_to_one_iou10_precision\": 0.22878228782287824,\n"}
,{"stream_name":"stdout","time":839.955544024,"data":"          \"lesion_one_to_one_iou10_f1\": 0.24849699398797595,\n"}
,{"stream_name":"stdout","time":839.955547796,"data":"          \"lesion_tp_one_to_one_iou10\": 62,\n"}
,{"stream_name":"stdout","time":839.955551573,"data":"          \"lesion_one_to_one_iou25_recall\": 0.22807017543859648,\n"}
,{"stream_name":"stdout","time":839.955555366,"data":"          \"lesion_one_to_one_iou25_precision\": 0.1918819188191882,\n"}
,{"stream_name":"stdout","time":839.955559189,"data":"          \"lesion_one_to_one_iou25_f1\": 0.20841683366733466,\n"}
,{"stream_name":"stdout","time":839.955562964,"data":"          \"lesion_tp_one_to_one_iou25\": 52,\n"}
,{"stream_name":"stdout","time":839.955566736,"data":"          \"lesion_one_to_one_iou50_recall\": 0.08771929824561403,\n"}
,{"stream_name":"stdout","time":839.955570515,"data":"          \"lesion_one_to_one_iou50_precision\": 0.07380073800738007,\n"}
,{"stream_name":"stdout","time":839.955574225,"data":"          \"lesion_one_to_one_iou50_f1\": 0.08016032064128256,\n"}
,{"stream_name":"stdout","time":839.955577948,"data":"          \"lesion_tp_one_to_one_iou50\": 20,\n"}
,{"stream_name":"stdout","time":839.955586786,"data":"          \"lesion_matching_definition\": \"maximum-cardinality one-to-one connected-component matching at IoU thresholds 0.10, 0.25, 0.50\"\n"}
,{"stream_name":"stdout","time":839.955590252,"data":"        },\n"}
,{"stream_name":"stdout","time":839.955593327,"data":"        \"cam_sam_conditional_tumor_only\": {\n"}
,{"stream_name":"stdout","time":839.955607863,"data":"          \"images\": 141,\n"}
,{"stream_name":"stdout","time":839.95561213,"data":"          \"tumor_images\": 141,\n"}
,{"stream_name":"stdout","time":839.955616303,"data":"          \"normal_images\": 0,\n"}
,{"stream_name":"stdout","time":839.955620681,"data":"          \"main_population\": \"tumor images only\",\n"}
,{"stream_name":"stdout","time":839.955628622,"data":"          \"mean_tumor_dice\": 0.22240654218330214,\n"}
,{"stream_name":"stdout","time":839.955632388,"data":"          \"mean_tumor_iou\": 0.1620828115429786,\n"}
,{"stream_name":"stdout","time":839.955636504,"data":"          \"mean_tumor_precision\": 0.24316901037173294,\n"}
,{"stream_name":"stdout","time":839.955640217,"data":"          \"mean_tumor_recall\": 0.40807115382040493,\n"}
,{"stream_name":"stdout","time":839.955643966,"data":"          \"mean_tumor_hd95_px_conditional_defined\": 119.6797103157425,\n"}
,{"stream_name":"stdout","time":839.955647806,"data":"          \"mean_tumor_assd_px_conditional_defined\": 73.13187801721433,\n"}
,{"stream_name":"stdout","time":839.955651612,"data":"          \"boundary_metric_definition\": \"conditional mean over tumor images with both GT and prediction non-empty; distances are pixels on the resized evaluation grid (not mm); complete misses are excluded and counted separately\",\n"}
,{"stream_name":"stdout","time":839.955656014,"data":"          \"boundary_metric_eligible_tumor_images\": 140,\n"}
,{"stream_name":"stdout","time":839.9556597,"data":"          \"boundary_metric_excluded_tumor_images\": 1,\n"}
,{"stream_name":"stdout","time":839.955663415,"data":"          \"boundary_metric_complete_misses\": 1,\n"}
,{"stream_name":"stdout","time":839.955667092,"data":"          \"tumor_non_empty_prediction_rate\": 0.9929078014184397,\n"}
,{"stream_name":"stdout","time":839.955670801,"data":"          \"tumor_overlap_detection_rate\": 0.5957446808510638,\n"}
,{"stream_name":"stdout","time":839.955674738,"data":"          \"lesion_any_overlap_recall\": 0.5111111111111111,\n"}
,{"stream_name":"stdout","time":839.955684577,"data":"          \"lesion_any_overlap_precision\": 0.4090909090909091,\n"}
,{"stream_name":"stdout","time":839.95568824,"data":"          \"gt_lesions\": 180,\n"}
,{"stream_name":"stdout","time":839.955702344,"data":"          \"detected_lesions_any_overlap\": 92,\n"}
,{"stream_name":"stdout","time":839.955706892,"data":"          \"predicted_lesions\": 220,\n"}
,{"stream_name":"stdout","time":839.955711289,"data":"          \"multifocal_tumor_images\": 19,\n"}
,{"stream_name":"stdout","time":839.955715782,"data":"          \"multifocal_tumor_image_rate\": 0.1347517730496454,\n"}
,{"stream_name":"stdout","time":839.955719998,"data":"          \"gt_component_count_histogram\": {\n"}
,{"stream_name":"stdout","time":839.955723745,"data":"            \"1\": 122,\n"}
,{"stream_name":"stdout","time":839.955727386,"data":"            \"2\": 9,\n"}
,{"stream_name":"stdout","time":839.955730937,"data":"            \"4\": 4,\n"}
,{"stream_name":"stdout","time":839.955734541,"data":"            \"5\": 1,\n"}
,{"stream_name":"stdout","time":839.955738146,"data":"            \"3\": 4,\n"}
,{"stream_name":"stdout","time":839.955741796,"data":"            \"7\": 1\n"}
,{"stream_name":"stdout","time":839.955745402,"data":"          },\n"}
,{"stream_name":"stdout","time":839.955748942,"data":"          \"normal_empty_prediction_rate\": null,\n"}
,{"stream_name":"stdout","time":839.955752655,"data":"          \"normal_false_positive_case_rate\": null,\n"}
,{"stream_name":"stdout","time":839.955756381,"data":"          \"pixel_specificity\": 0.969791740555264,\n"}
,{"stream_name":"stdout","time":839.955760021,"data":"          \"pixel_precision\": 0.22185962886356825,\n"}
,{"stream_name":"stdout","time":839.95576376,"data":"          \"pixel_recall\": 0.3564944216089254,\n"}
,{"stream_name":"stdout","time":839.955767471,"data":"          \"tp_pixels\": 121422,\n"}
,{"stream_name":"stdout","time":839.955771216,"data":"          \"fp_pixels\": 425870,\n"}
,{"stream_name":"stdout","time":839.955805483,"data":"          \"fn_pixels\": 219178,\n"}
,{"stream_name":"stdout","time":839.955811181,"data":"          \"tn_pixels\": 13671930,\n"}
,{"stream_name":"stdout","time":839.955815334,"data":"          \"lesion_one_to_one_iou10_recall\": 0.34444444444444444,\n"}
,{"stream_name":"stdout","time":839.955819121,"data":"          \"lesion_one_to_one_iou10_precision\": 0.2818181818181818,\n"}
,{"stream_name":"stdout","time":839.955822873,"data":"          \"lesion_one_to_one_iou10_f1\": 0.31,\n"}
,{"stream_name":"stdout","time":839.955826587,"data":"          \"lesion_tp_one_to_one_iou10\": 62,\n"}
,{"stream_name":"stdout","time":839.95583026,"data":"          \"lesion_one_to_one_iou25_recall\": 0.28888888888888886,\n"}
,{"stream_name":"stdout","time":839.955834034,"data":"          \"lesion_one_to_one_iou25_precision\": 0.23636363636363636,\n"}
,{"stream_name":"stdout","time":839.955837832,"data":"          \"lesion_one_to_one_iou25_f1\": 0.26,\n"}
,{"stream_name":"stdout","time":839.955841642,"data":"          \"lesion_tp_one_to_one_iou25\": 52,\n"}
,{"stream_name":"stdout","time":839.955852831,"data":"          \"lesion_one_to_one_iou50_recall\": 0.1111111111111111,\n"}
,{"stream_name":"stdout","time":839.955856662,"data":"          \"lesion_one_to_one_iou50_precision\": 0.09090909090909091,\n"}
,{"stream_name":"stdout","time":839.955860371,"data":"          \"lesion_one_to_one_iou50_f1\": 0.1,\n"}
,{"stream_name":"stdout","time":839.955864133,"data":"          \"lesion_tp_one_to_one_iou50\": 20,\n"}
,{"stream_name":"stdout","time":839.955869669,"data":"          \"lesion_matching_definition\": \"maximum-cardinality one-to-one connected-component matching at IoU thresholds 0.10, 0.25, 0.50\"\n"}
,{"stream_name":"stdout","time":839.95587649,"data":"        }\n"}
,{"stream_name":"stdout","time":839.955879633,"data":"      },\n"}
,{"stream_name":"stdout","time":839.955894811,"data":"      \"prompt_quality\": {\n"}
,{"stream_name":"stdout","time":839.955899203,"data":"        \"all_rows\": 176,\n"}
,{"stream_name":"stdout","time":839.955903502,"data":"        \"tumor_rows\": 141,\n"}
,{"stream_name":"stdout","time":839.955907757,"data":"        \"tumor_only_means\": {\n"}
,{"stream_name":"stdout","time":839.955912137,"data":"          \"foreground_iou\": 0.07911293914956247,\n"}
,{"stream_name":"stdout","time":839.955916276,"data":"          \"foreground_recall\": 0.6655888305851911,\n"}
,{"stream_name":"stdout","time":839.95592015,"data":"          \"foreground_precision\": 0.08826641316253199,\n"}
,{"stream_name":"stdout","time":839.95592515,"data":"          \"point_hit_rate\": 0.3104928972841206,\n"}
,{"stream_name":"stdout","time":839.955928883,"data":"          \"negative_rejection_rate\": 0.963642645372186,\n"}
,{"stream_name":"stdout","time":839.955932638,"data":"          \"box_recall\": 0.725037349171772,\n"}
,{"stream_name":"stdout","time":839.955936247,"data":"          \"box_precision\": 0.06719784449259822,\n"}
,{"stream_name":"stdout","time":839.955939924,"data":"          \"oracle_best_single_dice\": 0.420888651496122,\n"}
,{"stream_name":"stdout","time":839.955943646,"data":"          \"oracle_best_single_dice_clipped\": 0.40457948109625347,\n"}
,{"stream_name":"stdout","time":839.95594754,"data":"          \"selected_dice\": 0.22089001289692936,\n"}
,{"stream_name":"stdout","time":839.955951206,"data":"          \"oracle_gap_dice\": 0.1999986385991926,\n"}
,{"stream_name":"stdout","time":839.955954924,"data":"          \"support_loss_dice\": 0.016309170399868494,\n"}
,{"stream_name":"stdout","time":839.955958633,"data":"          \"selection_loss_dice\": 0.1836894681993241,\n"}
,{"stream_name":"stdout","time":839.955966291,"data":"          \"final_dice\": 0.22240654274393,\n"}
,{"stream_name":"stdout","time":839.955975317,"data":"          \"final_iou\": 0.1620828122206309,\n"}
,{"stream_name":"stdout","time":839.955978277,"data":"          \"postprocess_delta_dice\": 0.0015165298470006501\n"}
,{"stream_name":"stdout","time":839.955992998,"data":"        }\n"}
,{"stream_name":"stdout","time":839.95599697,"data":"      },\n"}
,{"stream_name":"stdout","time":839.956001131,"data":"      \"run_metadata_sha256\": \"f1dd7d5499a96fdb2513c46ee58772f7ecbcdcf1a65a989d570800bd9042c36c\",\n"}
,{"stream_name":"stdout","time":839.956006117,"data":"      \"pseudo_mask_manifest_sha256\": \"8370e613c509efb6b1fd5d82a29c3145fb5356c58d7c642a9a01e34092d8f758\",\n"}
,{"stream_name":"stdout","time":839.956010909,"data":"      \"evaluation_per_image_sha256\": \"34ab421cf2f6876324912987931e6b8f8d10b469f1d548f6fc4c5ac1e315e799\"\n"}
,{"stream_name":"stdout","time":839.956014938,"data":"    }\n"}
,{"stream_name":"stdout","time":839.956018411,"data":"  }\n"}
,{"stream_name":"stdout","time":839.956021975,"data":"}\n"}
,{"stream_name":"stderr","time":843.147985737,"data":"/usr/local/lib/python3.12/dist-packages/mistune.py:435: SyntaxWarning: invalid escape sequence '\\|'\n"}
,{"stream_name":"stderr","time":843.148020969,"data":"  cells[i][c] = re.sub('\\\\\\\\\\|', '|', cell)\n"}
,{"stream_name":"stderr","time":843.465067566,"data":"/usr/local/lib/python3.12/dist-packages/nbconvert/filters/filter_links.py:36: SyntaxWarning: invalid escape sequence '\\_'\n"}
,{"stream_name":"stderr","time":843.465110934,"data":"  text = re.sub(r'_', '\\_', text) # Escape underscores in display text\n"}
,{"stream_name":"stderr","time":844.168965879,"data":"[NbConvertApp] Converting notebook __script__.ipynb to html\n"}
,{"stream_name":"stderr","time":845.657591502,"data":"[NbConvertApp] Writing 355000 bytes to __results__.html\n"}
]