[{"stream_name":"stdout","time":22.856825319,"data":"{\n"}
,{"stream_name":"stdout","time":22.856891465,"data":"  \"python\": \"3.12.13 (main, Mar  4 2026, 09:23:07) [GCC 11.4.0]\",\n"}
,{"stream_name":"stdout","time":22.85689773,"data":"  \"platform\": \"Linux-6.12.90+-x86_64-with-glibc2.35\",\n"}
,{"stream_name":"stdout","time":22.856901489,"data":"  \"torch\": \"2.10.0+cu128\",\n"}
,{"stream_name":"stdout","time":22.856905015,"data":"  \"torchvision\": \"0.25.0+cu128\",\n"}
,{"stream_name":"stdout","time":22.856913454,"data":"  \"pillow\": \"11.3.0\",\n"}
,{"stream_name":"stdout","time":22.8569166,"data":"  \"torch_cuda\": \"12.8\",\n"}
,{"stream_name":"stdout","time":22.856918918,"data":"  \"cudnn\": 91002,\n"}
,{"stream_name":"stdout","time":22.856921302,"data":"  \"gpu\": \"Tesla T4\",\n"}
,{"stream_name":"stdout","time":22.856923553,"data":"  \"gpu_count\": 2,\n"}
,{"stream_name":"stdout","time":22.856925771,"data":"  \"cudnn_deterministic_before_training_process\": false,\n"}
,{"stream_name":"stdout","time":22.856928064,"data":"  \"cudnn_benchmark_before_training_process\": false,\n"}
,{"stream_name":"stdout","time":22.856930386,"data":"  \"training_source_sets_cudnn_deterministic\": true,\n"}
,{"stream_name":"stdout","time":22.856932641,"data":"  \"training_source_sets_cudnn_benchmark_false\": true,\n"}
,{"stream_name":"stdout","time":22.856934868,"data":"  \"torch_deterministic_algorithms_explicitly_enabled\": false,\n"}
,{"stream_name":"stdout","time":22.856937143,"data":"  \"num_workers\": 4,\n"}
,{"stream_name":"stdout","time":22.85693941,"data":"  \"multi_gpu_training\": false,\n"}
,{"stream_name":"stdout","time":22.85694173,"data":"  \"data_root\": \"/kaggle/input/datasets/itsthang333/btxrd-raw/BTXRD\",\n"}
,{"stream_name":"stdout","time":22.85694403,"data":"  \"split_manifest\": \"/kaggle/input/datasets/itsthang333/btxrd-small-lesion-research-v1/split_manifest.csv\",\n"}
,{"stream_name":"stdout","time":22.85694643,"data":"  \"split_sha256\": \"85511ee1bd1339c7b6b4f527acc504869da935997fd6b2485042edd619193c8c\",\n"}
,{"stream_name":"stdout","time":22.856949595,"data":"  \"reproduction_mode\": \"independent epoch-1 training with frozen seed-42 contract\",\n"}
,{"stream_name":"stdout","time":22.856964799,"data":"  \"source_canonical_lf_sha256\": {\n"}
,{"stream_name":"stdout","time":22.856968679,"data":"    \"train_segmentation.py\": \"5c940cf86ff95d395b320d9f973b625d3d15b5296820606a654a404259891fd4\",\n"}
,{"stream_name":"stdout","time":22.85697266,"data":"    \"models/unet.py\": \"aa867b3c95aeed4e906dd03203283bee7d5dd717e1144ba626bd41150c88bf64\",\n"}
,{"stream_name":"stdout","time":22.856976956,"data":"    \"models/losses.py\": \"330b1d4eb536c078ea73f4ea68b1ba34ea3392704c104dd99b5f7950a8d51e7c\",\n"}
,{"stream_name":"stdout","time":22.856980916,"data":"    \"datasets/btxrd.py\": \"e0b78250577804092549bce848476c55f1ed432530238c6a1b070642af720ae9\",\n"}
,{"stream_name":"stdout","time":22.856984283,"data":"    \"evaluate_unet.py\": \"61cf37093f5e4d335d47d33c2d2e7e6c14cd712badc761afc27aeed30f0860eb\",\n"}
,{"stream_name":"stdout","time":22.856988263,"data":"    \"evaluation/segmentation_metrics.py\": \"070ebb9f1092dac5fe87ff7c1acc7470d5834ce4e1dae0373b8ef60783cf314a\"\n"}
,{"stream_name":"stdout","time":22.856992791,"data":"  }\n"}
,{"stream_name":"stdout","time":22.856996168,"data":"}\n"}
,{"stream_name":"stdout","time":22.857049682,"data":"$ /usr/bin/python3 -u /kaggle/input/datasets/itsthang333/btxrd-small-lesion-research-v1/project/train_segmentation.py --pipeline-profile btxrd_best --data-root /kaggle/input/datasets/itsthang333/btxrd-raw/BTXRD --train-split train --val-split val --split-manifest /kaggle/input/datasets/itsthang333/btxrd-small-lesion-research-v1/split_manifest.csv --image-size 448 --model-architecture resnet18_unet --batch-size 8 --lr 0.0001 --weight-decay 0.0001 --epochs 35 --seed 42 --num-workers 4 --output-dir /kaggle/working/btxrd_gt_reference_independent_reproduction_v3/fs_resnet18_pw10_full_448_seed42 --early-stop-patience 10 --checkpoint-dice-tolerance 0.0001 --pos-weight-mode manual --pos-weight-value 10 --pos-weight-clamp-min 1 --pos-weight-clamp-max 20 --pos-weight-fixed-reference 10\n"}
,{"stream_name":"stdout","time":63.715213505,"data":"Loaded btxrd: 2981 train images from train, 371 validation images from val.\n"}
,{"stream_name":"stdout","time":64.352164682,"data":"/kaggle/input/datasets/itsthang333/btxrd-small-lesion-research-v1/project/train_segmentation.py:557: FutureWarning: `torch.cuda.amp.GradScaler(args...)` is deprecated. Please use `torch.amp.GradScaler('cuda', args...)` instead.\n"}
,{"stream_name":"stdout","time":64.352192336,"data":"  scaler = torch.cuda.amp.GradScaler(enabled=device.type == \"cuda\")\n"}
,{"stream_name":"stdout","time":64.352211499,"data":"Scanning deterministic, non-augmented train masks for foreground ratio and empty-mask rate...\n"}
,{"stream_name":"stdout","time":68.605273356,"data":"  pos_weight scan: batch 0/94\n"}
,{"stream_name":"stdout","time":72.344925265,"data":"  pos_weight scan: batch 10/94\n"}
,{"stream_name":"stdout","time":79.758829093,"data":"  pos_weight scan: batch 20/94\n"}
,{"stream_name":"stdout","time":86.248091458,"data":"  pos_weight scan: batch 30/94\n"}
,{"stream_name":"stdout","time":93.538117865,"data":"  pos_weight scan: batch 40/94\n"}
,{"stream_name":"stdout","time":97.794293438,"data":"  pos_weight scan: batch 50/94\n"}
,{"stream_name":"stdout","time":106.497486853,"data":"  pos_weight scan: batch 60/94\n"}
,{"stream_name":"stdout","time":111.970103325,"data":"  pos_weight scan: batch 70/94\n"}
,{"stream_name":"stdout","time":120.71831573,"data":"  pos_weight scan: batch 80/94\n"}
,{"stream_name":"stdout","time":124.886013611,"data":"  pos_weight scan: batch 90/94\n"}
,{"stream_name":"stdout","time":126.126169954,"data":"{\n"}
,{"stream_name":"stdout","time":126.126245404,"data":"  \"images\": 2981,\n"}
,{"stream_name":"stdout","time":126.126252752,"data":"  \"total_pixels\": 598298624,\n"}
,{"stream_name":"stdout","time":126.126257482,"data":"  \"foreground_pixels\": 7247249,\n"}
,{"stream_name":"stdout","time":126.126262101,"data":"  \"background_pixels\": 591051375,\n"}
,{"stream_name":"stdout","time":126.126266462,"data":"  \"foreground_ratio\": 0.012113096552934743,\n"}
,{"stream_name":"stdout","time":126.126271017,"data":"  \"empty_mask_count\": 1493,\n"}
,{"stream_name":"stdout","time":126.126275366,"data":"  \"empty_mask_rate\": 0.5008386447500839,\n"}
,{"stream_name":"stdout","time":126.126280521,"data":"  \"raw_pos_weight\": 81.55527359415966,\n"}
,{"stream_name":"stdout","time":126.126285481,"data":"  \"requested_mode\": \"manual\",\n"}
,{"stream_name":"stdout","time":126.126290506,"data":"  \"resolved_mode\": \"manual\",\n"}
,{"stream_name":"stdout","time":126.12629554,"data":"  \"candidate_weights\": {\n"}
,{"stream_name":"stdout","time":126.126300367,"data":"    \"raw\": 81.55527359415966,\n"}
,{"stream_name":"stdout","time":126.126305491,"data":"    \"clamped\": 20.0,\n"}
,{"stream_name":"stdout","time":126.12632976,"data":"    \"fixed_reference\": 10.0,\n"}
,{"stream_name":"stdout","time":126.126334671,"data":"    \"none\": null\n"}
,{"stream_name":"stdout","time":126.126343441,"data":"  },\n"}
,{"stream_name":"stdout","time":126.126347786,"data":"  \"selected_pos_weight\": 10.0,\n"}
,{"stream_name":"stdout","time":126.12635216,"data":"  \"effective_pos_weight\": 10.0,\n"}
,{"stream_name":"stdout","time":126.12637106,"data":"  \"clamp_min\": 1.0,\n"}
,{"stream_name":"stdout","time":126.126374179,"data":"  \"clamp_max\": 20.0,\n"}
,{"stream_name":"stdout","time":126.126376547,"data":"  \"ablation_note\": \"Compare separate otherwise-identical runs using auto-raw, auto-clamped, and manual --pos-weight-value equal to fixed_reference.\"\n"}
,{"stream_name":"stdout","time":126.126379113,"data":"}\n"}
,{"stream_name":"stdout","time":127.181199811,"data":"/kaggle/input/datasets/itsthang333/btxrd-small-lesion-research-v1/project/train_segmentation.py:257: FutureWarning: `torch.cuda.amp.autocast(args...)` is deprecated. Please use `torch.amp.autocast('cuda', args...)` instead.\n"}
,{"stream_name":"stdout","time":127.181370484,"data":"  with torch.cuda.amp.autocast(enabled=device.type == \"cuda\"):\n"}
,{"stream_name":"stdout","time":210.065822095,"data":"Epoch 001 | train_loss=0.7203 train_dice=0.2085 val_loss=0.6747 val_dice=0.3043 val_positive_dice=0.2114 val_normal_empty_case_specificity=0.3957\n"}
,{"stream_name":"stdout","time":210.94678055,"data":"--\u003e Saved new best model: positive-target Dice=0.2114, normal empty-case specificity=0.3957\n"}
,{"stream_name":"stdout","time":211.754947433,"data":"/kaggle/input/datasets/itsthang333/btxrd-small-lesion-research-v1/project/train_segmentation.py:257: FutureWarning: `torch.cuda.amp.autocast(args...)` is deprecated. Please use `torch.amp.autocast('cuda', args...)` instead.\n"}
,{"stream_name":"stdout","time":211.754987067,"data":"  with torch.cuda.amp.autocast(enabled=device.type == \"cuda\"):\n"}
,{"stream_name":"stdout","time":294.725487893,"data":"Epoch 002 | train_loss=0.6377 train_dice=0.3148 val_loss=0.6199 val_dice=0.2992 val_positive_dice=0.2662 val_normal_empty_case_specificity=0.3316\n"}
,{"stream_name":"stdout","time":295.79249465,"data":"--\u003e Saved new best model: positive-target Dice=0.2662, normal empty-case specificity=0.3316\n"}
,{"stream_name":"stdout","time":296.384971277,"data":"/kaggle/input/datasets/itsthang333/btxrd-small-lesion-research-v1/project/train_segmentation.py:257: FutureWarning: `torch.cuda.amp.autocast(args...)` is deprecated. Please use `torch.amp.autocast('cuda', args...)` instead.\n"}
,{"stream_name":"stdout","time":296.385060257,"data":"  with torch.cuda.amp.autocast(enabled=device.type == \"cuda\"):\n"}
,{"stream_name":"stdout","time":379.919143555,"data":"Epoch 003 | train_loss=0.5866 train_dice=0.4065 val_loss=0.5870 val_dice=0.4263 val_positive_dice=0.2998 val_normal_empty_case_specificity=0.5508\n"}
,{"stream_name":"stdout","time":380.817638843,"data":"--\u003e Saved new best model: positive-target Dice=0.2998, normal empty-case specificity=0.5508\n"}
,{"stream_name":"stdout","time":381.52099966,"data":"/kaggle/input/datasets/itsthang333/btxrd-small-lesion-research-v1/project/train_segmentation.py:257: FutureWarning: `torch.cuda.amp.autocast(args...)` is deprecated. Please use `torch.amp.autocast('cuda', args...)` instead.\n"}
,{"stream_name":"stdout","time":381.52106636,"data":"  with torch.cuda.amp.autocast(enabled=device.type == \"cuda\"):\n"}
,{"stream_name":"stdout","time":464.999450774,"data":"Epoch 004 | train_loss=0.5468 train_dice=0.4431 val_loss=0.5544 val_dice=0.5164 val_positive_dice=0.3075 val_normal_empty_case_specificity=0.7219\n"}
,{"stream_name":"stdout","time":465.975502357,"data":"--\u003e Saved new best model: positive-target Dice=0.3075, normal empty-case specificity=0.7219\n"}
,{"stream_name":"stdout","time":466.706931536,"data":"/kaggle/input/datasets/itsthang333/btxrd-small-lesion-research-v1/project/train_segmentation.py:257: FutureWarning: `torch.cuda.amp.autocast(args...)` is deprecated. Please use `torch.amp.autocast('cuda', args...)` instead.\n"}
,{"stream_name":"stdout","time":466.707207264,"data":"  with torch.cuda.amp.autocast(enabled=device.type == \"cuda\"):\n"}
,{"stream_name":"stdout","time":549.577505573,"data":"Epoch 005 | train_loss=0.5176 train_dice=0.4646 val_loss=0.5380 val_dice=0.5253 val_positive_dice=0.3363 val_normal_empty_case_specificity=0.7112\n"}
,{"stream_name":"stdout","time":550.554795103,"data":"--\u003e Saved new best model: positive-target Dice=0.3363, normal empty-case specificity=0.7112\n"}
,{"stream_name":"stdout","time":551.362039126,"data":"/kaggle/input/datasets/itsthang333/btxrd-small-lesion-research-v1/project/train_segmentation.py:257: FutureWarning: `torch.cuda.amp.autocast(args...)` is deprecated. Please use `torch.amp.autocast('cuda', args...)` instead.\n"}
,{"stream_name":"stdout","time":551.362315338,"data":"  with torch.cuda.amp.autocast(enabled=device.type == \"cuda\"):\n"}
,{"stream_name":"stdout","time":634.444266207,"data":"Epoch 006 | train_loss=0.4929 train_dice=0.4893 val_loss=0.5034 val_dice=0.4941 val_positive_dice=0.3441 val_normal_empty_case_specificity=0.6417\n"}
,{"stream_name":"stdout","time":635.354395637,"data":"--\u003e Saved new best model: positive-target Dice=0.3441, normal empty-case specificity=0.6417\n"}
,{"stream_name":"stdout","time":635.823966525,"data":"/kaggle/input/datasets/itsthang333/btxrd-small-lesion-research-v1/project/train_segmentation.py:257: FutureWarning: `torch.cuda.amp.autocast(args...)` is deprecated. Please use `torch.amp.autocast('cuda', args...)` instead.\n"}
,{"stream_name":"stdout","time":635.824001721,"data":"  with torch.cuda.amp.autocast(enabled=device.type == \"cuda\"):\n"}
,{"stream_name":"stdout","time":719.169630567,"data":"Epoch 007 | train_loss=0.4707 train_dice=0.5224 val_loss=0.5076 val_dice=0.5406 val_positive_dice=0.3563 val_normal_empty_case_specificity=0.7219\n"}
,{"stream_name":"stdout","time":720.124767364,"data":"--\u003e Saved new best model: positive-target Dice=0.3563, normal empty-case specificity=0.7219\n"}
,{"stream_name":"stdout","time":720.95382308,"data":"/kaggle/input/datasets/itsthang333/btxrd-small-lesion-research-v1/project/train_segmentation.py:257: FutureWarning: `torch.cuda.amp.autocast(args...)` is deprecated. Please use `torch.amp.autocast('cuda', args...)` instead.\n"}
,{"stream_name":"stdout","time":720.953854578,"data":"  with torch.cuda.amp.autocast(enabled=device.type == \"cuda\"):\n"}
,{"stream_name":"stdout","time":804.022958048,"data":"Epoch 008 | train_loss=0.4504 train_dice=0.5150 val_loss=0.4941 val_dice=0.4258 val_positive_dice=0.3965 val_normal_empty_case_specificity=0.4545\n"}
,{"stream_name":"stdout","time":804.988251286,"data":"--\u003e Saved new best model: positive-target Dice=0.3965, normal empty-case specificity=0.4545\n"}
,{"stream_name":"stdout","time":805.717928644,"data":"/kaggle/input/datasets/itsthang333/btxrd-small-lesion-research-v1/project/train_segmentation.py:257: FutureWarning: `torch.cuda.amp.autocast(args...)` is deprecated. Please use `torch.amp.autocast('cuda', args...)` instead.\n"}
,{"stream_name":"stdout","time":805.718262172,"data":"  with torch.cuda.amp.autocast(enabled=device.type == \"cuda\"):\n"}
,{"stream_name":"stdout","time":888.699873194,"data":"Epoch 009 | train_loss=0.4329 train_dice=0.5392 val_loss=0.4877 val_dice=0.4486 val_positive_dice=0.4045 val_normal_empty_case_specificity=0.4920\n"}
,{"stream_name":"stdout","time":889.742551581,"data":"--\u003e Saved new best model: positive-target Dice=0.4045, normal empty-case specificity=0.4920\n"}
,{"stream_name":"stdout","time":890.57864098,"data":"/kaggle/input/datasets/itsthang333/btxrd-small-lesion-research-v1/project/train_segmentation.py:257: FutureWarning: `torch.cuda.amp.autocast(args...)` is deprecated. Please use `torch.amp.autocast('cuda', args...)` instead.\n"}
,{"stream_name":"stdout","time":890.578823546,"data":"  with torch.cuda.amp.autocast(enabled=device.type == \"cuda\"):\n"}
,{"stream_name":"stdout","time":973.661463404,"data":"Epoch 010 | train_loss=0.4179 train_dice=0.5407 val_loss=0.5046 val_dice=0.5118 val_positive_dice=0.3961 val_normal_empty_case_specificity=0.6257\n"}
,{"stream_name":"stdout","time":974.749940621,"data":"/kaggle/input/datasets/itsthang333/btxrd-small-lesion-research-v1/project/train_segmentation.py:257: FutureWarning: `torch.cuda.amp.autocast(args...)` is deprecated. Please use `torch.amp.autocast('cuda', args...)` instead.\n"}
,{"stream_name":"stdout","time":974.750086654,"data":"  with torch.cuda.amp.autocast(enabled=device.type == \"cuda\"):\n"}
,{"stream_name":"stdout","time":1057.944821304,"data":"Epoch 011 | train_loss=0.4055 train_dice=0.5595 val_loss=0.4695 val_dice=0.4404 val_positive_dice=0.4207 val_normal_empty_case_specificity=0.4599\n"}
,{"stream_name":"stdout","time":1058.890892677,"data":"--\u003e Saved new best model: positive-target Dice=0.4207, normal empty-case specificity=0.4599\n"}
,{"stream_name":"stdout","time":1059.690971816,"data":"/kaggle/input/datasets/itsthang333/btxrd-small-lesion-research-v1/project/train_segmentation.py:257: FutureWarning: `torch.cuda.amp.autocast(args...)` is deprecated. Please use `torch.amp.autocast('cuda', args...)` instead.\n"}
,{"stream_name":"stdout","time":1059.691003062,"data":"  with torch.cuda.amp.autocast(enabled=device.type == \"cuda\"):\n"}
,{"stream_name":"stdout","time":1142.787173574,"data":"Epoch 012 | train_loss=0.3899 train_dice=0.5658 val_loss=0.4867 val_dice=0.4291 val_positive_dice=0.4576 val_normal_empty_case_specificity=0.4011\n"}
,{"stream_name":"stdout","time":1143.688873195,"data":"--\u003e Saved new best model: positive-target Dice=0.4576, normal empty-case specificity=0.4011\n"}
,{"stream_name":"stdout","time":1144.222059598,"data":"/kaggle/input/datasets/itsthang333/btxrd-small-lesion-research-v1/project/train_segmentation.py:257: FutureWarning: `torch.cuda.amp.autocast(args...)` is deprecated. Please use `torch.amp.autocast('cuda', args...)` instead.\n"}
,{"stream_name":"stdout","time":1144.222306113,"data":"  with torch.cuda.amp.autocast(enabled=device.type == \"cuda\"):\n"}
,{"stream_name":"stdout","time":1227.513574164,"data":"Epoch 013 | train_loss=0.3752 train_dice=0.5934 val_loss=0.4895 val_dice=0.4952 val_positive_dice=0.4170 val_normal_empty_case_specificity=0.5722\n"}
,{"stream_name":"stdout","time":1228.776956676,"data":"/kaggle/input/datasets/itsthang333/btxrd-small-lesion-research-v1/project/train_segmentation.py:257: FutureWarning: `torch.cuda.amp.autocast(args...)` is deprecated. Please use `torch.amp.autocast('cuda', args...)` instead.\n"}
,{"stream_name":"stdout","time":1228.777002734,"data":"  with torch.cuda.amp.autocast(enabled=device.type == \"cuda\"):\n"}
,{"stream_name":"stdout","time":1311.914259204,"data":"Epoch 014 | train_loss=0.3722 train_dice=0.5890 val_loss=0.4724 val_dice=0.4383 val_positive_dice=0.4544 val_normal_empty_case_specificity=0.4225\n"}
,{"stream_name":"stdout","time":1312.963874793,"data":"/kaggle/input/datasets/itsthang333/btxrd-small-lesion-research-v1/project/train_segmentation.py:257: FutureWarning: `torch.cuda.amp.autocast(args...)` is deprecated. Please use `torch.amp.autocast('cuda', args...)` instead.\n"}
,{"stream_name":"stdout","time":1312.964021755,"data":"  with torch.cuda.amp.autocast(enabled=device.type == \"cuda\"):\n"}
,{"stream_name":"stdout","time":1396.054059191,"data":"Epoch 015 | train_loss=0.3621 train_dice=0.6164 val_loss=0.4877 val_dice=0.5198 val_positive_dice=0.4611 val_normal_empty_case_specificity=0.5775\n"}
,{"stream_name":"stdout","time":1396.979009974,"data":"--\u003e Saved new best model: positive-target Dice=0.4611, normal empty-case specificity=0.5775\n"}
,{"stream_name":"stdout","time":1397.785322975,"data":"/kaggle/input/datasets/itsthang333/btxrd-small-lesion-research-v1/project/train_segmentation.py:257: FutureWarning: `torch.cuda.amp.autocast(args...)` is deprecated. Please use `torch.amp.autocast('cuda', args...)` instead.\n"}
,{"stream_name":"stdout","time":1397.785607965,"data":"  with torch.cuda.amp.autocast(enabled=device.type == \"cuda\"):\n"}
,{"stream_name":"stdout","time":1480.616039771,"data":"Epoch 016 | train_loss=0.3555 train_dice=0.6126 val_loss=0.4927 val_dice=0.5282 val_positive_dice=0.4618 val_normal_empty_case_specificity=0.5936\n"}
,{"stream_name":"stdout","time":1481.686973645,"data":"--\u003e Saved new best model: positive-target Dice=0.4618, normal empty-case specificity=0.5936\n"}
,{"stream_name":"stdout","time":1482.41199377,"data":"/kaggle/input/datasets/itsthang333/btxrd-small-lesion-research-v1/project/train_segmentation.py:257: FutureWarning: `torch.cuda.amp.autocast(args...)` is deprecated. Please use `torch.amp.autocast('cuda', args...)` instead.\n"}
,{"stream_name":"stdout","time":1482.412031444,"data":"  with torch.cuda.amp.autocast(enabled=device.type == \"cuda\"):\n"}
,{"stream_name":"stdout","time":1565.160995576,"data":"Epoch 017 | train_loss=0.3506 train_dice=0.6408 val_loss=0.4614 val_dice=0.4907 val_positive_dice=0.4731 val_normal_empty_case_specificity=0.5080\n"}
,{"stream_name":"stdout","time":1566.121636428,"data":"--\u003e Saved new best model: positive-target Dice=0.4731, normal empty-case specificity=0.5080\n"}
,{"stream_name":"stdout","time":1566.713958883,"data":"/kaggle/input/datasets/itsthang333/btxrd-small-lesion-research-v1/project/train_segmentation.py:257: FutureWarning: `torch.cuda.amp.autocast(args...)` is deprecated. Please use `torch.amp.autocast('cuda', args...)` instead.\n"}
,{"stream_name":"stdout","time":1566.713988605,"data":"  with torch.cuda.amp.autocast(enabled=device.type == \"cuda\"):\n"}
,{"stream_name":"stdout","time":1649.525896662,"data":"Epoch 018 | train_loss=0.3460 train_dice=0.6780 val_loss=0.4773 val_dice=0.5611 val_positive_dice=0.4628 val_normal_empty_case_specificity=0.6578\n"}
,{"stream_name":"stdout","time":1650.824961258,"data":"/kaggle/input/datasets/itsthang333/btxrd-small-lesion-research-v1/project/train_segmentation.py:257: FutureWarning: `torch.cuda.amp.autocast(args...)` is deprecated. Please use `torch.amp.autocast('cuda', args...)` instead.\n"}
,{"stream_name":"stdout","time":1650.82500711,"data":"  with torch.cuda.amp.autocast(enabled=device.type == \"cuda\"):\n"}
,{"stream_name":"stdout","time":1733.451102725,"data":"Epoch 019 | train_loss=0.3391 train_dice=0.6698 val_loss=0.5053 val_dice=0.4607 val_positive_dice=0.4724 val_normal_empty_case_specificity=0.4492\n"}
,{"stream_name":"stdout","time":1734.622259195,"data":"/kaggle/input/datasets/itsthang333/btxrd-small-lesion-research-v1/project/train_segmentation.py:257: FutureWarning: `torch.cuda.amp.autocast(args...)` is deprecated. Please use `torch.amp.autocast('cuda', args...)` instead.\n"}
,{"stream_name":"stdout","time":1734.622300652,"data":"  with torch.cuda.amp.autocast(enabled=device.type == \"cuda\"):\n"}
,{"stream_name":"stdout","time":1818.099726003,"data":"Epoch 020 | train_loss=0.3374 train_dice=0.6425 val_loss=0.5115 val_dice=0.6232 val_positive_dice=0.4575 val_normal_empty_case_specificity=0.7861\n"}
,{"stream_name":"stdout","time":1819.164404425,"data":"/kaggle/input/datasets/itsthang333/btxrd-small-lesion-research-v1/project/train_segmentation.py:257: FutureWarning: `torch.cuda.amp.autocast(args...)` is deprecated. Please use `torch.amp.autocast('cuda', args...)` instead.\n"}
,{"stream_name":"stdout","time":1819.166022169,"data":"  with torch.cuda.amp.autocast(enabled=device.type == \"cuda\"):\n"}
,{"stream_name":"stdout","time":1902.601019421,"data":"Epoch 021 | train_loss=0.3301 train_dice=0.6872 val_loss=0.4917 val_dice=0.5656 val_positive_dice=0.4503 val_normal_empty_case_specificity=0.6791\n"}
,{"stream_name":"stdout","time":1903.634094963,"data":"/kaggle/input/datasets/itsthang333/btxrd-small-lesion-research-v1/project/train_segmentation.py:257: FutureWarning: `torch.cuda.amp.autocast(args...)` is deprecated. Please use `torch.amp.autocast('cuda', args...)` instead.\n"}
,{"stream_name":"stdout","time":1903.634164612,"data":"  with torch.cuda.amp.autocast(enabled=device.type == \"cuda\"):\n"}
,{"stream_name":"stdout","time":1986.665643937,"data":"Epoch 022 | train_loss=0.3334 train_dice=0.6579 val_loss=0.5185 val_dice=0.5317 val_positive_dice=0.4416 val_normal_empty_case_specificity=0.6203\n"}
,{"stream_name":"stdout","time":1987.707964066,"data":"/kaggle/input/datasets/itsthang333/btxrd-small-lesion-research-v1/project/train_segmentation.py:257: FutureWarning: `torch.cuda.amp.autocast(args...)` is deprecated. Please use `torch.amp.autocast('cuda', args...)` instead.\n"}
,{"stream_name":"stdout","time":1987.708833898,"data":"  with torch.cuda.amp.autocast(enabled=device.type == \"cuda\"):\n"}
,{"stream_name":"stdout","time":2070.621798242,"data":"Epoch 023 | train_loss=0.3291 train_dice=0.7011 val_loss=0.5113 val_dice=0.5678 val_positive_dice=0.4710 val_normal_empty_case_specificity=0.6631\n"}
,{"stream_name":"stdout","time":2071.925671687,"data":"/kaggle/input/datasets/itsthang333/btxrd-small-lesion-research-v1/project/train_segmentation.py:257: FutureWarning: `torch.cuda.amp.autocast(args...)` is deprecated. Please use `torch.amp.autocast('cuda', args...)` instead.\n"}
,{"stream_name":"stdout","time":2071.925704456,"data":"  with torch.cuda.amp.autocast(enabled=device.type == \"cuda\"):\n"}
,{"stream_name":"stdout","time":2154.774352218,"data":"Epoch 024 | train_loss=0.3201 train_dice=0.7742 val_loss=0.5060 val_dice=0.6506 val_positive_dice=0.4749 val_normal_empty_case_specificity=0.8235\n"}
,{"stream_name":"stdout","time":2155.827247498,"data":"--\u003e Saved new best model: positive-target Dice=0.4749, normal empty-case specificity=0.8235\n"}
,{"stream_name":"stdout","time":2156.341973652,"data":"/kaggle/input/datasets/itsthang333/btxrd-small-lesion-research-v1/project/train_segmentation.py:257: FutureWarning: `torch.cuda.amp.autocast(args...)` is deprecated. Please use `torch.amp.autocast('cuda', args...)` instead.\n"}
,{"stream_name":"stdout","time":2156.342004379,"data":"  with torch.cuda.amp.autocast(enabled=device.type == \"cuda\"):\n"}
,{"stream_name":"stdout","time":2239.783986811,"data":"Epoch 025 | train_loss=0.3235 train_dice=0.7197 val_loss=0.4969 val_dice=0.5315 val_positive_dice=0.4793 val_normal_empty_case_specificity=0.5829\n"}
,{"stream_name":"stdout","time":2240.839859021,"data":"--\u003e Saved new best model: positive-target Dice=0.4793, normal empty-case specificity=0.5829\n"}
,{"stream_name":"stdout","time":2241.453475726,"data":"/kaggle/input/datasets/itsthang333/btxrd-small-lesion-research-v1/project/train_segmentation.py:257: FutureWarning: `torch.cuda.amp.autocast(args...)` is deprecated. Please use `torch.amp.autocast('cuda', args...)` instead.\n"}
,{"stream_name":"stdout","time":2241.453638884,"data":"  with torch.cuda.amp.autocast(enabled=device.type == \"cuda\"):\n"}
,{"stream_name":"stdout","time":2324.281321183,"data":"Epoch 026 | train_loss=0.3228 train_dice=0.7284 val_loss=0.4782 val_dice=0.5590 val_positive_dice=0.4532 val_normal_empty_case_specificity=0.6631\n"}
,{"stream_name":"stdout","time":2325.481242074,"data":"/kaggle/input/datasets/itsthang333/btxrd-small-lesion-research-v1/project/train_segmentation.py:257: FutureWarning: `torch.cuda.amp.autocast(args...)` is deprecated. Please use `torch.amp.autocast('cuda', args...)` instead.\n"}
,{"stream_name":"stdout","time":2325.481287309,"data":"  with torch.cuda.amp.autocast(enabled=device.type == \"cuda\"):\n"}
,{"stream_name":"stdout","time":2408.133454759,"data":"Epoch 027 | train_loss=0.3215 train_dice=0.7193 val_loss=0.4753 val_dice=0.5062 val_positive_dice=0.4772 val_normal_empty_case_specificity=0.5348\n"}
,{"stream_name":"stdout","time":2409.342860552,"data":"/kaggle/input/datasets/itsthang333/btxrd-small-lesion-research-v1/project/train_segmentation.py:257: FutureWarning: `torch.cuda.amp.autocast(args...)` is deprecated. Please use `torch.amp.autocast('cuda', args...)` instead.\n"}
,{"stream_name":"stdout","time":2409.342979587,"data":"  with torch.cuda.amp.autocast(enabled=device.type == \"cuda\"):\n"}
,{"stream_name":"stdout","time":2492.420990063,"data":"Epoch 028 | train_loss=0.3174 train_dice=0.7359 val_loss=0.4978 val_dice=0.6153 val_positive_dice=0.4743 val_normal_empty_case_specificity=0.7540\n"}
,{"stream_name":"stdout","time":2493.439963259,"data":"/kaggle/input/datasets/itsthang333/btxrd-small-lesion-research-v1/project/train_segmentation.py:257: FutureWarning: `torch.cuda.amp.autocast(args...)` is deprecated. Please use `torch.amp.autocast('cuda', args...)` instead.\n"}
,{"stream_name":"stdout","time":2493.440141338,"data":"  with torch.cuda.amp.autocast(enabled=device.type == \"cuda\"):\n"}
,{"stream_name":"stdout","time":2576.022932983,"data":"Epoch 029 | train_loss=0.3221 train_dice=0.7256 val_loss=0.5354 val_dice=0.6067 val_positive_dice=0.4625 val_normal_empty_case_specificity=0.7487\n"}
,{"stream_name":"stdout","time":2577.166949001,"data":"/kaggle/input/datasets/itsthang333/btxrd-small-lesion-research-v1/project/train_segmentation.py:257: FutureWarning: `torch.cuda.amp.autocast(args...)` is deprecated. Please use `torch.amp.autocast('cuda', args...)` instead.\n"}
,{"stream_name":"stdout","time":2577.167116561,"data":"  with torch.cuda.amp.autocast(enabled=device.type == \"cuda\"):\n"}
,{"stream_name":"stdout","time":2659.677484309,"data":"Epoch 030 | train_loss=0.3228 train_dice=0.7191 val_loss=0.4840 val_dice=0.4952 val_positive_dice=0.4713 val_normal_empty_case_specificity=0.5187\n"}
,{"stream_name":"stdout","time":2660.764691792,"data":"/kaggle/input/datasets/itsthang333/btxrd-small-lesion-research-v1/project/train_segmentation.py:257: FutureWarning: `torch.cuda.amp.autocast(args...)` is deprecated. Please use `torch.amp.autocast('cuda', args...)` instead.\n"}
,{"stream_name":"stdout","time":2660.767919828,"data":"  with torch.cuda.amp.autocast(enabled=device.type == \"cuda\"):\n"}
,{"stream_name":"stdout","time":2743.451625537,"data":"Epoch 031 | train_loss=0.3155 train_dice=0.7823 val_loss=0.5440 val_dice=0.6366 val_positive_dice=0.4357 val_normal_empty_case_specificity=0.8342\n"}
,{"stream_name":"stdout","time":2744.702584243,"data":"/kaggle/input/datasets/itsthang333/btxrd-small-lesion-research-v1/project/train_segmentation.py:257: FutureWarning: `torch.cuda.amp.autocast(args...)` is deprecated. Please use `torch.amp.autocast('cuda', args...)` instead.\n"}
,{"stream_name":"stdout","time":2744.705014809,"data":"  with torch.cuda.amp.autocast(enabled=device.type == \"cuda\"):\n"}
,{"stream_name":"stdout","time":2827.206657508,"data":"Epoch 032 | train_loss=0.3211 train_dice=0.7359 val_loss=0.5180 val_dice=0.5921 val_positive_dice=0.4493 val_normal_empty_case_specificity=0.7326\n"}
,{"stream_name":"stdout","time":2828.297888051,"data":"/kaggle/input/datasets/itsthang333/btxrd-small-lesion-research-v1/project/train_segmentation.py:257: FutureWarning: `torch.cuda.amp.autocast(args...)` is deprecated. Please use `torch.amp.autocast('cuda', args...)` instead.\n"}
,{"stream_name":"stdout","time":2828.29893816,"data":"  with torch.cuda.amp.autocast(enabled=device.type == \"cuda\"):\n"}
,{"stream_name":"stdout","time":2911.15590214,"data":"Epoch 033 | train_loss=0.3133 train_dice=0.7522 val_loss=0.4831 val_dice=0.6553 val_positive_dice=0.4952 val_normal_empty_case_specificity=0.8128\n"}
,{"stream_name":"stdout","time":2912.199948298,"data":"--\u003e Saved new best model: positive-target Dice=0.4952, normal empty-case specificity=0.8128\n"}
,{"stream_name":"stdout","time":2912.947809163,"data":"/kaggle/input/datasets/itsthang333/btxrd-small-lesion-research-v1/project/train_segmentation.py:257: FutureWarning: `torch.cuda.amp.autocast(args...)` is deprecated. Please use `torch.amp.autocast('cuda', args...)` instead.\n"}
,{"stream_name":"stdout","time":2912.947961837,"data":"  with torch.cuda.amp.autocast(enabled=device.type == \"cuda\"):\n"}
,{"stream_name":"stdout","time":2995.639711279,"data":"Epoch 034 | train_loss=0.3086 train_dice=0.7719 val_loss=0.4957 val_dice=0.6665 val_positive_dice=0.4851 val_normal_empty_case_specificity=0.8449\n"}
,{"stream_name":"stdout","time":2996.756428658,"data":"/kaggle/input/datasets/itsthang333/btxrd-small-lesion-research-v1/project/train_segmentation.py:257: FutureWarning: `torch.cuda.amp.autocast(args...)` is deprecated. Please use `torch.amp.autocast('cuda', args...)` instead.\n"}
,{"stream_name":"stdout","time":2996.756462925,"data":"  with torch.cuda.amp.autocast(enabled=device.type == \"cuda\"):\n"}
,{"stream_name":"stdout","time":3079.609921561,"data":"Epoch 035 | train_loss=0.3092 train_dice=0.7935 val_loss=0.5116 val_dice=0.6121 val_positive_dice=0.4843 val_normal_empty_case_specificity=0.7380\n"}
,{"stream_name":"stdout","time":3082.920424594,"data":"$ /usr/bin/python3 -u /kaggle/input/datasets/itsthang333/btxrd-small-lesion-research-v1/project/evaluate_unet.py --data-root /kaggle/input/datasets/itsthang333/btxrd-raw/BTXRD --split val --split-manifest /kaggle/input/datasets/itsthang333/btxrd-small-lesion-research-v1/split_manifest.csv --checkpoint /kaggle/working/btxrd_gt_reference_independent_reproduction_v3/fs_resnet18_pw10_full_448_seed42/best_unet.pt --image-size 448 --batch-size 8 --num-workers 4 --threshold 0.5 --threshold-grid 0.2 0.25 0.3 0.35 0.4 0.45 0.5 0.55 0.6 0.65 0.7 0.75 0.8 0.85 --output-csv /kaggle/working/btxrd_gt_reference_independent_reproduction_v3/evaluation/fixed_per_image.csv --output-json /kaggle/working/btxrd_gt_reference_independent_reproduction_v3/evaluation/fixed_summary.json --bootstrap-iterations 5000 --bootstrap-seed 42\n"}
,{"stream_name":"stdout","time":3168.579452664,"data":"{\n"}
,{"stream_name":"stdout","time":3168.579493665,"data":"  \"dataset\": \"btxrd\",\n"}
,{"stream_name":"stdout","time":3168.579501701,"data":"  \"split\": \"val\",\n"}
,{"stream_name":"stdout","time":3168.579507592,"data":"  \"checkpoint\": \"/kaggle/working/btxrd_gt_reference_independent_reproduction_v3/fs_resnet18_pw10_full_448_seed42/best_unet.pt\",\n"}
,{"stream_name":"stdout","time":3168.579513649,"data":"  \"checkpoint_sha256\": \"65bb34613f53134ce3b0b9469278e5e5ec1da87d4bbed01e0b2807b21a99ad95\",\n"}
,{"stream_name":"stdout","time":3168.579519503,"data":"  \"image_size\": 448,\n"}
,{"stream_name":"stdout","time":3168.579524432,"data":"  \"threshold\": 0.5,\n"}
,{"stream_name":"stdout","time":3168.579529357,"data":"  \"boundary_distance_unit\": \"pixels on the resized evaluation grid\",\n"}
,{"stream_name":"stdout","time":3168.579534884,"data":"  \"images\": 371,\n"}
,{"stream_name":"stdout","time":3168.579540309,"data":"  \"tumor_images\": 184,\n"}
,{"stream_name":"stdout","time":3168.579545195,"data":"  \"normal_images\": 187,\n"}
,{"stream_name":"stdout","time":3168.579550133,"data":"  \"main_population\": \"tumor images only\",\n"}
,{"stream_name":"stdout","time":3168.579555619,"data":"  \"mean_tumor_dice\": 0.4950968890414,\n"}
,{"stream_name":"stdout","time":3168.579560987,"data":"  \"mean_tumor_iou\": 0.4059815986833273,\n"}
,{"stream_name":"stdout","time":3168.579566079,"data":"  \"mean_tumor_precision\": 0.5474966264888068,\n"}
,{"stream_name":"stdout","time":3168.579576082,"data":"  \"mean_tumor_recall\": 0.5257025735781566,\n"}
,{"stream_name":"stdout","time":3168.57958239,"data":"  \"mean_tumor_hd95_px_conditional_defined\": 53.087582360075736,\n"}
,{"stream_name":"stdout","time":3168.579599107,"data":"  \"mean_tumor_assd_px_conditional_defined\": 22.60119786316678,\n"}
,{"stream_name":"stdout","time":3168.57960364,"data":"  \"boundary_metric_definition\": \"conditional mean over tumor images with both GT and prediction non-empty; distances are pixels on the resized evaluation grid (not mm); complete misses are excluded and counted separately\",\n"}
,{"stream_name":"stdout","time":3168.579609534,"data":"  \"boundary_metric_eligible_tumor_images\": 145,\n"}
,{"stream_name":"stdout","time":3168.579612886,"data":"  \"boundary_metric_excluded_tumor_images\": 39,\n"}
,{"stream_name":"stdout","time":3168.579616948,"data":"  \"boundary_metric_complete_misses\": 39,\n"}
,{"stream_name":"stdout","time":3168.579620922,"data":"  \"tumor_non_empty_prediction_rate\": 0.7880434782608695,\n"}
,{"stream_name":"stdout","time":3168.57962507,"data":"  \"tumor_overlap_detection_rate\": 0.7228260869565217,\n"}
,{"stream_name":"stdout","time":3168.579629371,"data":"  \"lesion_any_overlap_recall\": 0.7180616740088106,\n"}
,{"stream_name":"stdout","time":3168.57963354,"data":"  \"lesion_any_overlap_precision\": 0.6666666666666666,\n"}
,{"stream_name":"stdout","time":3168.579637509,"data":"  \"gt_lesions\": 227,\n"}
,{"stream_name":"stdout","time":3168.579641456,"data":"  \"detected_lesions_any_overlap\": 163,\n"}
,{"stream_name":"stdout","time":3168.579645373,"data":"  \"predicted_lesions\": 261,\n"}
,{"stream_name":"stdout","time":3168.579649415,"data":"  \"multifocal_tumor_images\": 22,\n"}
,{"stream_name":"stdout","time":3168.579652847,"data":"  \"multifocal_tumor_image_rate\": 0.11956521739130435,\n"}
,{"stream_name":"stdout","time":3168.5796564,"data":"  \"gt_component_count_histogram\": {\n"}
,{"stream_name":"stdout","time":3168.579923144,"data":"    \"1\": 162,\n"}
,{"stream_name":"stdout","time":3168.579940935,"data":"    \"2\": 11,\n"}
,{"stream_name":"stdout","time":3168.579945474,"data":"    \"3\": 5,\n"}
,{"stream_name":"stdout","time":3168.579949345,"data":"    \"4\": 4,\n"}
,{"stream_name":"stdout","time":3168.579953416,"data":"    \"5\": 1,\n"}
,{"stream_name":"stdout","time":3168.579956733,"data":"    \"7\": 1\n"}
,{"stream_name":"stdout","time":3168.579960035,"data":"  },\n"}
,{"stream_name":"stdout","time":3168.579963193,"data":"  \"normal_empty_prediction_rate\": 0.8074866310160428,\n"}
,{"stream_name":"stdout","time":3168.579966736,"data":"  \"normal_false_positive_case_rate\": 0.1925133689839572,\n"}
,{"stream_name":"stdout","time":3168.579970153,"data":"  \"pixel_specificity\": 0.9980413431187758,\n"}
,{"stream_name":"stdout","time":3168.579973553,"data":"  \"pixel_precision\": 0.7767008912413343,\n"}
,{"stream_name":"stdout","time":3168.579976924,"data":"  \"pixel_recall\": 0.6654906944906455,\n"}
,{"stream_name":"stdout","time":3168.579980383,"data":"  \"tp_pixels\": 502148,\n"}
,{"stream_name":"stdout","time":3168.579983762,"data":"  \"fp_pixels\": 144366,\n"}
,{"stream_name":"stdout","time":3168.579987066,"data":"  \"fn_pixels\": 252405,\n"}
,{"stream_name":"stdout","time":3168.579990314,"data":"  \"tn_pixels\": 73562265,\n"}
,{"stream_name":"stdout","time":3168.579993681,"data":"  \"lesion_one_to_one_iou10_recall\": 0.6916299559471366,\n"}
,{"stream_name":"stdout","time":3168.57999716,"data":"  \"lesion_one_to_one_iou10_precision\": 0.6015325670498084,\n"}
,{"stream_name":"stdout","time":3168.580005715,"data":"  \"lesion_one_to_one_iou10_f1\": 0.6434426229508197,\n"}
,{"stream_name":"stdout","time":3168.580008865,"data":"  \"lesion_tp_one_to_one_iou10\": 157,\n"}
,{"stream_name":"stdout","time":3168.580012413,"data":"  \"lesion_one_to_one_iou25_recall\": 0.6255506607929515,\n"}
,{"stream_name":"stdout","time":3168.580022716,"data":"  \"lesion_one_to_one_iou25_precision\": 0.5440613026819924,\n"}
,{"stream_name":"stdout","time":3168.580025112,"data":"  \"lesion_one_to_one_iou25_f1\": 0.5819672131147541,\n"}
,{"stream_name":"stdout","time":3168.580027385,"data":"  \"lesion_tp_one_to_one_iou25\": 142,\n"}
,{"stream_name":"stdout","time":3168.580029603,"data":"  \"lesion_one_to_one_iou50_recall\": 0.45374449339207046,\n"}
,{"stream_name":"stdout","time":3168.580032133,"data":"  \"lesion_one_to_one_iou50_precision\": 0.3946360153256705,\n"}
,{"stream_name":"stdout","time":3168.580034609,"data":"  \"lesion_one_to_one_iou50_f1\": 0.42213114754098363,\n"}
,{"stream_name":"stdout","time":3168.580036843,"data":"  \"lesion_tp_one_to_one_iou50\": 103,\n"}
,{"stream_name":"stdout","time":3168.58003913,"data":"  \"lesion_matching_definition\": \"maximum-cardinality one-to-one connected-component matching at IoU thresholds 0.10, 0.25, 0.50\"\n"}
,{"stream_name":"stdout","time":3168.580041605,"data":"}\n"}
,{"stream_name":"stdout","time":3168.580043838,"data":"Saved per-image metrics to /kaggle/working/btxrd_gt_reference_independent_reproduction_v3/evaluation/fixed_per_image.csv\n"}
,{"stream_name":"stdout","time":3168.580046235,"data":"Saved summary to /kaggle/working/btxrd_gt_reference_independent_reproduction_v3/evaluation/fixed_summary.json\n"}
,{"stream_name":"stdout","time":3168.580055447,"data":"Saved validation threshold sweep and selection to /kaggle/working/btxrd_gt_reference_independent_reproduction_v3/evaluation/fixed_per_image_threshold_selection.json\n"}
,{"stream_name":"stdout","time":3168.580057995,"data":"Saved subgroup/bootstrap/confusion/run-manifest artifacts next to /kaggle/working/btxrd_gt_reference_independent_reproduction_v3/evaluation/fixed_per_image.csv\n"}
,{"stream_name":"stdout","time":3169.567127029,"data":"$ /usr/bin/python3 -u /kaggle/input/datasets/itsthang333/btxrd-small-lesion-research-v1/project/evaluate_unet.py --data-root /kaggle/input/datasets/itsthang333/btxrd-raw/BTXRD --split val --split-manifest /kaggle/input/datasets/itsthang333/btxrd-small-lesion-research-v1/split_manifest.csv --checkpoint /kaggle/working/btxrd_gt_reference_independent_reproduction_v3/fs_resnet18_pw10_full_448_seed42/best_unet.pt --image-size 448 --batch-size 8 --num-workers 4 --threshold 0.2 --output-csv /kaggle/working/btxrd_gt_reference_independent_reproduction_v3/evaluation/selected_per_image.csv --output-json /kaggle/working/btxrd_gt_reference_independent_reproduction_v3/evaluation/selected_summary.json --bootstrap-iterations 5000 --bootstrap-seed 42\n"}
,{"stream_name":"stdout","time":3207.333867814,"data":"{\n"}
,{"stream_name":"stdout","time":3207.334305602,"data":"  \"dataset\": \"btxrd\",\n"}
,{"stream_name":"stdout","time":3207.334316696,"data":"  \"split\": \"val\",\n"}
,{"stream_name":"stdout","time":3207.334320168,"data":"  \"checkpoint\": \"/kaggle/working/btxrd_gt_reference_independent_reproduction_v3/fs_resnet18_pw10_full_448_seed42/best_unet.pt\",\n"}
,{"stream_name":"stdout","time":3207.334323709,"data":"  \"checkpoint_sha256\": \"65bb34613f53134ce3b0b9469278e5e5ec1da87d4bbed01e0b2807b21a99ad95\",\n"}
,{"stream_name":"stdout","time":3207.334327072,"data":"  \"image_size\": 448,\n"}
,{"stream_name":"stdout","time":3207.334330102,"data":"  \"threshold\": 0.2,\n"}
,{"stream_name":"stdout","time":3207.334333011,"data":"  \"boundary_distance_unit\": \"pixels on the resized evaluation grid\",\n"}
,{"stream_name":"stdout","time":3207.334336108,"data":"  \"images\": 371,\n"}
,{"stream_name":"stdout","time":3207.334338918,"data":"  \"tumor_images\": 184,\n"}
,{"stream_name":"stdout","time":3207.334341761,"data":"  \"normal_images\": 187,\n"}
,{"stream_name":"stdout","time":3207.334372,"data":"  \"main_population\": \"tumor images only\",\n"}
,{"stream_name":"stdout","time":3207.33437677,"data":"  \"mean_tumor_dice\": 0.4994012363463918,\n"}
,{"stream_name":"stdout","time":3207.334381012,"data":"  \"mean_tumor_iou\": 0.40871406947267586,\n"}
,{"stream_name":"stdout","time":3207.334384834,"data":"  \"mean_tumor_precision\": 0.5301154450825251,\n"}
,{"stream_name":"stdout","time":3207.334388678,"data":"  \"mean_tumor_recall\": 0.5489521307366813,\n"}
,{"stream_name":"stdout","time":3207.334392143,"data":"  \"mean_tumor_hd95_px_conditional_defined\": 53.385684361643555,\n"}
,{"stream_name":"stdout","time":3207.334395611,"data":"  \"mean_tumor_assd_px_conditional_defined\": 22.049225501707994,\n"}
,{"stream_name":"stdout","time":3207.334399252,"data":"  \"boundary_metric_definition\": \"conditional mean over tumor images with both GT and prediction non-empty; distances are pixels on the resized evaluation grid (not mm); complete misses are excluded and counted separately\",\n"}
,{"stream_name":"stdout","time":3207.334411937,"data":"  \"boundary_metric_eligible_tumor_images\": 145,\n"}
,{"stream_name":"stdout","time":3207.334414387,"data":"  \"boundary_metric_excluded_tumor_images\": 39,\n"}
,{"stream_name":"stdout","time":3207.334416777,"data":"  \"boundary_metric_complete_misses\": 39,\n"}
,{"stream_name":"stdout","time":3207.334419044,"data":"  \"tumor_non_empty_prediction_rate\": 0.7880434782608695,\n"}
,{"stream_name":"stdout","time":3207.33442148,"data":"  \"tumor_overlap_detection_rate\": 0.7336956521739131,\n"}
,{"stream_name":"stdout","time":3207.334423898,"data":"  \"lesion_any_overlap_recall\": 0.7268722466960352,\n"}
,{"stream_name":"stdout","time":3207.334426208,"data":"  \"lesion_any_overlap_precision\": 0.6319702602230484,\n"}
,{"stream_name":"stdout","time":3207.334428427,"data":"  \"gt_lesions\": 227,\n"}
,{"stream_name":"stdout","time":3207.334430667,"data":"  \"detected_lesions_any_overlap\": 165,\n"}
,{"stream_name":"stdout","time":3207.334432874,"data":"  \"predicted_lesions\": 269,\n"}
,{"stream_name":"stdout","time":3207.334435267,"data":"  \"multifocal_tumor_images\": 22,\n"}
,{"stream_name":"stdout","time":3207.334437555,"data":"  \"multifocal_tumor_image_rate\": 0.11956521739130435,\n"}
,{"stream_name":"stdout","time":3207.334439786,"data":"  \"gt_component_count_histogram\": {\n"}
,{"stream_name":"stdout","time":3207.334442101,"data":"    \"1\": 162,\n"}
,{"stream_name":"stdout","time":3207.334444845,"data":"    \"2\": 11,\n"}
,{"stream_name":"stdout","time":3207.334447062,"data":"    \"3\": 5,\n"}
,{"stream_name":"stdout","time":3207.334449823,"data":"    \"4\": 4,\n"}
,{"stream_name":"stdout","time":3207.33446609,"data":"    \"5\": 1,\n"}
,{"stream_name":"stdout","time":3207.334470009,"data":"    \"7\": 1\n"}
,{"stream_name":"stdout","time":3207.334473871,"data":"  },\n"}
,{"stream_name":"stdout","time":3207.334477532,"data":"  \"normal_empty_prediction_rate\": 0.7700534759358288,\n"}
,{"stream_name":"stdout","time":3207.334481732,"data":"  \"normal_false_positive_case_rate\": 0.22994652406417113,\n"}
,{"stream_name":"stdout","time":3207.334485432,"data":"  \"pixel_specificity\": 0.9975379420068732,\n"}
,{"stream_name":"stdout","time":3207.334488953,"data":"  \"pixel_precision\": 0.7441287942878414,\n"}
,{"stream_name":"stdout","time":3207.334492542,"data":"  \"pixel_recall\": 0.6994260177880149,\n"}
,{"stream_name":"stdout","time":3207.334495924,"data":"  \"tp_pixels\": 527754,\n"}
,{"stream_name":"stdout","time":3207.334499353,"data":"  \"fp_pixels\": 181470,\n"}
,{"stream_name":"stdout","time":3207.334502676,"data":"  \"fn_pixels\": 226799,\n"}
,{"stream_name":"stdout","time":3207.334515825,"data":"  \"tn_pixels\": 73525161,\n"}
,{"stream_name":"stdout","time":3207.334518505,"data":"  \"lesion_one_to_one_iou10_recall\": 0.6916299559471366,\n"}
,{"stream_name":"stdout","time":3207.334521582,"data":"  \"lesion_one_to_one_iou10_precision\": 0.5836431226765799,\n"}
,{"stream_name":"stdout","time":3207.334523904,"data":"  \"lesion_one_to_one_iou10_f1\": 0.6330645161290323,\n"}
,{"stream_name":"stdout","time":3207.334526162,"data":"  \"lesion_tp_one_to_one_iou10\": 157,\n"}
,{"stream_name":"stdout","time":3207.334528343,"data":"  \"lesion_one_to_one_iou25_recall\": 0.6167400881057269,\n"}
,{"stream_name":"stdout","time":3207.334530582,"data":"  \"lesion_one_to_one_iou25_precision\": 0.5204460966542751,\n"}
,{"stream_name":"stdout","time":3207.334532817,"data":"  \"lesion_one_to_one_iou25_f1\": 0.5645161290322581,\n"}
,{"stream_name":"stdout","time":3207.334535011,"data":"  \"lesion_tp_one_to_one_iou25\": 140,\n"}
,{"stream_name":"stdout","time":3207.334537188,"data":"  \"lesion_one_to_one_iou50_recall\": 0.46255506607929514,\n"}
,{"stream_name":"stdout","time":3207.334539536,"data":"  \"lesion_one_to_one_iou50_precision\": 0.3903345724907063,\n"}
,{"stream_name":"stdout","time":3207.334541753,"data":"  \"lesion_one_to_one_iou50_f1\": 0.42338709677419356,\n"}
,{"stream_name":"stdout","time":3207.334544113,"data":"  \"lesion_tp_one_to_one_iou50\": 105,\n"}
,{"stream_name":"stdout","time":3207.334546429,"data":"  \"lesion_matching_definition\": \"maximum-cardinality one-to-one connected-component matching at IoU thresholds 0.10, 0.25, 0.50\"\n"}
,{"stream_name":"stdout","time":3207.334549695,"data":"}\n"}
,{"stream_name":"stdout","time":3207.334563512,"data":"Saved per-image metrics to /kaggle/working/btxrd_gt_reference_independent_reproduction_v3/evaluation/selected_per_image.csv\n"}
,{"stream_name":"stdout","time":3207.334567992,"data":"Saved summary to /kaggle/working/btxrd_gt_reference_independent_reproduction_v3/evaluation/selected_summary.json\n"}
,{"stream_name":"stdout","time":3207.334572683,"data":"Saved subgroup/bootstrap/confusion/run-manifest artifacts next to /kaggle/working/btxrd_gt_reference_independent_reproduction_v3/evaluation/selected_per_image.csv\n"}
,{"stream_name":"stdout","time":3210.303891748,"data":"{\n"}
,{"stream_name":"stdout","time":3210.303922096,"data":"  \"protocol\": \"independent epoch-1 GT training; clean validation only; test untouched; mean per-image Dice over all 184 tumor validation images\",\n"}
,{"stream_name":"stdout","time":3210.303927253,"data":"  \"started_at_utc\": \"2026-07-25T21:21:33.120322+00:00\",\n"}
,{"stream_name":"stdout","time":3210.303931303,"data":"  \"finished_at_utc\": \"2026-07-25T22:14:39.418776+00:00\",\n"}
,{"stream_name":"stdout","time":3210.303936846,"data":"  \"elapsed_seconds\": 3186.298474442,\n"}
,{"stream_name":"stdout","time":3210.30394337,"data":"  \"environment\": {\n"}
,{"stream_name":"stdout","time":3210.303945744,"data":"    \"python\": \"3.12.13 (main, Mar  4 2026, 09:23:07) [GCC 11.4.0]\",\n"}
,{"stream_name":"stdout","time":3210.303948345,"data":"    \"platform\": \"Linux-6.12.90+-x86_64-with-glibc2.35\",\n"}
,{"stream_name":"stdout","time":3210.303950821,"data":"    \"torch\": \"2.10.0+cu128\",\n"}
,{"stream_name":"stdout","time":3210.303953216,"data":"    \"torchvision\": \"0.25.0+cu128\",\n"}
,{"stream_name":"stdout","time":3210.30395566,"data":"    \"pillow\": \"11.3.0\",\n"}
,{"stream_name":"stdout","time":3210.303957963,"data":"    \"torch_cuda\": \"12.8\",\n"}
,{"stream_name":"stdout","time":3210.303960323,"data":"    \"cudnn\": 91002,\n"}
,{"stream_name":"stdout","time":3210.303962551,"data":"    \"gpu\": \"Tesla T4\",\n"}
,{"stream_name":"stdout","time":3210.303974225,"data":"    \"gpu_count\": 2,\n"}
,{"stream_name":"stdout","time":3210.303976681,"data":"    \"cudnn_deterministic_before_training_process\": false,\n"}
,{"stream_name":"stdout","time":3210.303979096,"data":"    \"cudnn_benchmark_before_training_process\": false,\n"}
,{"stream_name":"stdout","time":3210.303981352,"data":"    \"training_source_sets_cudnn_deterministic\": true,\n"}
,{"stream_name":"stdout","time":3210.30398363,"data":"    \"training_source_sets_cudnn_benchmark_false\": true,\n"}
,{"stream_name":"stdout","time":3210.303985896,"data":"    \"torch_deterministic_algorithms_explicitly_enabled\": false,\n"}
,{"stream_name":"stdout","time":3210.30398832,"data":"    \"num_workers\": 4,\n"}
,{"stream_name":"stdout","time":3210.303990535,"data":"    \"multi_gpu_training\": false,\n"}
,{"stream_name":"stdout","time":3210.303992791,"data":"    \"data_root\": \"/kaggle/input/datasets/itsthang333/btxrd-raw/BTXRD\",\n"}
,{"stream_name":"stdout","time":3210.303995211,"data":"    \"split_manifest\": \"/kaggle/input/datasets/itsthang333/btxrd-small-lesion-research-v1/split_manifest.csv\",\n"}
,{"stream_name":"stdout","time":3210.303997616,"data":"    \"split_sha256\": \"85511ee1bd1339c7b6b4f527acc504869da935997fd6b2485042edd619193c8c\",\n"}
,{"stream_name":"stdout","time":3210.303999953,"data":"    \"reproduction_mode\": \"independent epoch-1 training with frozen seed-42 contract\",\n"}
,{"stream_name":"stdout","time":3210.304002377,"data":"    \"source_canonical_lf_sha256\": {\n"}
,{"stream_name":"stdout","time":3210.304004689,"data":"      \"train_segmentation.py\": \"5c940cf86ff95d395b320d9f973b625d3d15b5296820606a654a404259891fd4\",\n"}
,{"stream_name":"stdout","time":3210.304014363,"data":"      \"models/unet.py\": \"aa867b3c95aeed4e906dd03203283bee7d5dd717e1144ba626bd41150c88bf64\",\n"}
,{"stream_name":"stdout","time":3210.304016851,"data":"      \"models/losses.py\": \"330b1d4eb536c078ea73f4ea68b1ba34ea3392704c104dd99b5f7950a8d51e7c\",\n"}
,{"stream_name":"stdout","time":3210.304019285,"data":"      \"datasets/btxrd.py\": \"e0b78250577804092549bce848476c55f1ed432530238c6a1b070642af720ae9\",\n"}
,{"stream_name":"stdout","time":3210.304021691,"data":"      \"evaluate_unet.py\": \"61cf37093f5e4d335d47d33c2d2e7e6c14cd712badc761afc27aeed30f0860eb\",\n"}
,{"stream_name":"stdout","time":3210.30402402,"data":"      \"evaluation/segmentation_metrics.py\": \"070ebb9f1092dac5fe87ff7c1acc7470d5834ce4e1dae0373b8ef60783cf314a\"\n"}
,{"stream_name":"stdout","time":3210.30402649,"data":"    }\n"}
,{"stream_name":"stdout","time":3210.304028654,"data":"  },\n"}
,{"stream_name":"stdout","time":3210.304031223,"data":"  \"training\": {\n"}
,{"stream_name":"stdout","time":3210.304033563,"data":"    \"start_epoch\": 1,\n"}
,{"stream_name":"stdout","time":3210.304035815,"data":"    \"last_completed_epoch\": 35,\n"}
,{"stream_name":"stdout","time":3210.304038057,"data":"    \"best_epoch\": 33,\n"}
,{"stream_name":"stdout","time":3210.304041726,"data":"    \"best_val_positive_dice_at_0_5\": 0.4952337806639464,\n"}
,{"stream_name":"stdout","time":3210.304044166,"data":"    \"early_stop_patience\": 10,\n"}
,{"stream_name":"stdout","time":3210.30404639,"data":"    \"max_epoch\": 35,\n"}
,{"stream_name":"stdout","time":3210.304048684,"data":"    \"checkpoint_sha256\": \"65bb34613f53134ce3b0b9469278e5e5ec1da87d4bbed01e0b2807b21a99ad95\"\n"}
,{"stream_name":"stdout","time":3210.304051111,"data":"  },\n"}
,{"stream_name":"stdout","time":3210.304053223,"data":"  \"fixed_0_5\": {\n"}
,{"stream_name":"stdout","time":3210.304055419,"data":"    \"dataset\": \"btxrd\",\n"}
,{"stream_name":"stdout","time":3210.304057753,"data":"    \"split\": \"val\",\n"}
,{"stream_name":"stdout","time":3210.304062648,"data":"    \"checkpoint\": \"/kaggle/working/btxrd_gt_reference_independent_reproduction_v3/fs_resnet18_pw10_full_448_seed42/best_unet.pt\",\n"}
,{"stream_name":"stdout","time":3210.304065688,"data":"    \"checkpoint_sha256\": \"65bb34613f53134ce3b0b9469278e5e5ec1da87d4bbed01e0b2807b21a99ad95\",\n"}
,{"stream_name":"stdout","time":3210.304068005,"data":"    \"image_size\": 448,\n"}
,{"stream_name":"stdout","time":3210.304070202,"data":"    \"threshold\": 0.5,\n"}
,{"stream_name":"stdout","time":3210.304072425,"data":"    \"boundary_distance_unit\": \"pixels on the resized evaluation grid\",\n"}
,{"stream_name":"stdout","time":3210.304074722,"data":"    \"images\": 371,\n"}
,{"stream_name":"stdout","time":3210.304076898,"data":"    \"tumor_images\": 184,\n"}
,{"stream_name":"stdout","time":3210.304079096,"data":"    \"normal_images\": 187,\n"}
,{"stream_name":"stdout","time":3210.304081321,"data":"    \"main_population\": \"tumor images only\",\n"}
,{"stream_name":"stdout","time":3210.30408363,"data":"    \"mean_tumor_dice\": 0.4950968890414,\n"}
,{"stream_name":"stdout","time":3210.30408588,"data":"    \"mean_tumor_iou\": 0.4059815986833273,\n"}
,{"stream_name":"stdout","time":3210.304088119,"data":"    \"mean_tumor_precision\": 0.5474966264888068,\n"}
,{"stream_name":"stdout","time":3210.3040904,"data":"    \"mean_tumor_recall\": 0.5257025735781566,\n"}
,{"stream_name":"stdout","time":3210.304092624,"data":"    \"mean_tumor_hd95_px_conditional_defined\": 53.087582360075736,\n"}
,{"stream_name":"stdout","time":3210.304094883,"data":"    \"mean_tumor_assd_px_conditional_defined\": 22.60119786316678,\n"}
,{"stream_name":"stdout","time":3210.3040972,"data":"    \"boundary_metric_definition\": \"conditional mean over tumor images with both GT and prediction non-empty; distances are pixels on the resized evaluation grid (not mm); complete misses are excluded and counted separately\",\n"}
,{"stream_name":"stdout","time":3210.304099798,"data":"    \"boundary_metric_eligible_tumor_images\": 145,\n"}
,{"stream_name":"stdout","time":3210.30410203,"data":"    \"boundary_metric_excluded_tumor_images\": 39,\n"}
,{"stream_name":"stdout","time":3210.304104248,"data":"    \"boundary_metric_complete_misses\": 39,\n"}
,{"stream_name":"stdout","time":3210.304106512,"data":"    \"tumor_non_empty_prediction_rate\": 0.7880434782608695,\n"}
,{"stream_name":"stdout","time":3210.304108877,"data":"    \"tumor_overlap_detection_rate\": 0.7228260869565217,\n"}
,{"stream_name":"stdout","time":3210.304111134,"data":"    \"lesion_any_overlap_recall\": 0.7180616740088106,\n"}
,{"stream_name":"stdout","time":3210.304113361,"data":"    \"lesion_any_overlap_precision\": 0.6666666666666666,\n"}
,{"stream_name":"stdout","time":3210.304115589,"data":"    \"gt_lesions\": 227,\n"}
,{"stream_name":"stdout","time":3210.30411776,"data":"    \"detected_lesions_any_overlap\": 163,\n"}
,{"stream_name":"stdout","time":3210.304119984,"data":"    \"predicted_lesions\": 261,\n"}
,{"stream_name":"stdout","time":3210.304122191,"data":"    \"multifocal_tumor_images\": 22,\n"}
,{"stream_name":"stdout","time":3210.304124408,"data":"    \"multifocal_tumor_image_rate\": 0.11956521739130435,\n"}
,{"stream_name":"stdout","time":3210.304126688,"data":"    \"gt_component_count_histogram\": {\n"}
,{"stream_name":"stdout","time":3210.304128927,"data":"      \"1\": 162,\n"}
,{"stream_name":"stdout","time":3210.304131098,"data":"      \"2\": 11,\n"}
,{"stream_name":"stdout","time":3210.304133313,"data":"      \"3\": 5,\n"}
,{"stream_name":"stdout","time":3210.304135461,"data":"      \"4\": 4,\n"}
,{"stream_name":"stdout","time":3210.304137604,"data":"      \"5\": 1,\n"}
,{"stream_name":"stdout","time":3210.304142087,"data":"      \"7\": 1\n"}
,{"stream_name":"stdout","time":3210.304144376,"data":"    },\n"}
,{"stream_name":"stdout","time":3210.30414654,"data":"    \"normal_empty_prediction_rate\": 0.8074866310160428,\n"}
,{"stream_name":"stdout","time":3210.304148791,"data":"    \"normal_false_positive_case_rate\": 0.1925133689839572,\n"}
,{"stream_name":"stdout","time":3210.30415125,"data":"    \"pixel_specificity\": 0.9980413431187758,\n"}
,{"stream_name":"stdout","time":3210.304153538,"data":"    \"pixel_precision\": 0.7767008912413343,\n"}
,{"stream_name":"stdout","time":3210.304155759,"data":"    \"pixel_recall\": 0.6654906944906455,\n"}
,{"stream_name":"stdout","time":3210.304157971,"data":"    \"tp_pixels\": 502148,\n"}
,{"stream_name":"stdout","time":3210.30416018,"data":"    \"fp_pixels\": 144366,\n"}
,{"stream_name":"stdout","time":3210.30416234,"data":"    \"fn_pixels\": 252405,\n"}
,{"stream_name":"stdout","time":3210.304164523,"data":"    \"tn_pixels\": 73562265,\n"}
,{"stream_name":"stdout","time":3210.304166718,"data":"    \"lesion_one_to_one_iou10_recall\": 0.6916299559471366,\n"}
,{"stream_name":"stdout","time":3210.30416901,"data":"    \"lesion_one_to_one_iou10_precision\": 0.6015325670498084,\n"}
,{"stream_name":"stdout","time":3210.304171291,"data":"    \"lesion_one_to_one_iou10_f1\": 0.6434426229508197,\n"}
,{"stream_name":"stdout","time":3210.304173513,"data":"    \"lesion_tp_one_to_one_iou10\": 157,\n"}
,{"stream_name":"stdout","time":3210.304175712,"data":"    \"lesion_one_to_one_iou25_recall\": 0.6255506607929515,\n"}
,{"stream_name":"stdout","time":3210.304177952,"data":"    \"lesion_one_to_one_iou25_precision\": 0.5440613026819924,\n"}
,{"stream_name":"stdout","time":3210.304180186,"data":"    \"lesion_one_to_one_iou25_f1\": 0.5819672131147541,\n"}
,{"stream_name":"stdout","time":3210.304182435,"data":"    \"lesion_tp_one_to_one_iou25\": 142,\n"}
,{"stream_name":"stdout","time":3210.30418464,"data":"    \"lesion_one_to_one_iou50_recall\": 0.45374449339207046,\n"}
,{"stream_name":"stdout","time":3210.304186898,"data":"    \"lesion_one_to_one_iou50_precision\": 0.3946360153256705,\n"}
,{"stream_name":"stdout","time":3210.304189141,"data":"    \"lesion_one_to_one_iou50_f1\": 0.42213114754098363,\n"}
,{"stream_name":"stdout","time":3210.304191385,"data":"    \"lesion_tp_one_to_one_iou50\": 103,\n"}
,{"stream_name":"stdout","time":3210.304193635,"data":"    \"lesion_matching_definition\": \"maximum-cardinality one-to-one connected-component matching at IoU thresholds 0.10, 0.25, 0.50\"\n"}
,{"stream_name":"stdout","time":3210.304196068,"data":"  },\n"}
,{"stream_name":"stdout","time":3210.304198174,"data":"  \"selected_threshold\": 0.2,\n"}
,{"stream_name":"stdout","time":3210.304200547,"data":"  \"selected\": {\n"}
,{"stream_name":"stdout","time":3210.304202721,"data":"    \"dataset\": \"btxrd\",\n"}
,{"stream_name":"stdout","time":3210.304204933,"data":"    \"split\": \"val\",\n"}
,{"stream_name":"stdout","time":3210.304207157,"data":"    \"checkpoint\": \"/kaggle/working/btxrd_gt_reference_independent_reproduction_v3/fs_resnet18_pw10_full_448_seed42/best_unet.pt\",\n"}
,{"stream_name":"stdout","time":3210.304209606,"data":"    \"checkpoint_sha256\": \"65bb34613f53134ce3b0b9469278e5e5ec1da87d4bbed01e0b2807b21a99ad95\",\n"}
,{"stream_name":"stdout","time":3210.304211946,"data":"    \"image_size\": 448,\n"}
,{"stream_name":"stdout","time":3210.304214124,"data":"    \"threshold\": 0.2,\n"}
,{"stream_name":"stdout","time":3210.304216328,"data":"    \"boundary_distance_unit\": \"pixels on the resized evaluation grid\",\n"}
,{"stream_name":"stdout","time":3210.304218663,"data":"    \"images\": 371,\n"}
,{"stream_name":"stdout","time":3210.304222848,"data":"    \"tumor_images\": 184,\n"}
,{"stream_name":"stdout","time":3210.304225146,"data":"    \"normal_images\": 187,\n"}
,{"stream_name":"stdout","time":3210.304227345,"data":"    \"main_population\": \"tumor images only\",\n"}
,{"stream_name":"stdout","time":3210.304229626,"data":"    \"mean_tumor_dice\": 0.4994012363463918,\n"}
,{"stream_name":"stdout","time":3210.304231865,"data":"    \"mean_tumor_iou\": 0.40871406947267586,\n"}
,{"stream_name":"stdout","time":3210.304234096,"data":"    \"mean_tumor_precision\": 0.5301154450825251,\n"}
,{"stream_name":"stdout","time":3210.304236323,"data":"    \"mean_tumor_recall\": 0.5489521307366813,\n"}
,{"stream_name":"stdout","time":3210.30423857,"data":"    \"mean_tumor_hd95_px_conditional_defined\": 53.385684361643555,\n"}
,{"stream_name":"stdout","time":3210.304240835,"data":"    \"mean_tumor_assd_px_conditional_defined\": 22.049225501707994,\n"}
,{"stream_name":"stdout","time":3210.304243484,"data":"    \"boundary_metric_definition\": \"conditional mean over tumor images with both GT and prediction non-empty; distances are pixels on the resized evaluation grid (not mm); complete misses are excluded and counted separately\",\n"}
,{"stream_name":"stdout","time":3210.304246211,"data":"    \"boundary_metric_eligible_tumor_images\": 145,\n"}
,{"stream_name":"stdout","time":3210.304250215,"data":"    \"boundary_metric_excluded_tumor_images\": 39,\n"}
,{"stream_name":"stdout","time":3210.304252449,"data":"    \"boundary_metric_complete_misses\": 39,\n"}
,{"stream_name":"stdout","time":3210.304254741,"data":"    \"tumor_non_empty_prediction_rate\": 0.7880434782608695,\n"}
,{"stream_name":"stdout","time":3210.304257098,"data":"    \"tumor_overlap_detection_rate\": 0.7336956521739131,\n"}
,{"stream_name":"stdout","time":3210.30426051,"data":"    \"lesion_any_overlap_recall\": 0.7268722466960352,\n"}
,{"stream_name":"stdout","time":3210.304263928,"data":"    \"lesion_any_overlap_precision\": 0.6319702602230484,\n"}
,{"stream_name":"stdout","time":3210.304266493,"data":"    \"gt_lesions\": 227,\n"}
,{"stream_name":"stdout","time":3210.304268664,"data":"    \"detected_lesions_any_overlap\": 165,\n"}
,{"stream_name":"stdout","time":3210.304270885,"data":"    \"predicted_lesions\": 269,\n"}
,{"stream_name":"stdout","time":3210.304273053,"data":"    \"multifocal_tumor_images\": 22,\n"}
,{"stream_name":"stdout","time":3210.30427533,"data":"    \"multifocal_tumor_image_rate\": 0.11956521739130435,\n"}
,{"stream_name":"stdout","time":3210.304277567,"data":"    \"gt_component_count_histogram\": {\n"}
,{"stream_name":"stdout","time":3210.30427984,"data":"      \"1\": 162,\n"}
,{"stream_name":"stdout","time":3210.304282023,"data":"      \"2\": 11,\n"}
,{"stream_name":"stdout","time":3210.30428426,"data":"      \"3\": 5,\n"}
,{"stream_name":"stdout","time":3210.304286422,"data":"      \"4\": 4,\n"}
,{"stream_name":"stdout","time":3210.304288571,"data":"      \"5\": 1,\n"}
,{"stream_name":"stdout","time":3210.304290679,"data":"      \"7\": 1\n"}
,{"stream_name":"stdout","time":3210.304292883,"data":"    },\n"}
,{"stream_name":"stdout","time":3210.304295051,"data":"    \"normal_empty_prediction_rate\": 0.7700534759358288,\n"}
,{"stream_name":"stdout","time":3210.304297392,"data":"    \"normal_false_positive_case_rate\": 0.22994652406417113,\n"}
,{"stream_name":"stdout","time":3210.304299638,"data":"    \"pixel_specificity\": 0.9975379420068732,\n"}
,{"stream_name":"stdout","time":3210.30430191,"data":"    \"pixel_precision\": 0.7441287942878414,\n"}
,{"stream_name":"stdout","time":3210.30430413,"data":"    \"pixel_recall\": 0.6994260177880149,\n"}
,{"stream_name":"stdout","time":3210.304308955,"data":"    \"tp_pixels\": 527754,\n"}
,{"stream_name":"stdout","time":3210.304311286,"data":"    \"fp_pixels\": 181470,\n"}
,{"stream_name":"stdout","time":3210.304313476,"data":"    \"fn_pixels\": 226799,\n"}
,{"stream_name":"stdout","time":3210.304315646,"data":"    \"tn_pixels\": 73525161,\n"}
,{"stream_name":"stdout","time":3210.304317871,"data":"    \"lesion_one_to_one_iou10_recall\": 0.6916299559471366,\n"}
,{"stream_name":"stdout","time":3210.304320131,"data":"    \"lesion_one_to_one_iou10_precision\": 0.5836431226765799,\n"}
,{"stream_name":"stdout","time":3210.30432237,"data":"    \"lesion_one_to_one_iou10_f1\": 0.6330645161290323,\n"}
,{"stream_name":"stdout","time":3210.304324606,"data":"    \"lesion_tp_one_to_one_iou10\": 157,\n"}
,{"stream_name":"stdout","time":3210.3043268,"data":"    \"lesion_one_to_one_iou25_recall\": 0.6167400881057269,\n"}
,{"stream_name":"stdout","time":3210.304329027,"data":"    \"lesion_one_to_one_iou25_precision\": 0.5204460966542751,\n"}
,{"stream_name":"stdout","time":3210.304331268,"data":"    \"lesion_one_to_one_iou25_f1\": 0.5645161290322581,\n"}
,{"stream_name":"stdout","time":3210.30433349,"data":"    \"lesion_tp_one_to_one_iou25\": 140,\n"}
,{"stream_name":"stdout","time":3210.304335736,"data":"    \"lesion_one_to_one_iou50_recall\": 0.46255506607929514,\n"}
,{"stream_name":"stdout","time":3210.304337986,"data":"    \"lesion_one_to_one_iou50_precision\": 0.3903345724907063,\n"}
,{"stream_name":"stdout","time":3210.304340208,"data":"    \"lesion_one_to_one_iou50_f1\": 0.42338709677419356,\n"}
,{"stream_name":"stdout","time":3210.304342425,"data":"    \"lesion_tp_one_to_one_iou50\": 105,\n"}
,{"stream_name":"stdout","time":3210.304344668,"data":"    \"lesion_matching_definition\": \"maximum-cardinality one-to-one connected-component matching at IoU thresholds 0.10, 0.25, 0.50\"\n"}
,{"stream_name":"stdout","time":3210.304347103,"data":"  },\n"}
,{"stream_name":"stdout","time":3210.304349202,"data":"  \"selected_lesion_size_subgroups\": {\n"}
,{"stream_name":"stdout","time":3210.304351463,"data":"    \"large_ge_5pct\": {\n"}
,{"stream_name":"stdout","time":3210.30435365,"data":"      \"subgroup_field\": \"lesion_size\",\n"}
,{"stream_name":"stdout","time":3210.304355903,"data":"      \"subgroup_value\": \"large_ge_5pct\",\n"}
,{"stream_name":"stdout","time":3210.304358143,"data":"      \"images\": \"18\",\n"}
,{"stream_name":"stdout","time":3210.304360381,"data":"      \"tumor_images\": \"18\",\n"}
,{"stream_name":"stdout","time":3210.304362635,"data":"      \"normal_images\": \"0\",\n"}
,{"stream_name":"stdout","time":3210.304365143,"data":"      \"main_population\": \"tumor images only\",\n"}
,{"stream_name":"stdout","time":3210.304367485,"data":"      \"mean_tumor_dice\": \"0.7482716392488016\",\n"}
,{"stream_name":"stdout","time":3210.304369732,"data":"      \"mean_tumor_iou\": \"0.6299728343419142\",\n"}
,{"stream_name":"stdout","time":3210.304371996,"data":"      \"mean_tumor_precision\": \"0.8087218127573151\",\n"}
,{"stream_name":"stdout","time":3210.304374266,"data":"      \"mean_tumor_recall\": \"0.7307181252372756\",\n"}
,{"stream_name":"stdout","time":3210.304376536,"data":"      \"mean_tumor_hd95_px_conditional_defined\": \"52.37488258440567\",\n"}
,{"stream_name":"stdout","time":3210.304378813,"data":"      \"mean_tumor_assd_px_conditional_defined\": \"13.172960559734529\",\n"}
,{"stream_name":"stdout","time":3210.304381185,"data":"      \"boundary_metric_definition\": \"conditional mean over tumor images with both GT and prediction non-empty; distances are pixels on the resized evaluation grid (not mm); complete misses are excluded and counted separately\",\n"}
,{"stream_name":"stdout","time":3210.304385683,"data":"      \"boundary_metric_eligible_tumor_images\": \"17\",\n"}
,{"stream_name":"stdout","time":3210.304388056,"data":"      \"boundary_metric_excluded_tumor_images\": \"1\",\n"}
,{"stream_name":"stdout","time":3210.304390427,"data":"      \"boundary_metric_complete_misses\": \"1\",\n"}
,{"stream_name":"stdout","time":3210.304392785,"data":"      \"tumor_non_empty_prediction_rate\": \"0.9444444444444444\",\n"}
,{"stream_name":"stdout","time":3210.304395028,"data":"      \"tumor_overlap_detection_rate\": \"0.9444444444444444\",\n"}
,{"stream_name":"stdout","time":3210.304397416,"data":"      \"lesion_any_overlap_recall\": \"0.9\",\n"}
,{"stream_name":"stdout","time":3210.304399641,"data":"      \"lesion_any_overlap_precision\": \"0.9230769230769231\",\n"}
,{"stream_name":"stdout","time":3210.304401929,"data":"      \"gt_lesions\": \"40\",\n"}
,{"stream_name":"stdout","time":3210.30440414,"data":"      \"detected_lesions_any_overlap\": \"36\",\n"}
,{"stream_name":"stdout","time":3210.304406376,"data":"      \"predicted_lesions\": \"39\",\n"}
,{"stream_name":"stdout","time":3210.304408598,"data":"      \"multifocal_tumor_images\": \"7\",\n"}
,{"stream_name":"stdout","time":3210.30441086,"data":"      \"multifocal_tumor_image_rate\": \"0.3888888888888889\",\n"}
,{"stream_name":"stdout","time":3210.304413113,"data":"      \"gt_component_count_histogram\": \"{'1': 11, '2': 1, '5': 1, '4': 3, '7': 1, '3': 1}\",\n"}
,{"stream_name":"stdout","time":3210.304415456,"data":"      \"normal_empty_prediction_rate\": \"\",\n"}
,{"stream_name":"stdout","time":3210.304417663,"data":"      \"normal_false_positive_case_rate\": \"\",\n"}
,{"stream_name":"stdout","time":3210.304419891,"data":"      \"pixel_specificity\": \"0.9813887514655771\",\n"}
,{"stream_name":"stdout","time":3210.304422118,"data":"      \"pixel_precision\": \"0.8242076020067572\",\n"}
,{"stream_name":"stdout","time":3210.304424347,"data":"      \"pixel_recall\": \"0.7590642207253524\",\n"}
,{"stream_name":"stdout","time":3210.304426582,"data":"      \"tp_pixels\": \"282737\",\n"}
,{"stream_name":"stdout","time":3210.304428862,"data":"      \"fp_pixels\": \"60304\",\n"}
,{"stream_name":"stdout","time":3210.304431093,"data":"      \"fn_pixels\": \"89744\",\n"}
,{"stream_name":"stdout","time":3210.304433291,"data":"      \"tn_pixels\": \"3179887\",\n"}
,{"stream_name":"stdout","time":3210.304435508,"data":"      \"lesion_one_to_one_iou10_recall\": \"0.8\",\n"}
,{"stream_name":"stdout","time":3210.304437772,"data":"      \"lesion_one_to_one_iou10_precision\": \"0.8205128205128205\",\n"}
,{"stream_name":"stdout","time":3210.304440055,"data":"      \"lesion_one_to_one_iou10_f1\": \"0.810126582278481\",\n"}
,{"stream_name":"stdout","time":3210.304442311,"data":"      \"lesion_tp_one_to_one_iou10\": \"32\",\n"}
,{"stream_name":"stdout","time":3210.304444558,"data":"      \"lesion_one_to_one_iou25_recall\": \"0.775\",\n"}
,{"stream_name":"stdout","time":3210.304446838,"data":"      \"lesion_one_to_one_iou25_precision\": \"0.7948717948717948\",\n"}
,{"stream_name":"stdout","time":3210.3044491,"data":"      \"lesion_one_to_one_iou25_f1\": \"0.7848101265822784\",\n"}
,{"stream_name":"stdout","time":3210.304451378,"data":"      \"lesion_tp_one_to_one_iou25\": \"31\",\n"}
,{"stream_name":"stdout","time":3210.304453813,"data":"      \"lesion_one_to_one_iou50_recall\": \"0.575\",\n"}
,{"stream_name":"stdout","time":3210.304456124,"data":"      \"lesion_one_to_one_iou50_precision\": \"0.5897435897435898\",\n"}
,{"stream_name":"stdout","time":3210.304458381,"data":"      \"lesion_one_to_one_iou50_f1\": \"0.5822784810126582\",\n"}
,{"stream_name":"stdout","time":3210.304460636,"data":"      \"lesion_tp_one_to_one_iou50\": \"23\",\n"}
,{"stream_name":"stdout","time":3210.304465045,"data":"      \"lesion_matching_definition\": \"maximum-cardinality one-to-one connected-component matching at IoU thresholds 0.10, 0.25, 0.50\"\n"}
,{"stream_name":"stdout","time":3210.304467614,"data":"    },\n"}
,{"stream_name":"stdout","time":3210.304469749,"data":"    \"medium_1_to_5pct\": {\n"}
,{"stream_name":"stdout","time":3210.304471935,"data":"      \"subgroup_field\": \"lesion_size\",\n"}
,{"stream_name":"stdout","time":3210.304474163,"data":"      \"subgroup_value\": \"medium_1_to_5pct\",\n"}
,{"stream_name":"stdout","time":3210.304476393,"data":"      \"images\": \"72\",\n"}
,{"stream_name":"stdout","time":3210.304478619,"data":"      \"tumor_images\": \"72\",\n"}
,{"stream_name":"stdout","time":3210.304480847,"data":"      \"normal_images\": \"0\",\n"}
,{"stream_name":"stdout","time":3210.304483051,"data":"      \"main_population\": \"tumor images only\",\n"}
,{"stream_name":"stdout","time":3210.304485423,"data":"      \"mean_tumor_dice\": \"0.6293762321757863\",\n"}
,{"stream_name":"stdout","time":3210.30448764,"data":"      \"mean_tumor_iou\": \"0.5272299937467911\",\n"}
,{"stream_name":"stdout","time":3210.304489841,"data":"      \"mean_tumor_precision\": \"0.6826299899153463\",\n"}
,{"stream_name":"stdout","time":3210.304492089,"data":"      \"mean_tumor_recall\": \"0.6514842278145208\",\n"}
,{"stream_name":"stdout","time":3210.304494314,"data":"      \"mean_tumor_hd95_px_conditional_defined\": \"45.07690339952196\",\n"}
,{"stream_name":"stdout","time":3210.304496602,"data":"      \"mean_tumor_assd_px_conditional_defined\": \"15.028788212041826\",\n"}
,{"stream_name":"stdout","time":3210.304498945,"data":"      \"boundary_metric_definition\": \"conditional mean over tumor images with both GT and prediction non-empty; distances are pixels on the resized evaluation grid (not mm); complete misses are excluded and counted separately\",\n"}
,{"stream_name":"stdout","time":3210.30450148,"data":"      \"boundary_metric_eligible_tumor_images\": \"63\",\n"}
,{"stream_name":"stdout","time":3210.304503726,"data":"      \"boundary_metric_excluded_tumor_images\": \"9\",\n"}
,{"stream_name":"stdout","time":3210.30450595,"data":"      \"boundary_metric_complete_misses\": \"9\",\n"}
,{"stream_name":"stdout","time":3210.304508181,"data":"      \"tumor_non_empty_prediction_rate\": \"0.875\",\n"}
,{"stream_name":"stdout","time":3210.304510416,"data":"      \"tumor_overlap_detection_rate\": \"0.8611111111111112\",\n"}
,{"stream_name":"stdout","time":3210.304512683,"data":"      \"lesion_any_overlap_recall\": \"0.8536585365853658\",\n"}
,{"stream_name":"stdout","time":3210.304514952,"data":"      \"lesion_any_overlap_precision\": \"0.8241758241758241\",\n"}
,{"stream_name":"stdout","time":3210.304517205,"data":"      \"gt_lesions\": \"82\",\n"}
,{"stream_name":"stdout","time":3210.304519412,"data":"      \"detected_lesions_any_overlap\": \"70\",\n"}
,{"stream_name":"stdout","time":3210.304521681,"data":"      \"predicted_lesions\": \"91\",\n"}
,{"stream_name":"stdout","time":3210.304523886,"data":"      \"multifocal_tumor_images\": \"7\",\n"}
,{"stream_name":"stdout","time":3210.304526117,"data":"      \"multifocal_tumor_image_rate\": \"0.09722222222222222\",\n"}
,{"stream_name":"stdout","time":3210.304528411,"data":"      \"gt_component_count_histogram\": \"{'1': 65, '3': 3, '2': 4}\",\n"}
,{"stream_name":"stdout","time":3210.304530904,"data":"      \"normal_empty_prediction_rate\": \"\",\n"}
,{"stream_name":"stdout","time":3210.304533138,"data":"      \"normal_false_positive_case_rate\": \"\",\n"}
,{"stream_name":"stdout","time":3210.304535452,"data":"      \"pixel_specificity\": \"0.9944916609404107\",\n"}
,{"stream_name":"stdout","time":3210.304539431,"data":"      \"pixel_precision\": \"0.7495712111833281\",\n"}
,{"stream_name":"stdout","time":3210.304541809,"data":"      \"pixel_recall\": \"0.6662282436142106\",\n"}
,{"stream_name":"stdout","time":3210.304544369,"data":"      \"tp_pixels\": \"232499\",\n"}
,{"stream_name":"stdout","time":3210.304546856,"data":"      \"fp_pixels\": \"77677\",\n"}
,{"stream_name":"stdout","time":3210.304549117,"data":"      \"fn_pixels\": \"116479\",\n"}
,{"stream_name":"stdout","time":3210.304551397,"data":"      \"tn_pixels\": \"14024033\",\n"}
,{"stream_name":"stdout","time":3210.304553612,"data":"      \"lesion_one_to_one_iou10_recall\": \"0.8292682926829268\",\n"}
,{"stream_name":"stdout","time":3210.304555894,"data":"      \"lesion_one_to_one_iou10_precision\": \"0.7472527472527473\",\n"}
,{"stream_name":"stdout","time":3210.304558167,"data":"      \"lesion_one_to_one_iou10_f1\": \"0.7861271676300579\",\n"}
,{"stream_name":"stdout","time":3210.304560439,"data":"      \"lesion_tp_one_to_one_iou10\": \"68\",\n"}
,{"stream_name":"stdout","time":3210.304562659,"data":"      \"lesion_one_to_one_iou25_recall\": \"0.7317073170731707\",\n"}
,{"stream_name":"stdout","time":3210.304564935,"data":"      \"lesion_one_to_one_iou25_precision\": \"0.6593406593406593\",\n"}
,{"stream_name":"stdout","time":3210.304567176,"data":"      \"lesion_one_to_one_iou25_f1\": \"0.6936416184971098\",\n"}
,{"stream_name":"stdout","time":3210.30456941,"data":"      \"lesion_tp_one_to_one_iou25\": \"60\",\n"}
,{"stream_name":"stdout","time":3210.304571617,"data":"      \"lesion_one_to_one_iou50_recall\": \"0.6097560975609756\",\n"}
,{"stream_name":"stdout","time":3210.30457388,"data":"      \"lesion_one_to_one_iou50_precision\": \"0.5494505494505495\",\n"}
,{"stream_name":"stdout","time":3210.304576126,"data":"      \"lesion_one_to_one_iou50_f1\": \"0.5780346820809249\",\n"}
,{"stream_name":"stdout","time":3210.304578403,"data":"      \"lesion_tp_one_to_one_iou50\": \"50\",\n"}
,{"stream_name":"stdout","time":3210.304580752,"data":"      \"lesion_matching_definition\": \"maximum-cardinality one-to-one connected-component matching at IoU thresholds 0.10, 0.25, 0.50\"\n"}
,{"stream_name":"stdout","time":3210.304583158,"data":"    },\n"}
,{"stream_name":"stdout","time":3210.304585277,"data":"    \"small_lt_1pct\": {\n"}
,{"stream_name":"stdout","time":3210.304587455,"data":"      \"subgroup_field\": \"lesion_size\",\n"}
,{"stream_name":"stdout","time":3210.304589671,"data":"      \"subgroup_value\": \"small_lt_1pct\",\n"}
,{"stream_name":"stdout","time":3210.304591926,"data":"      \"images\": \"94\",\n"}
,{"stream_name":"stdout","time":3210.304594114,"data":"      \"tumor_images\": \"94\",\n"}
,{"stream_name":"stdout","time":3210.304596476,"data":"      \"normal_images\": \"0\",\n"}
,{"stream_name":"stdout","time":3210.304598672,"data":"      \"main_population\": \"tumor images only\",\n"}
,{"stream_name":"stdout","time":3210.304600889,"data":"      \"mean_tumor_dice\": \"0.35218988579362814\",\n"}
,{"stream_name":"stdout","time":3210.304603147,"data":"      \"mean_tumor_iou\": \"0.2755672150537121\",\n"}
,{"stream_name":"stdout","time":3210.304605367,"data":"      \"mean_tumor_precision\": \"0.35994563820902153\",\n"}
,{"stream_name":"stdout","time":3210.304607624,"data":"      \"mean_tumor_recall\": \"0.4356106531769456\",\n"}
,{"stream_name":"stdout","time":3210.304609894,"data":"      \"mean_tumor_hd95_px_conditional_defined\": \"61.70317406666979\",\n"}
,{"stream_name":"stdout","time":3210.304612217,"data":"      \"mean_tumor_assd_px_conditional_defined\": \"31.17513401343904\",\n"}
,{"stream_name":"stdout","time":3210.304614597,"data":"      \"boundary_metric_definition\": \"conditional mean over tumor images with both GT and prediction non-empty; distances are pixels on the resized evaluation grid (not mm); complete misses are excluded and counted separately\",\n"}
,{"stream_name":"stdout","time":3210.304619311,"data":"      \"boundary_metric_eligible_tumor_images\": \"65\",\n"}
,{"stream_name":"stdout","time":3210.304621669,"data":"      \"boundary_metric_excluded_tumor_images\": \"29\",\n"}
,{"stream_name":"stdout","time":3210.304623931,"data":"      \"boundary_metric_complete_misses\": \"29\",\n"}
,{"stream_name":"stdout","time":3210.304626162,"data":"      \"tumor_non_empty_prediction_rate\": \"0.6914893617021277\",\n"}
,{"stream_name":"stdout","time":3210.304628411,"data":"      \"tumor_overlap_detection_rate\": \"0.5957446808510638\",\n"}
,{"stream_name":"stdout","time":3210.304630637,"data":"      \"lesion_any_overlap_recall\": \"0.5619047619047619\",\n"}
,{"stream_name":"stdout","time":3210.30463325,"data":"      \"lesion_any_overlap_precision\": \"0.6629213483146067\",\n"}
,{"stream_name":"stdout","time":3210.304635627,"data":"      \"gt_lesions\": \"105\",\n"}
,{"stream_name":"stdout","time":3210.304637832,"data":"      \"detected_lesions_any_overlap\": \"59\",\n"}
,{"stream_name":"stdout","time":3210.304640064,"data":"      \"predicted_lesions\": \"89\",\n"}
,{"stream_name":"stdout","time":3210.304642291,"data":"      \"multifocal_tumor_images\": \"8\",\n"}
,{"stream_name":"stdout","time":3210.304644502,"data":"      \"multifocal_tumor_image_rate\": \"0.0851063829787234\",\n"}
,{"stream_name":"stdout","time":3210.304646771,"data":"      \"gt_component_count_histogram\": \"{'2': 6, '1': 86, '3': 1, '4': 1}\",\n"}
,{"stream_name":"stdout","time":3210.304649048,"data":"      \"normal_empty_prediction_rate\": \"\",\n"}
,{"stream_name":"stdout","time":3210.304651262,"data":"      \"normal_false_positive_case_rate\": \"\",\n"}
,{"stream_name":"stdout","time":3210.304653517,"data":"      \"pixel_specificity\": \"0.9987618064849927\",\n"}
,{"stream_name":"stdout","time":3210.304655736,"data":"      \"pixel_precision\": \"0.34930379217010354\",\n"}
,{"stream_name":"stdout","time":3210.304657974,"data":"      \"pixel_recall\": \"0.3782558771982837\",\n"}
,{"stream_name":"stdout","time":3210.304660227,"data":"      \"tp_pixels\": \"12518\",\n"}
,{"stream_name":"stdout","time":3210.304662434,"data":"      \"fp_pixels\": \"23319\",\n"}
,{"stream_name":"stdout","time":3210.304664639,"data":"      \"fn_pixels\": \"20576\",\n"}
,{"stream_name":"stdout","time":3210.304666827,"data":"      \"tn_pixels\": \"18809763\",\n"}
,{"stream_name":"stdout","time":3210.304669021,"data":"      \"lesion_one_to_one_iou10_recall\": \"0.5428571428571428\",\n"}
,{"stream_name":"stdout","time":3210.3046713,"data":"      \"lesion_one_to_one_iou10_precision\": \"0.6404494382022472\",\n"}
,{"stream_name":"stdout","time":3210.304673543,"data":"      \"lesion_one_to_one_iou10_f1\": \"0.5876288659793815\",\n"}
,{"stream_name":"stdout","time":3210.30467589,"data":"      \"lesion_tp_one_to_one_iou10\": \"57\",\n"}
,{"stream_name":"stdout","time":3210.304678121,"data":"      \"lesion_one_to_one_iou25_recall\": \"0.4666666666666667\",\n"}
,{"stream_name":"stdout","time":3210.304680369,"data":"      \"lesion_one_to_one_iou25_precision\": \"0.550561797752809\",\n"}
,{"stream_name":"stdout","time":3210.304682618,"data":"      \"lesion_one_to_one_iou25_f1\": \"0.5051546391752577\",\n"}
,{"stream_name":"stdout","time":3210.304684853,"data":"      \"lesion_tp_one_to_one_iou25\": \"49\",\n"}
,{"stream_name":"stdout","time":3210.304687101,"data":"      \"lesion_one_to_one_iou50_recall\": \"0.3047619047619048\",\n"}
,{"stream_name":"stdout","time":3210.304691342,"data":"      \"lesion_one_to_one_iou50_precision\": \"0.3595505617977528\",\n"}
,{"stream_name":"stdout","time":3210.304693706,"data":"      \"lesion_one_to_one_iou50_f1\": \"0.32989690721649484\",\n"}
,{"stream_name":"stdout","time":3210.304696012,"data":"      \"lesion_tp_one_to_one_iou50\": \"32\",\n"}
,{"stream_name":"stdout","time":3210.304698291,"data":"      \"lesion_matching_definition\": \"maximum-cardinality one-to-one connected-component matching at IoU thresholds 0.10, 0.25, 0.50\"\n"}
,{"stream_name":"stdout","time":3210.304700734,"data":"    }\n"}
,{"stream_name":"stdout","time":3210.304702843,"data":"  },\n"}
,{"stream_name":"stdout","time":3210.30470495,"data":"  \"authoritative_reference\": {\n"}
,{"stream_name":"stdout","time":3210.304707218,"data":"    \"checkpoint_sha256\": \"05606a0ace6c845ca52a26e8c4a5269bf8e03350dd31d27bbd5e80d55df70c31\",\n"}
,{"stream_name":"stdout","time":3210.304709572,"data":"    \"best_epoch\": 20,\n"}
,{"stream_name":"stdout","time":3210.304711746,"data":"    \"last_completed_epoch\": 30,\n"}
,{"stream_name":"stdout","time":3210.304713992,"data":"    \"selected_threshold\": 0.2,\n"}
,{"stream_name":"stdout","time":3210.304716223,"data":"    \"selected_mean_tumor_dice\": 0.4951316962732512,\n"}
,{"stream_name":"stdout","time":3210.304718465,"data":"    \"fixed_0_5_mean_tumor_dice\": 0.489941358174933,\n"}
,{"stream_name":"stdout","time":3210.3047207,"data":"    \"small_lt_1pct_mean_tumor_dice\": 0.32895493248574226,\n"}
,{"stream_name":"stdout","time":3210.304722931,"data":"    \"medium_1_to_5pct_mean_tumor_dice\": 0.6624417783635557,\n"}
,{"stream_name":"stdout","time":3210.304725177,"data":"    \"large_ge_5pct_mean_tumor_dice\": 0.6937033565801355\n"}
,{"stream_name":"stdout","time":3210.304727474,"data":"  },\n"}
,{"stream_name":"stdout","time":3210.3047296,"data":"  \"reference_comparison\": {\n"}
,{"stream_name":"stdout","time":3210.304731858,"data":"    \"checkpoint_sha256_equal\": false,\n"}
,{"stream_name":"stdout","time":3210.304766219,"data":"    \"best_epoch_delta\": 13,\n"}
,{"stream_name":"stdout","time":3210.304770841,"data":"    \"last_completed_epoch_delta\": 5,\n"}
,{"stream_name":"stdout","time":3210.304776066,"data":"    \"selected_threshold_delta\": 0.0,\n"}
,{"stream_name":"stdout","time":3210.304782434,"data":"    \"selected_mean_tumor_dice_delta\": 0.004269540073140565,\n"}
,{"stream_name":"stdout","time":3210.304784947,"data":"    \"fixed_0_5_mean_tumor_dice_delta\": 0.005155530866466973,\n"}
,{"stream_name":"stdout","time":3210.304787397,"data":"    \"small_lt_1pct_mean_tumor_dice_delta\": 0.023234953307885886,\n"}
,{"stream_name":"stdout","time":3210.304789764,"data":"    \"medium_1_to_5pct_mean_tumor_dice_delta\": -0.03306554618776936,\n"}
,{"stream_name":"stdout","time":3210.304792025,"data":"    \"large_ge_5pct_mean_tumor_dice_delta\": 0.05456828266866609\n"}
,{"stream_name":"stdout","time":3210.304794309,"data":"  },\n"}
,{"stream_name":"stdout","time":3210.304796379,"data":"  \"artifact_sha256\": {\n"}
,{"stream_name":"stdout","time":3210.304798542,"data":"    \"checkpoint\": \"65bb34613f53134ce3b0b9469278e5e5ec1da87d4bbed01e0b2807b21a99ad95\",\n"}
,{"stream_name":"stdout","time":3210.304800869,"data":"    \"training_log\": \"a59b00a21312b52da8deaf9fefd353c455ce96e84ef3f74cf277fbde9f8ea564\",\n"}
,{"stream_name":"stdout","time":3210.304803184,"data":"    \"selected_per_image\": \"d45a7d611b03b0f6d7f17d82f07880c84f85dc25d6bfdaf1e5dad31bdeaa9214\",\n"}
,{"stream_name":"stdout","time":3210.30480551,"data":"    \"selected_subgroups\": \"6ce981ae6975acb0ad06fc655a362a55d4d928e186c9615aacbf5ecbff27f8ba\",\n"}
,{"stream_name":"stdout","time":3210.304807815,"data":"    \"threshold_selection\": \"d46646edc09a4288ed213591c286cd909d6ebdc5995dccf99ff144a49b91f47e\"\n"}
,{"stream_name":"stdout","time":3210.304816117,"data":"  },\n"}
,{"stream_name":"stdout","time":3210.304818477,"data":"  \"test_evaluated\": false\n"}
,{"stream_name":"stdout","time":3210.304820765,"data":"}\n"}
,{"stream_name":"stderr","time":3213.185320616,"data":"/usr/local/lib/python3.12/dist-packages/mistune.py:435: SyntaxWarning: invalid escape sequence '\\|'\n"}
,{"stream_name":"stderr","time":3213.18538896,"data":"  cells[i][c] = re.sub('\\\\\\\\\\|', '|', cell)\n"}
,{"stream_name":"stderr","time":3213.466962667,"data":"/usr/local/lib/python3.12/dist-packages/nbconvert/filters/filter_links.py:36: SyntaxWarning: invalid escape sequence '\\_'\n"}
,{"stream_name":"stderr","time":3213.467001603,"data":"  text = re.sub(r'_', '\\_', text) # Escape underscores in display text\n"}
,{"stream_name":"stderr","time":3214.140474321,"data":"[NbConvertApp] Converting notebook __script__.ipynb to html\n"}
,{"stream_name":"stderr","time":3215.443473738,"data":"[NbConvertApp] Writing 336031 bytes to __results__.html\n"}
]