[{"stream_name":"stdout","time":28.152547675,"data":"RUN [\"/usr/bin/python3\", \"-m\", \"unittest\", \"discover\", \"-s\", \"/kaggle/input/datasets/itsthang333/btxrd-small-lesion-research-v10/tests\", \"-p\", \"test_torch_math_and_resume.py\", \"-v\"]\n"}
,{"stream_name":"stderr","time":31.433883877,"data":"test_resume_config_is_path_portable_but_training_strict (test_torch_math_and_resume.ResumeIntegrationTests.test_resume_config_is_path_portable_but_training_strict) ... ok\n"}
,{"stream_name":"stderr","time":31.701548721,"data":"test_resume_matches_uninterrupted_next_step (test_torch_math_and_resume.ResumeIntegrationTests.test_resume_matches_uninterrupted_next_step) ... /kaggle/input/datasets/itsthang333/btxrd-small-lesion-research-v10/tests/test_torch_math_and_resume.py:138: FutureWarning: `torch.cuda.amp.GradScaler(args...)` is deprecated. Please use `torch.amp.GradScaler('cuda', args...)` instead.\n"}
,{"stream_name":"stderr","time":31.701605157,"data":"  scaler = torch.cuda.amp.GradScaler(enabled=False)\n"}
,{"stream_name":"stderr","time":34.371915336,"data":"ok\n"}
,{"stream_name":"stderr","time":34.373147948,"data":"test_bce_dice_formula (test_torch_math_and_resume.TorchMathTests.test_bce_dice_formula) ... ok\n"}
,{"stream_name":"stderr","time":34.451026475,"data":"test_classifier_budget_audit_runs_after_early_stopping (test_torch_math_and_resume.TorchMathTests.test_classifier_budget_audit_runs_after_early_stopping) ... ok\n"}
,{"stream_name":"stderr","time":34.457355501,"data":"test_flat_puzzle_cam_normalises_to_zero (test_torch_math_and_resume.TorchMathTests.test_flat_puzzle_cam_normalises_to_zero) ... ok\n"}
,{"stream_name":"stderr","time":34.472656725,"data":"test_postprocess_guidance_threshold_fails_closed (test_torch_math_and_resume.TorchMathTests.test_postprocess_guidance_threshold_fails_closed) ... ok\n"}
,{"stream_name":"stderr","time":34.482823626,"data":"test_puzzle_tile_merge_is_exact (test_torch_math_and_resume.TorchMathTests.test_puzzle_tile_merge_is_exact) ... ok\n"}
,{"stream_name":"stderr","time":34.705259453,"data":"test_resnet18_unet_preserves_spatial_shape_and_backpropagates (test_torch_math_and_resume.TorchMathTests.test_resnet18_unet_preserves_spatial_shape_and_backpropagates) ... ok\n"}
,{"stream_name":"stderr","time":34.753638775,"data":"test_unet_preserves_spatial_shape_and_backpropagates (test_torch_math_and_resume.TorchMathTests.test_unet_preserves_spatial_shape_and_backpropagates) ... ok\n"}
,{"stream_name":"stderr","time":34.753671021,"data":"\n"}
,{"stream_name":"stderr","time":34.753700568,"data":"----------------------------------------------------------------------\n"}
,{"stream_name":"stderr","time":34.753705347,"data":"Ran 9 tests in 4.811s\n"}
,{"stream_name":"stderr","time":34.753709153,"data":"\n"}
,{"stream_name":"stderr","time":34.753712873,"data":"OK\n"}
,{"stream_name":"stdout","time":37.16699575,"data":"RUN [\"/usr/bin/python3\", \"-m\", \"unittest\", \"discover\", \"-s\", \"/kaggle/input/datasets/itsthang333/btxrd-small-lesion-research-v10/tests\", \"-p\", \"test_sam_segment_contrastive.py\", \"-v\"]\n"}
,{"stream_name":"stderr","time":40.33059216,"data":"test_coherent_region_features_have_lower_loss (test_sam_segment_contrastive.SamSegmentContrastiveLossTests.test_coherent_region_features_have_lower_loss) ... ok\n"}
,{"stream_name":"stderr","time":40.332415811,"data":"test_ignore_zero_does_not_create_a_prototype (test_sam_segment_contrastive.SamSegmentContrastiveLossTests.test_ignore_zero_does_not_create_a_prototype) ... ok\n"}
,{"stream_name":"stderr","time":40.334048866,"data":"test_store_rejects_manifest_hash_mismatch (test_sam_segment_contrastive.SamSegmentMapStoreTests.test_store_rejects_manifest_hash_mismatch) ... ok\n"}
,{"stream_name":"stderr","time":40.334459963,"data":"test_store_verifies_population_hashes_and_loads_uint16 (test_sam_segment_contrastive.SamSegmentMapStoreTests.test_store_verifies_population_hashes_and_loads_uint16) ... /kaggle/input/datasets/itsthang333/btxrd-small-lesion-research-v10/tests/test_sam_segment_contrastive.py:68: DeprecationWarning: 'mode' parameter is deprecated and will be removed in Pillow 13 (2026-10-15)\n"}
,{"stream_name":"stderr","time":40.334485341,"data":"  Image.fromarray(\n"}
,{"stream_name":"stderr","time":40.378244525,"data":"ok\n"}
,{"stream_name":"stderr","time":40.378269916,"data":"\n"}
,{"stream_name":"stderr","time":40.378277172,"data":"----------------------------------------------------------------------\n"}
,{"stream_name":"stderr","time":40.378280018,"data":"Ran 4 tests in 1.404s\n"}
,{"stream_name":"stderr","time":40.378282426,"data":"\n"}
,{"stream_name":"stderr","time":40.378873609,"data":"OK\n"}
,{"stream_name":"stdout","time":40.969199319,"data":"RUN [\"/usr/bin/python3\", \"-m\", \"unittest\", \"discover\", \"-s\", \"/kaggle/input/datasets/itsthang333/btxrd-small-lesion-research-v10/tests\", \"-p\", \"test_pipeline_audit_fixes.py\", \"-v\"]\n"}
,{"stream_name":"stderr","time":41.968408561,"data":"test_invalid_flag_is_not_silently_converted_to_zero (test_pipeline_audit_fixes.BTXRDDatasetValidationTests.test_invalid_flag_is_not_silently_converted_to_zero) ... ok\n"}
,{"stream_name":"stderr","time":41.97009735,"data":"test_manifest_assignments_are_authoritative (test_pipeline_audit_fixes.BTXRDDatasetValidationTests.test_manifest_assignments_are_authoritative) ... ok\n"}
,{"stream_name":"stderr","time":41.97169508,"data":"test_manifest_rejects_changed_image_hash (test_pipeline_audit_fixes.BTXRDDatasetValidationTests.test_manifest_rejects_changed_image_hash) ... ok\n"}
,{"stream_name":"stderr","time":41.973247895,"data":"test_manifest_rejects_group_overlap (test_pipeline_audit_fixes.BTXRDDatasetValidationTests.test_manifest_rejects_group_overlap) ... ok\n"}
,{"stream_name":"stderr","time":41.974645827,"data":"test_missing_pseudo_mask_fails_before_training (test_pipeline_audit_fixes.BTXRDDatasetValidationTests.test_missing_pseudo_mask_fails_before_training) ... ok\n"}
,{"stream_name":"stderr","time":41.978308735,"data":"test_training_resizes_verified_pseudo_masks_from_source_grid (test_pipeline_audit_fixes.BTXRDDatasetValidationTests.test_training_resizes_verified_pseudo_masks_from_source_grid) ... ok\n"}
,{"stream_name":"stderr","time":41.978490339,"data":"test_test_split_requires_frozen_config_before_access (test_pipeline_audit_fixes.FrozenTestGuardTests.test_test_split_requires_frozen_config_before_access) ... ok\n"}
,{"stream_name":"stderr","time":41.978499671,"data":"test_validation_split_does_not_require_frozen_config (test_pipeline_audit_fixes.FrozenTestGuardTests.test_validation_split_does_not_require_frozen_config) ... ok\n"}
,{"stream_name":"stderr","time":41.979118873,"data":"test_causal_selector_retains_support_clipping (test_pipeline_audit_fixes.MaskSelectionTests.test_causal_selector_retains_support_clipping) ... ok\n"}
,{"stream_name":"stderr","time":41.983019099,"data":"test_causal_selector_uses_classifier_rank_within_component (test_pipeline_audit_fixes.MaskSelectionTests.test_causal_selector_uses_classifier_rank_within_component) ... ok\n"}
,{"stream_name":"stderr","time":41.983287008,"data":"test_coverage_mass_sam_applies_support_clipping (test_pipeline_audit_fixes.MaskSelectionTests.test_coverage_mass_sam_applies_support_clipping) ... ok\n"}
,{"stream_name":"stderr","time":41.985542645,"data":"test_keep_best_policy_is_explicit_debug_opt_in (test_pipeline_audit_fixes.MaskSelectionTests.test_keep_best_policy_is_explicit_debug_opt_in) ... ok\n"}
,{"stream_name":"stderr","time":41.986000418,"data":"test_rejects_all_candidates_below_threshold_by_default (test_pipeline_audit_fixes.MaskSelectionTests.test_rejects_all_candidates_below_threshold_by_default) ... ok\n"}
,{"stream_name":"stderr","time":41.987454761,"data":"test_selection_details_distinguish_threshold_candidates_and_components (test_pipeline_audit_fixes.MaskSelectionTests.test_selection_details_distinguish_threshold_candidates_and_components) ... ok\n"}
,{"stream_name":"stderr","time":41.987809175,"data":"test_support_clipping_fails_closed_when_candidate_is_off_support (test_pipeline_audit_fixes.MaskSelectionTests.test_support_clipping_fails_closed_when_candidate_is_off_support) ... ok\n"}
,{"stream_name":"stderr","time":41.991459987,"data":"test_manifest_detects_mask_tampering (test_pipeline_audit_fixes.PseudoManifestTests.test_manifest_detects_mask_tampering) ... ok\n"}
,{"stream_name":"stderr","time":41.993532387,"data":"test_non_finite_cam_produces_empty_support (test_pipeline_audit_fixes.PseudoManifestTests.test_non_finite_cam_produces_empty_support) ... ok\n"}
,{"stream_name":"stderr","time":41.995573189,"data":"test_binary_metric_math_on_small_mask (test_pipeline_audit_fixes.ReportingMetricTests.test_binary_metric_math_on_small_mask) ... ok\n"}
,{"stream_name":"stderr","time":41.996815162,"data":"test_boundary_means_are_explicitly_conditional_and_misses_are_counted (test_pipeline_audit_fixes.ReportingMetricTests.test_boundary_means_are_explicitly_conditional_and_misses_are_counted) ... ok\n"}
,{"stream_name":"stderr","time":42.000567902,"data":"test_classifier_auc_metrics_are_tie_invariant (test_pipeline_audit_fixes.ReportingMetricTests.test_classifier_auc_metrics_are_tie_invariant) ... ok\n"}
,{"stream_name":"stderr","time":42.008493874,"data":"test_classifier_group_bootstrap_reports_required_intervals (test_pipeline_audit_fixes.ReportingMetricTests.test_classifier_group_bootstrap_reports_required_intervals) ... ok\n"}
,{"stream_name":"stderr","time":42.009231746,"data":"test_normal_cases_are_not_mixed_into_main_tumor_dice (test_pipeline_audit_fixes.ReportingMetricTests.test_normal_cases_are_not_mixed_into_main_tumor_dice) ... ok\n"}
,{"stream_name":"stderr","time":42.010118363,"data":"test_one_to_one_lesion_matching_does_not_double_credit_merged_prediction (test_pipeline_audit_fixes.ReportingMetricTests.test_one_to_one_lesion_matching_does_not_double_credit_merged_prediction) ... ok\n"}
,{"stream_name":"stderr","time":42.010329701,"data":"test_pure_box_ignores_negative_points_and_passes_no_point_arrays (test_pipeline_audit_fixes.SAMPromptTests.test_pure_box_ignores_negative_points_and_passes_no_point_arrays) ... ok\n"}
,{"stream_name":"stderr","time":42.010818508,"data":"test_constant_zero_cam_produces_empty_support (test_pipeline_audit_fixes.TumorMorphologyTests.test_constant_zero_cam_produces_empty_support) ... ok\n"}
,{"stream_name":"stderr","time":42.010971724,"data":"test_flat_cam_does_not_create_corner_prompt (test_pipeline_audit_fixes.TumorMorphologyTests.test_flat_cam_does_not_create_corner_prompt) ... ok\n"}
,{"stream_name":"stderr","time":42.011052383,"data":"test_legacy_tumor_guidance_also_fails_closed_on_flat_cam (test_pipeline_audit_fixes.TumorMorphologyTests.test_legacy_tumor_guidance_also_fails_closed_on_flat_cam) ... ok\n"}
,{"stream_name":"stderr","time":42.030723382,"data":"test_negative_points_are_outside_positive_component (test_pipeline_audit_fixes.TumorMorphologyTests.test_negative_points_are_outside_positive_component) ... ok\n"}
,{"stream_name":"stderr","time":42.030765305,"data":"test_non_finite_cam_does_not_create_prompt (test_pipeline_audit_fixes.TumorMorphologyTests.test_non_finite_cam_does_not_create_prompt) ... ok\n"}
,{"stream_name":"stderr","time":42.030772677,"data":"\n"}
,{"stream_name":"stderr","time":42.030776696,"data":"----------------------------------------------------------------------\n"}
,{"stream_name":"stderr","time":42.030780606,"data":"Ran 29 tests in 0.072s\n"}
,{"stream_name":"stderr","time":42.030797597,"data":"\n"}
,{"stream_name":"stderr","time":42.030801176,"data":"OK\n"}
,{"stream_name":"stdout","time":42.089151334,"data":"RUN [\"/usr/bin/python3\", \"-m\", \"pip\", \"install\", \"--disable-pip-version-check\", \"--no-input\", \"--no-deps\", \"git+https://github.com/facebookresearch/segment-anything.git@6fdee8f2727f4506cfbbe553e23b895e27956588\"]\n"}
,{"stream_name":"stdout","time":44.352551188,"data":"Collecting git+https://github.com/facebookresearch/segment-anything.git@6fdee8f2727f4506cfbbe553e23b895e27956588\n"}
,{"stream_name":"stdout","time":44.353470345,"data":"  Cloning https://github.com/facebookresearch/segment-anything.git (to revision 6fdee8f2727f4506cfbbe553e23b895e27956588) to /tmp/pip-req-build-u1qekzai\n"}
,{"stream_name":"stderr","time":44.357672692,"data":"  Running command git clone --filter=blob:none --quiet https://github.com/facebookresearch/segment-anything.git /tmp/pip-req-build-u1qekzai\n"}
,{"stream_name":"stderr","time":46.409561705,"data":"  Running command git rev-parse -q --verify 'sha^6fdee8f2727f4506cfbbe553e23b895e27956588'\n"}
,{"stream_name":"stderr","time":46.412336236,"data":"  Running command git fetch -q https://github.com/facebookresearch/segment-anything.git 6fdee8f2727f4506cfbbe553e23b895e27956588\n"}
,{"stream_name":"stderr","time":46.638297453,"data":"  Running command git checkout -q 6fdee8f2727f4506cfbbe553e23b895e27956588\n"}
,{"stream_name":"stdout","time":46.969470705,"data":"  Resolved https://github.com/facebookresearch/segment-anything.git to commit 6fdee8f2727f4506cfbbe553e23b895e27956588\n"}
,{"stream_name":"stdout","time":46.977446788,"data":"  Preparing metadata (setup.py): started\n"}
,{"stream_name":"stdout","time":47.866101341,"data":"  Preparing metadata (setup.py): finished with status 'done'\n"}
,{"stream_name":"stdout","time":53.862290481,"data":"RUN [\"/usr/bin/python3\", \"/kaggle/input/datasets/itsthang333/btxrd-small-lesion-research-v10/project/generate_pseudo_masks.py\", \"--pipeline-profile\", \"default\", \"--data-root\", \"/kaggle/input/datasets/itsthang333/btxrd-raw/BTXRD\", \"--split\", \"val\", \"--split-manifest\", \"/kaggle/input/datasets/itsthang333/btxrd-small-lesion-research-v10/split_manifest.csv\", \"--classifier-checkpoint\", \"/kaggle/input/notebooks/itsthang333/btxrd-s2c-binary-classifier-v1/btxrd_s2c_binary_classifier_v1/training/best_classifier.pt\", \"--sam-checkpoint\", \"/kaggle/input/datasets/itsthang333/btxrd-model-checkpoints/btxrd-model-checkpoints/sam_vit_b_01ec64.pth\", \"--classifier-device\", \"cuda\", \"--sam-device\", \"cuda\", \"--target-columns\", \"tumor\", \"--image-size\", \"320\", \"--sam-image-size\", \"512\", \"--batch-size\", \"1\", \"--num-workers\", \"2\", \"--output-dir\", \"/kaggle/working/btxrd_s2c_gate_c_v1/ground_truth/pseudo_masks\", \"--process-all\", \"--save-visuals-limit\", \"0\", \"--confidence-threshold\", \"0.5\", \"--cam-percentile\", \"90\", \"--cam-percentile-ensemble\", \"--cam-percentile-values\", \"85,90,95\", \"--cam-tta-flip\", \"--max-points\", \"5\", \"--min-component-area\", \"100\", \"--mask-score-threshold\", \"0.4\", \"--seed-percentile\", \"82\", \"--support-percentile\", \"55\", \"--morphology-fusion-mode\", \"components\", \"--sam-prompt-mode\", \"box_point\", \"--sam-prompt-ensemble\", \"--max-components\", \"3\", \"--all-cam-components\", \"--points-per-component\", \"5\", \"--bbox-padding-ratio\", \"0.02\", \"--negative-points-per-component\", \"4\", \"--prompt-border-margin\", \"2\", \"--max-box-area-ratio\", \"0.35\", \"--layercam-weights\", \"0.20,0.30,0.50\", \"--layercam-gradient-mode\", \"positive\", \"--selection-method\", \"coverage_mass_sam\", \"--fusion-topk\", \"1\", \"--component-topk\", \"3\", \"--support-clip-kernel\", \"5\", \"--closing-kernel\", \"0\", \"--opening-kernel\", \"0\", \"--min-size\", \"40\", \"--max-hole-area\", \"0\", \"--guidance-threshold\", \"0.4\", \"--preprocessing-mode\", \"none\", \"--cam-aggregation\", \"class\", \"--low-score-policy\", \"empty\", \"--cam-target-class\", \"ground_truth\", \"--evaluate-prompt-quality\"]\n"}
,{"stream_name":"stdout","time":57.866855719,"data":"Loaded classifier checkpoint task=multi-label normalization=imagenet\n"}
,{"stream_name":"stdout","time":110.410119864,"data":"Loaded 371 ground-truth masks for prompt-quality evaluation\n"}
,{"stream_name":"stderr","time":111.680281389,"data":"/kaggle/input/datasets/itsthang333/btxrd-small-lesion-research-v10/project/models/classifier.py:54: FutureWarning: `torch.cuda.amp.autocast(args...)` is deprecated. Please use `torch.amp.autocast('cuda', args...)` instead.\n"}
,{"stream_name":"stderr","time":111.680360473,"data":"  with torch.cuda.amp.autocast(enabled=False):\n"}
,{"stream_name":"stdout","time":445.304665052,"data":"\n"}
,{"stream_name":"stdout","time":445.304729925,"data":"Done: full dataset. Masks saved to /kaggle/working/btxrd_s2c_gate_c_v1/ground_truth/pseudo_masks/masks (skipped 187 normal/low-confidence images)\n"}
,{"stream_name":"stdout","time":445.304995768,"data":"Saved list of 187 skipped image names to /kaggle/working/btxrd_s2c_gate_c_v1/ground_truth/pseudo_masks/skipped_low_confidence.txt\n"}
,{"stream_name":"stdout","time":446.023828469,"data":"Pseudo-mask completeness: 371/371 rows; manifest_sha256=9e9e2d73537c9ef604efa6914b6d50d2a7d36f57d1d09818523940f935ae0f05\n"}
,{"stream_name":"stdout","time":446.027690526,"data":"Prompt quality (184 images with GT): mean foreground_iou=0.0848 mean foreground_recall=0.7891 mean foreground_precision=0.0936 mean point_hit_rate=0.2993 mean negative_rejection=0.9475 mean box_recall=0.8743\n"}
,{"stream_name":"stdout","time":446.027720502,"data":"SAM-vs-selection oracle diagnostic (total gap decomposed into support-clip loss vs. mask-selection loss): mean oracle_best_single_dice=0.4212 mean oracle_best_single_dice_clipped=0.4072 mean selected_dice=0.2372 mean total_gap=0.1840 mean support_loss=0.0139 mean selection_loss=0.1700 mean final_dice=0.2335 mean postprocess_delta=-0.0037 (large support_loss =\u003e bone_support under-covers the lesion, fix morphology seed/support percentiles, not mask_selection.py; large selection_loss =\u003e bone_hybrid scoring is discarding a good clipped candidate, fix mask_selection.py)\n"}
,{"stream_name":"stdout","time":446.027731058,"data":"\n"}
,{"stream_name":"stdout","time":446.027748123,"data":"Oracle Dice by tumor_type (breaks down where CAM localization fails):\n"}
,{"stream_name":"stdout","time":446.027899713,"data":"  osteochondroma               n=  75  mean_oracle_dice=0.2228\n"}
,{"stream_name":"stdout","time":446.027911988,"data":"  osteosarcoma                 n=  30  mean_oracle_dice=0.6372\n"}
,{"stream_name":"stdout","time":446.027917685,"data":"  multiple osteochondromas     n=  26  mean_oracle_dice=0.4837\n"}
,{"stream_name":"stdout","time":446.027923255,"data":"  simple bone cyst             n=  20  mean_oracle_dice=0.6182\n"}
,{"stream_name":"stdout","time":446.027928065,"data":"  other bt                     n=  11  mean_oracle_dice=0.2645\n"}
,{"stream_name":"stdout","time":446.027933,"data":"  giant cell tumor             n=   9  mean_oracle_dice=0.6537\n"}
,{"stream_name":"stdout","time":446.027937831,"data":"  synovial osteochondroma      n=   5  mean_oracle_dice=0.8281\n"}
,{"stream_name":"stdout","time":446.027942578,"data":"  other mt                     n=   4  mean_oracle_dice=0.6079\n"}
,{"stream_name":"stdout","time":446.02794737,"data":"  osteofibroma                 n=   4  mean_oracle_dice=0.3418\n"}
,{"stream_name":"stdout","time":446.027952075,"data":"Saved per-image prompt-quality metrics to /kaggle/working/btxrd_s2c_gate_c_v1/ground_truth/pseudo_masks/prompt_quality.csv\n"}
,{"stream_name":"stdout","time":447.200959035,"data":"RUN [\"/usr/bin/python3\", \"/kaggle/input/datasets/itsthang333/btxrd-small-lesion-research-v10/project/evaluate_pseudo_masks.py\", \"--data-root\", \"/kaggle/input/datasets/itsthang333/btxrd-raw/BTXRD\", \"--split\", \"val\", \"--split-manifest\", \"/kaggle/input/datasets/itsthang333/btxrd-small-lesion-research-v10/split_manifest.csv\", \"--pred-mask-root\", \"/kaggle/working/btxrd_s2c_gate_c_v1/ground_truth/pseudo_masks/masks\", \"--image-size\", \"320\", \"--batch-size\", \"8\", \"--num-workers\", \"2\", \"--output-csv\", \"/kaggle/working/btxrd_s2c_gate_c_v1/ground_truth/evaluation/per_image.csv\", \"--output-json\", \"/kaggle/working/btxrd_s2c_gate_c_v1/ground_truth/evaluation/summary.json\", \"--bootstrap-iterations\", \"2000\", \"--bootstrap-seed\", \"42\"]\n"}
,{"stream_name":"stdout","time":460.360380887,"data":"Validated pseudo-mask manifest: 9e9e2d73537c9ef604efa6914b6d50d2a7d36f57d1d09818523940f935ae0f05\n"}
,{"stream_name":"stdout","time":460.368273227,"data":"Pseudo-mask protocol: ground_truth\n"}
,{"stream_name":"stdout","time":460.368308132,"data":"Loaded 187 low-confidence-skipped image names\n"}
,{"stream_name":"stdout","time":473.792367299,"data":"btxrd val: tumor images=184 (image-gate skips=0) conditional Dice=0.2335 end-to-end Dice=0.2335 | normal empty_prediction_rate=1.0000 | missing=0\n"}
,{"stream_name":"stdout","time":473.792417319,"data":"Saved separate per-image, summary, subgroup, bootstrap, confusion and run-manifest artifacts\n"}
,{"stream_name":"stdout","time":477.245938943,"data":"{\n"}
,{"stream_name":"stdout","time":477.245992763,"data":"  \"run_id\": \"btxrd_s2c_gate_c_v1\",\n"}
,{"stream_name":"stdout","time":477.245999606,"data":"  \"status\": \"complete\",\n"}
,{"stream_name":"stdout","time":477.246004317,"data":"  \"test_evaluated\": false,\n"}
,{"stream_name":"stdout","time":477.24600879,"data":"  \"split_manifest_sha256\": \"85511ee1bd1339c7b6b4f527acc504869da935997fd6b2485042edd619193c8c\",\n"}
,{"stream_name":"stdout","time":477.246015472,"data":"  \"classifier_checkpoint_sha256\": \"6c1562a4f6b2e789d71749c20fb9e8e3304e74c5f10da4f77cbd3657d820ee48\",\n"}
,{"stream_name":"stdout","time":477.246022633,"data":"  \"classifier_s2c_metadata\": {\n"}
,{"stream_name":"stdout","time":477.246025783,"data":"    \"method\": \"S2C SAM-Segment Contrasting\",\n"}
,{"stream_name":"stdout","time":477.246028839,"data":"    \"weight\": 1.0,\n"}
,{"stream_name":"stdout","time":477.246031758,"data":"    \"temperature\": 1.0,\n"}
,{"stream_name":"stdout","time":477.246034773,"data":"    \"map_root\": \"/kaggle/input/notebooks/itsthang333/btxrd-s2c-segment-everything-v1/btxrd_s2c_segment_everything_v1\",\n"}
,{"stream_name":"stdout","time":477.246037917,"data":"    \"manifest_sha256\": \"677dbb16ca0824a03bb75c991a01e6a83de5819d1db1f6f6d9f02765375c8f8e\",\n"}
,{"stream_name":"stdout","time":477.246041005,"data":"    \"map_shape\": [\n"}
,{"stream_name":"stdout","time":477.246043923,"data":"      80,\n"}
,{"stream_name":"stdout","time":477.246046882,"data":"      80\n"}
,{"stream_name":"stdout","time":477.246049757,"data":"    ],\n"}
,{"stream_name":"stdout","time":477.246053125,"data":"    \"train_maps\": 2981,\n"}
,{"stream_name":"stdout","time":477.246069922,"data":"    \"prototype_gradient\": \"detached\",\n"}
,{"stream_name":"stdout","time":477.246075305,"data":"    \"ignore_region_id\": 0\n"}
,{"stream_name":"stdout","time":477.246080471,"data":"  },\n"}
,{"stream_name":"stdout","time":477.246085274,"data":"  \"sam_checkpoint_sha256\": \"ec2df62732614e57411cdcf32a23ffdf28910380d03139ee0f4fcbe91eb8c912\",\n"}
,{"stream_name":"stdout","time":477.246089893,"data":"  \"baseline\": {\n"}
,{"stream_name":"stdout","time":477.246107037,"data":"    \"run_id\": \"btxrd_binary_cam_sam_tta_flip_v1\",\n"}
,{"stream_name":"stdout","time":477.246110686,"data":"    \"per_image_sha256\": \"fe5cf247cd236799de9e279db342314c11ff65fdb065cda26986c302efd05540\",\n"}
,{"stream_name":"stdout","time":477.246114578,"data":"    \"mean_tumor_dice\": 0.23433922219069755\n"}
,{"stream_name":"stdout","time":477.246118465,"data":"  },\n"}
,{"stream_name":"stdout","time":477.246121672,"data":"  \"candidate_mean_tumor_dice\": 0.2334851255824092,\n"}
,{"stream_name":"stdout","time":477.246125093,"data":"  \"lesion_size_diagnostics\": {\n"}
,{"stream_name":"stdout","time":477.246128453,"data":"    \"small\": {\n"}
,{"stream_name":"stdout","time":477.246131824,"data":"      \"definition\": \"frozen baseline validation tumor gt_area_ratio \u003c 0.01\",\n"}
,{"stream_name":"stdout","time":477.246135805,"data":"      \"diagnostic_only_never_inference_input\": true,\n"}
,{"stream_name":"stdout","time":477.246139266,"data":"      \"images\": 94,\n"}
,{"stream_name":"stdout","time":477.246142608,"data":"      \"baseline_mean_dice\": 0.1121634039404338,\n"}
,{"stream_name":"stdout","time":477.246146041,"data":"      \"candidate_mean_dice\": 0.06339620406803098,\n"}
,{"stream_name":"stdout","time":477.246149402,"data":"      \"delta\": -0.048767199872402814\n"}
,{"stream_name":"stdout","time":477.246153299,"data":"    },\n"}
,{"stream_name":"stdout","time":477.246157327,"data":"    \"medium\": {\n"}
,{"stream_name":"stdout","time":477.24616171,"data":"      \"definition\": \"frozen baseline validation tumor 0.01 \u003c= gt_area_ratio \u003c 0.05\",\n"}
,{"stream_name":"stdout","time":477.246166812,"data":"      \"diagnostic_only_never_inference_input\": true,\n"}
,{"stream_name":"stdout","time":477.24617098,"data":"      \"images\": 72,\n"}
,{"stream_name":"stdout","time":477.246174852,"data":"      \"baseline_mean_dice\": 0.34860371437700266,\n"}
,{"stream_name":"stdout","time":477.246179188,"data":"      \"candidate_mean_dice\": 0.39629171082251075,\n"}
,{"stream_name":"stdout","time":477.246183144,"data":"      \"delta\": 0.047687996445508085\n"}
,{"stream_name":"stdout","time":477.246186503,"data":"    },\n"}
,{"stream_name":"stdout","time":477.246189722,"data":"    \"large\": {\n"}
,{"stream_name":"stdout","time":477.246193009,"data":"      \"definition\": \"frozen baseline validation tumor gt_area_ratio \u003e= 0.05\",\n"}
,{"stream_name":"stdout","time":477.246196628,"data":"      \"diagnostic_only_never_inference_input\": true,\n"}
,{"stream_name":"stdout","time":477.246200033,"data":"      \"images\": 18,\n"}
,{"stream_name":"stdout","time":477.246203317,"data":"      \"baseline_mean_dice\": 0.4153105265301879,\n"}
,{"stream_name":"stdout","time":477.246206711,"data":"      \"candidate_mean_dice\": 0.4705009303082,\n"}
,{"stream_name":"stdout","time":477.246211843,"data":"      \"delta\": 0.0551904037780121\n"}
,{"stream_name":"stdout","time":477.246215548,"data":"    }\n"}
,{"stream_name":"stdout","time":477.246219072,"data":"  },\n"}
,{"stream_name":"stdout","time":477.246222239,"data":"  \"paired_vs_promoted_tta\": {\n"}
,{"stream_name":"stdout","time":477.246225832,"data":"    \"method\": \"paired nonparametric bootstrap resampling complete tumor groups\",\n"}
,{"stream_name":"stdout","time":477.246230948,"data":"    \"tumor_groups\": 167,\n"}
,{"stream_name":"stdout","time":477.246246889,"data":"    \"tumor_images\": 184,\n"}
,{"stream_name":"stdout","time":477.246251233,"data":"    \"iterations\": 10000,\n"}
,{"stream_name":"stdout","time":477.24625521,"data":"    \"seed\": 42,\n"}
,{"stream_name":"stdout","time":477.246258959,"data":"    \"mean_tumor_dice_delta\": -0.0008540966082883829,\n"}
,{"stream_name":"stdout","time":477.246267547,"data":"    \"ci95_low\": -0.031253576979121254,\n"}
,{"stream_name":"stdout","time":477.246270988,"data":"    \"ci95_high\": 0.029109219304988138\n"}
,{"stream_name":"stdout","time":477.246274357,"data":"  },\n"}
,{"stream_name":"stdout","time":477.246277612,"data":"  \"promotion_rule\": \"candidate mean_tumor_dice exceeds promoted TTA baseline and paired tumor-group bootstrap ci95_low is above zero and the predeclared 94-image small-lesion mean does not decrease\",\n"}
,{"stream_name":"stdout","time":477.246281398,"data":"  \"promoted\": false,\n"}
,{"stream_name":"stdout","time":477.24628483,"data":"  \"protocol_results\": {\n"}
,{"stream_name":"stdout","time":477.246287915,"data":"    \"ground_truth\": {\n"}
,{"stream_name":"stdout","time":477.246290947,"data":"      \"evaluation\": {\n"}
,{"stream_name":"stdout","time":477.246294723,"data":"        \"dataset\": \"btxrd\",\n"}
,{"stream_name":"stdout","time":477.246298357,"data":"        \"split\": \"val\",\n"}
,{"stream_name":"stdout","time":477.246302412,"data":"        \"cam_target_class_protocol\": \"ground_truth\",\n"}
,{"stream_name":"stdout","time":477.246306148,"data":"        \"pred_mask_root\": \"/kaggle/working/btxrd_s2c_gate_c_v1/ground_truth/pseudo_masks/masks\",\n"}
,{"stream_name":"stdout","time":477.246310519,"data":"        \"boundary_distance_unit\": \"pixels on the resized evaluation grid\",\n"}
,{"stream_name":"stdout","time":477.246314603,"data":"        \"missing\": 0,\n"}
,{"stream_name":"stdout","time":477.246318099,"data":"        \"tumor_images_skipped_by_image_gate\": 0,\n"}
,{"stream_name":"stdout","time":477.24632189,"data":"        \"images\": 371,\n"}
,{"stream_name":"stdout","time":477.246325858,"data":"        \"tumor_images\": 184,\n"}
,{"stream_name":"stdout","time":477.24632961,"data":"        \"normal_images\": 187,\n"}
,{"stream_name":"stdout","time":477.246333513,"data":"        \"main_population\": \"tumor images only\",\n"}
,{"stream_name":"stdout","time":477.246337327,"data":"        \"mean_tumor_dice\": 0.2334851255824092,\n"}
,{"stream_name":"stdout","time":477.246341383,"data":"        \"mean_tumor_iou\": 0.16493224364342468,\n"}
,{"stream_name":"stdout","time":477.246344814,"data":"        \"mean_tumor_precision\": 0.21481076349544204,\n"}
,{"stream_name":"stdout","time":477.246349177,"data":"        \"mean_tumor_recall\": 0.5840798374785,\n"}
,{"stream_name":"stdout","time":477.246353082,"data":"        \"mean_tumor_hd95_px_conditional_defined\": 108.96555051756346,\n"}
,{"stream_name":"stdout","time":477.246356823,"data":"        \"mean_tumor_assd_px_conditional_defined\": 50.23270020024872,\n"}
,{"stream_name":"stdout","time":477.246360638,"data":"        \"boundary_metric_definition\": \"conditional mean over tumor images with both GT and prediction non-empty; distances are pixels on the resized evaluation grid (not mm); complete misses are excluded and counted separately\",\n"}
,{"stream_name":"stdout","time":477.246365052,"data":"        \"boundary_metric_eligible_tumor_images\": 182,\n"}
,{"stream_name":"stdout","time":477.246369449,"data":"        \"boundary_metric_excluded_tumor_images\": 2,\n"}
,{"stream_name":"stdout","time":477.246373488,"data":"        \"boundary_metric_complete_misses\": 2,\n"}
,{"stream_name":"stdout","time":477.246377422,"data":"        \"tumor_non_empty_prediction_rate\": 0.9891304347826086,\n"}
,{"stream_name":"stdout","time":477.246381238,"data":"        \"tumor_overlap_detection_rate\": 0.8260869565217391,\n"}
,{"stream_name":"stdout","time":477.246385146,"data":"        \"lesion_any_overlap_recall\": 0.7543859649122807,\n"}
,{"stream_name":"stdout","time":477.246394292,"data":"        \"lesion_any_overlap_precision\": 0.5679442508710801,\n"}
,{"stream_name":"stdout","time":477.246398638,"data":"        \"gt_lesions\": 228,\n"}
,{"stream_name":"stdout","time":477.246402403,"data":"        \"detected_lesions_any_overlap\": 172,\n"}
,{"stream_name":"stdout","time":477.246406351,"data":"        \"predicted_lesions\": 287,\n"}
,{"stream_name":"stdout","time":477.246409818,"data":"        \"multifocal_tumor_images\": 23,\n"}
,{"stream_name":"stdout","time":477.246422025,"data":"        \"multifocal_tumor_image_rate\": 0.125,\n"}
,{"stream_name":"stdout","time":477.24642619,"data":"        \"gt_component_count_histogram\": {\n"}
,{"stream_name":"stdout","time":477.24642995,"data":"          \"1\": 161,\n"}
,{"stream_name":"stdout","time":477.246433924,"data":"          \"2\": 12,\n"}
,{"stream_name":"stdout","time":477.246437833,"data":"          \"3\": 5,\n"}
,{"stream_name":"stdout","time":477.246441061,"data":"          \"4\": 4,\n"}
,{"stream_name":"stdout","time":477.246444666,"data":"          \"5\": 1,\n"}
,{"stream_name":"stdout","time":477.246448047,"data":"          \"7\": 1\n"}
,{"stream_name":"stdout","time":477.246452178,"data":"        },\n"}
,{"stream_name":"stdout","time":477.246456206,"data":"        \"normal_empty_prediction_rate\": 1.0,\n"}
,{"stream_name":"stdout","time":477.246460303,"data":"        \"normal_false_positive_case_rate\": 0.0,\n"}
,{"stream_name":"stdout","time":477.246464392,"data":"        \"pixel_specificity\": 0.9699618014175767,\n"}
,{"stream_name":"stdout","time":477.246468284,"data":"        \"pixel_precision\": 0.15470251186263365,\n"}
,{"stream_name":"stdout","time":477.246472608,"data":"        \"pixel_recall\": 0.5372307804249303,\n"}
,{"stream_name":"stdout","time":477.2464766,"data":"        \"tp_pixels\": 206735,\n"}
,{"stream_name":"stdout","time":477.246480536,"data":"        \"fp_pixels\": 1129604,\n"}
,{"stream_name":"stdout","time":477.246484089,"data":"        \"fn_pixels\": 178081,\n"}
,{"stream_name":"stdout","time":477.246488,"data":"        \"tn_pixels\": 36475980,\n"}
,{"stream_name":"stdout","time":477.246492068,"data":"        \"lesion_one_to_one_iou10_recall\": 0.39473684210526316,\n"}
,{"stream_name":"stdout","time":477.246496338,"data":"        \"lesion_one_to_one_iou10_precision\": 0.313588850174216,\n"}
,{"stream_name":"stdout","time":477.246500247,"data":"        \"lesion_one_to_one_iou10_f1\": 0.34951456310679613,\n"}
,{"stream_name":"stdout","time":477.246503515,"data":"        \"lesion_tp_one_to_one_iou10\": 90,\n"}
,{"stream_name":"stdout","time":477.246507705,"data":"        \"lesion_one_to_one_iou25_recall\": 0.2850877192982456,\n"}
,{"stream_name":"stdout","time":477.246511742,"data":"        \"lesion_one_to_one_iou25_precision\": 0.2264808362369338,\n"}
,{"stream_name":"stdout","time":477.24651565,"data":"        \"lesion_one_to_one_iou25_f1\": 0.2524271844660194,\n"}
,{"stream_name":"stdout","time":477.246519559,"data":"        \"lesion_tp_one_to_one_iou25\": 65,\n"}
,{"stream_name":"stdout","time":477.246523283,"data":"        \"lesion_one_to_one_iou50_recall\": 0.08333333333333333,\n"}
,{"stream_name":"stdout","time":477.246527458,"data":"        \"lesion_one_to_one_iou50_precision\": 0.06620209059233449,\n"}
,{"stream_name":"stdout","time":477.246531588,"data":"        \"lesion_one_to_one_iou50_f1\": 0.07378640776699029,\n"}
,{"stream_name":"stdout","time":477.246535653,"data":"        \"lesion_tp_one_to_one_iou50\": 19,\n"}
,{"stream_name":"stdout","time":477.24653928,"data":"        \"lesion_matching_definition\": \"maximum-cardinality one-to-one connected-component matching at IoU thresholds 0.10, 0.25, 0.50\",\n"}
,{"stream_name":"stdout","time":477.246547363,"data":"        \"end_to_end\": {\n"}
,{"stream_name":"stdout","time":477.24655125,"data":"          \"images\": 371,\n"}
,{"stream_name":"stdout","time":477.246555205,"data":"          \"tumor_images\": 184,\n"}
,{"stream_name":"stdout","time":477.24655932,"data":"          \"normal_images\": 187,\n"}
,{"stream_name":"stdout","time":477.246563175,"data":"          \"main_population\": \"tumor images only\",\n"}
,{"stream_name":"stdout","time":477.246567385,"data":"          \"mean_tumor_dice\": 0.2334851255824092,\n"}
,{"stream_name":"stdout","time":477.246571367,"data":"          \"mean_tumor_iou\": 0.16493224364342468,\n"}
,{"stream_name":"stdout","time":477.246575252,"data":"          \"mean_tumor_precision\": 0.21481076349544204,\n"}
,{"stream_name":"stdout","time":477.246578797,"data":"          \"mean_tumor_recall\": 0.5840798374785,\n"}
,{"stream_name":"stdout","time":477.246582763,"data":"          \"mean_tumor_hd95_px_conditional_defined\": 108.96555051756346,\n"}
,{"stream_name":"stdout","time":477.246588162,"data":"          \"mean_tumor_assd_px_conditional_defined\": 50.23270020024872,\n"}
,{"stream_name":"stdout","time":477.246592458,"data":"          \"boundary_metric_definition\": \"conditional mean over tumor images with both GT and prediction non-empty; distances are pixels on the resized evaluation grid (not mm); complete misses are excluded and counted separately\",\n"}
,{"stream_name":"stdout","time":477.246596581,"data":"          \"boundary_metric_eligible_tumor_images\": 182,\n"}
,{"stream_name":"stdout","time":477.246600195,"data":"          \"boundary_metric_excluded_tumor_images\": 2,\n"}
,{"stream_name":"stdout","time":477.246603807,"data":"          \"boundary_metric_complete_misses\": 2,\n"}
,{"stream_name":"stdout","time":477.246607905,"data":"          \"tumor_non_empty_prediction_rate\": 0.9891304347826086,\n"}
,{"stream_name":"stdout","time":477.246612071,"data":"          \"tumor_overlap_detection_rate\": 0.8260869565217391,\n"}
,{"stream_name":"stdout","time":477.246616094,"data":"          \"lesion_any_overlap_recall\": 0.7543859649122807,\n"}
,{"stream_name":"stdout","time":477.246619542,"data":"          \"lesion_any_overlap_precision\": 0.5679442508710801,\n"}
,{"stream_name":"stdout","time":477.246623805,"data":"          \"gt_lesions\": 228,\n"}
,{"stream_name":"stdout","time":477.246627674,"data":"          \"detected_lesions_any_overlap\": 172,\n"}
,{"stream_name":"stdout","time":477.246631689,"data":"          \"predicted_lesions\": 287,\n"}
,{"stream_name":"stdout","time":477.246635242,"data":"          \"multifocal_tumor_images\": 23,\n"}
,{"stream_name":"stdout","time":477.246638609,"data":"          \"multifocal_tumor_image_rate\": 0.125,\n"}
,{"stream_name":"stdout","time":477.246642508,"data":"          \"gt_component_count_histogram\": {\n"}
,{"stream_name":"stdout","time":477.246646458,"data":"            \"1\": 161,\n"}
,{"stream_name":"stdout","time":477.246650347,"data":"            \"2\": 12,\n"}
,{"stream_name":"stdout","time":477.24665421,"data":"            \"3\": 5,\n"}
,{"stream_name":"stdout","time":477.246657726,"data":"            \"4\": 4,\n"}
,{"stream_name":"stdout","time":477.246661483,"data":"            \"5\": 1,\n"}
,{"stream_name":"stdout","time":477.246665115,"data":"            \"7\": 1\n"}
,{"stream_name":"stdout","time":477.24666904,"data":"          },\n"}
,{"stream_name":"stdout","time":477.246672205,"data":"          \"normal_empty_prediction_rate\": 1.0,\n"}
,{"stream_name":"stdout","time":477.246680279,"data":"          \"normal_false_positive_case_rate\": 0.0,\n"}
,{"stream_name":"stdout","time":477.246684468,"data":"          \"pixel_specificity\": 0.9699618014175767,\n"}
,{"stream_name":"stdout","time":477.246688128,"data":"          \"pixel_precision\": 0.15470251186263365,\n"}
,{"stream_name":"stdout","time":477.246692084,"data":"          \"pixel_recall\": 0.5372307804249303,\n"}
,{"stream_name":"stdout","time":477.246696058,"data":"          \"tp_pixels\": 206735,\n"}
,{"stream_name":"stdout","time":477.246699968,"data":"          \"fp_pixels\": 1129604,\n"}
,{"stream_name":"stdout","time":477.246703381,"data":"          \"fn_pixels\": 178081,\n"}
,{"stream_name":"stdout","time":477.246707282,"data":"          \"tn_pixels\": 36475980,\n"}
,{"stream_name":"stdout","time":477.246711222,"data":"          \"lesion_one_to_one_iou10_recall\": 0.39473684210526316,\n"}
,{"stream_name":"stdout","time":477.246715111,"data":"          \"lesion_one_to_one_iou10_precision\": 0.313588850174216,\n"}
,{"stream_name":"stdout","time":477.246719255,"data":"          \"lesion_one_to_one_iou10_f1\": 0.34951456310679613,\n"}
,{"stream_name":"stdout","time":477.246723141,"data":"          \"lesion_tp_one_to_one_iou10\": 90,\n"}
,{"stream_name":"stdout","time":477.246726653,"data":"          \"lesion_one_to_one_iou25_recall\": 0.2850877192982456,\n"}
,{"stream_name":"stdout","time":477.24673004,"data":"          \"lesion_one_to_one_iou25_precision\": 0.2264808362369338,\n"}
,{"stream_name":"stdout","time":477.246734231,"data":"          \"lesion_one_to_one_iou25_f1\": 0.2524271844660194,\n"}
,{"stream_name":"stdout","time":477.246756151,"data":"          \"lesion_tp_one_to_one_iou25\": 65,\n"}
,{"stream_name":"stdout","time":477.246761214,"data":"          \"lesion_one_to_one_iou50_recall\": 0.08333333333333333,\n"}
,{"stream_name":"stdout","time":477.246765068,"data":"          \"lesion_one_to_one_iou50_precision\": 0.06620209059233449,\n"}
,{"stream_name":"stdout","time":477.24676944,"data":"          \"lesion_one_to_one_iou50_f1\": 0.07378640776699029,\n"}
,{"stream_name":"stdout","time":477.246773525,"data":"          \"lesion_tp_one_to_one_iou50\": 19,\n"}
,{"stream_name":"stdout","time":477.246777583,"data":"          \"lesion_matching_definition\": \"maximum-cardinality one-to-one connected-component matching at IoU thresholds 0.10, 0.25, 0.50\"\n"}
,{"stream_name":"stdout","time":477.24678173,"data":"        },\n"}
,{"stream_name":"stdout","time":477.246785005,"data":"        \"cam_sam_conditional_tumor_only\": {\n"}
,{"stream_name":"stdout","time":477.246789066,"data":"          \"images\": 184,\n"}
,{"stream_name":"stdout","time":477.2467929,"data":"          \"tumor_images\": 184,\n"}
,{"stream_name":"stdout","time":477.246796772,"data":"          \"normal_images\": 0,\n"}
,{"stream_name":"stdout","time":477.246800382,"data":"          \"main_population\": \"tumor images only\",\n"}
,{"stream_name":"stdout","time":477.246803921,"data":"          \"mean_tumor_dice\": 0.2334851255824092,\n"}
,{"stream_name":"stdout","time":477.246807936,"data":"          \"mean_tumor_iou\": 0.16493224364342468,\n"}
,{"stream_name":"stdout","time":477.246811835,"data":"          \"mean_tumor_precision\": 0.21481076349544204,\n"}
,{"stream_name":"stdout","time":477.246815797,"data":"          \"mean_tumor_recall\": 0.5840798374785,\n"}
,{"stream_name":"stdout","time":477.246819366,"data":"          \"mean_tumor_hd95_px_conditional_defined\": 108.96555051756346,\n"}
,{"stream_name":"stdout","time":477.246823455,"data":"          \"mean_tumor_assd_px_conditional_defined\": 50.23270020024872,\n"}
,{"stream_name":"stdout","time":477.246827695,"data":"          \"boundary_metric_definition\": \"conditional mean over tumor images with both GT and prediction non-empty; distances are pixels on the resized evaluation grid (not mm); complete misses are excluded and counted separately\",\n"}
,{"stream_name":"stdout","time":477.246836556,"data":"          \"boundary_metric_eligible_tumor_images\": 182,\n"}
,{"stream_name":"stdout","time":477.246840684,"data":"          \"boundary_metric_excluded_tumor_images\": 2,\n"}
,{"stream_name":"stdout","time":477.246844953,"data":"          \"boundary_metric_complete_misses\": 2,\n"}
,{"stream_name":"stdout","time":477.246849153,"data":"          \"tumor_non_empty_prediction_rate\": 0.9891304347826086,\n"}
,{"stream_name":"stdout","time":477.246852998,"data":"          \"tumor_overlap_detection_rate\": 0.8260869565217391,\n"}
,{"stream_name":"stdout","time":477.246857349,"data":"          \"lesion_any_overlap_recall\": 0.7543859649122807,\n"}
,{"stream_name":"stdout","time":477.246861537,"data":"          \"lesion_any_overlap_precision\": 0.5679442508710801,\n"}
,{"stream_name":"stdout","time":477.246865569,"data":"          \"gt_lesions\": 228,\n"}
,{"stream_name":"stdout","time":477.246869402,"data":"          \"detected_lesions_any_overlap\": 172,\n"}
,{"stream_name":"stdout","time":477.246873471,"data":"          \"predicted_lesions\": 287,\n"}
,{"stream_name":"stdout","time":477.246876995,"data":"          \"multifocal_tumor_images\": 23,\n"}
,{"stream_name":"stdout","time":477.246881334,"data":"          \"multifocal_tumor_image_rate\": 0.125,\n"}
,{"stream_name":"stdout","time":477.246885237,"data":"          \"gt_component_count_histogram\": {\n"}
,{"stream_name":"stdout","time":477.246893381,"data":"            \"1\": 161,\n"}
,{"stream_name":"stdout","time":477.246898835,"data":"            \"2\": 12,\n"}
,{"stream_name":"stdout","time":477.246902902,"data":"            \"3\": 5,\n"}
,{"stream_name":"stdout","time":477.246906333,"data":"            \"4\": 4,\n"}
,{"stream_name":"stdout","time":477.246911435,"data":"            \"5\": 1,\n"}
,{"stream_name":"stdout","time":477.246915388,"data":"            \"7\": 1\n"}
,{"stream_name":"stdout","time":477.246918989,"data":"          },\n"}
,{"stream_name":"stdout","time":477.246922767,"data":"          \"normal_empty_prediction_rate\": null,\n"}
,{"stream_name":"stdout","time":477.246926718,"data":"          \"normal_false_positive_case_rate\": null,\n"}
,{"stream_name":"stdout","time":477.246930802,"data":"          \"pixel_specificity\": 0.938797354945477,\n"}
,{"stream_name":"stdout","time":477.246934534,"data":"          \"pixel_precision\": 0.15470251186263365,\n"}
,{"stream_name":"stdout","time":477.246938465,"data":"          \"pixel_recall\": 0.5372307804249303,\n"}
,{"stream_name":"stdout","time":477.246942373,"data":"          \"tp_pixels\": 206735,\n"}
,{"stream_name":"stdout","time":477.246946832,"data":"          \"fp_pixels\": 1129604,\n"}
,{"stream_name":"stdout","time":477.24695082,"data":"          \"fn_pixels\": 178081,\n"}
,{"stream_name":"stdout","time":477.246954592,"data":"          \"tn_pixels\": 17327180,\n"}
,{"stream_name":"stdout","time":477.246958607,"data":"          \"lesion_one_to_one_iou10_recall\": 0.39473684210526316,\n"}
,{"stream_name":"stdout","time":477.246962652,"data":"          \"lesion_one_to_one_iou10_precision\": 0.313588850174216,\n"}
,{"stream_name":"stdout","time":477.24696674,"data":"          \"lesion_one_to_one_iou10_f1\": 0.34951456310679613,\n"}
,{"stream_name":"stdout","time":477.24697027,"data":"          \"lesion_tp_one_to_one_iou10\": 90,\n"}
,{"stream_name":"stdout","time":477.246974408,"data":"          \"lesion_one_to_one_iou25_recall\": 0.2850877192982456,\n"}
,{"stream_name":"stdout","time":477.246983095,"data":"          \"lesion_one_to_one_iou25_precision\": 0.2264808362369338,\n"}
,{"stream_name":"stdout","time":477.246987307,"data":"          \"lesion_one_to_one_iou25_f1\": 0.2524271844660194,\n"}
,{"stream_name":"stdout","time":477.24699104,"data":"          \"lesion_tp_one_to_one_iou25\": 65,\n"}
,{"stream_name":"stdout","time":477.246994584,"data":"          \"lesion_one_to_one_iou50_recall\": 0.08333333333333333,\n"}
,{"stream_name":"stdout","time":477.24699871,"data":"          \"lesion_one_to_one_iou50_precision\": 0.06620209059233449,\n"}
,{"stream_name":"stdout","time":477.247002685,"data":"          \"lesion_one_to_one_iou50_f1\": 0.07378640776699029,\n"}
,{"stream_name":"stdout","time":477.2470067,"data":"          \"lesion_tp_one_to_one_iou50\": 19,\n"}
,{"stream_name":"stdout","time":477.247010172,"data":"          \"lesion_matching_definition\": \"maximum-cardinality one-to-one connected-component matching at IoU thresholds 0.10, 0.25, 0.50\"\n"}
,{"stream_name":"stdout","time":477.247013948,"data":"        }\n"}
,{"stream_name":"stdout","time":477.24701787,"data":"      },\n"}
,{"stream_name":"stdout","time":477.247021646,"data":"      \"prompt_quality\": {\n"}
,{"stream_name":"stdout","time":477.247025748,"data":"        \"all_rows\": 184,\n"}
,{"stream_name":"stdout","time":477.247029265,"data":"        \"tumor_rows\": 184,\n"}
,{"stream_name":"stdout","time":477.247033073,"data":"        \"tumor_only_means\": {\n"}
,{"stream_name":"stdout","time":477.247037199,"data":"          \"foreground_iou\": 0.08477742054817441,\n"}
,{"stream_name":"stdout","time":477.247041156,"data":"          \"foreground_recall\": 0.7891020629479739,\n"}
,{"stream_name":"stdout","time":477.24704509,"data":"          \"foreground_precision\": 0.09360870316828039,\n"}
,{"stream_name":"stdout","time":477.247048967,"data":"          \"point_hit_rate\": 0.2992637799852253,\n"}
,{"stream_name":"stdout","time":477.24705297,"data":"          \"negative_rejection_rate\": 0.9474859474286375,\n"}
,{"stream_name":"stdout","time":477.247057098,"data":"          \"box_recall\": 0.8742655224925493,\n"}
,{"stream_name":"stdout","time":477.247061073,"data":"          \"box_precision\": 0.06865450168729018,\n"}
,{"stream_name":"stdout","time":477.247064259,"data":"          \"oracle_best_single_dice\": 0.42117180356318207,\n"}
,{"stream_name":"stdout","time":477.247068048,"data":"          \"oracle_best_single_dice_clipped\": 0.4072234218488103,\n"}
,{"stream_name":"stdout","time":477.247072289,"data":"          \"selected_dice\": 0.23719367563413762,\n"}
,{"stream_name":"stdout","time":477.247076272,"data":"          \"oracle_gap_dice\": 0.18397812792904447,\n"}
,{"stream_name":"stdout","time":477.247080373,"data":"          \"support_loss_dice\": 0.013948381714371816,\n"}
,{"stream_name":"stdout","time":477.247083986,"data":"          \"selection_loss_dice\": 0.17002974621467265,\n"}
,{"stream_name":"stdout","time":477.247088178,"data":"          \"final_dice\": 0.23348512577270314,\n"}
,{"stream_name":"stdout","time":477.247092185,"data":"          \"final_iou\": 0.16493224386450553,\n"}
,{"stream_name":"stdout","time":477.247096137,"data":"          \"postprocess_delta_dice\": -0.0037085498614344505\n"}
,{"stream_name":"stdout","time":477.247099548,"data":"        }\n"}
,{"stream_name":"stdout","time":477.247102625,"data":"      },\n"}
,{"stream_name":"stdout","time":477.247106483,"data":"      \"run_metadata_sha256\": \"c13ccf212414a64e3ce740370818e6cd9b97cf861fde2b387b1103dc02d3b7f7\",\n"}
,{"stream_name":"stdout","time":477.247111507,"data":"      \"pseudo_mask_manifest_sha256\": \"9e9e2d73537c9ef604efa6914b6d50d2a7d36f57d1d09818523940f935ae0f05\",\n"}
,{"stream_name":"stdout","time":477.247119137,"data":"      \"evaluation_per_image_sha256\": \"ce335a7933ae8789df9ceaefaacd9e27626f99b7e7a7c9ebdd48def011eecc45\"\n"}
,{"stream_name":"stdout","time":477.247123552,"data":"    }\n"}
,{"stream_name":"stdout","time":477.247127312,"data":"  }\n"}
,{"stream_name":"stdout","time":477.247131054,"data":"}\n"}
,{"stream_name":"stderr","time":480.117871127,"data":"/usr/local/lib/python3.12/dist-packages/mistune.py:435: SyntaxWarning: invalid escape sequence '\\|'\n"}
,{"stream_name":"stderr","time":480.117922394,"data":"  cells[i][c] = re.sub('\\\\\\\\\\|', '|', cell)\n"}
,{"stream_name":"stderr","time":480.409793393,"data":"/usr/local/lib/python3.12/dist-packages/nbconvert/filters/filter_links.py:36: SyntaxWarning: invalid escape sequence '\\_'\n"}
,{"stream_name":"stderr","time":480.40982326,"data":"  text = re.sub(r'_', '\\_', text) # Escape underscores in display text\n"}
,{"stream_name":"stderr","time":481.035719887,"data":"[NbConvertApp] Converting notebook __script__.ipynb to html\n"}
,{"stream_name":"stderr","time":482.513369635,"data":"[NbConvertApp] Writing 406126 bytes to __results__.html\n"}
]