[{"stream_name":"stdout","time":20.713127804,"data":"RUN [\"/usr/bin/python3\", \"-m\", \"pip\", \"install\", \"--disable-pip-version-check\", \"--no-input\", \"--no-deps\", \"git+https://github.com/facebookresearch/segment-anything.git@6fdee8f2727f4506cfbbe553e23b895e27956588\"]\n"}
,{"stream_name":"stdout","time":22.621983492,"data":"Collecting git+https://github.com/facebookresearch/segment-anything.git@6fdee8f2727f4506cfbbe553e23b895e27956588\n"}
,{"stream_name":"stdout","time":22.623056300000002,"data":"  Cloning https://github.com/facebookresearch/segment-anything.git (to revision 6fdee8f2727f4506cfbbe553e23b895e27956588) to /tmp/pip-req-build-8upmedrl\n"}
,{"stream_name":"stderr","time":22.639782745,"data":"  Running command git clone --filter=blob:none --quiet https://github.com/facebookresearch/segment-anything.git /tmp/pip-req-build-8upmedrl\n"}
,{"stream_name":"stderr","time":24.514165886,"data":"  Running command git rev-parse -q --verify 'sha^6fdee8f2727f4506cfbbe553e23b895e27956588'\n"}
,{"stream_name":"stderr","time":24.517138248,"data":"  Running command git fetch -q https://github.com/facebookresearch/segment-anything.git 6fdee8f2727f4506cfbbe553e23b895e27956588\n"}
,{"stream_name":"stderr","time":24.726050637,"data":"  Running command git checkout -q 6fdee8f2727f4506cfbbe553e23b895e27956588\n"}
,{"stream_name":"stdout","time":25.029189333,"data":"  Resolved https://github.com/facebookresearch/segment-anything.git to commit 6fdee8f2727f4506cfbbe553e23b895e27956588\n"}
,{"stream_name":"stdout","time":25.03560733,"data":"  Preparing metadata (setup.py): started\n"}
,{"stream_name":"stdout","time":25.903827534,"data":"  Preparing metadata (setup.py): finished with status 'done'\n"}
,{"stream_name":"stdout","time":30.900204422,"data":"RUN [\"/usr/bin/python3\", \"/kaggle/input/datasets/itsthang333/btxrd-small-lesion-research-v1/project/generate_pseudo_masks.py\", \"--pipeline-profile\", \"default\", \"--data-root\", \"/kaggle/input/datasets/itsthang333/btxrd-raw/BTXRD\", \"--split\", \"val\", \"--split-manifest\", \"/kaggle/input/datasets/itsthang333/btxrd-small-lesion-research-v1/split_manifest.csv\", \"--classifier-checkpoint\", \"/kaggle/input/notebooks/itsthang333/btxrd-clean-binary-classifier/btxrd_clean_binary_classifier/training/best_classifier.pt\", \"--sam-checkpoint\", \"/kaggle/input/datasets/itsthang333/btxrd-model-checkpoints/btxrd-model-checkpoints/sam_vit_b_01ec64.pth\", \"--classifier-device\", \"cuda\", \"--sam-device\", \"cuda\", \"--target-columns\", \"tumor\", \"--image-size\", \"320\", \"--sam-image-size\", \"512\", \"--batch-size\", \"1\", \"--num-workers\", \"2\", \"--output-dir\", \"/kaggle/working/btxrd_binary_cam_sam_global_top1/pseudo_masks\", \"--process-all\", \"--save-visuals-limit\", \"0\", \"--confidence-threshold\", \"0.5\", \"--cam-percentile\", \"90\", \"--cam-percentile-ensemble\", \"--cam-percentile-values\", \"85,90,95\", \"--max-points\", \"5\", \"--min-component-area\", \"100\", \"--mask-score-threshold\", \"0.4\", \"--seed-percentile\", \"82\", \"--support-percentile\", \"55\", \"--morphology-fusion-mode\", \"components\", \"--sam-prompt-mode\", \"box_point\", \"--sam-prompt-ensemble\", \"--max-components\", \"3\", \"--all-cam-components\", \"--points-per-component\", \"5\", \"--bbox-padding-ratio\", \"0.02\", \"--negative-points-per-component\", \"4\", \"--prompt-border-margin\", \"2\", \"--max-box-area-ratio\", \"0.35\", \"--layercam-weights\", \"0.20,0.30,0.50\", \"--layercam-gradient-mode\", \"positive\", \"--selection-method\", \"coverage_mass_sam\", \"--disable-best-per-component\", \"--fusion-topk\", \"1\", \"--support-clip-kernel\", \"5\", \"--closing-kernel\", \"0\", \"--opening-kernel\", \"0\", \"--min-size\", \"40\", \"--max-hole-area\", \"0\", \"--guidance-threshold\", \"0.4\", \"--preprocessing-mode\", \"none\", \"--cam-aggregation\", \"class\", \"--low-score-policy\", \"empty\", \"--cam-target-class\", \"ground_truth\", \"--evaluate-prompt-quality\"]\n"}
,{"stream_name":"stdout","time":35.477981764,"data":"Loaded classifier checkpoint task=multi-label normalization=imagenet\n"}
,{"stream_name":"stdout","time":88.95241152,"data":"Loaded 371 ground-truth masks for prompt-quality evaluation\n"}
,{"stream_name":"stderr","time":90.221394641,"data":"/kaggle/input/datasets/itsthang333/btxrd-small-lesion-research-v1/project/models/classifier.py:54: FutureWarning: `torch.cuda.amp.autocast(args...)` is deprecated. Please use `torch.amp.autocast('cuda', args...)` instead.\n"}
,{"stream_name":"stderr","time":90.221424953,"data":"  with torch.cuda.amp.autocast(enabled=False):\n"}
,{"stream_name":"stdout","time":379.281069071,"data":"\n"}
,{"stream_name":"stdout","time":379.281118412,"data":"Done: full dataset. Masks saved to /kaggle/working/btxrd_binary_cam_sam_global_top1/pseudo_masks/masks (skipped 187 normal/low-confidence images)\n"}
,{"stream_name":"stdout","time":379.281293228,"data":"Saved list of 187 skipped image names to /kaggle/working/btxrd_binary_cam_sam_global_top1/pseudo_masks/skipped_low_confidence.txt\n"}
,{"stream_name":"stdout","time":380.043927964,"data":"Pseudo-mask completeness: 371/371 rows; manifest_sha256=6895b50c50538359b63ef03026acb1fa80149525c46a5eada691784d1d62bc37\n"}
,{"stream_name":"stdout","time":380.048054196,"data":"Prompt quality (184 images with GT): mean foreground_iou=0.0704 mean foreground_recall=0.6059 mean foreground_precision=0.0777 mean point_hit_rate=0.2706 mean negative_rejection=0.9668 mean box_recall=0.6719\n"}
,{"stream_name":"stdout","time":380.048359604,"data":"SAM-vs-selection oracle diagnostic (total gap decomposed into support-clip loss vs. mask-selection loss): mean oracle_best_single_dice=0.3809 mean oracle_best_single_dice_clipped=0.3600 mean selected_dice=0.1869 mean total_gap=0.1940 mean support_loss=0.0209 mean selection_loss=0.1731 mean final_dice=0.1777 mean postprocess_delta=-0.0091 (large support_loss =\u003e bone_support under-covers the lesion, fix morphology seed/support percentiles, not mask_selection.py; large selection_loss =\u003e bone_hybrid scoring is discarding a good clipped candidate, fix mask_selection.py)\n"}
,{"stream_name":"stdout","time":380.048379522,"data":"\n"}
,{"stream_name":"stdout","time":380.048386252,"data":"Oracle Dice by tumor_type (breaks down where CAM localization fails):\n"}
,{"stream_name":"stdout","time":380.048411038,"data":"  osteochondroma               n=  75  mean_oracle_dice=0.2247\n"}
,{"stream_name":"stdout","time":380.04842233,"data":"  osteosarcoma                 n=  30  mean_oracle_dice=0.6162\n"}
,{"stream_name":"stdout","time":380.048428164,"data":"  multiple osteochondromas     n=  26  mean_oracle_dice=0.4100\n"}
,{"stream_name":"stdout","time":380.048434222,"data":"  simple bone cyst             n=  20  mean_oracle_dice=0.4325\n"}
,{"stream_name":"stdout","time":380.048440518,"data":"  other bt                     n=  11  mean_oracle_dice=0.1543\n"}
,{"stream_name":"stdout","time":380.048446475,"data":"  giant cell tumor             n=   9  mean_oracle_dice=0.6704\n"}
,{"stream_name":"stdout","time":380.048452117,"data":"  synovial osteochondroma      n=   5  mean_oracle_dice=0.7732\n"}
,{"stream_name":"stdout","time":380.04848655,"data":"  other mt                     n=   4  mean_oracle_dice=0.5374\n"}
,{"stream_name":"stdout","time":380.048493202,"data":"  osteofibroma                 n=   4  mean_oracle_dice=0.4227\n"}
,{"stream_name":"stdout","time":380.04849916,"data":"Saved per-image prompt-quality metrics to /kaggle/working/btxrd_binary_cam_sam_global_top1/pseudo_masks/prompt_quality.csv\n"}
,{"stream_name":"stdout","time":382.272381944,"data":"RUN [\"/usr/bin/python3\", \"/kaggle/input/datasets/itsthang333/btxrd-small-lesion-research-v1/project/evaluate_pseudo_masks.py\", \"--data-root\", \"/kaggle/input/datasets/itsthang333/btxrd-raw/BTXRD\", \"--split\", \"val\", \"--split-manifest\", \"/kaggle/input/datasets/itsthang333/btxrd-small-lesion-research-v1/split_manifest.csv\", \"--pred-mask-root\", \"/kaggle/working/btxrd_binary_cam_sam_global_top1/pseudo_masks/masks\", \"--image-size\", \"320\", \"--batch-size\", \"8\", \"--num-workers\", \"2\", \"--output-csv\", \"/kaggle/working/btxrd_binary_cam_sam_global_top1/evaluation/per_image.csv\", \"--output-json\", \"/kaggle/working/btxrd_binary_cam_sam_global_top1/evaluation/summary.json\", \"--bootstrap-iterations\", \"2000\", \"--bootstrap-seed\", \"42\"]\n"}
,{"stream_name":"stdout","time":395.966840575,"data":"Validated pseudo-mask manifest: 6895b50c50538359b63ef03026acb1fa80149525c46a5eada691784d1d62bc37\n"}
,{"stream_name":"stdout","time":395.975983441,"data":"Pseudo-mask protocol: ground_truth\n"}
,{"stream_name":"stdout","time":395.976005641,"data":"Loaded 187 low-confidence-skipped image names\n"}
,{"stream_name":"stdout","time":410.063896268,"data":"btxrd val: tumor images=184 (image-gate skips=0) conditional Dice=0.1777 end-to-end Dice=0.1777 | normal empty_prediction_rate=1.0000 | missing=0\n"}
,{"stream_name":"stdout","time":410.063932414,"data":"Saved separate per-image, summary, subgroup, bootstrap, confusion and run-manifest artifacts\n"}
,{"stream_name":"stdout","time":414.010710596,"data":"{\n"}
,{"stream_name":"stdout","time":414.010737238,"data":"  \"run_id\": \"btxrd_binary_cam_sam_global_top1_v1\",\n"}
,{"stream_name":"stdout","time":414.010760964,"data":"  \"status\": \"complete\",\n"}
,{"stream_name":"stdout","time":414.010767067,"data":"  \"test_evaluated\": false,\n"}
,{"stream_name":"stdout","time":414.010773022,"data":"  \"single_change\": {\n"}
,{"stream_name":"stdout","time":414.010778577,"data":"    \"baseline\": \"best candidate per retained CAM component, union up to three components\",\n"}
,{"stream_name":"stdout","time":414.010784762,"data":"    \"candidate\": \"disable best-per-component and select global top-1 candidate\"\n"}
,{"stream_name":"stdout","time":414.010790853,"data":"  },\n"}
,{"stream_name":"stdout","time":414.01079574,"data":"  \"split_manifest_sha256\": \"85511ee1bd1339c7b6b4f527acc504869da935997fd6b2485042edd619193c8c\",\n"}
,{"stream_name":"stdout","time":414.010801101,"data":"  \"classifier_checkpoint_sha256\": \"f62d3702541ec3e6571751ddda22dab4c723943397471d3897500da1620304c5\",\n"}
,{"stream_name":"stdout","time":414.010808577,"data":"  \"sam_checkpoint_sha256\": \"ec2df62732614e57411cdcf32a23ffdf28910380d03139ee0f4fcbe91eb8c912\",\n"}
,{"stream_name":"stdout","time":414.01081721,"data":"  \"baseline\": {\n"}
,{"stream_name":"stdout","time":414.010820673,"data":"    \"mean_tumor_dice\": 0.20230383521543677,\n"}
,{"stream_name":"stdout","time":414.010824178,"data":"    \"prompt_quality\": {\n"}
,{"stream_name":"stdout","time":414.010827521,"data":"      \"all_rows\": 184,\n"}
,{"stream_name":"stdout","time":414.010831068,"data":"      \"tumor_rows\": 184,\n"}
,{"stream_name":"stdout","time":414.01083446,"data":"      \"tumor_only_means\": {\n"}
,{"stream_name":"stdout","time":414.010837934,"data":"        \"foreground_iou\": 0.07038751111536486,\n"}
,{"stream_name":"stdout","time":414.010841535,"data":"        \"foreground_recall\": 0.6058501890795857,\n"}
,{"stream_name":"stdout","time":414.010844994,"data":"        \"foreground_precision\": 0.07769095424000125,\n"}
,{"stream_name":"stdout","time":414.010848507,"data":"        \"point_hit_rate\": 0.27055759742761587,\n"}
,{"stream_name":"stdout","time":414.010851858,"data":"        \"negative_rejection_rate\": 0.9667645106047671,\n"}
,{"stream_name":"stdout","time":414.010869791,"data":"        \"box_recall\": 0.6719485351243112,\n"}
,{"stream_name":"stdout","time":414.010887932,"data":"        \"box_precision\": 0.05949023082137527,\n"}
,{"stream_name":"stdout","time":414.01089299,"data":"        \"oracle_best_single_dice\": 0.38091865510492257,\n"}
,{"stream_name":"stdout","time":414.010896946,"data":"        \"oracle_best_single_dice_clipped\": 0.35997446501015695,\n"}
,{"stream_name":"stdout","time":414.01090094,"data":"        \"selected_dice\": 0.20108351931332766,\n"}
,{"stream_name":"stdout","time":414.010904777,"data":"        \"oracle_gap_dice\": 0.17983513579159482,\n"}
,{"stream_name":"stdout","time":414.010908681,"data":"        \"support_loss_dice\": 0.020944190094765554,\n"}
,{"stream_name":"stdout","time":414.010912526,"data":"        \"selection_loss_dice\": 0.1588909456968293,\n"}
,{"stream_name":"stdout","time":414.01091666,"data":"        \"final_dice\": 0.20230383594621615,\n"}
,{"stream_name":"stdout","time":414.011022453,"data":"        \"final_iou\": 0.14721051325838,\n"}
,{"stream_name":"stdout","time":414.011031267,"data":"        \"postprocess_delta_dice\": 0.0012203166328884762\n"}
,{"stream_name":"stdout","time":414.011036531,"data":"      }\n"}
,{"stream_name":"stdout","time":414.011048912,"data":"    },\n"}
,{"stream_name":"stdout","time":414.011055933,"data":"    \"comparison_sha256\": \"c9c5038fe905ad972c80be12b9a1937d40a72dffeaf7cf1ab3de2a1000678a88\"\n"}
,{"stream_name":"stdout","time":414.011060405,"data":"  },\n"}
,{"stream_name":"stdout","time":414.011065009,"data":"  \"candidate\": {\n"}
,{"stream_name":"stdout","time":414.011069001,"data":"    \"evaluation\": {\n"}
,{"stream_name":"stdout","time":414.011072952,"data":"      \"dataset\": \"btxrd\",\n"}
,{"stream_name":"stdout","time":414.011076862,"data":"      \"split\": \"val\",\n"}
,{"stream_name":"stdout","time":414.011081015,"data":"      \"cam_target_class_protocol\": \"ground_truth\",\n"}
,{"stream_name":"stdout","time":414.01108704,"data":"      \"pred_mask_root\": \"/kaggle/working/btxrd_binary_cam_sam_global_top1/pseudo_masks/masks\",\n"}
,{"stream_name":"stdout","time":414.011095218,"data":"      \"boundary_distance_unit\": \"pixels on the resized evaluation grid\",\n"}
,{"stream_name":"stdout","time":414.011098863,"data":"      \"missing\": 0,\n"}
,{"stream_name":"stdout","time":414.011117032,"data":"      \"tumor_images_skipped_by_image_gate\": 0,\n"}
,{"stream_name":"stdout","time":414.01112647,"data":"      \"images\": 371,\n"}
,{"stream_name":"stdout","time":414.011130848,"data":"      \"tumor_images\": 184,\n"}
,{"stream_name":"stdout","time":414.011135488,"data":"      \"normal_images\": 187,\n"}
,{"stream_name":"stdout","time":414.011139754,"data":"      \"main_population\": \"tumor images only\",\n"}
,{"stream_name":"stdout","time":414.011143877,"data":"      \"mean_tumor_dice\": 0.17772939559051545,\n"}
,{"stream_name":"stdout","time":414.011150949,"data":"      \"mean_tumor_iou\": 0.13382599966903258,\n"}
,{"stream_name":"stdout","time":414.011154787,"data":"      \"mean_tumor_precision\": 0.21574906105104968,\n"}
,{"stream_name":"stdout","time":414.011159787,"data":"      \"mean_tumor_recall\": 0.2651339496048806,\n"}
,{"stream_name":"stdout","time":414.011163754,"data":"      \"mean_tumor_hd95_px_conditional_defined\": 114.3196894967179,\n"}
,{"stream_name":"stdout","time":414.01116777,"data":"      \"mean_tumor_assd_px_conditional_defined\": 83.49132066393409,\n"}
,{"stream_name":"stdout","time":414.011171892,"data":"      \"boundary_metric_definition\": \"conditional mean over tumor images with both GT and prediction non-empty; distances are pixels on the resized evaluation grid (not mm); complete misses are excluded and counted separately\",\n"}
,{"stream_name":"stdout","time":414.011186968,"data":"      \"boundary_metric_eligible_tumor_images\": 176,\n"}
,{"stream_name":"stdout","time":414.011191235,"data":"      \"boundary_metric_excluded_tumor_images\": 8,\n"}
,{"stream_name":"stdout","time":414.011200204,"data":"      \"boundary_metric_complete_misses\": 8,\n"}
,{"stream_name":"stdout","time":414.011216929,"data":"      \"tumor_non_empty_prediction_rate\": 0.9565217391304348,\n"}
,{"stream_name":"stdout","time":414.01122177,"data":"      \"tumor_overlap_detection_rate\": 0.43478260869565216,\n"}
,{"stream_name":"stdout","time":414.011226612,"data":"      \"lesion_any_overlap_recall\": 0.35526315789473684,\n"}
,{"stream_name":"stdout","time":414.01123135,"data":"      \"lesion_any_overlap_precision\": 0.39436619718309857,\n"}
,{"stream_name":"stdout","time":414.011235992,"data":"      \"gt_lesions\": 228,\n"}
,{"stream_name":"stdout","time":414.011239902,"data":"      \"detected_lesions_any_overlap\": 81,\n"}
,{"stream_name":"stdout","time":414.011243785,"data":"      \"predicted_lesions\": 213,\n"}
,{"stream_name":"stdout","time":414.011247564,"data":"      \"multifocal_tumor_images\": 23,\n"}
,{"stream_name":"stdout","time":414.011251455,"data":"      \"multifocal_tumor_image_rate\": 0.125,\n"}
,{"stream_name":"stdout","time":414.011255331,"data":"      \"gt_component_count_histogram\": {\n"}
,{"stream_name":"stdout","time":414.011259234,"data":"        \"1\": 161,\n"}
,{"stream_name":"stdout","time":414.011263007,"data":"        \"2\": 12,\n"}
,{"stream_name":"stdout","time":414.011266727,"data":"        \"3\": 5,\n"}
,{"stream_name":"stdout","time":414.011270435,"data":"        \"4\": 4,\n"}
,{"stream_name":"stdout","time":414.011274134,"data":"        \"5\": 1,\n"}
,{"stream_name":"stdout","time":414.011277863,"data":"        \"7\": 1\n"}
,{"stream_name":"stdout","time":414.011281557,"data":"      },\n"}
,{"stream_name":"stdout","time":414.011286317,"data":"      \"normal_empty_prediction_rate\": 1.0,\n"}
,{"stream_name":"stdout","time":414.011292272,"data":"      \"normal_false_positive_case_rate\": 0.0,\n"}
,{"stream_name":"stdout","time":414.011300252,"data":"      \"pixel_specificity\": 0.9924828982844676,\n"}
,{"stream_name":"stdout","time":414.011316497,"data":"      \"pixel_precision\": 0.2429006451889367,\n"}
,{"stream_name":"stdout","time":414.011321637,"data":"      \"pixel_recall\": 0.2356814685460064,\n"}
,{"stream_name":"stdout","time":414.011326193,"data":"      \"tp_pixels\": 90694,\n"}
,{"stream_name":"stdout","time":414.011330865,"data":"      \"fp_pixels\": 282685,\n"}
,{"stream_name":"stdout","time":414.011335317,"data":"      \"fn_pixels\": 294122,\n"}
,{"stream_name":"stdout","time":414.011339189,"data":"      \"tn_pixels\": 37322899,\n"}
,{"stream_name":"stdout","time":414.011342982,"data":"      \"lesion_one_to_one_iou10_recall\": 0.2412280701754386,\n"}
,{"stream_name":"stdout","time":414.011346896,"data":"      \"lesion_one_to_one_iou10_precision\": 0.25821596244131456,\n"}
,{"stream_name":"stdout","time":414.011350845,"data":"      \"lesion_one_to_one_iou10_f1\": 0.2494331065759637,\n"}
,{"stream_name":"stdout","time":414.011354825,"data":"      \"lesion_tp_one_to_one_iou10\": 55,\n"}
,{"stream_name":"stdout","time":414.01135874,"data":"      \"lesion_one_to_one_iou25_recall\": 0.20614035087719298,\n"}
,{"stream_name":"stdout","time":414.011362682,"data":"      \"lesion_one_to_one_iou25_precision\": 0.22065727699530516,\n"}
,{"stream_name":"stdout","time":414.01136727,"data":"      \"lesion_one_to_one_iou25_f1\": 0.21315192743764172,\n"}
,{"stream_name":"stdout","time":414.0113714,"data":"      \"lesion_tp_one_to_one_iou25\": 47,\n"}
,{"stream_name":"stdout","time":414.011379681,"data":"      \"lesion_one_to_one_iou50_recall\": 0.10964912280701754,\n"}
,{"stream_name":"stdout","time":414.011383674,"data":"      \"lesion_one_to_one_iou50_precision\": 0.11737089201877934,\n"}
,{"stream_name":"stdout","time":414.011387677,"data":"      \"lesion_one_to_one_iou50_f1\": 0.11337868480725624,\n"}
,{"stream_name":"stdout","time":414.011397335,"data":"      \"lesion_tp_one_to_one_iou50\": 25,\n"}
,{"stream_name":"stdout","time":414.011401218,"data":"      \"lesion_matching_definition\": \"maximum-cardinality one-to-one connected-component matching at IoU thresholds 0.10, 0.25, 0.50\",\n"}
,{"stream_name":"stdout","time":414.011416905,"data":"      \"end_to_end\": {\n"}
,{"stream_name":"stdout","time":414.01142149,"data":"        \"images\": 371,\n"}
,{"stream_name":"stdout","time":414.011425952,"data":"        \"tumor_images\": 184,\n"}
,{"stream_name":"stdout","time":414.011430556,"data":"        \"normal_images\": 187,\n"}
,{"stream_name":"stdout","time":414.011434897,"data":"        \"main_population\": \"tumor images only\",\n"}
,{"stream_name":"stdout","time":414.011438932,"data":"        \"mean_tumor_dice\": 0.17772939559051545,\n"}
,{"stream_name":"stdout","time":414.011442803,"data":"        \"mean_tumor_iou\": 0.13382599966903258,\n"}
,{"stream_name":"stdout","time":414.011446663,"data":"        \"mean_tumor_precision\": 0.21574906105104968,\n"}
,{"stream_name":"stdout","time":414.01145054,"data":"        \"mean_tumor_recall\": 0.2651339496048806,\n"}
,{"stream_name":"stdout","time":414.011454442,"data":"        \"mean_tumor_hd95_px_conditional_defined\": 114.3196894967179,\n"}
,{"stream_name":"stdout","time":414.011458478,"data":"        \"mean_tumor_assd_px_conditional_defined\": 83.49132066393409,\n"}
,{"stream_name":"stdout","time":414.011473912,"data":"        \"boundary_metric_definition\": \"conditional mean over tumor images with both GT and prediction non-empty; distances are pixels on the resized evaluation grid (not mm); complete misses are excluded and counted separately\",\n"}
,{"stream_name":"stdout","time":414.011478539,"data":"        \"boundary_metric_eligible_tumor_images\": 176,\n"}
,{"stream_name":"stdout","time":414.011482476,"data":"        \"boundary_metric_excluded_tumor_images\": 8,\n"}
,{"stream_name":"stdout","time":414.0114864,"data":"        \"boundary_metric_complete_misses\": 8,\n"}
,{"stream_name":"stdout","time":414.011495173,"data":"        \"tumor_non_empty_prediction_rate\": 0.9565217391304348,\n"}
,{"stream_name":"stdout","time":414.011498706,"data":"        \"tumor_overlap_detection_rate\": 0.43478260869565216,\n"}
,{"stream_name":"stdout","time":414.011514732,"data":"        \"lesion_any_overlap_recall\": 0.35526315789473684,\n"}
,{"stream_name":"stdout","time":414.011519462,"data":"        \"lesion_any_overlap_precision\": 0.39436619718309857,\n"}
,{"stream_name":"stdout","time":414.01152419,"data":"        \"gt_lesions\": 228,\n"}
,{"stream_name":"stdout","time":414.011528775,"data":"        \"detected_lesions_any_overlap\": 81,\n"}
,{"stream_name":"stdout","time":414.011532786,"data":"        \"predicted_lesions\": 213,\n"}
,{"stream_name":"stdout","time":414.011536589,"data":"        \"multifocal_tumor_images\": 23,\n"}
,{"stream_name":"stdout","time":414.011540487,"data":"        \"multifocal_tumor_image_rate\": 0.125,\n"}
,{"stream_name":"stdout","time":414.011544344,"data":"        \"gt_component_count_histogram\": {\n"}
,{"stream_name":"stdout","time":414.011548264,"data":"          \"1\": 161,\n"}
,{"stream_name":"stdout","time":414.011552115,"data":"          \"2\": 12,\n"}
,{"stream_name":"stdout","time":414.011559937,"data":"          \"3\": 5,\n"}
,{"stream_name":"stdout","time":414.011563761,"data":"          \"4\": 4,\n"}
,{"stream_name":"stdout","time":414.011567535,"data":"          \"5\": 1,\n"}
,{"stream_name":"stdout","time":414.011571328,"data":"          \"7\": 1\n"}
,{"stream_name":"stdout","time":414.01157517,"data":"        },\n"}
,{"stream_name":"stdout","time":414.011578795,"data":"        \"normal_empty_prediction_rate\": 1.0,\n"}
,{"stream_name":"stdout","time":414.011582709,"data":"        \"normal_false_positive_case_rate\": 0.0,\n"}
,{"stream_name":"stdout","time":414.011618261,"data":"        \"pixel_specificity\": 0.9924828982844676,\n"}
,{"stream_name":"stdout","time":414.011630712,"data":"        \"pixel_precision\": 0.2429006451889367,\n"}
,{"stream_name":"stdout","time":414.011634845,"data":"        \"pixel_recall\": 0.2356814685460064,\n"}
,{"stream_name":"stdout","time":414.011638732,"data":"        \"tp_pixels\": 90694,\n"}
,{"stream_name":"stdout","time":414.011642542,"data":"        \"fp_pixels\": 282685,\n"}
,{"stream_name":"stdout","time":414.01164645,"data":"        \"fn_pixels\": 294122,\n"}
,{"stream_name":"stdout","time":414.011650325,"data":"        \"tn_pixels\": 37322899,\n"}
,{"stream_name":"stdout","time":414.011654082,"data":"        \"lesion_one_to_one_iou10_recall\": 0.2412280701754386,\n"}
,{"stream_name":"stdout","time":414.011658067,"data":"        \"lesion_one_to_one_iou10_precision\": 0.25821596244131456,\n"}
,{"stream_name":"stdout","time":414.01166206,"data":"        \"lesion_one_to_one_iou10_f1\": 0.2494331065759637,\n"}
,{"stream_name":"stdout","time":414.011665977,"data":"        \"lesion_tp_one_to_one_iou10\": 55,\n"}
,{"stream_name":"stdout","time":414.011669835,"data":"        \"lesion_one_to_one_iou25_recall\": 0.20614035087719298,\n"}
,{"stream_name":"stdout","time":414.011673837,"data":"        \"lesion_one_to_one_iou25_precision\": 0.22065727699530516,\n"}
,{"stream_name":"stdout","time":414.011677837,"data":"        \"lesion_one_to_one_iou25_f1\": 0.21315192743764172,\n"}
,{"stream_name":"stdout","time":414.01168381,"data":"        \"lesion_tp_one_to_one_iou25\": 47,\n"}
,{"stream_name":"stdout","time":414.011691507,"data":"        \"lesion_one_to_one_iou50_recall\": 0.10964912280701754,\n"}
,{"stream_name":"stdout","time":414.011708689,"data":"        \"lesion_one_to_one_iou50_precision\": 0.11737089201877934,\n"}
,{"stream_name":"stdout","time":414.011713089,"data":"        \"lesion_one_to_one_iou50_f1\": 0.11337868480725624,\n"}
,{"stream_name":"stdout","time":414.011717525,"data":"        \"lesion_tp_one_to_one_iou50\": 25,\n"}
,{"stream_name":"stdout","time":414.011722237,"data":"        \"lesion_matching_definition\": \"maximum-cardinality one-to-one connected-component matching at IoU thresholds 0.10, 0.25, 0.50\"\n"}
,{"stream_name":"stdout","time":414.011727172,"data":"      },\n"}
,{"stream_name":"stdout","time":414.011731716,"data":"      \"cam_sam_conditional_tumor_only\": {\n"}
,{"stream_name":"stdout","time":414.011736062,"data":"        \"images\": 184,\n"}
,{"stream_name":"stdout","time":414.011739856,"data":"        \"tumor_images\": 184,\n"}
,{"stream_name":"stdout","time":414.011743629,"data":"        \"normal_images\": 0,\n"}
,{"stream_name":"stdout","time":414.011747449,"data":"        \"main_population\": \"tumor images only\",\n"}
,{"stream_name":"stdout","time":414.011751322,"data":"        \"mean_tumor_dice\": 0.17772939559051545,\n"}
,{"stream_name":"stdout","time":414.011755195,"data":"        \"mean_tumor_iou\": 0.13382599966903258,\n"}
,{"stream_name":"stdout","time":414.011763307,"data":"        \"mean_tumor_precision\": 0.21574906105104968,\n"}
,{"stream_name":"stdout","time":414.011767442,"data":"        \"mean_tumor_recall\": 0.2651339496048806,\n"}
,{"stream_name":"stdout","time":414.011771412,"data":"        \"mean_tumor_hd95_px_conditional_defined\": 114.3196894967179,\n"}
,{"stream_name":"stdout","time":414.011775422,"data":"        \"mean_tumor_assd_px_conditional_defined\": 83.49132066393409,\n"}
,{"stream_name":"stdout","time":414.011779436,"data":"        \"boundary_metric_definition\": \"conditional mean over tumor images with both GT and prediction non-empty; distances are pixels on the resized evaluation grid (not mm); complete misses are excluded and counted separately\",\n"}
,{"stream_name":"stdout","time":414.011784049,"data":"        \"boundary_metric_eligible_tumor_images\": 176,\n"}
,{"stream_name":"stdout","time":414.011788236,"data":"        \"boundary_metric_excluded_tumor_images\": 8,\n"}
,{"stream_name":"stdout","time":414.011797309,"data":"        \"boundary_metric_complete_misses\": 8,\n"}
,{"stream_name":"stdout","time":414.011812962,"data":"        \"tumor_non_empty_prediction_rate\": 0.9565217391304348,\n"}
,{"stream_name":"stdout","time":414.011818177,"data":"        \"tumor_overlap_detection_rate\": 0.43478260869565216,\n"}
,{"stream_name":"stdout","time":414.011822925,"data":"        \"lesion_any_overlap_recall\": 0.35526315789473684,\n"}
,{"stream_name":"stdout","time":414.011827588,"data":"        \"lesion_any_overlap_precision\": 0.39436619718309857,\n"}
,{"stream_name":"stdout","time":414.011832202,"data":"        \"gt_lesions\": 228,\n"}
,{"stream_name":"stdout","time":414.011836103,"data":"        \"detected_lesions_any_overlap\": 81,\n"}
,{"stream_name":"stdout","time":414.011839945,"data":"        \"predicted_lesions\": 213,\n"}
,{"stream_name":"stdout","time":414.011843798,"data":"        \"multifocal_tumor_images\": 23,\n"}
,{"stream_name":"stdout","time":414.011847678,"data":"        \"multifocal_tumor_image_rate\": 0.125,\n"}
,{"stream_name":"stdout","time":414.011851531,"data":"        \"gt_component_count_histogram\": {\n"}
,{"stream_name":"stdout","time":414.011855422,"data":"          \"1\": 161,\n"}
,{"stream_name":"stdout","time":414.011859166,"data":"          \"2\": 12,\n"}
,{"stream_name":"stdout","time":414.011862967,"data":"          \"3\": 5,\n"}
,{"stream_name":"stdout","time":414.011866696,"data":"          \"4\": 4,\n"}
,{"stream_name":"stdout","time":414.011870345,"data":"          \"5\": 1,\n"}
,{"stream_name":"stdout","time":414.011874107,"data":"          \"7\": 1\n"}
,{"stream_name":"stdout","time":414.01187778,"data":"        },\n"}
,{"stream_name":"stdout","time":414.011881535,"data":"        \"normal_empty_prediction_rate\": null,\n"}
,{"stream_name":"stdout","time":414.011895968,"data":"        \"normal_false_positive_case_rate\": null,\n"}
,{"stream_name":"stdout","time":414.011912247,"data":"        \"pixel_specificity\": 0.9846839514402943,\n"}
,{"stream_name":"stdout","time":414.011917341,"data":"        \"pixel_precision\": 0.2429006451889367,\n"}
,{"stream_name":"stdout","time":414.011921869,"data":"        \"pixel_recall\": 0.2356814685460064,\n"}
,{"stream_name":"stdout","time":414.011926631,"data":"        \"tp_pixels\": 90694,\n"}
,{"stream_name":"stdout","time":414.011931147,"data":"        \"fp_pixels\": 282685,\n"}
,{"stream_name":"stdout","time":414.011935027,"data":"        \"fn_pixels\": 294122,\n"}
,{"stream_name":"stdout","time":414.011938931,"data":"        \"tn_pixels\": 18174099,\n"}
,{"stream_name":"stdout","time":414.01194271,"data":"        \"lesion_one_to_one_iou10_recall\": 0.2412280701754386,\n"}
,{"stream_name":"stdout","time":414.011950647,"data":"        \"lesion_one_to_one_iou10_precision\": 0.25821596244131456,\n"}
,{"stream_name":"stdout","time":414.011954726,"data":"        \"lesion_one_to_one_iou10_f1\": 0.2494331065759637,\n"}
,{"stream_name":"stdout","time":414.011958616,"data":"        \"lesion_tp_one_to_one_iou10\": 55,\n"}
,{"stream_name":"stdout","time":414.011962362,"data":"        \"lesion_one_to_one_iou25_recall\": 0.20614035087719298,\n"}
,{"stream_name":"stdout","time":414.011966327,"data":"        \"lesion_one_to_one_iou25_precision\": 0.22065727699530516,\n"}
,{"stream_name":"stdout","time":414.011970272,"data":"        \"lesion_one_to_one_iou25_f1\": 0.21315192743764172,\n"}
,{"stream_name":"stdout","time":414.011974171,"data":"        \"lesion_tp_one_to_one_iou25\": 47,\n"}
,{"stream_name":"stdout","time":414.011977926,"data":"        \"lesion_one_to_one_iou50_recall\": 0.10964912280701754,\n"}
,{"stream_name":"stdout","time":414.011981817,"data":"        \"lesion_one_to_one_iou50_precision\": 0.11737089201877934,\n"}
,{"stream_name":"stdout","time":414.011987744,"data":"        \"lesion_one_to_one_iou50_f1\": 0.11337868480725624,\n"}
,{"stream_name":"stdout","time":414.011995335,"data":"        \"lesion_tp_one_to_one_iou50\": 25,\n"}
,{"stream_name":"stdout","time":414.012011458,"data":"        \"lesion_matching_definition\": \"maximum-cardinality one-to-one connected-component matching at IoU thresholds 0.10, 0.25, 0.50\"\n"}
,{"stream_name":"stdout","time":414.012016905,"data":"      }\n"}
,{"stream_name":"stdout","time":414.012021352,"data":"    },\n"}
,{"stream_name":"stdout","time":414.012025785,"data":"    \"prompt_quality\": {\n"}
,{"stream_name":"stdout","time":414.012030275,"data":"      \"all_rows\": 184,\n"}
,{"stream_name":"stdout","time":414.012034137,"data":"      \"tumor_rows\": 184,\n"}
,{"stream_name":"stdout","time":414.012037899,"data":"      \"tumor_only_means\": {\n"}
,{"stream_name":"stdout","time":414.012041869,"data":"        \"foreground_iou\": 0.07038751111536486,\n"}
,{"stream_name":"stdout","time":414.012045724,"data":"        \"foreground_recall\": 0.6058501890795857,\n"}
,{"stream_name":"stdout","time":414.012049522,"data":"        \"foreground_precision\": 0.07769095424000125,\n"}
,{"stream_name":"stdout","time":414.012053422,"data":"        \"point_hit_rate\": 0.27055759742761587,\n"}
,{"stream_name":"stdout","time":414.012057309,"data":"        \"box_recall\": 0.6719485351243112,\n"}
,{"stream_name":"stdout","time":414.01206167,"data":"        \"oracle_best_single_dice\": 0.38091865510492245,\n"}
,{"stream_name":"stdout","time":414.012065585,"data":"        \"oracle_best_single_dice_clipped\": 0.35997446501015695,\n"}
,{"stream_name":"stdout","time":414.012069607,"data":"        \"selected_dice\": 0.18687901571756677,\n"}
,{"stream_name":"stdout","time":414.0120735,"data":"        \"oracle_gap_dice\": 0.19403963938735577,\n"}
,{"stream_name":"stdout","time":414.012077369,"data":"        \"support_loss_dice\": 0.020944190094765554,\n"}
,{"stream_name":"stdout","time":414.012081289,"data":"        \"selection_loss_dice\": 0.17309544929259021,\n"}
,{"stream_name":"stdout","time":414.01209159,"data":"        \"final_dice\": 0.17772939788631537,\n"}
,{"stream_name":"stdout","time":414.01209521,"data":"        \"postprocess_delta_dice\": -0.009149617831251367\n"}
,{"stream_name":"stdout","time":414.01211082,"data":"      }\n"}
,{"stream_name":"stdout","time":414.012115212,"data":"    },\n"}
,{"stream_name":"stdout","time":414.012119566,"data":"    \"run_metadata_sha256\": \"503fad339c65f8818ad0f4067d55670238ad8e6c87bf879a975024d454af115e\",\n"}
,{"stream_name":"stdout","time":414.012128652,"data":"    \"pseudo_mask_manifest_sha256\": \"6895b50c50538359b63ef03026acb1fa80149525c46a5eada691784d1d62bc37\",\n"}
,{"stream_name":"stdout","time":414.012133075,"data":"    \"evaluation_per_image_sha256\": \"0a9f8285a98bf62eb4a9a6209450316f4ad28a97c14a42913584eee61c270d74\"\n"}
,{"stream_name":"stdout","time":414.012137224,"data":"  },\n"}
,{"stream_name":"stdout","time":414.012140875,"data":"  \"paired_vs_baseline\": {\n"}
,{"stream_name":"stdout","time":414.012144715,"data":"    \"method\": \"paired nonparametric bootstrap resampling complete validation groups\",\n"}
,{"stream_name":"stdout","time":414.012148948,"data":"    \"iterations\": 10000,\n"}
,{"stream_name":"stdout","time":414.01215273,"data":"    \"seed\": 42,\n"}
,{"stream_name":"stdout","time":414.012167669,"data":"    \"groups\": 242,\n"}
,{"stream_name":"stdout","time":414.01217116,"data":"    \"tumor_images\": 184,\n"}
,{"stream_name":"stdout","time":414.012174723,"data":"    \"mean_tumor_dice_delta\": -0.024574439624921316,\n"}
,{"stream_name":"stdout","time":414.012178456,"data":"    \"ci95_low\": -0.04935097379778269,\n"}
,{"stream_name":"stdout","time":414.012187703,"data":"    \"ci95_high\": -0.0012575416207832638\n"}
,{"stream_name":"stdout","time":414.012190983,"data":"  }\n"}
,{"stream_name":"stdout","time":414.012205581,"data":"}\n"}
,{"stream_name":"stderr","time":416.780632776,"data":"/usr/local/lib/python3.12/dist-packages/mistune.py:435: SyntaxWarning: invalid escape sequence '\\|'\n"}
,{"stream_name":"stderr","time":416.780671764,"data":"  cells[i][c] = re.sub('\\\\\\\\\\|', '|', cell)\n"}
,{"stream_name":"stderr","time":417.009204872,"data":"/usr/local/lib/python3.12/dist-packages/nbconvert/filters/filter_links.py:36: SyntaxWarning: invalid escape sequence '\\_'\n"}
,{"stream_name":"stderr","time":417.009227136,"data":"  text = re.sub(r'_', '\\_', text) # Escape underscores in display text\n"}
,{"stream_name":"stderr","time":417.640953254,"data":"[NbConvertApp] Converting notebook __script__.ipynb to html\n"}
,{"stream_name":"stderr","time":418.923154934,"data":"[NbConvertApp] Writing 362169 bytes to __results__.html\n"}
]