Loaded btxrd: 2981 train images from train, 371 validation images from val.
/kaggle/input/datasets/itsthang333/btxrd-small-lesion-research-v1/project/train_segmentation.py:557: FutureWarning: `torch.cuda.amp.GradScaler(args...)` is deprecated. Please use `torch.amp.GradScaler('cuda', args...)` instead.
  scaler = torch.cuda.amp.GradScaler(enabled=device.type == "cuda")
Scanning deterministic, non-augmented train masks for foreground ratio and empty-mask rate...
  pos_weight scan: batch 0/94
  pos_weight scan: batch 10/94
  pos_weight scan: batch 20/94
  pos_weight scan: batch 30/94
  pos_weight scan: batch 40/94
  pos_weight scan: batch 50/94
  pos_weight scan: batch 60/94
  pos_weight scan: batch 70/94
  pos_weight scan: batch 80/94
  pos_weight scan: batch 90/94
{
  "images": 2981,
  "total_pixels": 598298624,
  "foreground_pixels": 7247249,
  "background_pixels": 591051375,
  "foreground_ratio": 0.012113096552934743,
  "empty_mask_count": 1493,
  "empty_mask_rate": 0.5008386447500839,
  "raw_pos_weight": 81.55527359415966,
  "requested_mode": "manual",
  "resolved_mode": "manual",
  "candidate_weights": {
    "raw": 81.55527359415966,
    "clamped": 20.0,
    "fixed_reference": 10.0,
    "none": null
  },
  "selected_pos_weight": 10.0,
  "effective_pos_weight": 10.0,
  "clamp_min": 1.0,
  "clamp_max": 20.0,
  "ablation_note": "Compare separate otherwise-identical runs using auto-raw, auto-clamped, and manual --pos-weight-value equal to fixed_reference."
}
/kaggle/input/datasets/itsthang333/btxrd-small-lesion-research-v1/project/train_segmentation.py:257: FutureWarning: `torch.cuda.amp.autocast(args...)` is deprecated. Please use `torch.amp.autocast('cuda', args...)` instead.
  with torch.cuda.amp.autocast(enabled=device.type == "cuda"):
Epoch 001 | train_loss=0.7212 train_dice=0.2095 val_loss=0.6843 val_dice=0.3033 val_positive_dice=0.2203 val_normal_empty_case_specificity=0.3850
--> Saved new best model: positive-target Dice=0.2203, normal empty-case specificity=0.3850
/kaggle/input/datasets/itsthang333/btxrd-small-lesion-research-v1/project/train_segmentation.py:257: FutureWarning: `torch.cuda.amp.autocast(args...)` is deprecated. Please use `torch.amp.autocast('cuda', args...)` instead.
  with torch.cuda.amp.autocast(enabled=device.type == "cuda"):
Epoch 002 | train_loss=0.6386 train_dice=0.3391 val_loss=0.6204 val_dice=0.4113 val_positive_dice=0.2804 val_normal_empty_case_specificity=0.5401
--> Saved new best model: positive-target Dice=0.2804, normal empty-case specificity=0.5401
/kaggle/input/datasets/itsthang333/btxrd-small-lesion-research-v1/project/train_segmentation.py:257: FutureWarning: `torch.cuda.amp.autocast(args...)` is deprecated. Please use `torch.amp.autocast('cuda', args...)` instead.
  with torch.cuda.amp.autocast(enabled=device.type == "cuda"):
Epoch 003 | train_loss=0.5858 train_dice=0.4273 val_loss=0.5880 val_dice=0.4465 val_positive_dice=0.2807 val_normal_empty_case_specificity=0.6096
--> Saved new best model: positive-target Dice=0.2807, normal empty-case specificity=0.6096
/kaggle/input/datasets/itsthang333/btxrd-small-lesion-research-v1/project/train_segmentation.py:257: FutureWarning: `torch.cuda.amp.autocast(args...)` is deprecated. Please use `torch.amp.autocast('cuda', args...)` instead.
  with torch.cuda.amp.autocast(enabled=device.type == "cuda"):
Epoch 004 | train_loss=0.5463 train_dice=0.4576 val_loss=0.5558 val_dice=0.4252 val_positive_dice=0.3030 val_normal_empty_case_specificity=0.5455
--> Saved new best model: positive-target Dice=0.3030, normal empty-case specificity=0.5455
/kaggle/input/datasets/itsthang333/btxrd-small-lesion-research-v1/project/train_segmentation.py:257: FutureWarning: `torch.cuda.amp.autocast(args...)` is deprecated. Please use `torch.amp.autocast('cuda', args...)` instead.
  with torch.cuda.amp.autocast(enabled=device.type == "cuda"):
Epoch 005 | train_loss=0.5164 train_dice=0.4837 val_loss=0.5372 val_dice=0.5363 val_positive_dice=0.3150 val_normal_empty_case_specificity=0.7540
--> Saved new best model: positive-target Dice=0.3150, normal empty-case specificity=0.7540
/kaggle/input/datasets/itsthang333/btxrd-small-lesion-research-v1/project/train_segmentation.py:257: FutureWarning: `torch.cuda.amp.autocast(args...)` is deprecated. Please use `torch.amp.autocast('cuda', args...)` instead.
  with torch.cuda.amp.autocast(enabled=device.type == "cuda"):
Epoch 006 | train_loss=0.4898 train_dice=0.5161 val_loss=0.5240 val_dice=0.3086 val_positive_dice=0.3233 val_normal_empty_case_specificity=0.2941
--> Saved new best model: positive-target Dice=0.3233, normal empty-case specificity=0.2941
/kaggle/input/datasets/itsthang333/btxrd-small-lesion-research-v1/project/train_segmentation.py:257: FutureWarning: `torch.cuda.amp.autocast(args...)` is deprecated. Please use `torch.amp.autocast('cuda', args...)` instead.
  with torch.cuda.amp.autocast(enabled=device.type == "cuda"):
Epoch 007 | train_loss=0.4700 train_dice=0.5175 val_loss=0.5080 val_dice=0.4648 val_positive_dice=0.3556 val_normal_empty_case_specificity=0.5722
--> Saved new best model: positive-target Dice=0.3556, normal empty-case specificity=0.5722
/kaggle/input/datasets/itsthang333/btxrd-small-lesion-research-v1/project/train_segmentation.py:257: FutureWarning: `torch.cuda.amp.autocast(args...)` is deprecated. Please use `torch.amp.autocast('cuda', args...)` instead.
  with torch.cuda.amp.autocast(enabled=device.type == "cuda"):
Epoch 008 | train_loss=0.4472 train_dice=0.5403 val_loss=0.4974 val_dice=0.2932 val_positive_dice=0.3955 val_normal_empty_case_specificity=0.1925
--> Saved new best model: positive-target Dice=0.3955, normal empty-case specificity=0.1925
/kaggle/input/datasets/itsthang333/btxrd-small-lesion-research-v1/project/train_segmentation.py:257: FutureWarning: `torch.cuda.amp.autocast(args...)` is deprecated. Please use `torch.amp.autocast('cuda', args...)` instead.
  with torch.cuda.amp.autocast(enabled=device.type == "cuda"):
Epoch 009 | train_loss=0.4329 train_dice=0.5339 val_loss=0.4971 val_dice=0.4032 val_positive_dice=0.3292 val_normal_empty_case_specificity=0.4759
/kaggle/input/datasets/itsthang333/btxrd-small-lesion-research-v1/project/train_segmentation.py:257: FutureWarning: `torch.cuda.amp.autocast(args...)` is deprecated. Please use `torch.amp.autocast('cuda', args...)` instead.
  with torch.cuda.amp.autocast(enabled=device.type == "cuda"):
Epoch 010 | train_loss=0.4170 train_dice=0.5465 val_loss=0.5015 val_dice=0.5284 val_positive_dice=0.3969 val_normal_empty_case_specificity=0.6578
--> Saved new best model: positive-target Dice=0.3969, normal empty-case specificity=0.6578
/kaggle/input/datasets/itsthang333/btxrd-small-lesion-research-v1/project/train_segmentation.py:257: FutureWarning: `torch.cuda.amp.autocast(args...)` is deprecated. Please use `torch.amp.autocast('cuda', args...)` instead.
  with torch.cuda.amp.autocast(enabled=device.type == "cuda"):
Epoch 011 | train_loss=0.4006 train_dice=0.5585 val_loss=0.4901 val_dice=0.2974 val_positive_dice=0.4149 val_normal_empty_case_specificity=0.1818
--> Saved new best model: positive-target Dice=0.4149, normal empty-case specificity=0.1818
/kaggle/input/datasets/itsthang333/btxrd-small-lesion-research-v1/project/train_segmentation.py:257: FutureWarning: `torch.cuda.amp.autocast(args...)` is deprecated. Please use `torch.amp.autocast('cuda', args...)` instead.
  with torch.cuda.amp.autocast(enabled=device.type == "cuda"):
Epoch 012 | train_loss=0.3868 train_dice=0.5686 val_loss=0.4815 val_dice=0.4921 val_positive_dice=0.4488 val_normal_empty_case_specificity=0.5348
--> Saved new best model: positive-target Dice=0.4488, normal empty-case specificity=0.5348
/kaggle/input/datasets/itsthang333/btxrd-small-lesion-research-v1/project/train_segmentation.py:257: FutureWarning: `torch.cuda.amp.autocast(args...)` is deprecated. Please use `torch.amp.autocast('cuda', args...)` instead.
  with torch.cuda.amp.autocast(enabled=device.type == "cuda"):
Epoch 013 | train_loss=0.3741 train_dice=0.6221 val_loss=0.4677 val_dice=0.3716 val_positive_dice=0.4341 val_normal_empty_case_specificity=0.3102
/kaggle/input/datasets/itsthang333/btxrd-small-lesion-research-v1/project/train_segmentation.py:257: FutureWarning: `torch.cuda.amp.autocast(args...)` is deprecated. Please use `torch.amp.autocast('cuda', args...)` instead.
  with torch.cuda.amp.autocast(enabled=device.type == "cuda"):
Epoch 014 | train_loss=0.3715 train_dice=0.5834 val_loss=0.5138 val_dice=0.6082 val_positive_dice=0.4165 val_normal_empty_case_specificity=0.7968
/kaggle/input/datasets/itsthang333/btxrd-small-lesion-research-v1/project/train_segmentation.py:257: FutureWarning: `torch.cuda.amp.autocast(args...)` is deprecated. Please use `torch.amp.autocast('cuda', args...)` instead.
  with torch.cuda.amp.autocast(enabled=device.type == "cuda"):
Epoch 015 | train_loss=0.3676 train_dice=0.5660 val_loss=0.4795 val_dice=0.5072 val_positive_dice=0.4683 val_normal_empty_case_specificity=0.5455
--> Saved new best model: positive-target Dice=0.4683, normal empty-case specificity=0.5455
/kaggle/input/datasets/itsthang333/btxrd-small-lesion-research-v1/project/train_segmentation.py:257: FutureWarning: `torch.cuda.amp.autocast(args...)` is deprecated. Please use `torch.amp.autocast('cuda', args...)` instead.
  with torch.cuda.amp.autocast(enabled=device.type == "cuda"):
Epoch 016 | train_loss=0.3564 train_dice=0.6218 val_loss=0.4958 val_dice=0.4928 val_positive_dice=0.4772 val_normal_empty_case_specificity=0.5080
--> Saved new best model: positive-target Dice=0.4772, normal empty-case specificity=0.5080
/kaggle/input/datasets/itsthang333/btxrd-small-lesion-research-v1/project/train_segmentation.py:257: FutureWarning: `torch.cuda.amp.autocast(args...)` is deprecated. Please use `torch.amp.autocast('cuda', args...)` instead.
  with torch.cuda.amp.autocast(enabled=device.type == "cuda"):
Epoch 017 | train_loss=0.3488 train_dice=0.6420 val_loss=0.4835 val_dice=0.5796 val_positive_dice=0.4784 val_normal_empty_case_specificity=0.6791
--> Saved new best model: positive-target Dice=0.4784, normal empty-case specificity=0.6791
/kaggle/input/datasets/itsthang333/btxrd-small-lesion-research-v1/project/train_segmentation.py:257: FutureWarning: `torch.cuda.amp.autocast(args...)` is deprecated. Please use `torch.amp.autocast('cuda', args...)` instead.
  with torch.cuda.amp.autocast(enabled=device.type == "cuda"):
Epoch 018 | train_loss=0.3431 train_dice=0.6666 val_loss=0.4853 val_dice=0.4884 val_positive_dice=0.4630 val_normal_empty_case_specificity=0.5134
/kaggle/input/datasets/itsthang333/btxrd-small-lesion-research-v1/project/train_segmentation.py:257: FutureWarning: `torch.cuda.amp.autocast(args...)` is deprecated. Please use `torch.amp.autocast('cuda', args...)` instead.
  with torch.cuda.amp.autocast(enabled=device.type == "cuda"):
Epoch 019 | train_loss=0.3383 train_dice=0.6581 val_loss=0.4937 val_dice=0.4617 val_positive_dice=0.4852 val_normal_empty_case_specificity=0.4385
--> Saved new best model: positive-target Dice=0.4852, normal empty-case specificity=0.4385
/kaggle/input/datasets/itsthang333/btxrd-small-lesion-research-v1/project/train_segmentation.py:257: FutureWarning: `torch.cuda.amp.autocast(args...)` is deprecated. Please use `torch.amp.autocast('cuda', args...)` instead.
  with torch.cuda.amp.autocast(enabled=device.type == "cuda"):
Epoch 020 | train_loss=0.3383 train_dice=0.6608 val_loss=0.4910 val_dice=0.4741 val_positive_dice=0.4668 val_normal_empty_case_specificity=0.4813
/kaggle/input/datasets/itsthang333/btxrd-small-lesion-research-v1/project/train_segmentation.py:257: FutureWarning: `torch.cuda.amp.autocast(args...)` is deprecated. Please use `torch.amp.autocast('cuda', args...)` instead.
  with torch.cuda.amp.autocast(enabled=device.type == "cuda"):
Epoch 021 | train_loss=0.3372 train_dice=0.6475 val_loss=0.4714 val_dice=0.3578 val_positive_dice=0.4715 val_normal_empty_case_specificity=0.2460
/kaggle/input/datasets/itsthang333/btxrd-small-lesion-research-v1/project/train_segmentation.py:257: FutureWarning: `torch.cuda.amp.autocast(args...)` is deprecated. Please use `torch.amp.autocast('cuda', args...)` instead.
  with torch.cuda.amp.autocast(enabled=device.type == "cuda"):
Epoch 022 | train_loss=0.3328 train_dice=0.6706 val_loss=0.4870 val_dice=0.5498 val_positive_dice=0.4781 val_normal_empty_case_specificity=0.6203
/kaggle/input/datasets/itsthang333/btxrd-small-lesion-research-v1/project/train_segmentation.py:257: FutureWarning: `torch.cuda.amp.autocast(args...)` is deprecated. Please use `torch.amp.autocast('cuda', args...)` instead.
  with torch.cuda.amp.autocast(enabled=device.type == "cuda"):
Epoch 023 | train_loss=0.3267 train_dice=0.6882 val_loss=0.5406 val_dice=0.6099 val_positive_dice=0.4471 val_normal_empty_case_specificity=0.7701
/kaggle/input/datasets/itsthang333/btxrd-small-lesion-research-v1/project/train_segmentation.py:257: FutureWarning: `torch.cuda.amp.autocast(args...)` is deprecated. Please use `torch.amp.autocast('cuda', args...)` instead.
  with torch.cuda.amp.autocast(enabled=device.type == "cuda"):
Epoch 024 | train_loss=0.3220 train_dice=0.7439 val_loss=0.4910 val_dice=0.6111 val_positive_dice=0.4876 val_normal_empty_case_specificity=0.7326
--> Saved new best model: positive-target Dice=0.4876, normal empty-case specificity=0.7326
/kaggle/input/datasets/itsthang333/btxrd-small-lesion-research-v1/project/train_segmentation.py:257: FutureWarning: `torch.cuda.amp.autocast(args...)` is deprecated. Please use `torch.amp.autocast('cuda', args...)` instead.
  with torch.cuda.amp.autocast(enabled=device.type == "cuda"):
Epoch 025 | train_loss=0.3186 train_dice=0.7691 val_loss=0.4990 val_dice=0.5320 val_positive_dice=0.4639 val_normal_empty_case_specificity=0.5989
/kaggle/input/datasets/itsthang333/btxrd-small-lesion-research-v1/project/train_segmentation.py:257: FutureWarning: `torch.cuda.amp.autocast(args...)` is deprecated. Please use `torch.amp.autocast('cuda', args...)` instead.
  with torch.cuda.amp.autocast(enabled=device.type == "cuda"):
Epoch 026 | train_loss=0.3234 train_dice=0.7437 val_loss=0.4657 val_dice=0.6468 val_positive_dice=0.4944 val_normal_empty_case_specificity=0.7968
--> Saved new best model: positive-target Dice=0.4944, normal empty-case specificity=0.7968
/kaggle/input/datasets/itsthang333/btxrd-small-lesion-research-v1/project/train_segmentation.py:257: FutureWarning: `torch.cuda.amp.autocast(args...)` is deprecated. Please use `torch.amp.autocast('cuda', args...)` instead.
  with torch.cuda.amp.autocast(enabled=device.type == "cuda"):
Epoch 027 | train_loss=0.3180 train_dice=0.7533 val_loss=0.4668 val_dice=0.4910 val_positive_dice=0.4737 val_normal_empty_case_specificity=0.5080
/kaggle/input/datasets/itsthang333/btxrd-small-lesion-research-v1/project/train_segmentation.py:257: FutureWarning: `torch.cuda.amp.autocast(args...)` is deprecated. Please use `torch.amp.autocast('cuda', args...)` instead.
  with torch.cuda.amp.autocast(enabled=device.type == "cuda"):
Epoch 028 | train_loss=0.3195 train_dice=0.7361 val_loss=0.5021 val_dice=0.6136 val_positive_dice=0.4763 val_normal_empty_case_specificity=0.7487
/kaggle/input/datasets/itsthang333/btxrd-small-lesion-research-v1/project/train_segmentation.py:257: FutureWarning: `torch.cuda.amp.autocast(args...)` is deprecated. Please use `torch.amp.autocast('cuda', args...)` instead.
  with torch.cuda.amp.autocast(enabled=device.type == "cuda"):
Epoch 029 | train_loss=0.3164 train_dice=0.7320 val_loss=0.4907 val_dice=0.5735 val_positive_dice=0.4879 val_normal_empty_case_specificity=0.6578
/kaggle/input/datasets/itsthang333/btxrd-small-lesion-research-v1/project/train_segmentation.py:257: FutureWarning: `torch.cuda.amp.autocast(args...)` is deprecated. Please use `torch.amp.autocast('cuda', args...)` instead.
  with torch.cuda.amp.autocast(enabled=device.type == "cuda"):
Epoch 030 | train_loss=0.3147 train_dice=0.7541 val_loss=0.4942 val_dice=0.6627 val_positive_dice=0.4829 val_normal_empty_case_specificity=0.8396
/kaggle/input/datasets/itsthang333/btxrd-small-lesion-research-v1/project/train_segmentation.py:257: FutureWarning: `torch.cuda.amp.autocast(args...)` is deprecated. Please use `torch.amp.autocast('cuda', args...)` instead.
  with torch.cuda.amp.autocast(enabled=device.type == "cuda"):
Epoch 031 | train_loss=0.3101 train_dice=0.7762 val_loss=0.5195 val_dice=0.6552 val_positive_dice=0.4787 val_normal_empty_case_specificity=0.8289
/kaggle/input/datasets/itsthang333/btxrd-small-lesion-research-v1/project/train_segmentation.py:257: FutureWarning: `torch.cuda.amp.autocast(args...)` is deprecated. Please use `torch.amp.autocast('cuda', args...)` instead.
  with torch.cuda.amp.autocast(enabled=device.type == "cuda"):
Epoch 032 | train_loss=0.3135 train_dice=0.7607 val_loss=0.5279 val_dice=0.5744 val_positive_dice=0.4463 val_normal_empty_case_specificity=0.7005
/kaggle/input/datasets/itsthang333/btxrd-small-lesion-research-v1/project/train_segmentation.py:257: FutureWarning: `torch.cuda.amp.autocast(args...)` is deprecated. Please use `torch.amp.autocast('cuda', args...)` instead.
  with torch.cuda.amp.autocast(enabled=device.type == "cuda"):
Epoch 033 | train_loss=0.3134 train_dice=0.7414 val_loss=0.5123 val_dice=0.5498 val_positive_dice=0.5107 val_normal_empty_case_specificity=0.5882
--> Saved new best model: positive-target Dice=0.5107, normal empty-case specificity=0.5882
/kaggle/input/datasets/itsthang333/btxrd-small-lesion-research-v1/project/train_segmentation.py:257: FutureWarning: `torch.cuda.amp.autocast(args...)` is deprecated. Please use `torch.amp.autocast('cuda', args...)` instead.
  with torch.cuda.amp.autocast(enabled=device.type == "cuda"):
Epoch 034 | train_loss=0.3063 train_dice=0.8153 val_loss=0.5060 val_dice=0.6580 val_positive_dice=0.4897 val_normal_empty_case_specificity=0.8235
/kaggle/input/datasets/itsthang333/btxrd-small-lesion-research-v1/project/train_segmentation.py:257: FutureWarning: `torch.cuda.amp.autocast(args...)` is deprecated. Please use `torch.amp.autocast('cuda', args...)` instead.
  with torch.cuda.amp.autocast(enabled=device.type == "cuda"):
Epoch 035 | train_loss=0.3067 train_dice=0.8041 val_loss=0.5051 val_dice=0.6410 val_positive_dice=0.4827 val_normal_empty_case_specificity=0.7968
