[{"stream_name":"stdout","time":16.873815358,"data":"RUN [\"/usr/bin/python3\", \"-m\", \"pip\", \"install\", \"--disable-pip-version-check\", \"--no-input\", \"--no-deps\", \"git+https://github.com/facebookresearch/segment-anything.git@6fdee8f2727f4506cfbbe553e23b895e27956588\"]\n"}
,{"stream_name":"stdout","time":19.322584945,"data":"Collecting git+https://github.com/facebookresearch/segment-anything.git@6fdee8f2727f4506cfbbe553e23b895e27956588\n"}
,{"stream_name":"stdout","time":19.323564617,"data":"  Cloning https://github.com/facebookresearch/segment-anything.git (to revision 6fdee8f2727f4506cfbbe553e23b895e27956588) to /tmp/pip-req-build-1o3vmg_y\n"}
,{"stream_name":"stderr","time":19.343469524,"data":"  Running command git clone --filter=blob:none --quiet https://github.com/facebookresearch/segment-anything.git /tmp/pip-req-build-1o3vmg_y\n"}
,{"stream_name":"stderr","time":21.418009805,"data":"  Running command git rev-parse -q --verify 'sha^6fdee8f2727f4506cfbbe553e23b895e27956588'\n"}
,{"stream_name":"stderr","time":21.420800839,"data":"  Running command git fetch -q https://github.com/facebookresearch/segment-anything.git 6fdee8f2727f4506cfbbe553e23b895e27956588\n"}
,{"stream_name":"stderr","time":21.695489008,"data":"  Running command git checkout -q 6fdee8f2727f4506cfbbe553e23b895e27956588\n"}
,{"stream_name":"stdout","time":22.016368663,"data":"  Resolved https://github.com/facebookresearch/segment-anything.git to commit 6fdee8f2727f4506cfbbe553e23b895e27956588\n"}
,{"stream_name":"stdout","time":22.023910199,"data":"  Preparing metadata (setup.py): started\n"}
,{"stream_name":"stdout","time":23.01829161,"data":"  Preparing metadata (setup.py): finished with status 'done'\n"}
,{"stream_name":"stderr","time":39.986879828,"data":"/kaggle/src/script.py:173: DeprecationWarning: 'mode' parameter is deprecated and will be removed in Pillow 13 (2026-10-15)\n"}
,{"stream_name":"stderr","time":39.986932051,"data":"  Image.fromarray(canvas, mode=\"I;16\").resize(\n"}
,{"stream_name":"stderr","time":39.98918732,"data":"/kaggle/src/script.py:251: DeprecationWarning: 'mode' parameter is deprecated and will be removed in Pillow 13 (2026-10-15)\n"}
,{"stream_name":"stderr","time":39.989202016,"data":"  Image.fromarray(region_map, mode=\"I;16\").save(map_path, optimize=True)\n"}
,{"stream_name":"stdout","time":39.992766803,"data":"PROGRESS 1/2981 elapsed=38.8s regions=7 uncovered=0.0109\n"}
,{"stream_name":"stdout","time":151.986343666,"data":"PROGRESS 25/2981 elapsed=150.8s regions=7 uncovered=0.0109\n"}
,{"stream_name":"stdout","time":278.245104137,"data":"PROGRESS 50/2981 elapsed=277.1s regions=4 uncovered=0.0098\n"}
,{"stream_name":"stdout","time":403.274990385,"data":"PROGRESS 75/2981 elapsed=402.1s regions=6 uncovered=0.0311\n"}
,{"stream_name":"stdout","time":530.028817721,"data":"PROGRESS 100/2981 elapsed=528.8s regions=7 uncovered=0.5038\n"}
,{"stream_name":"stdout","time":654.633184977,"data":"PROGRESS 125/2981 elapsed=653.5s regions=6 uncovered=0.4805\n"}
,{"stream_name":"stdout","time":780.134604486,"data":"PROGRESS 150/2981 elapsed=779.0s regions=7 uncovered=0.4792\n"}
,{"stream_name":"stdout","time":905.202437616,"data":"PROGRESS 175/2981 elapsed=904.0s regions=7 uncovered=0.3773\n"}
,{"stream_name":"stdout","time":1032.572775885,"data":"PROGRESS 200/2981 elapsed=1031.4s regions=8 uncovered=0.2863\n"}
,{"stream_name":"stdout","time":1158.792243365,"data":"PROGRESS 225/2981 elapsed=1157.6s regions=4 uncovered=0.0103\n"}
,{"stream_name":"stdout","time":1285.730373659,"data":"PROGRESS 250/2981 elapsed=1284.5s regions=8 uncovered=0.3798\n"}
,{"stream_name":"stdout","time":1412.231783804,"data":"PROGRESS 275/2981 elapsed=1411.1s regions=6 uncovered=0.4083\n"}
,{"stream_name":"stdout","time":1539.483664164,"data":"PROGRESS 300/2981 elapsed=1538.3s regions=5 uncovered=0.0084\n"}
,{"stream_name":"stdout","time":1666.308589851,"data":"PROGRESS 325/2981 elapsed=1665.1s regions=3 uncovered=0.7291\n"}
,{"stream_name":"stdout","time":1792.415887405,"data":"PROGRESS 350/2981 elapsed=1791.2s regions=5 uncovered=0.3100\n"}
,{"stream_name":"stdout","time":1920.213495558,"data":"PROGRESS 375/2981 elapsed=1919.0s regions=7 uncovered=0.7744\n"}
,{"stream_name":"stdout","time":2046.669228261,"data":"PROGRESS 400/2981 elapsed=2045.5s regions=7 uncovered=0.0050\n"}
,{"stream_name":"stdout","time":2174.527191118,"data":"PROGRESS 425/2981 elapsed=2173.3s regions=6 uncovered=0.6239\n"}
,{"stream_name":"stdout","time":2302.403637022,"data":"PROGRESS 450/2981 elapsed=2301.2s regions=3 uncovered=0.0055\n"}
,{"stream_name":"stdout","time":2430.842152376,"data":"PROGRESS 475/2981 elapsed=2429.7s regions=10 uncovered=0.3033\n"}
,{"stream_name":"stdout","time":2558.359563058,"data":"PROGRESS 500/2981 elapsed=2557.2s regions=8 uncovered=0.6706\n"}
,{"stream_name":"stdout","time":2685.0778957,"data":"PROGRESS 525/2981 elapsed=2683.9s regions=6 uncovered=0.5675\n"}
,{"stream_name":"stdout","time":2812.682768937,"data":"PROGRESS 550/2981 elapsed=2811.5s regions=5 uncovered=0.5033\n"}
,{"stream_name":"stdout","time":2939.720104401,"data":"PROGRESS 575/2981 elapsed=2938.5s regions=8 uncovered=0.9784\n"}
,{"stream_name":"stdout","time":3067.616940194,"data":"PROGRESS 600/2981 elapsed=3066.4s regions=7 uncovered=0.0052\n"}
,{"stream_name":"stdout","time":3194.111290069,"data":"PROGRESS 625/2981 elapsed=3192.9s regions=3 uncovered=0.8053\n"}
,{"stream_name":"stdout","time":3320.292162635,"data":"PROGRESS 650/2981 elapsed=3319.1s regions=3 uncovered=0.3267\n"}
,{"stream_name":"stdout","time":3445.256646858,"data":"PROGRESS 675/2981 elapsed=3444.1s regions=7 uncovered=0.4850\n"}
,{"stream_name":"stdout","time":3570.104408671,"data":"PROGRESS 700/2981 elapsed=3568.9s regions=5 uncovered=0.3845\n"}
,{"stream_name":"stdout","time":3697.092262646,"data":"PROGRESS 725/2981 elapsed=3695.9s regions=7 uncovered=0.3377\n"}
,{"stream_name":"stdout","time":3824.304143634,"data":"PROGRESS 750/2981 elapsed=3823.1s regions=12 uncovered=0.4344\n"}
,{"stream_name":"stdout","time":3950.996854026,"data":"PROGRESS 775/2981 elapsed=3949.8s regions=5 uncovered=0.6556\n"}
,{"stream_name":"stdout","time":4076.571094352,"data":"PROGRESS 800/2981 elapsed=4075.4s regions=8 uncovered=0.0092\n"}
,{"stream_name":"stdout","time":4202.895794716,"data":"PROGRESS 825/2981 elapsed=4201.7s regions=7 uncovered=0.3300\n"}
,{"stream_name":"stdout","time":4328.399786001,"data":"PROGRESS 850/2981 elapsed=4327.2s regions=6 uncovered=0.4373\n"}
,{"stream_name":"stdout","time":4454.415733593,"data":"PROGRESS 875/2981 elapsed=4453.2s regions=3 uncovered=0.0144\n"}
,{"stream_name":"stdout","time":4581.598919844,"data":"PROGRESS 900/2981 elapsed=4580.4s regions=4 uncovered=0.0000\n"}
,{"stream_name":"stdout","time":4708.344567596,"data":"PROGRESS 925/2981 elapsed=4707.2s regions=5 uncovered=0.0000\n"}
,{"stream_name":"stdout","time":4834.252495411,"data":"PROGRESS 950/2981 elapsed=4833.1s regions=5 uncovered=0.4219\n"}
,{"stream_name":"stdout","time":4961.62234891,"data":"PROGRESS 975/2981 elapsed=4960.4s regions=3 uncovered=0.4991\n"}
,{"stream_name":"stdout","time":5086.875652257,"data":"PROGRESS 1000/2981 elapsed=5085.7s regions=8 uncovered=0.4350\n"}
,{"stream_name":"stdout","time":5212.670856832,"data":"PROGRESS 1025/2981 elapsed=5211.5s regions=19 uncovered=0.6567\n"}
,{"stream_name":"stdout","time":5337.393736176,"data":"PROGRESS 1050/2981 elapsed=5336.2s regions=4 uncovered=0.1766\n"}
,{"stream_name":"stdout","time":5462.699019692,"data":"PROGRESS 1075/2981 elapsed=5461.5s regions=9 uncovered=0.6855\n"}
,{"stream_name":"stdout","time":5589.102440023,"data":"PROGRESS 1100/2981 elapsed=5587.9s regions=5 uncovered=0.8355\n"}
,{"stream_name":"stdout","time":5715.260582318,"data":"PROGRESS 1125/2981 elapsed=5714.1s regions=12 uncovered=0.4573\n"}
,{"stream_name":"stdout","time":5841.806571834,"data":"PROGRESS 1150/2981 elapsed=5840.6s regions=5 uncovered=0.4795\n"}
,{"stream_name":"stdout","time":5969.448746374,"data":"PROGRESS 1175/2981 elapsed=5968.3s regions=3 uncovered=0.6184\n"}
,{"stream_name":"stdout","time":6095.53602543,"data":"PROGRESS 1200/2981 elapsed=6094.4s regions=5 uncovered=0.0092\n"}
,{"stream_name":"stdout","time":6221.167568894,"data":"PROGRESS 1225/2981 elapsed=6220.0s regions=3 uncovered=0.5519\n"}
,{"stream_name":"stdout","time":6347.543032001,"data":"PROGRESS 1250/2981 elapsed=6346.4s regions=7 uncovered=0.2564\n"}
,{"stream_name":"stdout","time":6474.482211033,"data":"PROGRESS 1275/2981 elapsed=6473.3s regions=6 uncovered=0.0092\n"}
,{"stream_name":"stdout","time":6600.677049902,"data":"PROGRESS 1300/2981 elapsed=6599.5s regions=15 uncovered=0.7647\n"}
,{"stream_name":"stdout","time":6726.52218154,"data":"PROGRESS 1325/2981 elapsed=6725.3s regions=5 uncovered=0.3383\n"}
,{"stream_name":"stdout","time":6851.209229587,"data":"PROGRESS 1350/2981 elapsed=6850.0s regions=7 uncovered=0.0797\n"}
,{"stream_name":"stdout","time":6975.567441855,"data":"PROGRESS 1375/2981 elapsed=6974.4s regions=10 uncovered=0.4873\n"}
,{"stream_name":"stdout","time":7099.861440091,"data":"PROGRESS 1400/2981 elapsed=7098.7s regions=4 uncovered=0.9008\n"}
,{"stream_name":"stdout","time":7225.055948538,"data":"PROGRESS 1425/2981 elapsed=7223.9s regions=6 uncovered=0.6145\n"}
,{"stream_name":"stdout","time":7349.952987875,"data":"PROGRESS 1450/2981 elapsed=7348.8s regions=8 uncovered=0.5131\n"}
,{"stream_name":"stdout","time":7474.045100527,"data":"PROGRESS 1475/2981 elapsed=7472.9s regions=4 uncovered=0.5128\n"}
,{"stream_name":"stdout","time":7598.527815483,"data":"PROGRESS 1500/2981 elapsed=7597.3s regions=7 uncovered=0.4342\n"}
,{"stream_name":"stdout","time":7724.507891087,"data":"PROGRESS 1525/2981 elapsed=7723.3s regions=15 uncovered=0.9222\n"}
,{"stream_name":"stdout","time":7851.221109801,"data":"PROGRESS 1550/2981 elapsed=7850.0s regions=6 uncovered=0.7356\n"}
,{"stream_name":"stdout","time":7977.021705376,"data":"PROGRESS 1575/2981 elapsed=7975.8s regions=6 uncovered=0.5011\n"}
,{"stream_name":"stdout","time":8104.217238514,"data":"PROGRESS 1600/2981 elapsed=8103.0s regions=8 uncovered=0.0100\n"}
,{"stream_name":"stdout","time":8230.29653127,"data":"PROGRESS 1625/2981 elapsed=8229.1s regions=7 uncovered=0.2517\n"}
,{"stream_name":"stdout","time":8356.555951447,"data":"PROGRESS 1650/2981 elapsed=8355.4s regions=9 uncovered=0.3886\n"}
,{"stream_name":"stdout","time":8482.613162722,"data":"PROGRESS 1675/2981 elapsed=8481.4s regions=5 uncovered=0.5983\n"}
,{"stream_name":"stdout","time":8609.050796785,"data":"PROGRESS 1700/2981 elapsed=8607.9s regions=16 uncovered=0.5909\n"}
,{"stream_name":"stdout","time":8734.642145003,"data":"PROGRESS 1725/2981 elapsed=8733.5s regions=14 uncovered=0.4423\n"}
,{"stream_name":"stdout","time":8860.721743937,"data":"PROGRESS 1750/2981 elapsed=8859.5s regions=9 uncovered=0.2787\n"}
,{"stream_name":"stdout","time":8985.453663652,"data":"PROGRESS 1775/2981 elapsed=8984.3s regions=6 uncovered=0.0089\n"}
,{"stream_name":"stdout","time":9112.462304454,"data":"PROGRESS 1800/2981 elapsed=9111.3s regions=6 uncovered=0.4894\n"}
,{"stream_name":"stdout","time":9239.086811388,"data":"PROGRESS 1825/2981 elapsed=9237.9s regions=6 uncovered=0.3452\n"}
,{"stream_name":"stdout","time":9365.544141364,"data":"PROGRESS 1850/2981 elapsed=9364.4s regions=9 uncovered=0.5914\n"}
,{"stream_name":"stdout","time":9491.749834482,"data":"PROGRESS 1875/2981 elapsed=9490.6s regions=6 uncovered=0.0922\n"}
,{"stream_name":"stdout","time":9618.243595024,"data":"PROGRESS 1900/2981 elapsed=9617.1s regions=7 uncovered=0.3386\n"}
,{"stream_name":"stdout","time":9744.552157407,"data":"PROGRESS 1925/2981 elapsed=9743.4s regions=9 uncovered=0.3166\n"}
,{"stream_name":"stdout","time":9871.323166403,"data":"PROGRESS 1950/2981 elapsed=9870.1s regions=12 uncovered=0.0122\n"}
,{"stream_name":"stdout","time":9998.328551145,"data":"PROGRESS 1975/2981 elapsed=9997.1s regions=16 uncovered=0.3508\n"}
,{"stream_name":"stdout","time":10126.226382028,"data":"PROGRESS 2000/2981 elapsed=10125.0s regions=7 uncovered=0.3089\n"}
,{"stream_name":"stdout","time":10253.317412299,"data":"PROGRESS 2025/2981 elapsed=10252.1s regions=15 uncovered=0.6539\n"}
,{"stream_name":"stdout","time":10379.654592919,"data":"PROGRESS 2050/2981 elapsed=10378.5s regions=10 uncovered=0.4841\n"}
,{"stream_name":"stdout","time":10506.188831644,"data":"PROGRESS 2075/2981 elapsed=10505.0s regions=6 uncovered=0.3006\n"}
,{"stream_name":"stdout","time":10632.836903104,"data":"PROGRESS 2100/2981 elapsed=10631.7s regions=3 uncovered=0.1928\n"}
,{"stream_name":"stdout","time":10759.914030395,"data":"PROGRESS 2125/2981 elapsed=10758.7s regions=6 uncovered=0.1486\n"}
,{"stream_name":"stdout","time":10886.485135797,"data":"PROGRESS 2150/2981 elapsed=10885.3s regions=6 uncovered=0.3958\n"}
,{"stream_name":"stdout","time":11013.768443573,"data":"PROGRESS 2175/2981 elapsed=11012.6s regions=16 uncovered=0.2683\n"}
,{"stream_name":"stdout","time":11139.747049217,"data":"PROGRESS 2200/2981 elapsed=11138.6s regions=22 uncovered=0.3384\n"}
,{"stream_name":"stdout","time":11265.770014498,"data":"PROGRESS 2225/2981 elapsed=11264.6s regions=7 uncovered=0.4956\n"}
,{"stream_name":"stdout","time":11394.163105245,"data":"PROGRESS 2250/2981 elapsed=11393.0s regions=2 uncovered=0.0077\n"}
,{"stream_name":"stdout","time":11522.152608279,"data":"PROGRESS 2275/2981 elapsed=11521.0s regions=9 uncovered=0.4883\n"}
,{"stream_name":"stdout","time":11649.074636381,"data":"PROGRESS 2300/2981 elapsed=11647.9s regions=9 uncovered=0.0645\n"}
,{"stream_name":"stdout","time":11775.654476722,"data":"PROGRESS 2325/2981 elapsed=11774.5s regions=16 uncovered=0.6262\n"}
,{"stream_name":"stdout","time":11902.834346844,"data":"PROGRESS 2350/2981 elapsed=11901.7s regions=22 uncovered=0.8358\n"}
,{"stream_name":"stdout","time":12029.573419347,"data":"PROGRESS 2375/2981 elapsed=12028.4s regions=9 uncovered=0.6414\n"}
,{"stream_name":"stdout","time":12155.379237193,"data":"PROGRESS 2400/2981 elapsed=12154.2s regions=9 uncovered=0.3373\n"}
,{"stream_name":"stdout","time":12282.379239299,"data":"PROGRESS 2425/2981 elapsed=12281.2s regions=11 uncovered=0.4144\n"}
,{"stream_name":"stdout","time":12409.172125813,"data":"PROGRESS 2450/2981 elapsed=12408.0s regions=5 uncovered=0.1050\n"}
,{"stream_name":"stdout","time":12535.716217641,"data":"PROGRESS 2475/2981 elapsed=12534.5s regions=3 uncovered=0.1608\n"}
,{"stream_name":"stdout","time":12662.7572287,"data":"PROGRESS 2500/2981 elapsed=12661.6s regions=4 uncovered=0.0273\n"}
,{"stream_name":"stdout","time":12788.704535236,"data":"PROGRESS 2525/2981 elapsed=12787.5s regions=8 uncovered=0.3498\n"}
,{"stream_name":"stdout","time":12914.900513788,"data":"PROGRESS 2550/2981 elapsed=12913.7s regions=9 uncovered=0.2886\n"}
,{"stream_name":"stdout","time":13042.258249788,"data":"PROGRESS 2575/2981 elapsed=13041.1s regions=6 uncovered=0.4659\n"}
,{"stream_name":"stdout","time":13170.154597448,"data":"PROGRESS 2600/2981 elapsed=13169.0s regions=10 uncovered=0.7597\n"}
,{"stream_name":"stdout","time":13297.669122101,"data":"PROGRESS 2625/2981 elapsed=13296.5s regions=7 uncovered=0.4444\n"}
,{"stream_name":"stdout","time":13425.822018891,"data":"PROGRESS 2650/2981 elapsed=13424.6s regions=4 uncovered=0.4838\n"}
,{"stream_name":"stdout","time":13553.705882964,"data":"PROGRESS 2675/2981 elapsed=13552.5s regions=4 uncovered=0.4195\n"}
,{"stream_name":"stdout","time":13680.190089942,"data":"PROGRESS 2700/2981 elapsed=13679.0s regions=5 uncovered=0.1350\n"}
,{"stream_name":"stdout","time":13807.263544018,"data":"PROGRESS 2725/2981 elapsed=13806.1s regions=4 uncovered=0.1794\n"}
,{"stream_name":"stdout","time":13934.023749807,"data":"PROGRESS 2750/2981 elapsed=13932.8s regions=3 uncovered=0.0250\n"}
,{"stream_name":"stdout","time":14061.174353307,"data":"PROGRESS 2775/2981 elapsed=14060.0s regions=8 uncovered=0.0122\n"}
,{"stream_name":"stdout","time":14188.693496136,"data":"PROGRESS 2800/2981 elapsed=14187.5s regions=9 uncovered=0.6298\n"}
,{"stream_name":"stdout","time":14316.88022568,"data":"PROGRESS 2825/2981 elapsed=14315.7s regions=3 uncovered=0.0098\n"}
,{"stream_name":"stdout","time":14442.450579869,"data":"PROGRESS 2850/2981 elapsed=14441.3s regions=14 uncovered=0.8134\n"}
,{"stream_name":"stdout","time":14568.413914316,"data":"PROGRESS 2875/2981 elapsed=14567.2s regions=5 uncovered=0.0028\n"}
,{"stream_name":"stdout","time":14694.52831,"data":"PROGRESS 2900/2981 elapsed=14693.3s regions=19 uncovered=0.8313\n"}
,{"stream_name":"stdout","time":14820.865603231,"data":"PROGRESS 2925/2981 elapsed=14819.7s regions=7 uncovered=0.5138\n"}
,{"stream_name":"stdout","time":14947.597022151,"data":"PROGRESS 2950/2981 elapsed=14946.4s regions=8 uncovered=0.5520\n"}
,{"stream_name":"stdout","time":15075.320686337,"data":"PROGRESS 2975/2981 elapsed=15074.1s regions=16 uncovered=0.7509\n"}
,{"stream_name":"stdout","time":15105.528034519,"data":"PROGRESS 2981/2981 elapsed=15104.3s regions=8 uncovered=0.2883\n"}
,{"stream_name":"stdout","time":15106.612826075,"data":"{\n"}
,{"stream_name":"stdout","time":15106.612856771,"data":"  \"run_id\": \"btxrd_s2c_segment_everything_v1\",\n"}
,{"stream_name":"stdout","time":15106.612869019,"data":"  \"test_evaluated\": false,\n"}
,{"stream_name":"stdout","time":15106.612873156,"data":"  \"polygons_or_masks_loaded\": false,\n"}
,{"stream_name":"stdout","time":15106.612876676,"data":"  \"validation_images_processed\": false,\n"}
,{"stream_name":"stdout","time":15106.612880051,"data":"  \"started_at_utc\": \"2026-07-24T19:27:38.537579+00:00\",\n"}
,{"stream_name":"stdout","time":15106.612883599,"data":"  \"finished_at_utc\": \"2026-07-24T23:39:22.924460+00:00\",\n"}
,{"stream_name":"stdout","time":15106.612887149,"data":"  \"elapsed_seconds\": 15104.386889025,\n"}
,{"stream_name":"stdout","time":15106.612890462,"data":"  \"split_manifest_sha256\": \"85511ee1bd1339c7b6b4f527acc504869da935997fd6b2485042edd619193c8c\",\n"}
,{"stream_name":"stdout","time":15106.612893822,"data":"  \"split_audit\": {\n"}
,{"stream_name":"stdout","time":15106.612896984,"data":"    \"train\": {\n"}
,{"stream_name":"stdout","time":15106.612900275,"data":"      \"images\": 2981,\n"}
,{"stream_name":"stdout","time":15106.612903496,"data":"      \"tumor\": 1488,\n"}
,{"stream_name":"stdout","time":15106.612906618,"data":"      \"normal\": 1493\n"}
,{"stream_name":"stdout","time":15106.612909773,"data":"    },\n"}
,{"stream_name":"stdout","time":15106.612913787,"data":"    \"val\": {\n"}
,{"stream_name":"stdout","time":15106.612917905,"data":"      \"images\": 371,\n"}
,{"stream_name":"stdout","time":15106.612921133,"data":"      \"tumor\": 184,\n"}
,{"stream_name":"stdout","time":15106.612924331,"data":"      \"normal\": 187\n"}
,{"stream_name":"stdout","time":15106.612927564,"data":"    },\n"}
,{"stream_name":"stdout","time":15106.612939613,"data":"    \"test\": {\n"}
,{"stream_name":"stdout","time":15106.612942389,"data":"      \"images\": 373,\n"}
,{"stream_name":"stdout","time":15106.612944831,"data":"      \"tumor\": 187,\n"}
,{"stream_name":"stdout","time":15106.612947207,"data":"      \"normal\": 186\n"}
,{"stream_name":"stdout","time":15106.612949537,"data":"    }\n"}
,{"stream_name":"stdout","time":15106.612951813,"data":"  },\n"}
,{"stream_name":"stdout","time":15106.612954118,"data":"  \"processed_split\": \"train\",\n"}
,{"stream_name":"stdout","time":15106.612956637,"data":"  \"processed_images\": 2981,\n"}
,{"stream_name":"stdout","time":15106.612959069,"data":"  \"image_size\": 320,\n"}
,{"stream_name":"stdout","time":15106.612961436,"data":"  \"map_size\": 80,\n"}
,{"stream_name":"stdout","time":15106.612963959,"data":"  \"map_dtype\": \"uint16\",\n"}
,{"stream_name":"stdout","time":15106.612966498,"data":"  \"region_count\": {\n"}
,{"stream_name":"stdout","time":15106.612968875,"data":"    \"min\": 1,\n"}
,{"stream_name":"stdout","time":15106.612971243,"data":"    \"mean\": 7.724589064072459,\n"}
,{"stream_name":"stdout","time":15106.612973659,"data":"    \"median\": 7.0,\n"}
,{"stream_name":"stdout","time":15106.612976119,"data":"    \"max\": 51\n"}
,{"stream_name":"stdout","time":15106.612978484,"data":"  },\n"}
,{"stream_name":"stdout","time":15106.612980844,"data":"  \"uncovered_fraction\": {\n"}
,{"stream_name":"stdout","time":15106.612983261,"data":"    \"min\": 0.0,\n"}
,{"stream_name":"stdout","time":15106.612985734,"data":"    \"mean\": 0.4197968383092922,\n"}
,{"stream_name":"stdout","time":15106.612988146,"data":"    \"median\": 0.42828125,\n"}
,{"stream_name":"stdout","time":15106.61299056,"data":"    \"max\": 0.9934375\n"}
,{"stream_name":"stdout","time":15106.612992961,"data":"  },\n"}
,{"stream_name":"stdout","time":15106.612995375,"data":"  \"region_map_manifest_sha256\": \"677dbb16ca0824a03bb75c991a01e6a83de5819d1db1f6f6d9f02765375c8f8e\",\n"}
,{"stream_name":"stdout","time":15106.612998094,"data":"  \"sam\": {\n"}
,{"stream_name":"stdout","time":15106.613000459,"data":"    \"model\": \"vit_b\",\n"}
,{"stream_name":"stdout","time":15106.613002929,"data":"    \"checkpoint_sha256\": \"ec2df62732614e57411cdcf32a23ffdf28910380d03139ee0f4fcbe91eb8c912\",\n"}
,{"stream_name":"stdout","time":15106.613005511,"data":"    \"segment_anything_commit\": \"6fdee8f2727f4506cfbbe553e23b895e27956588\",\n"}
,{"stream_name":"stdout","time":15106.613008068,"data":"    \"generator_kwargs\": {\n"}
,{"stream_name":"stdout","time":15106.613010456,"data":"      \"points_per_side\": 32,\n"}
,{"stream_name":"stdout","time":15106.613012843,"data":"      \"points_per_batch\": 64,\n"}
,{"stream_name":"stdout","time":15106.613015238,"data":"      \"pred_iou_thresh\": 0.88,\n"}
,{"stream_name":"stdout","time":15106.613017701,"data":"      \"stability_score_thresh\": 0.95,\n"}
,{"stream_name":"stdout","time":15106.613020147,"data":"      \"stability_score_offset\": 1.0,\n"}
,{"stream_name":"stdout","time":15106.613022544,"data":"      \"box_nms_thresh\": 0.7,\n"}
,{"stream_name":"stdout","time":15106.613024931,"data":"      \"crop_n_layers\": 0,\n"}
,{"stream_name":"stdout","time":15106.613027318,"data":"      \"crop_nms_thresh\": 0.7,\n"}
,{"stream_name":"stdout","time":15106.613029735,"data":"      \"crop_overlap_ratio\": 0.3413333333333333,\n"}
,{"stream_name":"stdout","time":15106.613032182,"data":"      \"crop_n_points_downscale_factor\": 1,\n"}
,{"stream_name":"stdout","time":15106.613034577,"data":"      \"point_grids\": null,\n"}
,{"stream_name":"stdout","time":15106.613037013,"data":"      \"min_mask_region_area\": 0,\n"}
,{"stream_name":"stdout","time":15106.613041922,"data":"      \"output_mode\": \"binary_mask\"\n"}
,{"stream_name":"stdout","time":15106.613044486,"data":"    }\n"}
,{"stream_name":"stdout","time":15106.61307395,"data":"  },\n"}
,{"stream_name":"stdout","time":15106.613081471,"data":"  \"environment\": {\n"}
,{"stream_name":"stdout","time":15106.613085837,"data":"    \"python\": \"3.12.13 (main, Mar  4 2026, 09:23:07) [GCC 11.4.0]\",\n"}
,{"stream_name":"stdout","time":15106.613095372,"data":"    \"platform\": \"Linux-6.12.90+-x86_64-with-glibc2.35\",\n"}
,{"stream_name":"stdout","time":15106.613098241,"data":"    \"torch\": \"2.10.0+cu128\",\n"}
,{"stream_name":"stdout","time":15106.613100811,"data":"    \"torchvision\": \"0.25.0+cu128\",\n"}
,{"stream_name":"stdout","time":15106.613103271,"data":"    \"cuda\": \"12.8\",\n"}
,{"stream_name":"stdout","time":15106.613105756,"data":"    \"gpu\": \"Tesla T4\"\n"}
,{"stream_name":"stdout","time":15106.613109434,"data":"  },\n"}
,{"stream_name":"stdout","time":15106.613111857,"data":"  \"kernel_script_sha256\": \"ddf5f506beb91a1a675a8a5e53e85230453a23ef82c145a09005d682daf0c194\",\n"}
,{"stream_name":"stdout","time":15106.613114626,"data":"  \"known_limitation\": \"SAM regions are class-agnostic proposals, not lesion ground truth; BTXRD group IDs remain heuristic because verified patient IDs are unavailable\"\n"}
,{"stream_name":"stdout","time":15106.613117381,"data":"}\n"}
,{"stream_name":"stderr","time":15110.810738454,"data":"/usr/local/lib/python3.12/dist-packages/mistune.py:435: SyntaxWarning: invalid escape sequence '\\|'\n"}
,{"stream_name":"stderr","time":15110.810770735,"data":"  cells[i][c] = re.sub('\\\\\\\\\\|', '|', cell)\n"}
,{"stream_name":"stderr","time":15111.04655001,"data":"/usr/local/lib/python3.12/dist-packages/nbconvert/filters/filter_links.py:36: SyntaxWarning: invalid escape sequence '\\_'\n"}
,{"stream_name":"stderr","time":15111.046594428,"data":"  text = re.sub(r'_', '\\_', text) # Escape underscores in display text\n"}
,{"stream_name":"stderr","time":15111.647250862,"data":"[NbConvertApp] Converting notebook __script__.ipynb to html\n"}
,{"stream_name":"stderr","time":15112.85748252,"data":"[NbConvertApp] Writing 339812 bytes to __results__.html\n"}
]