[{"stream_name":"stdout","time":21.913023891,"data":"RUN [\"/usr/bin/python3\", \"-m\", \"pip\", \"install\", \"--disable-pip-version-check\", \"--no-input\", \"--no-deps\", \"git+https://github.com/facebookresearch/segment-anything.git@6fdee8f2727f4506cfbbe553e23b895e27956588\"]\n"}
,{"stream_name":"stdout","time":23.779421872,"data":"Collecting git+https://github.com/facebookresearch/segment-anything.git@6fdee8f2727f4506cfbbe553e23b895e27956588\n"}
,{"stream_name":"stdout","time":23.780512595,"data":"  Cloning https://github.com/facebookresearch/segment-anything.git (to revision 6fdee8f2727f4506cfbbe553e23b895e27956588) to /tmp/pip-req-build-q5dgtu9n\n"}
,{"stream_name":"stderr","time":23.800867189999998,"data":"  Running command git clone --filter=blob:none --quiet https://github.com/facebookresearch/segment-anything.git /tmp/pip-req-build-q5dgtu9n\n"}
,{"stream_name":"stderr","time":25.498602091,"data":"  Running command git rev-parse -q --verify 'sha^6fdee8f2727f4506cfbbe553e23b895e27956588'\n"}
,{"stream_name":"stderr","time":25.501214039,"data":"  Running command git fetch -q https://github.com/facebookresearch/segment-anything.git 6fdee8f2727f4506cfbbe553e23b895e27956588\n"}
,{"stream_name":"stderr","time":25.606741876,"data":"  Running command git checkout -q 6fdee8f2727f4506cfbbe553e23b895e27956588\n"}
,{"stream_name":"stdout","time":25.810622585,"data":"  Resolved https://github.com/facebookresearch/segment-anything.git to commit 6fdee8f2727f4506cfbbe553e23b895e27956588\n"}
,{"stream_name":"stdout","time":25.817469562,"data":"  Preparing metadata (setup.py): started\n"}
,{"stream_name":"stdout","time":26.671558774,"data":"  Preparing metadata (setup.py): finished with status 'done'\n"}
,{"stream_name":"stdout","time":30.529765273,"data":"RUN [\"/usr/bin/python3\", \"/kaggle/input/datasets/itsthang333/btxrd-small-lesion-research-v1/project/generate_pseudo_masks.py\", \"--pipeline-profile\", \"default\", \"--data-root\", \"/kaggle/input/datasets/itsthang333/btxrd-raw/BTXRD\", \"--split\", \"train\", \"--split-manifest\", \"/kaggle/input/datasets/itsthang333/btxrd-small-lesion-research-v1/split_manifest.csv\", \"--classifier-checkpoint\", \"/kaggle/input/notebooks/itsthang333/btxrd-clean-binary-classifier/btxrd_clean_binary_classifier/training/best_classifier.pt\", \"--sam-checkpoint\", \"/kaggle/input/datasets/itsthang333/btxrd-model-checkpoints/btxrd-model-checkpoints/sam_vit_b_01ec64.pth\", \"--classifier-device\", \"cuda\", \"--sam-device\", \"cuda\", \"--target-columns\", \"tumor\", \"--image-size\", \"320\", \"--sam-image-size\", \"512\", \"--batch-size\", \"1\", \"--num-workers\", \"2\", \"--output-dir\", \"/kaggle/working/btxrd_wsss_train_pseudo_v1/pseudo_masks\", \"--process-all\", \"--save-visuals-limit\", \"0\", \"--confidence-threshold\", \"0.5\", \"--cam-percentile\", \"90\", \"--cam-percentile-ensemble\", \"--cam-percentile-values\", \"85,90,95\", \"--cam-tta-flip\", \"--max-points\", \"5\", \"--min-component-area\", \"100\", \"--mask-score-threshold\", \"0.4\", \"--seed-percentile\", \"82\", \"--support-percentile\", \"55\", \"--morphology-fusion-mode\", \"components\", \"--sam-prompt-mode\", \"box_point\", \"--sam-prompt-ensemble\", \"--max-components\", \"3\", \"--all-cam-components\", \"--points-per-component\", \"5\", \"--bbox-padding-ratio\", \"0.02\", \"--negative-points-per-component\", \"4\", \"--prompt-border-margin\", \"2\", \"--max-box-area-ratio\", \"0.35\", \"--layercam-weights\", \"0.20,0.30,0.50\", \"--layercam-gradient-mode\", \"positive\", \"--selection-method\", \"coverage_mass_sam\", \"--fusion-topk\", \"1\", \"--component-topk\", \"3\", \"--support-clip-kernel\", \"5\", \"--closing-kernel\", \"0\", \"--opening-kernel\", \"0\", \"--min-size\", \"40\", \"--max-hole-area\", \"0\", \"--guidance-threshold\", \"0.4\", \"--preprocessing-mode\", \"none\", \"--cam-aggregation\", \"class\", \"--low-score-policy\", \"empty\", \"--cam-target-class\", \"ground_truth\"]\n"}
,{"stream_name":"stdout","time":35.098470929,"data":"Loaded classifier checkpoint task=multi-label normalization=imagenet\n"}
,{"stream_name":"stderr","time":67.98325607,"data":"/kaggle/input/datasets/itsthang333/btxrd-small-lesion-research-v1/project/models/classifier.py:54: FutureWarning: `torch.cuda.amp.autocast(args...)` is deprecated. Please use `torch.amp.autocast('cuda', args...)` instead.\n"}
,{"stream_name":"stderr","time":67.983297775,"data":"  with torch.cuda.amp.autocast(enabled=False):\n"}
,{"stream_name":"stdout","time":2462.823468815,"data":"\n"}
,{"stream_name":"stdout","time":2462.823518293,"data":"Done: full dataset. Masks saved to /kaggle/working/btxrd_wsss_train_pseudo_v1/pseudo_masks/masks (skipped 1493 normal/low-confidence images)\n"}
,{"stream_name":"stdout","time":2462.823702309,"data":"Saved list of 1493 skipped image names to /kaggle/working/btxrd_wsss_train_pseudo_v1/pseudo_masks/skipped_low_confidence.txt\n"}
,{"stream_name":"stdout","time":2468.72603524,"data":"Pseudo-mask completeness: 2981/2981 rows; manifest_sha256=7b0b133e7bbff8fecb102159b1be41801b6c51199de549a3420978b13ea7c7e6\n"}
,{"stream_name":"stdout","time":2473.127562003,"data":"{\n"}
,{"stream_name":"stdout","time":2473.127587723,"data":"  \"run_id\": \"btxrd_wsss_train_pseudo_v1\",\n"}
,{"stream_name":"stdout","time":2473.127593968,"data":"  \"status\": \"complete\",\n"}
,{"stream_name":"stdout","time":2473.127599346,"data":"  \"test_evaluated\": false,\n"}
,{"stream_name":"stdout","time":2473.12760446,"data":"  \"validation_evaluated\": false,\n"}
,{"stream_name":"stdout","time":2473.127610003,"data":"  \"train_polygons_loaded\": false,\n"}
,{"stream_name":"stdout","time":2473.127615248,"data":"  \"split_manifest_sha256\": \"85511ee1bd1339c7b6b4f527acc504869da935997fd6b2485042edd619193c8c\",\n"}
,{"stream_name":"stdout","time":2473.12762074,"data":"  \"classifier_checkpoint_sha256\": \"f62d3702541ec3e6571751ddda22dab4c723943397471d3897500da1620304c5\",\n"}
,{"stream_name":"stdout","time":2473.127626183,"data":"  \"sam_checkpoint_sha256\": \"ec2df62732614e57411cdcf32a23ffdf28910380d03139ee0f4fcbe91eb8c912\",\n"}
,{"stream_name":"stdout","time":2473.127631467,"data":"  \"split\": \"train\",\n"}
,{"stream_name":"stdout","time":2473.127636596,"data":"  \"images\": 2981,\n"}
,{"stream_name":"stdout","time":2473.127641875,"data":"  \"tumor_images\": 1488,\n"}
,{"stream_name":"stdout","time":2473.127646957,"data":"  \"normal_images\": 1493,\n"}
,{"stream_name":"stdout","time":2473.127652128,"data":"  \"verified_masks\": 2981,\n"}
,{"stream_name":"stdout","time":2473.127657146,"data":"  \"statuses\": {\n"}
,{"stream_name":"stdout","time":2473.127662225,"data":"    \"empty_after_localization\": 25,\n"}
,{"stream_name":"stdout","time":2473.127667461,"data":"    \"empty_by_image_gate\": 1493,\n"}
,{"stream_name":"stdout","time":2473.12767251,"data":"    \"ok\": 1463\n"}
,{"stream_name":"stdout","time":2473.127677553,"data":"  },\n"}
,{"stream_name":"stdout","time":2473.127682493,"data":"  \"run_metadata_sha256\": \"bec5e639e08421190a74179abaaa9a9d65ade089851b7b22d3e28b24ef7887a6\",\n"}
,{"stream_name":"stdout","time":2473.127688062,"data":"  \"pseudo_mask_manifest_sha256\": \"7b0b133e7bbff8fecb102159b1be41801b6c51199de549a3420978b13ea7c7e6\",\n"}
,{"stream_name":"stdout","time":2473.127693511,"data":"  \"pseudo_mask_summary_sha256\": \"c592e82de34ab8e518ea71fc3ac6280446c76e50fda5610dae63718c8e546379\"\n"}
,{"stream_name":"stdout","time":2473.127698962,"data":"}\n"}
,{"stream_name":"stderr","time":2475.784725464,"data":"/usr/local/lib/python3.12/dist-packages/mistune.py:435: SyntaxWarning: invalid escape sequence '\\|'\n"}
,{"stream_name":"stderr","time":2475.784754803,"data":"  cells[i][c] = re.sub('\\\\\\\\\\|', '|', cell)\n"}
,{"stream_name":"stderr","time":2476.001562554,"data":"/usr/local/lib/python3.12/dist-packages/nbconvert/filters/filter_links.py:36: SyntaxWarning: invalid escape sequence '\\_'\n"}
,{"stream_name":"stderr","time":2476.001586561,"data":"  text = re.sub(r'_', '\\_', text) # Escape underscores in display text\n"}
,{"stream_name":"stderr","time":2476.586323848,"data":"[NbConvertApp] Converting notebook __script__.ipynb to html\n"}
,{"stream_name":"stderr","time":2477.765414876,"data":"[NbConvertApp] Writing 352719 bytes to __results__.html\n"}
]