[{"stream_name":"stdout","time":5.240184747,"data":"     ━━━━━━━━━━━━━━━━━━━━━━━━━━━━━━━━━━━━━━━ 123.5/123.5 kB 4.0 MB/s eta 0:00:00\n"}
,{"stream_name":"stdout","time":6.280887237,"data":"   ━━━━━━━━━━━━━━━━━━━━━━━━━━━━━━━━━━━━━━━━ 1.5/1.5 MB 30.3 MB/s eta 0:00:00\n"}
,{"stream_name":"stdout","time":6.379698213,"data":"   ━━━━━━━━━━━━━━━━━━━━━━━━━━━━━━━━━━━━━━━━ 7.9/7.9 MB 97.8 MB/s eta 0:00:00\n"}
,{"stream_name":"stdout","time":6.412767745,"data":"   ━━━━━━━━━━━━━━━━━━━━━━━━━━━━━━━━━━━━━━━━ 566.4/566.4 kB 33.6 MB/s eta 0:00:00\n"}
,{"stream_name":"stdout","time":6.47144923,"data":"   ━━━━━━━━━━━━━━━━━━━━━━━━━━━━━━━━━━━━━━━━ 3.6/3.6 MB 88.4 MB/s eta 0:00:00\n"}
,{"stream_name":"stdout","time":6.501328905,"data":"   ━━━━━━━━━━━━━━━━━━━━━━━━━━━━━━━━━━━━━━━━ 44.8/44.8 kB 2.8 MB/s eta 0:00:00\n"}
,{"stream_name":"stderr","time":18.01363852,"data":"ERROR: pip's dependency resolver does not currently take into account all the packages that are installed. This behaviour is the source of the following dependency conflicts.\n"}
,{"stream_name":"stderr","time":18.013710427,"data":"sentence-transformers 5.4.1 requires transformers\u003c6.0.0,\u003e=4.41.0, but you have transformers 4.35.2 which is incompatible.\n"}
,{"stream_name":"stderr","time":32.853903964,"data":"/usr/local/lib/python3.12/dist-packages/transformers/utils/generic.py:441: FutureWarning: `torch.utils._pytree._register_pytree_node` is deprecated. Please use `torch.utils._pytree.register_pytree_node` instead.\n"}
,{"stream_name":"stderr","time":32.853947159,"data":"  _torch_pytree._register_pytree_node(\n"}
,{"stream_name":"stderr","time":32.99335363,"data":"/usr/local/lib/python3.12/dist-packages/transformers/utils/generic.py:309: FutureWarning: `torch.utils._pytree._register_pytree_node` is deprecated. Please use `torch.utils._pytree.register_pytree_node` instead.\n"}
,{"stream_name":"stderr","time":32.993394168,"data":"  _torch_pytree._register_pytree_node(\n"}
,{"stream_name":"stderr","time":37.006682923,"data":"Cloning into '/kaggle/working/thesis_source'...\n"}
,{"stream_name":"stderr","time":38.550969013,"data":"HEAD is now at de02acb research: audit BiomedCLIP fallback feasibility\n"}
,{"stream_name":"stderr","time":54.67740837,"data":"/usr/local/lib/python3.12/dist-packages/huggingface_hub/file_download.py:949: FutureWarning: `resume_download` is deprecated and will be removed in version 1.0.0. Downloads always resume when possible. If you want to force a new download, use `force_download=True`.\n"}
,{"stream_name":"stderr","time":54.677453461,"data":"  warnings.warn(\n"}
,{"stream_name":"stderr","time":55.774594013,"data":"/usr/local/lib/python3.12/dist-packages/transformers/utils/generic.py:309: FutureWarning: `torch.utils._pytree._register_pytree_node` is deprecated. Please use `torch.utils._pytree.register_pytree_node` instead.\n"}
,{"stream_name":"stderr","time":55.774627184,"data":"  _torch_pytree._register_pytree_node(\n"}
,{"stream_name":"stderr","time":57.766517486,"data":"/usr/local/lib/python3.12/dist-packages/huggingface_hub/file_download.py:949: FutureWarning: `resume_download` is deprecated and will be removed in version 1.0.0. Downloads always resume when possible. If you want to force a new download, use `force_download=True`.\n"}
,{"stream_name":"stderr","time":57.766552859,"data":"  warnings.warn(\n"}
,{"stream_name":"stdout","time":68.623135831,"data":"{\n"}
,{"stream_name":"stdout","time":68.623198563,"data":"  \"status\": \"PASS\",\n"}
,{"stream_name":"stdout","time":68.623203997,"data":"  \"source_commit\": \"de02acb59900cc64f7bdf649d20286d6219af82c\",\n"}
,{"stream_name":"stdout","time":68.623211423,"data":"  \"split_sha256\": \"43662d5d7969ae2a5bc61c6a0de3e0c392debef19c98d809f7d9bdfd0abb2fa8\",\n"}
,{"stream_name":"stdout","time":68.623215206,"data":"  \"model_id\": \"hf-hub:microsoft/BiomedCLIP-PubMedBERT_256-vit_base_patch16_224\",\n"}
,{"stream_name":"stdout","time":68.623219167,"data":"  \"model_weight_files\": [\n"}
,{"stream_name":"stdout","time":68.623222957,"data":"    {\n"}
,{"stream_name":"stdout","time":68.623226434,"data":"      \"name\": \"open_clip_pytorch_model.bin\",\n"}
,{"stream_name":"stdout","time":68.623230229,"data":"      \"bytes\": 783705670,\n"}
,{"stream_name":"stdout","time":68.623234082,"data":"      \"sha256\": \"52cc993c5c5ff962bd0c60931874bc001e7e9b41666a385530f4a036294576be\"\n"}
,{"stream_name":"stdout","time":68.623238078,"data":"    }\n"}
,{"stream_name":"stdout","time":68.623241807,"data":"  ],\n"}
,{"stream_name":"stdout","time":68.623245633,"data":"  \"prompt_sha256\": \"e8f859fbcc2b7814b974cc4d28ce8b07a6bf012d62ddf7dd72fe058938466ad9\",\n"}
,{"stream_name":"stdout","time":68.623249485,"data":"  \"population\": {\n"}
,{"stream_name":"stdout","time":68.623266161,"data":"    \"score_images\": 64,\n"}
,{"stream_name":"stdout","time":68.623269985,"data":"    \"saliency_images\": 8,\n"}
,{"stream_name":"stdout","time":68.623273239,"data":"    \"source_split\": \"train\",\n"}
,{"stream_name":"stdout","time":68.623276834,"data":"    \"validation_images\": 0,\n"}
,{"stream_name":"stdout","time":68.623280226,"data":"    \"test_images\": 0\n"}
,{"stream_name":"stdout","time":68.623283569,"data":"  },\n"}
,{"stream_name":"stdout","time":68.623286798,"data":"  \"score_diagnostic\": {\n"}
,{"stream_name":"stdout","time":68.623290103,"data":"    \"tumor_mean\": -0.017217572582012508,\n"}
,{"stream_name":"stdout","time":68.623293476,"data":"    \"normal_mean\": -0.02211094267113367,\n"}
,{"stream_name":"stdout","time":68.623296847,"data":"    \"tumor_minus_normal\": 0.004893370089121163,\n"}
,{"stream_name":"stdout","time":68.623300299,"data":"    \"overall_std\": 0.02574731891893947,\n"}
,{"stream_name":"stdout","time":68.623303782,"data":"    \"rows\": [\n"}
,{"stream_name":"stdout","time":68.623307079,"data":"      {\n"}
,{"stream_name":"stdout","time":68.62331032,"data":"        \"image_id\": \"IMG003615.jpeg\",\n"}
,{"stream_name":"stdout","time":68.623313797,"data":"        \"image_label\": 0,\n"}
,{"stream_name":"stdout","time":68.623317338,"data":"        \"score\": 0.000971389003098011\n"}
,{"stream_name":"stdout","time":68.623320925,"data":"      },\n"}
,{"stream_name":"stdout","time":68.623324196,"data":"      {\n"}
,{"stream_name":"stdout","time":68.623327621,"data":"        \"image_id\": \"IMG002585.jpeg\",\n"}
,{"stream_name":"stdout","time":68.623331243,"data":"        \"image_label\": 0,\n"}
,{"stream_name":"stdout","time":68.623334546,"data":"        \"score\": -0.04114007204771042\n"}
,{"stream_name":"stdout","time":68.623338216,"data":"      },\n"}
,{"stream_name":"stdout","time":68.623341541,"data":"      {\n"}
,{"stream_name":"stdout","time":68.623344692,"data":"        \"image_id\": \"IMG002515.jpeg\",\n"}
,{"stream_name":"stdout","time":68.623348117,"data":"        \"image_label\": 0,\n"}
,{"stream_name":"stdout","time":68.623351838,"data":"        \"score\": -0.04572988301515579\n"}
,{"stream_name":"stdout","time":68.623358868,"data":"      },\n"}
,{"stream_name":"stdout","time":68.623362349,"data":"      {\n"}
,{"stream_name":"stdout","time":68.623365598,"data":"        \"image_id\": \"IMG003519.jpeg\",\n"}
,{"stream_name":"stdout","time":68.623368947,"data":"        \"image_label\": 0,\n"}
,{"stream_name":"stdout","time":68.623372341,"data":"        \"score\": -0.04153788834810257\n"}
,{"stream_name":"stdout","time":68.623375706,"data":"      },\n"}
,{"stream_name":"stdout","time":68.623378918,"data":"      {\n"}
,{"stream_name":"stdout","time":68.623382368,"data":"        \"image_id\": \"IMG002575.jpeg\",\n"}
,{"stream_name":"stdout","time":68.623386563,"data":"        \"image_label\": 0,\n"}
,{"stream_name":"stdout","time":68.623407192,"data":"        \"score\": -0.0028402411844581366\n"}
,{"stream_name":"stdout","time":68.623410706,"data":"      },\n"}
,{"stream_name":"stdout","time":68.623414005,"data":"      {\n"}
,{"stream_name":"stdout","time":68.623418015,"data":"        \"image_id\": \"IMG002721.jpeg\",\n"}
,{"stream_name":"stdout","time":68.623421731,"data":"        \"image_label\": 0,\n"}
,{"stream_name":"stdout","time":68.623425497,"data":"        \"score\": -0.04288143664598465\n"}
,{"stream_name":"stdout","time":68.623429434,"data":"      },\n"}
,{"stream_name":"stdout","time":68.623432906,"data":"      {\n"}
,{"stream_name":"stdout","time":68.623436558,"data":"        \"image_id\": \"IMG003520.jpeg\",\n"}
,{"stream_name":"stdout","time":68.62344026,"data":"        \"image_label\": 0,\n"}
,{"stream_name":"stdout","time":68.623443708,"data":"        \"score\": -0.006295217666774988\n"}
,{"stream_name":"stdout","time":68.623447427,"data":"      },\n"}
,{"stream_name":"stdout","time":68.623450984,"data":"      {\n"}
,{"stream_name":"stdout","time":68.623454446,"data":"        \"image_id\": \"IMG002473.jpeg\",\n"}
,{"stream_name":"stdout","time":68.623458274,"data":"        \"image_label\": 0,\n"}
,{"stream_name":"stdout","time":68.623461998,"data":"        \"score\": 0.017709823325276375\n"}
,{"stream_name":"stdout","time":68.623465748,"data":"      },\n"}
,{"stream_name":"stdout","time":68.623469397,"data":"      {\n"}
,{"stream_name":"stdout","time":68.623473052,"data":"        \"image_id\": \"IMG003675.jpeg\",\n"}
,{"stream_name":"stdout","time":68.623476866,"data":"        \"image_label\": 0,\n"}
,{"stream_name":"stdout","time":68.623480371,"data":"        \"score\": -0.00746056018397212\n"}
,{"stream_name":"stdout","time":68.623483797,"data":"      },\n"}
,{"stream_name":"stdout","time":68.623487323,"data":"      {\n"}
,{"stream_name":"stdout","time":68.623490985,"data":"        \"image_id\": \"IMG003060.jpeg\",\n"}
,{"stream_name":"stdout","time":68.623494686,"data":"        \"image_label\": 0,\n"}
,{"stream_name":"stdout","time":68.62350044,"data":"        \"score\": -0.03691646456718445\n"}
,{"stream_name":"stdout","time":68.623504059,"data":"      },\n"}
,{"stream_name":"stdout","time":68.623507659,"data":"      {\n"}
,{"stream_name":"stdout","time":68.623511203,"data":"        \"image_id\": \"IMG003609.jpeg\",\n"}
,{"stream_name":"stdout","time":68.623514932,"data":"        \"image_label\": 0,\n"}
,{"stream_name":"stdout","time":68.623518577,"data":"        \"score\": 0.0018885261379182339\n"}
,{"stream_name":"stdout","time":68.623522377,"data":"      },\n"}
,{"stream_name":"stdout","time":68.623526052,"data":"      {\n"}
,{"stream_name":"stdout","time":68.623529429,"data":"        \"image_id\": \"IMG002499.jpeg\",\n"}
,{"stream_name":"stdout","time":68.623536271,"data":"        \"image_label\": 0,\n"}
,{"stream_name":"stdout","time":68.623539898,"data":"        \"score\": -0.05141448602080345\n"}
,{"stream_name":"stdout","time":68.623543468,"data":"      },\n"}
,{"stream_name":"stdout","time":68.623546879,"data":"      {\n"}
,{"stream_name":"stdout","time":68.62355036,"data":"        \"image_id\": \"IMG003432.jpeg\",\n"}
,{"stream_name":"stdout","time":68.623554152,"data":"        \"image_label\": 0,\n"}
,{"stream_name":"stdout","time":68.623558049,"data":"        \"score\": 0.02107183262705803\n"}
,{"stream_name":"stdout","time":68.623561815,"data":"      },\n"}
,{"stream_name":"stdout","time":68.623565432,"data":"      {\n"}
,{"stream_name":"stdout","time":68.62358651,"data":"        \"image_id\": \"IMG002815.jpeg\",\n"}
,{"stream_name":"stdout","time":68.623590415,"data":"        \"image_label\": 0,\n"}
,{"stream_name":"stdout","time":68.623594257,"data":"        \"score\": -0.0004912680014967918\n"}
,{"stream_name":"stdout","time":68.623598506,"data":"      },\n"}
,{"stream_name":"stdout","time":68.623602574,"data":"      {\n"}
,{"stream_name":"stdout","time":68.623607075,"data":"        \"image_id\": \"IMG002628.jpeg\",\n"}
,{"stream_name":"stdout","time":68.623611027,"data":"        \"image_label\": 0,\n"}
,{"stream_name":"stdout","time":68.623615015,"data":"        \"score\": -0.031711287796497345\n"}
,{"stream_name":"stdout","time":68.623619077,"data":"      },\n"}
,{"stream_name":"stdout","time":68.623622905,"data":"      {\n"}
,{"stream_name":"stdout","time":68.623626675,"data":"        \"image_id\": \"IMG002920.jpeg\",\n"}
,{"stream_name":"stdout","time":68.623630594,"data":"        \"image_label\": 0,\n"}
,{"stream_name":"stdout","time":68.623634535,"data":"        \"score\": -0.058609168976545334\n"}
,{"stream_name":"stdout","time":68.623638635,"data":"      },\n"}
,{"stream_name":"stdout","time":68.623642452,"data":"      {\n"}
,{"stream_name":"stdout","time":68.62364627,"data":"        \"image_id\": \"IMG002001.jpeg\",\n"}
,{"stream_name":"stdout","time":68.623650317,"data":"        \"image_label\": 0,\n"}
,{"stream_name":"stdout","time":68.623653942,"data":"        \"score\": -0.007617725059390068\n"}
,{"stream_name":"stdout","time":68.623657682,"data":"      },\n"}
,{"stream_name":"stdout","time":68.623661512,"data":"      {\n"}
,{"stream_name":"stdout","time":68.623665144,"data":"        \"image_id\": \"IMG002501.jpeg\",\n"}
,{"stream_name":"stdout","time":68.623669201,"data":"        \"image_label\": 0,\n"}
,{"stream_name":"stdout","time":68.623673142,"data":"        \"score\": -0.03800639137625694\n"}
,{"stream_name":"stdout","time":68.623677183,"data":"      },\n"}
,{"stream_name":"stdout","time":68.623681236,"data":"      {\n"}
,{"stream_name":"stdout","time":68.623685132,"data":"        \"image_id\": \"IMG002577.jpeg\",\n"}
,{"stream_name":"stdout","time":68.623689007,"data":"        \"image_label\": 0,\n"}
,{"stream_name":"stdout","time":68.623692772,"data":"        \"score\": -0.036652203649282455\n"}
,{"stream_name":"stdout","time":68.623696703,"data":"      },\n"}
,{"stream_name":"stdout","time":68.623700379,"data":"      {\n"}
,{"stream_name":"stdout","time":68.623704671,"data":"        \"image_id\": \"IMG001896.jpeg\",\n"}
,{"stream_name":"stdout","time":68.62370975,"data":"        \"image_label\": 0,\n"}
,{"stream_name":"stdout","time":68.623713695,"data":"        \"score\": -0.046917594969272614\n"}
,{"stream_name":"stdout","time":68.623717566,"data":"      },\n"}
,{"stream_name":"stdout","time":68.623724927,"data":"      {\n"}
,{"stream_name":"stdout","time":68.623728846,"data":"        \"image_id\": \"IMG002975.jpeg\",\n"}
,{"stream_name":"stdout","time":68.623732929,"data":"        \"image_label\": 0,\n"}
,{"stream_name":"stdout","time":68.623736895,"data":"        \"score\": -0.04862648993730545\n"}
,{"stream_name":"stdout","time":68.623740743,"data":"      },\n"}
,{"stream_name":"stdout","time":68.623744442,"data":"      {\n"}
,{"stream_name":"stdout","time":68.623748123,"data":"        \"image_id\": \"IMG003457.jpeg\",\n"}
,{"stream_name":"stdout","time":68.623752017,"data":"        \"image_label\": 0,\n"}
,{"stream_name":"stdout","time":68.623755814,"data":"        \"score\": -0.0222228541970253\n"}
,{"stream_name":"stdout","time":68.623759882,"data":"      },\n"}
,{"stream_name":"stdout","time":68.623763696,"data":"      {\n"}
,{"stream_name":"stdout","time":68.623767389,"data":"        \"image_id\": \"IMG003602.jpeg\",\n"}
,{"stream_name":"stdout","time":68.623771316,"data":"        \"image_label\": 0,\n"}
,{"stream_name":"stdout","time":68.623775303,"data":"        \"score\": -0.018841203302145004\n"}
,{"stream_name":"stdout","time":68.623779319,"data":"      },\n"}
,{"stream_name":"stdout","time":68.623783142,"data":"      {\n"}
,{"stream_name":"stdout","time":68.623786982,"data":"        \"image_id\": \"IMG002960.jpeg\",\n"}
,{"stream_name":"stdout","time":68.623791142,"data":"        \"image_label\": 0,\n"}
,{"stream_name":"stdout","time":68.623795062,"data":"        \"score\": -0.034698694944381714\n"}
,{"stream_name":"stdout","time":68.623799011,"data":"      },\n"}
,{"stream_name":"stdout","time":68.623802847,"data":"      {\n"}
,{"stream_name":"stdout","time":68.623806793,"data":"        \"image_id\": \"IMG001925.jpeg\",\n"}
,{"stream_name":"stdout","time":68.623810787,"data":"        \"image_label\": 0,\n"}
,{"stream_name":"stdout","time":68.623814643,"data":"        \"score\": 0.03648741915822029\n"}
,{"stream_name":"stdout","time":68.623818477,"data":"      },\n"}
,{"stream_name":"stdout","time":68.623822274,"data":"      {\n"}
,{"stream_name":"stdout","time":68.623826031,"data":"        \"image_id\": \"IMG002061.jpeg\",\n"}
,{"stream_name":"stdout","time":68.623830154,"data":"        \"image_label\": 0,\n"}
,{"stream_name":"stdout","time":68.623833905,"data":"        \"score\": -0.0270105991512537\n"}
,{"stream_name":"stdout","time":68.623837702,"data":"      },\n"}
,{"stream_name":"stdout","time":68.623841416,"data":"      {\n"}
,{"stream_name":"stdout","time":68.623853477,"data":"        \"image_id\": \"IMG003606.jpeg\",\n"}
,{"stream_name":"stdout","time":68.623857381,"data":"        \"image_label\": 0,\n"}
,{"stream_name":"stdout","time":68.623862319,"data":"        \"score\": -0.05167712643742561\n"}
,{"stream_name":"stdout","time":68.623866167,"data":"      },\n"}
,{"stream_name":"stdout","time":68.623869892,"data":"      {\n"}
,{"stream_name":"stdout","time":68.623873613,"data":"        \"image_id\": \"IMG002936.jpeg\",\n"}
,{"stream_name":"stdout","time":68.62387789900001,"data":"        \"image_label\": 0,\n"}
,{"stream_name":"stdout","time":68.623881704,"data":"        \"score\": -5.297921597957611e-05\n"}
,{"stream_name":"stdout","time":68.623885601,"data":"      },\n"}
,{"stream_name":"stdout","time":68.623889369,"data":"      {\n"}
,{"stream_name":"stdout","time":68.623893084,"data":"        \"image_id\": \"IMG002961.jpeg\",\n"}
,{"stream_name":"stdout","time":68.623897317,"data":"        \"image_label\": 0,\n"}
,{"stream_name":"stdout","time":68.623904799,"data":"        \"score\": -0.012061682529747486\n"}
,{"stream_name":"stdout","time":68.623908747,"data":"      },\n"}
,{"stream_name":"stdout","time":68.623912399,"data":"      {\n"}
,{"stream_name":"stdout","time":68.62391624,"data":"        \"image_id\": \"IMG002056.jpeg\",\n"}
,{"stream_name":"stdout","time":68.623920332,"data":"        \"image_label\": 0,\n"}
,{"stream_name":"stdout","time":68.623924539,"data":"        \"score\": -0.015363766811788082\n"}
,{"stream_name":"stdout","time":68.623928306,"data":"      },\n"}
,{"stream_name":"stdout","time":68.62393217,"data":"      {\n"}
,{"stream_name":"stdout","time":68.62393613,"data":"        \"image_id\": \"IMG003258.jpeg\",\n"}
,{"stream_name":"stdout","time":68.623940435,"data":"        \"image_label\": 0,\n"}
,{"stream_name":"stdout","time":68.623944463,"data":"        \"score\": -0.043785832822322845\n"}
,{"stream_name":"stdout","time":68.623948295,"data":"      },\n"}
,{"stream_name":"stdout","time":68.623952307,"data":"      {\n"}
,{"stream_name":"stdout","time":68.623956251,"data":"        \"image_id\": \"IMG002222.jpeg\",\n"}
,{"stream_name":"stdout","time":68.62396032,"data":"        \"image_label\": 0,\n"}
,{"stream_name":"stdout","time":68.623964183,"data":"        \"score\": -0.015116036869585514\n"}
,{"stream_name":"stdout","time":68.623968339,"data":"      },\n"}
,{"stream_name":"stdout","time":68.623993969,"data":"      {\n"}
,{"stream_name":"stdout","time":68.62619372,"data":"        \"image_id\": \"IMG001470.jpeg\",\n"}
,{"stream_name":"stdout","time":68.626210674,"data":"        \"image_label\": 1,\n"}
,{"stream_name":"stdout","time":68.626215289,"data":"        \"score\": -0.005621118005365133\n"}
,{"stream_name":"stdout","time":68.626219398,"data":"      },\n"}
,{"stream_name":"stdout","time":68.626223368,"data":"      {\n"}
,{"stream_name":"stdout","time":68.626227157,"data":"        \"image_id\": \"IMG001526.jpeg\",\n"}
,{"stream_name":"stdout","time":68.626231497,"data":"        \"image_label\": 1,\n"}
,{"stream_name":"stdout","time":68.626235986,"data":"        \"score\": -0.05492474138736725\n"}
,{"stream_name":"stdout","time":68.626240109,"data":"      },\n"}
,{"stream_name":"stdout","time":68.626243872,"data":"      {\n"}
,{"stream_name":"stdout","time":68.626247822,"data":"        \"image_id\": \"IMG000624.jpeg\",\n"}
,{"stream_name":"stdout","time":68.626252034,"data":"        \"image_label\": 1,\n"}
,{"stream_name":"stdout","time":68.626255809,"data":"        \"score\": 0.019224196672439575\n"}
,{"stream_name":"stdout","time":68.626259956,"data":"      },\n"}
,{"stream_name":"stdout","time":68.626263794,"data":"      {\n"}
,{"stream_name":"stdout","time":68.626267642,"data":"        \"image_id\": \"IMG001727.jpeg\",\n"}
,{"stream_name":"stdout","time":68.626271807,"data":"        \"image_label\": 1,\n"}
,{"stream_name":"stdout","time":68.626275758,"data":"        \"score\": -0.044919949024915695\n"}
,{"stream_name":"stdout","time":68.626279791,"data":"      },\n"}
,{"stream_name":"stdout","time":68.626283652,"data":"      {\n"}
,{"stream_name":"stdout","time":68.62628756,"data":"        \"image_id\": \"IMG000528.jpeg\",\n"}
,{"stream_name":"stdout","time":68.62629204,"data":"        \"image_label\": 1,\n"}
,{"stream_name":"stdout","time":68.626296157,"data":"        \"score\": -0.004529593512415886\n"}
,{"stream_name":"stdout","time":68.626300182,"data":"      },\n"}
,{"stream_name":"stdout","time":68.626303901,"data":"      {\n"}
,{"stream_name":"stdout","time":68.62631655,"data":"        \"image_id\": \"IMG001796.jpeg\",\n"}
,{"stream_name":"stdout","time":68.626321077,"data":"        \"image_label\": 1,\n"}
,{"stream_name":"stdout","time":68.626325087,"data":"        \"score\": -0.06312538683414459\n"}
,{"stream_name":"stdout","time":68.626329083,"data":"      },\n"}
,{"stream_name":"stdout","time":68.626333216,"data":"      {\n"}
,{"stream_name":"stdout","time":68.626336958,"data":"        \"image_id\": \"IMG000987.jpeg\",\n"}
,{"stream_name":"stdout","time":68.62634108,"data":"        \"image_label\": 1,\n"}
,{"stream_name":"stdout","time":68.626344967,"data":"        \"score\": -0.04406551271677017\n"}
,{"stream_name":"stdout","time":68.626349012,"data":"      },\n"}
,{"stream_name":"stdout","time":68.626352855,"data":"      {\n"}
,{"stream_name":"stdout","time":68.626356574,"data":"        \"image_id\": \"IMG001167.jpeg\",\n"}
,{"stream_name":"stdout","time":68.626360566,"data":"        \"image_label\": 1,\n"}
,{"stream_name":"stdout","time":68.626364537,"data":"        \"score\": -0.03988600894808769\n"}
,{"stream_name":"stdout","time":68.626368709,"data":"      },\n"}
,{"stream_name":"stdout","time":68.626372454,"data":"      {\n"}
,{"stream_name":"stdout","time":68.626376497,"data":"        \"image_id\": \"IMG001121.jpeg\",\n"}
,{"stream_name":"stdout","time":68.626380484,"data":"        \"image_label\": 1,\n"}
,{"stream_name":"stdout","time":68.626384452,"data":"        \"score\": -0.019343916326761246\n"}
,{"stream_name":"stdout","time":68.62638848,"data":"      },\n"}
,{"stream_name":"stdout","time":68.626392565,"data":"      {\n"}
,{"stream_name":"stdout","time":68.626396582,"data":"        \"image_id\": \"IMG001150.jpeg\",\n"}
,{"stream_name":"stdout","time":68.626400947,"data":"        \"image_label\": 1,\n"}
,{"stream_name":"stdout","time":68.626405034,"data":"        \"score\": -0.005545888561755419\n"}
,{"stream_name":"stdout","time":68.626409028,"data":"      },\n"}
,{"stream_name":"stdout","time":68.626412849,"data":"      {\n"}
,{"stream_name":"stdout","time":68.626416785,"data":"        \"image_id\": \"IMG001008.jpeg\",\n"}
,{"stream_name":"stdout","time":68.626420898,"data":"        \"image_label\": 1,\n"}
,{"stream_name":"stdout","time":68.626424853,"data":"        \"score\": -0.024492118507623672\n"}
,{"stream_name":"stdout","time":68.626428817,"data":"      },\n"}
,{"stream_name":"stdout","time":68.626432524,"data":"      {\n"}
,{"stream_name":"stdout","time":68.626436297,"data":"        \"image_id\": \"IMG000726.jpeg\",\n"}
,{"stream_name":"stdout","time":68.62644034,"data":"        \"image_label\": 1,\n"}
,{"stream_name":"stdout","time":68.626444276,"data":"        \"score\": -0.044917650520801544\n"}
,{"stream_name":"stdout","time":68.62645228,"data":"      },\n"}
,{"stream_name":"stdout","time":68.626456217,"data":"      {\n"}
,{"stream_name":"stdout","time":68.626460156,"data":"        \"image_id\": \"IMG000590.jpeg\",\n"}
,{"stream_name":"stdout","time":68.6264642,"data":"        \"image_label\": 1,\n"}
,{"stream_name":"stdout","time":68.626468334,"data":"        \"score\": 0.025876857340335846\n"}
,{"stream_name":"stdout","time":68.626472472,"data":"      },\n"}
,{"stream_name":"stdout","time":68.626476352,"data":"      {\n"}
,{"stream_name":"stdout","time":68.626480269,"data":"        \"image_id\": \"IMG000507.jpeg\",\n"}
,{"stream_name":"stdout","time":68.626484454,"data":"        \"image_label\": 1,\n"}
,{"stream_name":"stdout","time":68.6264886,"data":"        \"score\": -0.027225058525800705\n"}
,{"stream_name":"stdout","time":68.626497831,"data":"      },\n"}
,{"stream_name":"stdout","time":68.626502019,"data":"      {\n"}
,{"stream_name":"stdout","time":68.626505783,"data":"        \"image_id\": \"IMG000880.jpeg\",\n"}
,{"stream_name":"stdout","time":68.626509734,"data":"        \"image_label\": 1,\n"}
,{"stream_name":"stdout","time":68.626513745,"data":"        \"score\": 0.0014416160993278027\n"}
,{"stream_name":"stdout","time":68.626517772,"data":"      },\n"}
,{"stream_name":"stdout","time":68.626521506,"data":"      {\n"}
,{"stream_name":"stdout","time":68.626525318,"data":"        \"image_id\": \"IMG001303.jpeg\",\n"}
,{"stream_name":"stdout","time":68.626529362,"data":"        \"image_label\": 1,\n"}
,{"stream_name":"stdout","time":68.626533376,"data":"        \"score\": 0.028493378311395645\n"}
,{"stream_name":"stdout","time":68.626537484,"data":"      },\n"}
,{"stream_name":"stdout","time":68.626541187,"data":"      {\n"}
,{"stream_name":"stdout","time":68.626545071,"data":"        \"image_id\": \"IMG000419.jpeg\",\n"}
,{"stream_name":"stdout","time":68.62654932,"data":"        \"image_label\": 1,\n"}
,{"stream_name":"stdout","time":68.626553269,"data":"        \"score\": -0.008551020175218582\n"}
,{"stream_name":"stdout","time":68.626557324,"data":"      },\n"}
,{"stream_name":"stdout","time":68.626561362,"data":"      {\n"}
,{"stream_name":"stdout","time":68.626564957,"data":"        \"image_id\": \"IMG001676.jpeg\",\n"}
,{"stream_name":"stdout","time":68.626569064,"data":"        \"image_label\": 1,\n"}
,{"stream_name":"stdout","time":68.626573146,"data":"        \"score\": -0.003344935365021229\n"}
,{"stream_name":"stdout","time":68.626580497,"data":"      },\n"}
,{"stream_name":"stdout","time":68.626584566,"data":"      {\n"}
,{"stream_name":"stdout","time":68.626588553,"data":"        \"image_id\": \"IMG000915.jpeg\",\n"}
,{"stream_name":"stdout","time":68.62659256,"data":"        \"image_label\": 1,\n"}
,{"stream_name":"stdout","time":68.626596394,"data":"        \"score\": 0.00727445725351572\n"}
,{"stream_name":"stdout","time":68.626600316,"data":"      },\n"}
,{"stream_name":"stdout","time":68.6266043,"data":"      {\n"}
,{"stream_name":"stdout","time":68.626608171,"data":"        \"image_id\": \"IMG000832.jpeg\",\n"}
,{"stream_name":"stdout","time":68.626612254,"data":"        \"image_label\": 1,\n"}
,{"stream_name":"stdout","time":68.626616193,"data":"        \"score\": -0.008976202458143234\n"}
,{"stream_name":"stdout","time":68.626620188,"data":"      },\n"}
,{"stream_name":"stdout","time":68.62662404,"data":"      {\n"}
,{"stream_name":"stdout","time":68.626627881,"data":"        \"image_id\": \"IMG001592.jpeg\",\n"}
,{"stream_name":"stdout","time":68.626632046,"data":"        \"image_label\": 1,\n"}
,{"stream_name":"stdout","time":68.626636091,"data":"        \"score\": -0.04788031429052353\n"}
,{"stream_name":"stdout","time":68.626640536,"data":"      },\n"}
,{"stream_name":"stdout","time":68.626644285,"data":"      {\n"}
,{"stream_name":"stdout","time":68.626648316,"data":"        \"image_id\": \"IMG001758.jpeg\",\n"}
,{"stream_name":"stdout","time":68.626652448,"data":"        \"image_label\": 1,\n"}
,{"stream_name":"stdout","time":68.626656395,"data":"        \"score\": -0.022423062473535538\n"}
,{"stream_name":"stdout","time":68.626660506,"data":"      },\n"}
,{"stream_name":"stdout","time":68.6266644,"data":"      {\n"}
,{"stream_name":"stdout","time":68.626668477,"data":"        \"image_id\": \"IMG001411.jpeg\",\n"}
,{"stream_name":"stdout","time":68.626678022,"data":"        \"image_label\": 1,\n"}
,{"stream_name":"stdout","time":68.62668226,"data":"        \"score\": 0.010860830545425415\n"}
,{"stream_name":"stdout","time":68.626686368,"data":"      },\n"}
,{"stream_name":"stdout","time":68.626690215,"data":"      {\n"}
,{"stream_name":"stdout","time":68.626694345,"data":"        \"image_id\": \"IMG001745.jpeg\",\n"}
,{"stream_name":"stdout","time":68.626698625,"data":"        \"image_label\": 1,\n"}
,{"stream_name":"stdout","time":68.626702572,"data":"        \"score\": 0.0022341201547533274\n"}
,{"stream_name":"stdout","time":68.62670669,"data":"      },\n"}
,{"stream_name":"stdout","time":68.6267104,"data":"      {\n"}
,{"stream_name":"stdout","time":68.626714168,"data":"        \"image_id\": \"IMG000459.jpeg\",\n"}
,{"stream_name":"stdout","time":68.62671822,"data":"        \"image_label\": 1,\n"}
,{"stream_name":"stdout","time":68.626722186,"data":"        \"score\": 0.006127471104264259\n"}
,{"stream_name":"stdout","time":68.626726303,"data":"      },\n"}
,{"stream_name":"stdout","time":68.626730217,"data":"      {\n"}
,{"stream_name":"stdout","time":68.626733962,"data":"        \"image_id\": \"IMG000847.jpeg\",\n"}
,{"stream_name":"stdout","time":68.626738202,"data":"        \"image_label\": 1,\n"}
,{"stream_name":"stdout","time":68.626742247,"data":"        \"score\": -0.045627810060977936\n"}
,{"stream_name":"stdout","time":68.626746289,"data":"      },\n"}
,{"stream_name":"stdout","time":68.626750194,"data":"      {\n"}
,{"stream_name":"stdout","time":68.626753972,"data":"        \"image_id\": \"IMG001076.jpeg\",\n"}
,{"stream_name":"stdout","time":68.626758484,"data":"        \"image_label\": 1,\n"}
,{"stream_name":"stdout","time":68.626762378,"data":"        \"score\": -0.06892380118370056\n"}
,{"stream_name":"stdout","time":68.626766723,"data":"      },\n"}
,{"stream_name":"stdout","time":68.626770701,"data":"      {\n"}
,{"stream_name":"stdout","time":68.626774593,"data":"        \"image_id\": \"IMG000650.jpeg\",\n"}
,{"stream_name":"stdout","time":68.626778672,"data":"        \"image_label\": 1,\n"}
,{"stream_name":"stdout","time":68.626782819,"data":"        \"score\": -0.022143810987472534\n"}
,{"stream_name":"stdout","time":68.626786817,"data":"      },\n"}
,{"stream_name":"stdout","time":68.626790802,"data":"      {\n"}
,{"stream_name":"stdout","time":68.62679458,"data":"        \"image_id\": \"IMG000112.jpeg\",\n"}
,{"stream_name":"stdout","time":68.6267987,"data":"        \"image_label\": 1,\n"}
,{"stream_name":"stdout","time":68.626802679,"data":"        \"score\": -0.048401787877082825\n"}
,{"stream_name":"stdout","time":68.626806677,"data":"      },\n"}
,{"stream_name":"stdout","time":68.626811582,"data":"      {\n"}
,{"stream_name":"stdout","time":68.626815607,"data":"        \"image_id\": \"IMG001512.jpeg\",\n"}
,{"stream_name":"stdout","time":68.626819785,"data":"        \"image_label\": 1,\n"}
,{"stream_name":"stdout","time":68.626823736,"data":"        \"score\": -0.03810037672519684\n"}
,{"stream_name":"stdout","time":68.626827812,"data":"      },\n"}
,{"stream_name":"stdout","time":68.626831698,"data":"      {\n"}
,{"stream_name":"stdout","time":68.626835701,"data":"        \"image_id\": \"IMG000248.jpeg\",\n"}
,{"stream_name":"stdout","time":68.626839926,"data":"        \"image_label\": 1,\n"}
,{"stream_name":"stdout","time":68.626853277,"data":"        \"score\": 0.03540927171707153\n"}
,{"stream_name":"stdout","time":68.626858736,"data":"      },\n"}
,{"stream_name":"stdout","time":68.626868009,"data":"      {\n"}
,{"stream_name":"stdout","time":68.626872094,"data":"        \"image_id\": \"IMG000226.jpeg\",\n"}
,{"stream_name":"stdout","time":68.626876067,"data":"        \"image_label\": 1,\n"}
,{"stream_name":"stdout","time":68.626880252,"data":"        \"score\": 0.00506554264575243\n"}
,{"stream_name":"stdout","time":68.626884448,"data":"      }\n"}
,{"stream_name":"stdout","time":68.626888327,"data":"    ]\n"}
,{"stream_name":"stdout","time":68.626892172,"data":"  },\n"}
,{"stream_name":"stdout","time":68.62689598,"data":"  \"saliency_diagnostic\": {\n"}
,{"stream_name":"stdout","time":68.626900229,"data":"    \"target_layer\": \"model.visual.trunk.blocks[11].norm1\",\n"}
,{"stream_name":"stdout","time":68.626904517,"data":"    \"repeat_max_abs_delta\": 0.0,\n"}
,{"stream_name":"stdout","time":68.626908546,"data":"    \"rows\": [\n"}
,{"stream_name":"stdout","time":68.62691264,"data":"      {\n"}
,{"stream_name":"stdout","time":68.626916768,"data":"        \"image_id\": \"IMG003615.jpeg\",\n"}
,{"stream_name":"stdout","time":68.6269209,"data":"        \"image_label\": 0,\n"}
,{"stream_name":"stdout","time":68.626924868,"data":"        \"contrast_score\": 0.000971389003098011,\n"}
,{"stream_name":"stdout","time":68.626928989,"data":"        \"shape\": [\n"}
,{"stream_name":"stdout","time":68.626932943,"data":"          14,\n"}
,{"stream_name":"stdout","time":68.626936932,"data":"          14\n"}
,{"stream_name":"stdout","time":68.626940834,"data":"        ],\n"}
,{"stream_name":"stdout","time":68.626958829,"data":"        \"minimum\": 1.9575043808117698e-08,\n"}
,{"stream_name":"stdout","time":68.626963,"data":"        \"maximum\": 6.0795075114583597e-05,\n"}
,{"stream_name":"stdout","time":68.62696682,"data":"        \"mean\": 3.0653538942715386e-06,\n"}
,{"stream_name":"stdout","time":68.626973337,"data":"        \"dynamic_range\": 6.0775499150622636e-05,\n"}
,{"stream_name":"stdout","time":68.626977117,"data":"        \"finite\": true\n"}
,{"stream_name":"stdout","time":68.626980775,"data":"      },\n"}
,{"stream_name":"stdout","time":68.626984311,"data":"      {\n"}
,{"stream_name":"stdout","time":68.627009113,"data":"        \"image_id\": \"IMG002585.jpeg\",\n"}
,{"stream_name":"stdout","time":68.627013767,"data":"        \"image_label\": 0,\n"}
,{"stream_name":"stdout","time":68.6270178,"data":"        \"contrast_score\": -0.04114007204771042,\n"}
,{"stream_name":"stdout","time":68.627021612,"data":"        \"shape\": [\n"}
,{"stream_name":"stdout","time":68.627025298,"data":"          14,\n"}
,{"stream_name":"stdout","time":68.627029145,"data":"          14\n"}
,{"stream_name":"stdout","time":68.627032603,"data":"        ],\n"}
,{"stream_name":"stdout","time":68.627036224,"data":"        \"minimum\": 3.057690634022947e-08,\n"}
,{"stream_name":"stdout","time":68.627040514,"data":"        \"maximum\": 6.180308992043138e-05,\n"}
,{"stream_name":"stdout","time":68.627044468,"data":"        \"mean\": 2.665741931195953e-06,\n"}
,{"stream_name":"stdout","time":68.627048173,"data":"        \"dynamic_range\": 6.177251634653658e-05,\n"}
,{"stream_name":"stdout","time":68.627051956,"data":"        \"finite\": true\n"}
,{"stream_name":"stdout","time":68.627055654,"data":"      },\n"}
,{"stream_name":"stdout","time":68.627059181,"data":"      {\n"}
,{"stream_name":"stdout","time":68.627062763,"data":"        \"image_id\": \"IMG002515.jpeg\",\n"}
,{"stream_name":"stdout","time":68.627066549,"data":"        \"image_label\": 0,\n"}
,{"stream_name":"stdout","time":68.627076506,"data":"        \"contrast_score\": -0.04572988301515579,\n"}
,{"stream_name":"stdout","time":68.627080674,"data":"        \"shape\": [\n"}
,{"stream_name":"stdout","time":68.627084592,"data":"          14,\n"}
,{"stream_name":"stdout","time":68.627088101,"data":"          14\n"}
,{"stream_name":"stdout","time":68.627091733,"data":"        ],\n"}
,{"stream_name":"stdout","time":68.627095326,"data":"        \"minimum\": 2.383708164188647e-08,\n"}
,{"stream_name":"stdout","time":68.627099003,"data":"        \"maximum\": 4.820682079298422e-05,\n"}
,{"stream_name":"stdout","time":68.627119967,"data":"        \"mean\": 3.321610165585298e-06,\n"}
,{"stream_name":"stdout","time":68.627123974,"data":"        \"dynamic_range\": 4.818298475584015e-05,\n"}
,{"stream_name":"stdout","time":68.627128173,"data":"        \"finite\": true\n"}
,{"stream_name":"stdout","time":68.627132337,"data":"      },\n"}
,{"stream_name":"stdout","time":68.627136143,"data":"      {\n"}
,{"stream_name":"stdout","time":68.627140072,"data":"        \"image_id\": \"IMG003519.jpeg\",\n"}
,{"stream_name":"stdout","time":68.627144182,"data":"        \"image_label\": 0,\n"}
,{"stream_name":"stdout","time":68.627148289,"data":"        \"contrast_score\": -0.04153788834810257,\n"}
,{"stream_name":"stdout","time":68.627152813,"data":"        \"shape\": [\n"}
,{"stream_name":"stdout","time":68.627156854,"data":"          14,\n"}
,{"stream_name":"stdout","time":68.627160892,"data":"          14\n"}
,{"stream_name":"stdout","time":68.627164962,"data":"        ],\n"}
,{"stream_name":"stdout","time":68.62716934,"data":"        \"minimum\": 4.533191244604495e-08,\n"}
,{"stream_name":"stdout","time":68.627173397,"data":"        \"maximum\": 3.726979048224166e-05,\n"}
,{"stream_name":"stdout","time":68.627195403,"data":"        \"mean\": 2.6449522465554764e-06,\n"}
,{"stream_name":"stdout","time":68.627199383,"data":"        \"dynamic_range\": 3.722445762832649e-05,\n"}
,{"stream_name":"stdout","time":68.627203214,"data":"        \"finite\": true\n"}
,{"stream_name":"stdout","time":68.627206981,"data":"      },\n"}
,{"stream_name":"stdout","time":68.627210767,"data":"      {\n"}
,{"stream_name":"stdout","time":68.627216781,"data":"        \"image_id\": \"IMG001470.jpeg\",\n"}
,{"stream_name":"stdout","time":68.627221321,"data":"        \"image_label\": 1,\n"}
,{"stream_name":"stdout","time":68.627225254,"data":"        \"contrast_score\": -0.005621118005365133,\n"}
,{"stream_name":"stdout","time":68.627228966,"data":"        \"shape\": [\n"}
,{"stream_name":"stdout","time":68.627232665,"data":"          14,\n"}
,{"stream_name":"stdout","time":68.627236342,"data":"          14\n"}
,{"stream_name":"stdout","time":68.627239961,"data":"        ],\n"}
,{"stream_name":"stdout","time":68.627243465,"data":"        \"minimum\": 2.1914424053193216e-08,\n"}
,{"stream_name":"stdout","time":68.627246867,"data":"        \"maximum\": 8.479284588247538e-05,\n"}
,{"stream_name":"stdout","time":68.627250294,"data":"        \"mean\": 3.3063113278331002e-06,\n"}
,{"stream_name":"stdout","time":68.627253571,"data":"        \"dynamic_range\": 8.477093069814146e-05,\n"}
,{"stream_name":"stdout","time":68.627256968,"data":"        \"finite\": true\n"}
,{"stream_name":"stdout","time":68.627260363,"data":"      },\n"}
,{"stream_name":"stdout","time":68.627263523,"data":"      {\n"}
,{"stream_name":"stdout","time":68.627266815,"data":"        \"image_id\": \"IMG001526.jpeg\",\n"}
,{"stream_name":"stdout","time":68.627270214,"data":"        \"image_label\": 1,\n"}
,{"stream_name":"stdout","time":68.627278667,"data":"        \"contrast_score\": -0.05492474138736725,\n"}
,{"stream_name":"stdout","time":68.62728242,"data":"        \"shape\": [\n"}
,{"stream_name":"stdout","time":68.627285821,"data":"          14,\n"}
,{"stream_name":"stdout","time":68.627289005,"data":"          14\n"}
,{"stream_name":"stdout","time":68.627292272,"data":"        ],\n"}
,{"stream_name":"stdout","time":68.627295755,"data":"        \"minimum\": 5.580934825388795e-08,\n"}
,{"stream_name":"stdout","time":68.627299081,"data":"        \"maximum\": 3.6489647754933685e-05,\n"}
,{"stream_name":"stdout","time":68.627302568,"data":"        \"mean\": 2.5087358608288923e-06,\n"}
,{"stream_name":"stdout","time":68.627306001,"data":"        \"dynamic_range\": 3.643383752205409e-05,\n"}
,{"stream_name":"stdout","time":68.627309778,"data":"        \"finite\": true\n"}
,{"stream_name":"stdout","time":68.627313232,"data":"      },\n"}
,{"stream_name":"stdout","time":68.627316574,"data":"      {\n"}
,{"stream_name":"stdout","time":68.627319689,"data":"        \"image_id\": \"IMG000624.jpeg\",\n"}
,{"stream_name":"stdout","time":68.627323258,"data":"        \"image_label\": 1,\n"}
,{"stream_name":"stdout","time":68.627326693,"data":"        \"contrast_score\": 0.019224196672439575,\n"}
,{"stream_name":"stdout","time":68.627330002,"data":"        \"shape\": [\n"}
,{"stream_name":"stdout","time":68.627333552,"data":"          14,\n"}
,{"stream_name":"stdout","time":68.627336776,"data":"          14\n"}
,{"stream_name":"stdout","time":68.627339932,"data":"        ],\n"}
,{"stream_name":"stdout","time":68.627343263,"data":"        \"minimum\": 6.987631451238485e-08,\n"}
,{"stream_name":"stdout","time":68.627346942,"data":"        \"maximum\": 3.1859664886724204e-05,\n"}
,{"stream_name":"stdout","time":68.62735042,"data":"        \"mean\": 3.098415845670388e-06,\n"}
,{"stream_name":"stdout","time":68.627353685,"data":"        \"dynamic_range\": 3.178979022777639e-05,\n"}
,{"stream_name":"stdout","time":68.627357054,"data":"        \"finite\": true\n"}
,{"stream_name":"stdout","time":68.627360501,"data":"      },\n"}
,{"stream_name":"stdout","time":68.627363667,"data":"      {\n"}
,{"stream_name":"stdout","time":68.627366858,"data":"        \"image_id\": \"IMG001727.jpeg\",\n"}
,{"stream_name":"stdout","time":68.627370373,"data":"        \"image_label\": 1,\n"}
,{"stream_name":"stdout","time":68.627373729,"data":"        \"contrast_score\": -0.044919949024915695,\n"}
,{"stream_name":"stdout","time":68.627377234,"data":"        \"shape\": [\n"}
,{"stream_name":"stdout","time":68.627380562,"data":"          14,\n"}
,{"stream_name":"stdout","time":68.627383774,"data":"          14\n"}
,{"stream_name":"stdout","time":68.627387307,"data":"        ],\n"}
,{"stream_name":"stdout","time":68.627390492,"data":"        \"minimum\": 3.362303147014245e-08,\n"}
,{"stream_name":"stdout","time":68.627393901,"data":"        \"maximum\": 6.000516805215739e-05,\n"}
,{"stream_name":"stdout","time":68.627397198,"data":"        \"mean\": 3.15788770421932e-06,\n"}
,{"stream_name":"stdout","time":68.627400545,"data":"        \"dynamic_range\": 5.9971545852022246e-05,\n"}
,{"stream_name":"stdout","time":68.627403989,"data":"        \"finite\": true\n"}
,{"stream_name":"stdout","time":68.627407284,"data":"      }\n"}
,{"stream_name":"stdout","time":68.627410575,"data":"    ]\n"}
,{"stream_name":"stdout","time":68.627413688,"data":"  },\n"}
,{"stream_name":"stdout","time":68.627417247,"data":"  \"environment\": {\n"}
,{"stream_name":"stdout","time":68.627425111,"data":"    \"python\": \"3.12.13\",\n"}
,{"stream_name":"stdout","time":68.627428987,"data":"    \"torch\": \"2.10.0+cu128\",\n"}
,{"stream_name":"stdout","time":68.627432495,"data":"    \"open_clip\": \"2.32.0\",\n"}
,{"stream_name":"stdout","time":68.627435927,"data":"    \"transformers\": \"4.35.2\",\n"}
,{"stream_name":"stdout","time":68.62743934,"data":"    \"cuda\": \"12.8\",\n"}
,{"stream_name":"stdout","time":68.627442801,"data":"    \"gpu\": \"Tesla T4\"\n"}
,{"stream_name":"stdout","time":68.627446198,"data":"  },\n"}
,{"stream_name":"stdout","time":68.627449569,"data":"  \"validation_masks_read\": false,\n"}
,{"stream_name":"stdout","time":68.627453203,"data":"  \"test_evaluated\": false,\n"}
,{"stream_name":"stdout","time":68.627456556,"data":"  \"completed_at_utc\": \"2026-07-25T21:04:02.625591+00:00\"\n"}
,{"stream_name":"stdout","time":68.627460282,"data":"}\n"}
,{"stream_name":"stderr","time":73.51479823,"data":"/usr/local/lib/python3.12/dist-packages/mistune.py:435: SyntaxWarning: invalid escape sequence '\\|'\n"}
,{"stream_name":"stderr","time":73.514832506,"data":"  cells[i][c] = re.sub('\\\\\\\\\\|', '|', cell)\n"}
,{"stream_name":"stderr","time":73.765825756,"data":"/usr/local/lib/python3.12/dist-packages/nbconvert/filters/filter_links.py:36: SyntaxWarning: invalid escape sequence '\\_'\n"}
,{"stream_name":"stderr","time":73.765864806,"data":"  text = re.sub(r'_', '\\_', text) # Escape underscores in display text\n"}
,{"stream_name":"stderr","time":74.376158611,"data":"[NbConvertApp] Converting notebook __script__.ipynb to html\n"}
,{"stream_name":"stderr","time":75.601350167,"data":"[NbConvertApp] Writing 338048 bytes to __results__.html\n"}
]