Loaded btxrd: 2981 train images from train, 371 validation images from val.
/kaggle/input/datasets/itsthang333/btxrd-small-lesion-research-v1/project/train_segmentation.py:557: FutureWarning: `torch.cuda.amp.GradScaler(args...)` is deprecated. Please use `torch.amp.GradScaler('cuda', args...)` instead.
  scaler = torch.cuda.amp.GradScaler(enabled=device.type == "cuda")
Scanning deterministic, non-augmented train masks for foreground ratio and empty-mask rate...
  pos_weight scan: batch 0/94
  pos_weight scan: batch 10/94
  pos_weight scan: batch 20/94
  pos_weight scan: batch 30/94
  pos_weight scan: batch 40/94
  pos_weight scan: batch 50/94
  pos_weight scan: batch 60/94
  pos_weight scan: batch 70/94
  pos_weight scan: batch 80/94
  pos_weight scan: batch 90/94
{
  "images": 2981,
  "total_pixels": 598298624,
  "foreground_pixels": 7247249,
  "background_pixels": 591051375,
  "foreground_ratio": 0.012113096552934743,
  "empty_mask_count": 1493,
  "empty_mask_rate": 0.5008386447500839,
  "raw_pos_weight": 81.55527359415966,
  "requested_mode": "manual",
  "resolved_mode": "manual",
  "candidate_weights": {
    "raw": 81.55527359415966,
    "clamped": 20.0,
    "fixed_reference": 10.0,
    "none": null
  },
  "selected_pos_weight": 10.0,
  "effective_pos_weight": 10.0,
  "clamp_min": 1.0,
  "clamp_max": 20.0,
  "ablation_note": "Compare separate otherwise-identical runs using auto-raw, auto-clamped, and manual --pos-weight-value equal to fixed_reference."
}
/kaggle/input/datasets/itsthang333/btxrd-small-lesion-research-v1/project/train_segmentation.py:257: FutureWarning: `torch.cuda.amp.autocast(args...)` is deprecated. Please use `torch.amp.autocast('cuda', args...)` instead.
  with torch.cuda.amp.autocast(enabled=device.type == "cuda"):
Epoch 001 | train_loss=0.7203 train_dice=0.2085 val_loss=0.6747 val_dice=0.3043 val_positive_dice=0.2114 val_normal_empty_case_specificity=0.3957
--> Saved new best model: positive-target Dice=0.2114, normal empty-case specificity=0.3957
/kaggle/input/datasets/itsthang333/btxrd-small-lesion-research-v1/project/train_segmentation.py:257: FutureWarning: `torch.cuda.amp.autocast(args...)` is deprecated. Please use `torch.amp.autocast('cuda', args...)` instead.
  with torch.cuda.amp.autocast(enabled=device.type == "cuda"):
Epoch 002 | train_loss=0.6377 train_dice=0.3148 val_loss=0.6199 val_dice=0.2992 val_positive_dice=0.2662 val_normal_empty_case_specificity=0.3316
--> Saved new best model: positive-target Dice=0.2662, normal empty-case specificity=0.3316
/kaggle/input/datasets/itsthang333/btxrd-small-lesion-research-v1/project/train_segmentation.py:257: FutureWarning: `torch.cuda.amp.autocast(args...)` is deprecated. Please use `torch.amp.autocast('cuda', args...)` instead.
  with torch.cuda.amp.autocast(enabled=device.type == "cuda"):
Epoch 003 | train_loss=0.5866 train_dice=0.4065 val_loss=0.5870 val_dice=0.4263 val_positive_dice=0.2998 val_normal_empty_case_specificity=0.5508
--> Saved new best model: positive-target Dice=0.2998, normal empty-case specificity=0.5508
/kaggle/input/datasets/itsthang333/btxrd-small-lesion-research-v1/project/train_segmentation.py:257: FutureWarning: `torch.cuda.amp.autocast(args...)` is deprecated. Please use `torch.amp.autocast('cuda', args...)` instead.
  with torch.cuda.amp.autocast(enabled=device.type == "cuda"):
Epoch 004 | train_loss=0.5468 train_dice=0.4431 val_loss=0.5544 val_dice=0.5164 val_positive_dice=0.3075 val_normal_empty_case_specificity=0.7219
--> Saved new best model: positive-target Dice=0.3075, normal empty-case specificity=0.7219
/kaggle/input/datasets/itsthang333/btxrd-small-lesion-research-v1/project/train_segmentation.py:257: FutureWarning: `torch.cuda.amp.autocast(args...)` is deprecated. Please use `torch.amp.autocast('cuda', args...)` instead.
  with torch.cuda.amp.autocast(enabled=device.type == "cuda"):
Epoch 005 | train_loss=0.5176 train_dice=0.4646 val_loss=0.5380 val_dice=0.5253 val_positive_dice=0.3363 val_normal_empty_case_specificity=0.7112
--> Saved new best model: positive-target Dice=0.3363, normal empty-case specificity=0.7112
/kaggle/input/datasets/itsthang333/btxrd-small-lesion-research-v1/project/train_segmentation.py:257: FutureWarning: `torch.cuda.amp.autocast(args...)` is deprecated. Please use `torch.amp.autocast('cuda', args...)` instead.
  with torch.cuda.amp.autocast(enabled=device.type == "cuda"):
Epoch 006 | train_loss=0.4929 train_dice=0.4893 val_loss=0.5034 val_dice=0.4941 val_positive_dice=0.3441 val_normal_empty_case_specificity=0.6417
--> Saved new best model: positive-target Dice=0.3441, normal empty-case specificity=0.6417
/kaggle/input/datasets/itsthang333/btxrd-small-lesion-research-v1/project/train_segmentation.py:257: FutureWarning: `torch.cuda.amp.autocast(args...)` is deprecated. Please use `torch.amp.autocast('cuda', args...)` instead.
  with torch.cuda.amp.autocast(enabled=device.type == "cuda"):
Epoch 007 | train_loss=0.4707 train_dice=0.5224 val_loss=0.5076 val_dice=0.5406 val_positive_dice=0.3563 val_normal_empty_case_specificity=0.7219
--> Saved new best model: positive-target Dice=0.3563, normal empty-case specificity=0.7219
/kaggle/input/datasets/itsthang333/btxrd-small-lesion-research-v1/project/train_segmentation.py:257: FutureWarning: `torch.cuda.amp.autocast(args...)` is deprecated. Please use `torch.amp.autocast('cuda', args...)` instead.
  with torch.cuda.amp.autocast(enabled=device.type == "cuda"):
Epoch 008 | train_loss=0.4504 train_dice=0.5150 val_loss=0.4941 val_dice=0.4258 val_positive_dice=0.3965 val_normal_empty_case_specificity=0.4545
--> Saved new best model: positive-target Dice=0.3965, normal empty-case specificity=0.4545
/kaggle/input/datasets/itsthang333/btxrd-small-lesion-research-v1/project/train_segmentation.py:257: FutureWarning: `torch.cuda.amp.autocast(args...)` is deprecated. Please use `torch.amp.autocast('cuda', args...)` instead.
  with torch.cuda.amp.autocast(enabled=device.type == "cuda"):
Epoch 009 | train_loss=0.4329 train_dice=0.5392 val_loss=0.4877 val_dice=0.4486 val_positive_dice=0.4045 val_normal_empty_case_specificity=0.4920
--> Saved new best model: positive-target Dice=0.4045, normal empty-case specificity=0.4920
/kaggle/input/datasets/itsthang333/btxrd-small-lesion-research-v1/project/train_segmentation.py:257: FutureWarning: `torch.cuda.amp.autocast(args...)` is deprecated. Please use `torch.amp.autocast('cuda', args...)` instead.
  with torch.cuda.amp.autocast(enabled=device.type == "cuda"):
Epoch 010 | train_loss=0.4179 train_dice=0.5407 val_loss=0.5046 val_dice=0.5118 val_positive_dice=0.3961 val_normal_empty_case_specificity=0.6257
/kaggle/input/datasets/itsthang333/btxrd-small-lesion-research-v1/project/train_segmentation.py:257: FutureWarning: `torch.cuda.amp.autocast(args...)` is deprecated. Please use `torch.amp.autocast('cuda', args...)` instead.
  with torch.cuda.amp.autocast(enabled=device.type == "cuda"):
Epoch 011 | train_loss=0.4055 train_dice=0.5595 val_loss=0.4695 val_dice=0.4404 val_positive_dice=0.4207 val_normal_empty_case_specificity=0.4599
--> Saved new best model: positive-target Dice=0.4207, normal empty-case specificity=0.4599
/kaggle/input/datasets/itsthang333/btxrd-small-lesion-research-v1/project/train_segmentation.py:257: FutureWarning: `torch.cuda.amp.autocast(args...)` is deprecated. Please use `torch.amp.autocast('cuda', args...)` instead.
  with torch.cuda.amp.autocast(enabled=device.type == "cuda"):
Epoch 012 | train_loss=0.3899 train_dice=0.5658 val_loss=0.4867 val_dice=0.4291 val_positive_dice=0.4576 val_normal_empty_case_specificity=0.4011
--> Saved new best model: positive-target Dice=0.4576, normal empty-case specificity=0.4011
/kaggle/input/datasets/itsthang333/btxrd-small-lesion-research-v1/project/train_segmentation.py:257: FutureWarning: `torch.cuda.amp.autocast(args...)` is deprecated. Please use `torch.amp.autocast('cuda', args...)` instead.
  with torch.cuda.amp.autocast(enabled=device.type == "cuda"):
Epoch 013 | train_loss=0.3752 train_dice=0.5934 val_loss=0.4895 val_dice=0.4952 val_positive_dice=0.4170 val_normal_empty_case_specificity=0.5722
/kaggle/input/datasets/itsthang333/btxrd-small-lesion-research-v1/project/train_segmentation.py:257: FutureWarning: `torch.cuda.amp.autocast(args...)` is deprecated. Please use `torch.amp.autocast('cuda', args...)` instead.
  with torch.cuda.amp.autocast(enabled=device.type == "cuda"):
Epoch 014 | train_loss=0.3722 train_dice=0.5890 val_loss=0.4724 val_dice=0.4383 val_positive_dice=0.4544 val_normal_empty_case_specificity=0.4225
/kaggle/input/datasets/itsthang333/btxrd-small-lesion-research-v1/project/train_segmentation.py:257: FutureWarning: `torch.cuda.amp.autocast(args...)` is deprecated. Please use `torch.amp.autocast('cuda', args...)` instead.
  with torch.cuda.amp.autocast(enabled=device.type == "cuda"):
Epoch 015 | train_loss=0.3621 train_dice=0.6164 val_loss=0.4877 val_dice=0.5198 val_positive_dice=0.4611 val_normal_empty_case_specificity=0.5775
--> Saved new best model: positive-target Dice=0.4611, normal empty-case specificity=0.5775
/kaggle/input/datasets/itsthang333/btxrd-small-lesion-research-v1/project/train_segmentation.py:257: FutureWarning: `torch.cuda.amp.autocast(args...)` is deprecated. Please use `torch.amp.autocast('cuda', args...)` instead.
  with torch.cuda.amp.autocast(enabled=device.type == "cuda"):
Epoch 016 | train_loss=0.3555 train_dice=0.6126 val_loss=0.4927 val_dice=0.5282 val_positive_dice=0.4618 val_normal_empty_case_specificity=0.5936
--> Saved new best model: positive-target Dice=0.4618, normal empty-case specificity=0.5936
/kaggle/input/datasets/itsthang333/btxrd-small-lesion-research-v1/project/train_segmentation.py:257: FutureWarning: `torch.cuda.amp.autocast(args...)` is deprecated. Please use `torch.amp.autocast('cuda', args...)` instead.
  with torch.cuda.amp.autocast(enabled=device.type == "cuda"):
Epoch 017 | train_loss=0.3506 train_dice=0.6408 val_loss=0.4614 val_dice=0.4907 val_positive_dice=0.4731 val_normal_empty_case_specificity=0.5080
--> Saved new best model: positive-target Dice=0.4731, normal empty-case specificity=0.5080
/kaggle/input/datasets/itsthang333/btxrd-small-lesion-research-v1/project/train_segmentation.py:257: FutureWarning: `torch.cuda.amp.autocast(args...)` is deprecated. Please use `torch.amp.autocast('cuda', args...)` instead.
  with torch.cuda.amp.autocast(enabled=device.type == "cuda"):
Epoch 018 | train_loss=0.3460 train_dice=0.6780 val_loss=0.4773 val_dice=0.5611 val_positive_dice=0.4628 val_normal_empty_case_specificity=0.6578
/kaggle/input/datasets/itsthang333/btxrd-small-lesion-research-v1/project/train_segmentation.py:257: FutureWarning: `torch.cuda.amp.autocast(args...)` is deprecated. Please use `torch.amp.autocast('cuda', args...)` instead.
  with torch.cuda.amp.autocast(enabled=device.type == "cuda"):
Epoch 019 | train_loss=0.3391 train_dice=0.6698 val_loss=0.5053 val_dice=0.4607 val_positive_dice=0.4724 val_normal_empty_case_specificity=0.4492
/kaggle/input/datasets/itsthang333/btxrd-small-lesion-research-v1/project/train_segmentation.py:257: FutureWarning: `torch.cuda.amp.autocast(args...)` is deprecated. Please use `torch.amp.autocast('cuda', args...)` instead.
  with torch.cuda.amp.autocast(enabled=device.type == "cuda"):
Epoch 020 | train_loss=0.3374 train_dice=0.6425 val_loss=0.5115 val_dice=0.6232 val_positive_dice=0.4575 val_normal_empty_case_specificity=0.7861
/kaggle/input/datasets/itsthang333/btxrd-small-lesion-research-v1/project/train_segmentation.py:257: FutureWarning: `torch.cuda.amp.autocast(args...)` is deprecated. Please use `torch.amp.autocast('cuda', args...)` instead.
  with torch.cuda.amp.autocast(enabled=device.type == "cuda"):
Epoch 021 | train_loss=0.3301 train_dice=0.6872 val_loss=0.4917 val_dice=0.5656 val_positive_dice=0.4503 val_normal_empty_case_specificity=0.6791
/kaggle/input/datasets/itsthang333/btxrd-small-lesion-research-v1/project/train_segmentation.py:257: FutureWarning: `torch.cuda.amp.autocast(args...)` is deprecated. Please use `torch.amp.autocast('cuda', args...)` instead.
  with torch.cuda.amp.autocast(enabled=device.type == "cuda"):
Epoch 022 | train_loss=0.3334 train_dice=0.6579 val_loss=0.5185 val_dice=0.5317 val_positive_dice=0.4416 val_normal_empty_case_specificity=0.6203
/kaggle/input/datasets/itsthang333/btxrd-small-lesion-research-v1/project/train_segmentation.py:257: FutureWarning: `torch.cuda.amp.autocast(args...)` is deprecated. Please use `torch.amp.autocast('cuda', args...)` instead.
  with torch.cuda.amp.autocast(enabled=device.type == "cuda"):
Epoch 023 | train_loss=0.3291 train_dice=0.7011 val_loss=0.5113 val_dice=0.5678 val_positive_dice=0.4710 val_normal_empty_case_specificity=0.6631
/kaggle/input/datasets/itsthang333/btxrd-small-lesion-research-v1/project/train_segmentation.py:257: FutureWarning: `torch.cuda.amp.autocast(args...)` is deprecated. Please use `torch.amp.autocast('cuda', args...)` instead.
  with torch.cuda.amp.autocast(enabled=device.type == "cuda"):
Epoch 024 | train_loss=0.3201 train_dice=0.7742 val_loss=0.5060 val_dice=0.6506 val_positive_dice=0.4749 val_normal_empty_case_specificity=0.8235
--> Saved new best model: positive-target Dice=0.4749, normal empty-case specificity=0.8235
/kaggle/input/datasets/itsthang333/btxrd-small-lesion-research-v1/project/train_segmentation.py:257: FutureWarning: `torch.cuda.amp.autocast(args...)` is deprecated. Please use `torch.amp.autocast('cuda', args...)` instead.
  with torch.cuda.amp.autocast(enabled=device.type == "cuda"):
Epoch 025 | train_loss=0.3235 train_dice=0.7197 val_loss=0.4969 val_dice=0.5315 val_positive_dice=0.4793 val_normal_empty_case_specificity=0.5829
--> Saved new best model: positive-target Dice=0.4793, normal empty-case specificity=0.5829
/kaggle/input/datasets/itsthang333/btxrd-small-lesion-research-v1/project/train_segmentation.py:257: FutureWarning: `torch.cuda.amp.autocast(args...)` is deprecated. Please use `torch.amp.autocast('cuda', args...)` instead.
  with torch.cuda.amp.autocast(enabled=device.type == "cuda"):
Epoch 026 | train_loss=0.3228 train_dice=0.7284 val_loss=0.4782 val_dice=0.5590 val_positive_dice=0.4532 val_normal_empty_case_specificity=0.6631
/kaggle/input/datasets/itsthang333/btxrd-small-lesion-research-v1/project/train_segmentation.py:257: FutureWarning: `torch.cuda.amp.autocast(args...)` is deprecated. Please use `torch.amp.autocast('cuda', args...)` instead.
  with torch.cuda.amp.autocast(enabled=device.type == "cuda"):
Epoch 027 | train_loss=0.3215 train_dice=0.7193 val_loss=0.4753 val_dice=0.5062 val_positive_dice=0.4772 val_normal_empty_case_specificity=0.5348
/kaggle/input/datasets/itsthang333/btxrd-small-lesion-research-v1/project/train_segmentation.py:257: FutureWarning: `torch.cuda.amp.autocast(args...)` is deprecated. Please use `torch.amp.autocast('cuda', args...)` instead.
  with torch.cuda.amp.autocast(enabled=device.type == "cuda"):
Epoch 028 | train_loss=0.3174 train_dice=0.7359 val_loss=0.4978 val_dice=0.6153 val_positive_dice=0.4743 val_normal_empty_case_specificity=0.7540
/kaggle/input/datasets/itsthang333/btxrd-small-lesion-research-v1/project/train_segmentation.py:257: FutureWarning: `torch.cuda.amp.autocast(args...)` is deprecated. Please use `torch.amp.autocast('cuda', args...)` instead.
  with torch.cuda.amp.autocast(enabled=device.type == "cuda"):
Epoch 029 | train_loss=0.3221 train_dice=0.7256 val_loss=0.5354 val_dice=0.6067 val_positive_dice=0.4625 val_normal_empty_case_specificity=0.7487
/kaggle/input/datasets/itsthang333/btxrd-small-lesion-research-v1/project/train_segmentation.py:257: FutureWarning: `torch.cuda.amp.autocast(args...)` is deprecated. Please use `torch.amp.autocast('cuda', args...)` instead.
  with torch.cuda.amp.autocast(enabled=device.type == "cuda"):
Epoch 030 | train_loss=0.3228 train_dice=0.7191 val_loss=0.4840 val_dice=0.4952 val_positive_dice=0.4713 val_normal_empty_case_specificity=0.5187
/kaggle/input/datasets/itsthang333/btxrd-small-lesion-research-v1/project/train_segmentation.py:257: FutureWarning: `torch.cuda.amp.autocast(args...)` is deprecated. Please use `torch.amp.autocast('cuda', args...)` instead.
  with torch.cuda.amp.autocast(enabled=device.type == "cuda"):
Epoch 031 | train_loss=0.3155 train_dice=0.7823 val_loss=0.5440 val_dice=0.6366 val_positive_dice=0.4357 val_normal_empty_case_specificity=0.8342
/kaggle/input/datasets/itsthang333/btxrd-small-lesion-research-v1/project/train_segmentation.py:257: FutureWarning: `torch.cuda.amp.autocast(args...)` is deprecated. Please use `torch.amp.autocast('cuda', args...)` instead.
  with torch.cuda.amp.autocast(enabled=device.type == "cuda"):
Epoch 032 | train_loss=0.3211 train_dice=0.7359 val_loss=0.5180 val_dice=0.5921 val_positive_dice=0.4493 val_normal_empty_case_specificity=0.7326
/kaggle/input/datasets/itsthang333/btxrd-small-lesion-research-v1/project/train_segmentation.py:257: FutureWarning: `torch.cuda.amp.autocast(args...)` is deprecated. Please use `torch.amp.autocast('cuda', args...)` instead.
  with torch.cuda.amp.autocast(enabled=device.type == "cuda"):
Epoch 033 | train_loss=0.3133 train_dice=0.7522 val_loss=0.4831 val_dice=0.6553 val_positive_dice=0.4952 val_normal_empty_case_specificity=0.8128
--> Saved new best model: positive-target Dice=0.4952, normal empty-case specificity=0.8128
/kaggle/input/datasets/itsthang333/btxrd-small-lesion-research-v1/project/train_segmentation.py:257: FutureWarning: `torch.cuda.amp.autocast(args...)` is deprecated. Please use `torch.amp.autocast('cuda', args...)` instead.
  with torch.cuda.amp.autocast(enabled=device.type == "cuda"):
Epoch 034 | train_loss=0.3086 train_dice=0.7719 val_loss=0.4957 val_dice=0.6665 val_positive_dice=0.4851 val_normal_empty_case_specificity=0.8449
/kaggle/input/datasets/itsthang333/btxrd-small-lesion-research-v1/project/train_segmentation.py:257: FutureWarning: `torch.cuda.amp.autocast(args...)` is deprecated. Please use `torch.amp.autocast('cuda', args...)` instead.
  with torch.cuda.amp.autocast(enabled=device.type == "cuda"):
Epoch 035 | train_loss=0.3092 train_dice=0.7935 val_loss=0.5116 val_dice=0.6121 val_positive_dice=0.4843 val_normal_empty_case_specificity=0.7380
