[{"stream_name":"stdout","time":21.197861497,"data":"{\n"}
,{"stream_name":"stdout","time":21.197948388,"data":"  \"python\": \"3.12.13 (main, Mar  4 2026, 09:23:07) [GCC 11.4.0]\",\n"}
,{"stream_name":"stdout","time":21.197956144,"data":"  \"platform\": \"Linux-6.12.90+-x86_64-with-glibc2.35\",\n"}
,{"stream_name":"stdout","time":21.197964424,"data":"  \"torch\": \"2.10.0+cu128\",\n"}
,{"stream_name":"stdout","time":21.197967062,"data":"  \"torch_cuda\": \"12.8\",\n"}
,{"stream_name":"stdout","time":21.197969428,"data":"  \"gpu\": \"Tesla T4\",\n"}
,{"stream_name":"stdout","time":21.197971781,"data":"  \"gpu_count\": 2\n"}
,{"stream_name":"stdout","time":21.197974136,"data":"}\n"}
,{"stream_name":"stderr","time":48.734873706,"data":"/kaggle/src/script.py:454: FutureWarning: `torch.cuda.amp.GradScaler(args...)` is deprecated. Please use `torch.amp.GradScaler('cuda', args...)` instead.\n"}
,{"stream_name":"stderr","time":48.736555013,"data":"  scaler = torch.cuda.amp.GradScaler(enabled=True)\n"}
,{"stream_name":"stderr","time":49.016345918,"data":"/kaggle/src/script.py:505: FutureWarning: `torch.cuda.amp.autocast(args...)` is deprecated. Please use `torch.amp.autocast('cuda', args...)` instead.\n"}
,{"stream_name":"stderr","time":49.016393606,"data":"  with torch.cuda.amp.autocast(enabled=True):\n"}
,{"stream_name":"stderr","time":51.269522987,"data":"/kaggle/input/datasets/itsthang333/btxrd-small-lesion-research-v1/project/train_segmentation.py:257: FutureWarning: `torch.cuda.amp.autocast(args...)` is deprecated. Please use `torch.amp.autocast('cuda', args...)` instead.\n"}
,{"stream_name":"stderr","time":51.26956404,"data":"  with torch.cuda.amp.autocast(enabled=device.type == \"cuda\"):\n"}
,{"stream_name":"stdout","time":143.523602073,"data":"{\n"}
,{"stream_name":"stdout","time":143.523638826,"data":"  \"candidate_epoch\": 1,\n"}
,{"stream_name":"stdout","time":143.523644276,"data":"  \"train_loss\": 0.45228880901778157,\n"}
,{"stream_name":"stdout","time":143.523649059,"data":"  \"train_positive_dice\": 0.6072725093868245,\n"}
,{"stream_name":"stdout","time":143.523653364,"data":"  \"train_empty_specificity\": 0.38914936369725384,\n"}
,{"stream_name":"stdout","time":143.523658218,"data":"  \"val_loss\": 0.4867026143960876,\n"}
,{"stream_name":"stdout","time":143.523662942,"data":"  \"val_positive_dice\": 0.46501383120599,\n"}
,{"stream_name":"stdout","time":143.523667551,"data":"  \"val_empty_specificity\": 0.5775401069518716,\n"}
,{"stream_name":"stdout","time":143.523672121,"data":"  \"full_samples\": 1494,\n"}
,{"stream_name":"stdout","time":143.523676489,"data":"  \"crop_samples\": 1487,\n"}
,{"stream_name":"stdout","time":143.523681094,"data":"  \"tumor_crop_samples\": 749,\n"}
,{"stream_name":"stdout","time":143.52368532,"data":"  \"normal_crop_samples\": 738,\n"}
,{"stream_name":"stdout","time":143.523689528,"data":"  \"improved\": false\n"}
,{"stream_name":"stdout","time":143.523696634,"data":"}\n"}
,{"stream_name":"stdout","time":232.768320512,"data":"{\n"}
,{"stream_name":"stdout","time":232.768380229,"data":"  \"candidate_epoch\": 2,\n"}
,{"stream_name":"stdout","time":232.76838956,"data":"  \"train_loss\": 0.41965232676045683,\n"}
,{"stream_name":"stdout","time":232.768394228,"data":"  \"train_positive_dice\": 0.6444838153603938,\n"}
,{"stream_name":"stdout","time":232.768398712,"data":"  \"train_empty_specificity\": 0.4105827193569993,\n"}
,{"stream_name":"stdout","time":232.768403418,"data":"  \"val_loss\": 0.4680174365840511,\n"}
,{"stream_name":"stdout","time":232.768407612,"data":"  \"val_positive_dice\": 0.453182657127795,\n"}
,{"stream_name":"stdout","time":232.768411853,"data":"  \"val_empty_specificity\": 0.39572192513368987,\n"}
,{"stream_name":"stdout","time":232.768426683,"data":"  \"full_samples\": 1500,\n"}
,{"stream_name":"stdout","time":232.76843061,"data":"  \"crop_samples\": 1481,\n"}
,{"stream_name":"stdout","time":232.768434155,"data":"  \"tumor_crop_samples\": 733,\n"}
,{"stream_name":"stdout","time":232.768437535,"data":"  \"normal_crop_samples\": 748,\n"}
,{"stream_name":"stdout","time":232.768440832,"data":"  \"improved\": false\n"}
,{"stream_name":"stdout","time":232.768444272,"data":"}\n"}
,{"stream_name":"stdout","time":322.097397044,"data":"{\n"}
,{"stream_name":"stdout","time":322.097450535,"data":"  \"candidate_epoch\": 3,\n"}
,{"stream_name":"stdout","time":322.097457812,"data":"  \"train_loss\": 0.40526647327410936,\n"}
,{"stream_name":"stdout","time":322.097463136,"data":"  \"train_positive_dice\": 0.6617779205202736,\n"}
,{"stream_name":"stdout","time":322.09746863,"data":"  \"train_empty_specificity\": 0.43603482920294706,\n"}
,{"stream_name":"stdout","time":322.097473227,"data":"  \"val_loss\": 0.45601353892740215,\n"}
,{"stream_name":"stdout","time":322.097477942,"data":"  \"val_positive_dice\": 0.4409414108680642,\n"}
,{"stream_name":"stdout","time":322.097482362,"data":"  \"val_empty_specificity\": 0.48128342245989303,\n"}
,{"stream_name":"stdout","time":322.0974868,"data":"  \"full_samples\": 1484,\n"}
,{"stream_name":"stdout","time":322.097491177,"data":"  \"crop_samples\": 1497,\n"}
,{"stream_name":"stdout","time":322.097501322,"data":"  \"tumor_crop_samples\": 729,\n"}
,{"stream_name":"stdout","time":322.097504682,"data":"  \"normal_crop_samples\": 768,\n"}
,{"stream_name":"stdout","time":322.097507705,"data":"  \"improved\": false\n"}
,{"stream_name":"stdout","time":322.097510689,"data":"}\n"}
,{"stream_name":"stdout","time":411.459923395,"data":"{\n"}
,{"stream_name":"stdout","time":411.459965195,"data":"  \"candidate_epoch\": 4,\n"}
,{"stream_name":"stdout","time":411.459969858,"data":"  \"train_loss\": 0.3777151280443607,\n"}
,{"stream_name":"stdout","time":411.459973591,"data":"  \"train_positive_dice\": 0.7083565782835727,\n"}
,{"stream_name":"stdout","time":411.459976853,"data":"  \"train_empty_specificity\": 0.5097119892833222,\n"}
,{"stream_name":"stdout","time":411.459980033,"data":"  \"val_loss\": 0.4494578560407592,\n"}
,{"stream_name":"stdout","time":411.459983154,"data":"  \"val_positive_dice\": 0.49035036239935004,\n"}
,{"stream_name":"stdout","time":411.45998624,"data":"  \"val_empty_specificity\": 0.49732620320855614,\n"}
,{"stream_name":"stdout","time":411.459989257,"data":"  \"full_samples\": 1501,\n"}
,{"stream_name":"stdout","time":411.459992327,"data":"  \"crop_samples\": 1480,\n"}
,{"stream_name":"stdout","time":411.45999527,"data":"  \"tumor_crop_samples\": 747,\n"}
,{"stream_name":"stdout","time":411.459998396,"data":"  \"normal_crop_samples\": 733,\n"}
,{"stream_name":"stdout","time":411.460001472,"data":"  \"improved\": true\n"}
,{"stream_name":"stdout","time":411.460004468,"data":"}\n"}
,{"stream_name":"stdout","time":500.598297187,"data":"{\n"}
,{"stream_name":"stdout","time":500.598352415,"data":"  \"candidate_epoch\": 5,\n"}
,{"stream_name":"stdout","time":500.598359966,"data":"  \"train_loss\": 0.3750958142065434,\n"}
,{"stream_name":"stdout","time":500.59838402,"data":"  \"train_positive_dice\": 0.7113393510401409,\n"}
,{"stream_name":"stdout","time":500.598390619,"data":"  \"train_empty_specificity\": 0.507032819825854,\n"}
,{"stream_name":"stdout","time":500.598394762,"data":"  \"val_loss\": 0.4613499675156935,\n"}
,{"stream_name":"stdout","time":500.598399126,"data":"  \"val_positive_dice\": 0.4774723700855089,\n"}
,{"stream_name":"stdout","time":500.598413578,"data":"  \"val_empty_specificity\": 0.6524064171122995,\n"}
,{"stream_name":"stdout","time":500.598416984,"data":"  \"full_samples\": 1497,\n"}
,{"stream_name":"stdout","time":500.598420177,"data":"  \"crop_samples\": 1484,\n"}
,{"stream_name":"stdout","time":500.598423354,"data":"  \"tumor_crop_samples\": 724,\n"}
,{"stream_name":"stdout","time":500.598426392,"data":"  \"normal_crop_samples\": 760,\n"}
,{"stream_name":"stdout","time":500.598429552,"data":"  \"improved\": false\n"}
,{"stream_name":"stdout","time":500.598433377,"data":"}\n"}
,{"stream_name":"stdout","time":589.708295838,"data":"{\n"}
,{"stream_name":"stdout","time":589.70833903,"data":"  \"candidate_epoch\": 6,\n"}
,{"stream_name":"stdout","time":589.708343628,"data":"  \"train_loss\": 0.37966688993552195,\n"}
,{"stream_name":"stdout","time":589.708346951,"data":"  \"train_positive_dice\": 0.70891667023221,\n"}
,{"stream_name":"stdout","time":589.708350271,"data":"  \"train_empty_specificity\": 0.5251172136637642,\n"}
,{"stream_name":"stdout","time":589.708382088,"data":"  \"val_loss\": 0.4605705659344511,\n"}
,{"stream_name":"stdout","time":589.708390126,"data":"  \"val_positive_dice\": 0.4767328099064205,\n"}
,{"stream_name":"stdout","time":589.708394829,"data":"  \"val_empty_specificity\": 0.7005347593582888,\n"}
,{"stream_name":"stdout","time":589.708399467,"data":"  \"full_samples\": 1449,\n"}
,{"stream_name":"stdout","time":589.708404074,"data":"  \"crop_samples\": 1532,\n"}
,{"stream_name":"stdout","time":589.708408461,"data":"  \"tumor_crop_samples\": 755,\n"}
,{"stream_name":"stdout","time":589.708412833,"data":"  \"normal_crop_samples\": 777,\n"}
,{"stream_name":"stdout","time":589.708422362,"data":"  \"improved\": false\n"}
,{"stream_name":"stdout","time":589.708425812,"data":"}\n"}
,{"stream_name":"stdout","time":679.081838468,"data":"{\n"}
,{"stream_name":"stdout","time":679.081892166,"data":"  \"candidate_epoch\": 7,\n"}
,{"stream_name":"stdout","time":679.081899039,"data":"  \"train_loss\": 0.38670663378135506,\n"}
,{"stream_name":"stdout","time":679.081904154,"data":"  \"train_positive_dice\": 0.6945932564996583,\n"}
,{"stream_name":"stdout","time":679.081909777,"data":"  \"train_empty_specificity\": 0.48760884125920967,\n"}
,{"stream_name":"stdout","time":679.081914449,"data":"  \"val_loss\": 0.4477944317853676,\n"}
,{"stream_name":"stdout","time":679.081919248,"data":"  \"val_positive_dice\": 0.5050931883894879,\n"}
,{"stream_name":"stdout","time":679.081923606,"data":"  \"val_empty_specificity\": 0.6256684491978609,\n"}
,{"stream_name":"stdout","time":679.081927978,"data":"  \"full_samples\": 1463,\n"}
,{"stream_name":"stdout","time":679.081932281,"data":"  \"crop_samples\": 1518,\n"}
,{"stream_name":"stdout","time":679.081941648,"data":"  \"tumor_crop_samples\": 775,\n"}
,{"stream_name":"stdout","time":679.081945127,"data":"  \"normal_crop_samples\": 743,\n"}
,{"stream_name":"stdout","time":679.081948199,"data":"  \"improved\": true\n"}
,{"stream_name":"stdout","time":679.081951162,"data":"}\n"}
,{"stream_name":"stdout","time":767.979252728,"data":"{\n"}
,{"stream_name":"stdout","time":767.97930017,"data":"  \"candidate_epoch\": 8,\n"}
,{"stream_name":"stdout","time":767.979305367,"data":"  \"train_loss\": 0.37295118568128327,\n"}
,{"stream_name":"stdout","time":767.979309878,"data":"  \"train_positive_dice\": 0.7167464708241278,\n"}
,{"stream_name":"stdout","time":767.979330261,"data":"  \"train_empty_specificity\": 0.5371734762223711,\n"}
,{"stream_name":"stdout","time":767.979348608,"data":"  \"val_loss\": 0.4575079141280079,\n"}
,{"stream_name":"stdout","time":767.979352919,"data":"  \"val_positive_dice\": 0.5023345733466356,\n"}
,{"stream_name":"stdout","time":767.97935697,"data":"  \"val_empty_specificity\": 0.6203208556149733,\n"}
,{"stream_name":"stdout","time":767.979361229,"data":"  \"full_samples\": 1480,\n"}
,{"stream_name":"stdout","time":767.97936549,"data":"  \"crop_samples\": 1501,\n"}
,{"stream_name":"stdout","time":767.979390943,"data":"  \"tumor_crop_samples\": 778,\n"}
,{"stream_name":"stdout","time":767.979394668,"data":"  \"normal_crop_samples\": 723,\n"}
,{"stream_name":"stdout","time":767.979400191,"data":"  \"improved\": false\n"}
,{"stream_name":"stdout","time":767.979407996,"data":"}\n"}
,{"stream_name":"stdout","time":856.54931585,"data":"{\n"}
,{"stream_name":"stdout","time":856.54939383,"data":"  \"candidate_epoch\": 9,\n"}
,{"stream_name":"stdout","time":856.549402533,"data":"  \"train_loss\": 0.36297819913633317,\n"}
,{"stream_name":"stdout","time":856.549407163,"data":"  \"train_positive_dice\": 0.7309901430922491,\n"}
,{"stream_name":"stdout","time":856.549411717,"data":"  \"train_empty_specificity\": 0.5378432685867381,\n"}
,{"stream_name":"stdout","time":856.549416184,"data":"  \"val_loss\": 0.4591109281922929,\n"}
,{"stream_name":"stdout","time":856.549426741,"data":"  \"val_positive_dice\": 0.48281674686127696,\n"}
,{"stream_name":"stdout","time":856.549430159,"data":"  \"val_empty_specificity\": 0.7005347593582888,\n"}
,{"stream_name":"stdout","time":856.549433327,"data":"  \"full_samples\": 1504,\n"}
,{"stream_name":"stdout","time":856.549436373,"data":"  \"crop_samples\": 1477,\n"}
,{"stream_name":"stdout","time":856.549439287,"data":"  \"tumor_crop_samples\": 736,\n"}
,{"stream_name":"stdout","time":856.54944243,"data":"  \"normal_crop_samples\": 741,\n"}
,{"stream_name":"stdout","time":856.549445425,"data":"  \"improved\": false\n"}
,{"stream_name":"stdout","time":856.549448551,"data":"}\n"}
,{"stream_name":"stdout","time":945.082156133,"data":"{\n"}
,{"stream_name":"stdout","time":945.082184499,"data":"  \"candidate_epoch\": 10,\n"}
,{"stream_name":"stdout","time":945.082188653,"data":"  \"train_loss\": 0.36498462200084814,\n"}
,{"stream_name":"stdout","time":945.082192337,"data":"  \"train_positive_dice\": 0.7370837394258267,\n"}
,{"stream_name":"stdout","time":945.082213432,"data":"  \"train_empty_specificity\": 0.5277963831212324,\n"}
,{"stream_name":"stdout","time":945.082218887,"data":"  \"val_loss\": 0.46297423971309815,\n"}
,{"stream_name":"stdout","time":945.082224142,"data":"  \"val_positive_dice\": 0.5008487426068472,\n"}
,{"stream_name":"stdout","time":945.082229442,"data":"  \"val_empty_specificity\": 0.6844919786096256,\n"}
,{"stream_name":"stdout","time":945.082234497,"data":"  \"full_samples\": 1465,\n"}
,{"stream_name":"stdout","time":945.082239366,"data":"  \"crop_samples\": 1516,\n"}
,{"stream_name":"stdout","time":945.082243717,"data":"  \"tumor_crop_samples\": 733,\n"}
,{"stream_name":"stdout","time":945.082249906,"data":"  \"normal_crop_samples\": 783,\n"}
,{"stream_name":"stdout","time":945.082257092,"data":"  \"improved\": false\n"}
,{"stream_name":"stdout","time":945.082260194,"data":"}\n"}
,{"stream_name":"stdout","time":1033.60628109,"data":"{\n"}
,{"stream_name":"stdout","time":1033.606320873,"data":"  \"candidate_epoch\": 11,\n"}
,{"stream_name":"stdout","time":1033.606325296,"data":"  \"train_loss\": 0.3672723648622907,\n"}
,{"stream_name":"stdout","time":1033.606328591,"data":"  \"train_positive_dice\": 0.7259064423703121,\n"}
,{"stream_name":"stdout","time":1033.606339296,"data":"  \"train_empty_specificity\": 0.5572672471533825,\n"}
,{"stream_name":"stdout","time":1033.60634191,"data":"  \"val_loss\": 0.46243554417977756,\n"}
,{"stream_name":"stdout","time":1033.606344204,"data":"  \"val_positive_dice\": 0.49664429186478903,\n"}
,{"stream_name":"stdout","time":1033.60634687,"data":"  \"val_empty_specificity\": 0.732620320855615,\n"}
,{"stream_name":"stdout","time":1033.606349165,"data":"  \"full_samples\": 1455,\n"}
,{"stream_name":"stdout","time":1033.606351515,"data":"  \"crop_samples\": 1526,\n"}
,{"stream_name":"stdout","time":1033.606387586,"data":"  \"tumor_crop_samples\": 750,\n"}
,{"stream_name":"stdout","time":1033.606391808,"data":"  \"normal_crop_samples\": 776,\n"}
,{"stream_name":"stdout","time":1033.606395233,"data":"  \"improved\": false\n"}
,{"stream_name":"stdout","time":1033.606398616,"data":"}\n"}
,{"stream_name":"stdout","time":1122.726517212,"data":"{\n"}
,{"stream_name":"stdout","time":1122.726552916,"data":"  \"candidate_epoch\": 12,\n"}
,{"stream_name":"stdout","time":1122.726558586,"data":"  \"train_loss\": 0.36061555010206303,\n"}
,{"stream_name":"stdout","time":1122.726563584,"data":"  \"train_positive_dice\": 0.7440995512921024,\n"}
,{"stream_name":"stdout","time":1122.726568291,"data":"  \"train_empty_specificity\": 0.5552578700602813,\n"}
,{"stream_name":"stdout","time":1122.726572756,"data":"  \"val_loss\": 0.4691219964438693,\n"}
,{"stream_name":"stdout","time":1122.726577145,"data":"  \"val_positive_dice\": 0.5153785840324734,\n"}
,{"stream_name":"stdout","time":1122.726581704,"data":"  \"val_empty_specificity\": 0.24598930481283424,\n"}
,{"stream_name":"stdout","time":1122.72658612,"data":"  \"full_samples\": 1516,\n"}
,{"stream_name":"stdout","time":1122.726590598,"data":"  \"crop_samples\": 1465,\n"}
,{"stream_name":"stdout","time":1122.726595076,"data":"  \"tumor_crop_samples\": 711,\n"}
,{"stream_name":"stdout","time":1122.726599369,"data":"  \"normal_crop_samples\": 754,\n"}
,{"stream_name":"stdout","time":1122.726603751,"data":"  \"improved\": true\n"}
,{"stream_name":"stdout","time":1122.726608215,"data":"}\n"}
,{"stream_name":"stdout","time":1211.453649187,"data":"{\n"}
,{"stream_name":"stdout","time":1211.453686475,"data":"  \"candidate_epoch\": 13,\n"}
,{"stream_name":"stdout","time":1211.453692654,"data":"  \"train_loss\": 0.35754499925098654,\n"}
,{"stream_name":"stdout","time":1211.453703099,"data":"  \"train_positive_dice\": 0.7466297577065165,\n"}
,{"stream_name":"stdout","time":1211.453706517,"data":"  \"train_empty_specificity\": 0.5264567983924984,\n"}
,{"stream_name":"stdout","time":1211.45370973,"data":"  \"val_loss\": 0.4414061201871887,\n"}
,{"stream_name":"stdout","time":1211.453712816,"data":"  \"val_positive_dice\": 0.4853040556544843,\n"}
,{"stream_name":"stdout","time":1211.45371591,"data":"  \"val_empty_specificity\": 0.5240641711229946,\n"}
,{"stream_name":"stdout","time":1211.453718914,"data":"  \"full_samples\": 1460,\n"}
,{"stream_name":"stdout","time":1211.453721931,"data":"  \"crop_samples\": 1521,\n"}
,{"stream_name":"stdout","time":1211.453724828,"data":"  \"tumor_crop_samples\": 750,\n"}
,{"stream_name":"stdout","time":1211.453727849,"data":"  \"normal_crop_samples\": 771,\n"}
,{"stream_name":"stdout","time":1211.453730888,"data":"  \"improved\": false\n"}
,{"stream_name":"stdout","time":1211.453733885,"data":"}\n"}
,{"stream_name":"stdout","time":1300.720562768,"data":"{\n"}
,{"stream_name":"stdout","time":1300.720596291,"data":"  \"candidate_epoch\": 14,\n"}
,{"stream_name":"stdout","time":1300.720602109,"data":"  \"train_loss\": 0.34740701842651955,\n"}
,{"stream_name":"stdout","time":1300.720616116,"data":"  \"train_positive_dice\": 0.7637329873539641,\n"}
,{"stream_name":"stdout","time":1300.720619739,"data":"  \"train_empty_specificity\": 0.6054922973878097,\n"}
,{"stream_name":"stdout","time":1300.720623469,"data":"  \"val_loss\": 0.4583571199779562,\n"}
,{"stream_name":"stdout","time":1300.720627324,"data":"  \"val_positive_dice\": 0.49587496855984564,\n"}
,{"stream_name":"stdout","time":1300.720630968,"data":"  \"val_empty_specificity\": 0.7486631016042781,\n"}
,{"stream_name":"stdout","time":1300.720634221,"data":"  \"full_samples\": 1502,\n"}
,{"stream_name":"stdout","time":1300.720637452,"data":"  \"crop_samples\": 1479,\n"}
,{"stream_name":"stdout","time":1300.720640978,"data":"  \"tumor_crop_samples\": 755,\n"}
,{"stream_name":"stdout","time":1300.720644547,"data":"  \"normal_crop_samples\": 724,\n"}
,{"stream_name":"stdout","time":1300.720648118,"data":"  \"improved\": false\n"}
,{"stream_name":"stdout","time":1300.720651527,"data":"}\n"}
,{"stream_name":"stdout","time":1390.566196296,"data":"{\n"}
,{"stream_name":"stdout","time":1390.566255632,"data":"  \"candidate_epoch\": 15,\n"}
,{"stream_name":"stdout","time":1390.566262044,"data":"  \"train_loss\": 0.3491780451982863,\n"}
,{"stream_name":"stdout","time":1390.566266649,"data":"  \"train_positive_dice\": 0.7600375187973822,\n"}
,{"stream_name":"stdout","time":1390.566271157,"data":"  \"train_empty_specificity\": 0.6175485599464167,\n"}
,{"stream_name":"stdout","time":1390.566280902,"data":"  \"val_loss\": 0.46417520855957606,\n"}
,{"stream_name":"stdout","time":1390.56628467,"data":"  \"val_positive_dice\": 0.5168398761230967,\n"}
,{"stream_name":"stdout","time":1390.56628776,"data":"  \"val_empty_specificity\": 0.7486631016042781,\n"}
,{"stream_name":"stdout","time":1390.566290737,"data":"  \"full_samples\": 1477,\n"}
,{"stream_name":"stdout","time":1390.566293762,"data":"  \"crop_samples\": 1504,\n"}
,{"stream_name":"stdout","time":1390.566296692,"data":"  \"tumor_crop_samples\": 769,\n"}
,{"stream_name":"stdout","time":1390.566299649,"data":"  \"normal_crop_samples\": 735,\n"}
,{"stream_name":"stdout","time":1390.566302731,"data":"  \"improved\": true\n"}
,{"stream_name":"stdout","time":1390.566305682,"data":"}\n"}
,{"stream_name":"stdout","time":1392.255417138,"data":"inference=1/371\n"}
,{"stream_name":"stdout","time":1398.650187882,"data":"inference=26/371\n"}
,{"stream_name":"stdout","time":1407.08473858,"data":"inference=51/371\n"}
,{"stream_name":"stdout","time":1416.238787725,"data":"inference=76/371\n"}
,{"stream_name":"stdout","time":1424.375828833,"data":"inference=101/371\n"}
,{"stream_name":"stdout","time":1433.286555688,"data":"inference=126/371\n"}
,{"stream_name":"stdout","time":1441.48609042,"data":"inference=151/371\n"}
,{"stream_name":"stdout","time":1447.587323102,"data":"inference=176/371\n"}
,{"stream_name":"stdout","time":1454.181927684,"data":"inference=201/371\n"}
,{"stream_name":"stdout","time":1463.790452105,"data":"inference=226/371\n"}
,{"stream_name":"stdout","time":1472.981638748,"data":"inference=251/371\n"}
,{"stream_name":"stdout","time":1481.610732893,"data":"inference=276/371\n"}
,{"stream_name":"stdout","time":1490.522133171,"data":"inference=301/371\n"}
,{"stream_name":"stdout","time":1498.543634115,"data":"inference=326/371\n"}
,{"stream_name":"stdout","time":1506.866884169,"data":"inference=351/371\n"}
,{"stream_name":"stdout","time":1512.188770863,"data":"inference=371/371\n"}
,{"stream_name":"stderr","time":1516.021697293,"data":"Traceback (most recent call last):\n"}
,{"stream_name":"stderr","time":1516.021754939,"data":"  File \"/kaggle/src/script.py\", line 983, in \u003cmodule\u003e\n"}
,{"stream_name":"stderr","time":1516.02208191,"data":"    main()\n"}
,{"stream_name":"stderr","time":1516.022143446,"data":"  File \"/kaggle/src/script.py\", line 813, in main\n"}
,{"stream_name":"stderr","time":1516.022455516,"data":"    selected_threshold, rows, sweep = select_threshold(records[variant])\n"}
,{"stream_name":"stderr","time":1516.02263469,"data":"                                      ^^^^^^^^^^^^^^^^^^^^^^^^^^^^^^^^^^\n"}
,{"stream_name":"stderr","time":1516.022648192,"data":"  File \"/kaggle/src/script.py\", line 797, in select_threshold\n"}
,{"stream_name":"stderr","time":1516.022945541,"data":"    **add_required_fields(summarize_segmentation_rows(rows), rows),\n"}
,{"stream_name":"stderr","time":1516.023066335,"data":"      ^^^^^^^^^^^^^^^^^^^^^^^^^^^^^^^^^^^^^^^^^^^^^^^^^^^^^^^^^^^^\n"}
,{"stream_name":"stderr","time":1516.023078523,"data":"  File \"/kaggle/src/script.py\", line 776, in add_required_fields\n"}
,{"stream_name":"stderr","time":1516.023410467,"data":"    \"tumor_empty_prediction_count\": sum(\n"}
,{"stream_name":"stderr","time":1516.023443521,"data":"                                    ^^^^\n"}
,{"stream_name":"stderr","time":1516.023449751,"data":"  File \"/kaggle/src/script.py\", line 777, in \u003cgenexpr\u003e\n"}
,{"stream_name":"stderr","time":1516.023747707,"data":"    int(int(row[\"pred_pixels\"]) == 0) for row in tumor_rows\n"}
,{"stream_name":"stderr","time":1516.023852975,"data":"            ~~~^^^^^^^^^^^^^^^\n"}
,{"stream_name":"stderr","time":1516.023886854,"data":"KeyError: 'pred_pixels'\n"}
,{"stream_name":"stderr","time":1540.21921122,"data":"/usr/local/lib/python3.12/dist-packages/mistune.py:435: SyntaxWarning: invalid escape sequence '\\|'\n"}
,{"stream_name":"stderr","time":1540.219245252,"data":"  cells[i][c] = re.sub('\\\\\\\\\\|', '|', cell)\n"}
,{"stream_name":"stderr","time":1540.438221748,"data":"/usr/local/lib/python3.12/dist-packages/nbconvert/filters/filter_links.py:36: SyntaxWarning: invalid escape sequence '\\_'\n"}
,{"stream_name":"stderr","time":1540.438249043,"data":"  text = re.sub(r'_', '\\_', text) # Escape underscores in display text\n"}
,{"stream_name":"stderr","time":1541.041482548,"data":"[NbConvertApp] Converting notebook __script__.ipynb to html\n"}
,{"stream_name":"stderr","time":1542.336710274,"data":"[NbConvertApp] Writing 454489 bytes to __results__.html\n"}
]