[{"stream_name":"stdout","time":20.384813104,"data":"RUN [\"/usr/bin/python3\", \"-m\", \"pip\", \"install\", \"--disable-pip-version-check\", \"--no-input\", \"--no-deps\", \"git+https://github.com/facebookresearch/segment-anything.git@6fdee8f2727f4506cfbbe553e23b895e27956588\"]\n"}
,{"stream_name":"stdout","time":22.605939121,"data":"Collecting git+https://github.com/facebookresearch/segment-anything.git@6fdee8f2727f4506cfbbe553e23b895e27956588\n"}
,{"stream_name":"stdout","time":22.606921336,"data":"  Cloning https://github.com/facebookresearch/segment-anything.git (to revision 6fdee8f2727f4506cfbbe553e23b895e27956588) to /tmp/pip-req-build-obhujrh9\n"}
,{"stream_name":"stderr","time":22.624955435,"data":"  Running command git clone --filter=blob:none --quiet https://github.com/facebookresearch/segment-anything.git /tmp/pip-req-build-obhujrh9\n"}
,{"stream_name":"stderr","time":24.489580079,"data":"  Running command git rev-parse -q --verify 'sha^6fdee8f2727f4506cfbbe553e23b895e27956588'\n"}
,{"stream_name":"stderr","time":24.492354093,"data":"  Running command git fetch -q https://github.com/facebookresearch/segment-anything.git 6fdee8f2727f4506cfbbe553e23b895e27956588\n"}
,{"stream_name":"stderr","time":24.700127191,"data":"  Running command git checkout -q 6fdee8f2727f4506cfbbe553e23b895e27956588\n"}
,{"stream_name":"stdout","time":25.011897874,"data":"  Resolved https://github.com/facebookresearch/segment-anything.git to commit 6fdee8f2727f4506cfbbe553e23b895e27956588\n"}
,{"stream_name":"stdout","time":25.018906331,"data":"  Preparing metadata (setup.py): started\n"}
,{"stream_name":"stdout","time":25.955198683,"data":"  Preparing metadata (setup.py): finished with status 'done'\n"}
,{"stream_name":"stdout","time":37.451526681,"data":"PROGRESS 1/1488 elapsed=36.4s image=IMG000002.jpeg\n"}
,{"stream_name":"stdout","time":49.090939056,"data":"PROGRESS 25/1488 elapsed=48.1s image=IMG000030.jpeg\n"}
,{"stream_name":"stdout","time":59.934776109,"data":"PROGRESS 50/1488 elapsed=58.9s image=IMG000067.jpeg\n"}
,{"stream_name":"stdout","time":70.761060223,"data":"PROGRESS 75/1488 elapsed=69.7s image=IMG000097.jpeg\n"}
,{"stream_name":"stdout","time":82.023416184,"data":"PROGRESS 100/1488 elapsed=81.0s image=IMG000130.jpeg\n"}
,{"stream_name":"stdout","time":93.288262995,"data":"PROGRESS 125/1488 elapsed=92.3s image=IMG000164.jpeg\n"}
,{"stream_name":"stdout","time":104.76273507,"data":"PROGRESS 150/1488 elapsed=103.7s image=IMG000189.jpeg\n"}
,{"stream_name":"stdout","time":117.033782928,"data":"PROGRESS 175/1488 elapsed=116.0s image=IMG000217.jpeg\n"}
,{"stream_name":"stdout","time":130.686924417,"data":"PROGRESS 200/1488 elapsed=129.7s image=IMG000243.jpeg\n"}
,{"stream_name":"stdout","time":144.479184956,"data":"PROGRESS 225/1488 elapsed=143.4s image=IMG000273.jpeg\n"}
,{"stream_name":"stdout","time":158.364009432,"data":"PROGRESS 250/1488 elapsed=157.3s image=IMG000308.jpeg\n"}
,{"stream_name":"stdout","time":172.972618721,"data":"PROGRESS 275/1488 elapsed=171.9s image=IMG000344.jpeg\n"}
,{"stream_name":"stdout","time":188.28529706,"data":"PROGRESS 300/1488 elapsed=187.3s image=IMG000377.jpeg\n"}
,{"stream_name":"stdout","time":203.797607475,"data":"PROGRESS 325/1488 elapsed=202.8s image=IMG000404.jpeg\n"}
,{"stream_name":"stdout","time":218.882337192,"data":"PROGRESS 350/1488 elapsed=217.8s image=IMG000443.jpeg\n"}
,{"stream_name":"stdout","time":233.591085478,"data":"PROGRESS 375/1488 elapsed=232.6s image=IMG000469.jpeg\n"}
,{"stream_name":"stdout","time":248.215012181,"data":"PROGRESS 400/1488 elapsed=247.2s image=IMG000499.jpeg\n"}
,{"stream_name":"stdout","time":263.409238894,"data":"PROGRESS 425/1488 elapsed=262.4s image=IMG000527.jpeg\n"}
,{"stream_name":"stdout","time":278.801558709,"data":"PROGRESS 450/1488 elapsed=277.8s image=IMG000557.jpeg\n"}
,{"stream_name":"stdout","time":294.180843179,"data":"PROGRESS 475/1488 elapsed=293.1s image=IMG000589.jpeg\n"}
,{"stream_name":"stdout","time":309.281651625,"data":"PROGRESS 500/1488 elapsed=308.2s image=IMG000616.jpeg\n"}
,{"stream_name":"stdout","time":323.959741,"data":"PROGRESS 525/1488 elapsed=322.9s image=IMG000647.jpeg\n"}
,{"stream_name":"stdout","time":339.03804902,"data":"PROGRESS 550/1488 elapsed=338.0s image=IMG000675.jpeg\n"}
,{"stream_name":"stdout","time":354.152144513,"data":"PROGRESS 575/1488 elapsed=353.1s image=IMG000710.jpeg\n"}
,{"stream_name":"stdout","time":368.947291258,"data":"PROGRESS 600/1488 elapsed=367.9s image=IMG000737.jpeg\n"}
,{"stream_name":"stdout","time":383.544604463,"data":"PROGRESS 625/1488 elapsed=382.5s image=IMG000773.jpeg\n"}
,{"stream_name":"stdout","time":397.602422004,"data":"PROGRESS 650/1488 elapsed=396.6s image=IMG000803.jpeg\n"}
,{"stream_name":"stdout","time":411.283038828,"data":"PROGRESS 675/1488 elapsed=410.2s image=IMG000830.jpeg\n"}
,{"stream_name":"stdout","time":425.516513105,"data":"PROGRESS 700/1488 elapsed=424.5s image=IMG000856.jpeg\n"}
,{"stream_name":"stdout","time":440.238849657,"data":"PROGRESS 725/1488 elapsed=439.2s image=IMG000886.jpeg\n"}
,{"stream_name":"stdout","time":454.830220829,"data":"PROGRESS 750/1488 elapsed=453.8s image=IMG000921.jpeg\n"}
,{"stream_name":"stdout","time":469.447853377,"data":"PROGRESS 775/1488 elapsed=468.4s image=IMG000960.jpeg\n"}
,{"stream_name":"stdout","time":484.150696092,"data":"PROGRESS 800/1488 elapsed=483.1s image=IMG000991.jpeg\n"}
,{"stream_name":"stdout","time":498.559916954,"data":"PROGRESS 825/1488 elapsed=497.5s image=IMG001022.jpeg\n"}
,{"stream_name":"stdout","time":513.055252932,"data":"PROGRESS 850/1488 elapsed=512.0s image=IMG001051.jpeg\n"}
,{"stream_name":"stdout","time":527.38043863,"data":"PROGRESS 875/1488 elapsed=526.3s image=IMG001079.jpeg\n"}
,{"stream_name":"stdout","time":541.957727815,"data":"PROGRESS 900/1488 elapsed=540.9s image=IMG001114.jpeg\n"}
,{"stream_name":"stdout","time":556.525189005,"data":"PROGRESS 925/1488 elapsed=555.5s image=IMG001149.jpeg\n"}
,{"stream_name":"stdout","time":571.047971315,"data":"PROGRESS 950/1488 elapsed=570.0s image=IMG001176.jpeg\n"}
,{"stream_name":"stdout","time":585.510041767,"data":"PROGRESS 975/1488 elapsed=584.5s image=IMG001209.jpeg\n"}
,{"stream_name":"stdout","time":600.135816891,"data":"PROGRESS 1000/1488 elapsed=599.1s image=IMG001243.jpeg\n"}
,{"stream_name":"stdout","time":614.658550826,"data":"PROGRESS 1025/1488 elapsed=613.6s image=IMG001282.jpeg\n"}
,{"stream_name":"stdout","time":629.309198856,"data":"PROGRESS 1050/1488 elapsed=628.3s image=IMG001311.jpeg\n"}
,{"stream_name":"stdout","time":643.890955152,"data":"PROGRESS 1075/1488 elapsed=642.9s image=IMG001340.jpeg\n"}
,{"stream_name":"stdout","time":658.832397517,"data":"PROGRESS 1100/1488 elapsed=657.8s image=IMG001374.jpeg\n"}
,{"stream_name":"stdout","time":673.185690921,"data":"PROGRESS 1125/1488 elapsed=672.2s image=IMG001403.jpeg\n"}
,{"stream_name":"stdout","time":687.820998955,"data":"PROGRESS 1150/1488 elapsed=686.8s image=IMG001430.jpeg\n"}
,{"stream_name":"stdout","time":703.293335922,"data":"PROGRESS 1175/1488 elapsed=702.3s image=IMG001462.jpeg\n"}
,{"stream_name":"stdout","time":717.861902818,"data":"PROGRESS 1200/1488 elapsed=716.8s image=IMG001495.jpeg\n"}
,{"stream_name":"stdout","time":732.699231862,"data":"PROGRESS 1225/1488 elapsed=731.7s image=IMG001524.jpeg\n"}
,{"stream_name":"stdout","time":747.260413888,"data":"PROGRESS 1250/1488 elapsed=746.2s image=IMG001554.jpeg\n"}
,{"stream_name":"stdout","time":761.993161431,"data":"PROGRESS 1275/1488 elapsed=761.0s image=IMG001585.jpeg\n"}
,{"stream_name":"stdout","time":776.623107701,"data":"PROGRESS 1300/1488 elapsed=775.6s image=IMG001616.jpeg\n"}
,{"stream_name":"stdout","time":790.757486251,"data":"PROGRESS 1325/1488 elapsed=789.7s image=IMG001651.jpeg\n"}
,{"stream_name":"stdout","time":804.711165208,"data":"PROGRESS 1350/1488 elapsed=803.7s image=IMG001686.jpeg\n"}
,{"stream_name":"stdout","time":818.561618936,"data":"PROGRESS 1375/1488 elapsed=817.5s image=IMG001721.jpeg\n"}
,{"stream_name":"stdout","time":832.439930349,"data":"PROGRESS 1400/1488 elapsed=831.4s image=IMG001751.jpeg\n"}
,{"stream_name":"stdout","time":846.185027298,"data":"PROGRESS 1425/1488 elapsed=845.2s image=IMG001784.jpeg\n"}
,{"stream_name":"stdout","time":859.998596718,"data":"PROGRESS 1450/1488 elapsed=859.0s image=IMG001821.jpeg\n"}
,{"stream_name":"stdout","time":873.701524331,"data":"PROGRESS 1475/1488 elapsed=872.7s image=IMG001851.jpeg\n"}
,{"stream_name":"stdout","time":880.902567929,"data":"PROGRESS 1488/1488 elapsed=879.9s image=IMG001866.jpeg\n"}
,{"stream_name":"stdout","time":897.312931162,"data":"{\n"}
,{"stream_name":"stdout","time":897.312964939,"data":"  \"run_id\": \"btxrd_s2c_cpm_sam_embedding_cache_v1\",\n"}
,{"stream_name":"stdout","time":897.312970747,"data":"  \"test_evaluated\": false,\n"}
,{"stream_name":"stdout","time":897.312975676,"data":"  \"polygons_or_masks_loaded\": false,\n"}
,{"stream_name":"stdout","time":897.31298291,"data":"  \"validation_images_processed\": false,\n"}
,{"stream_name":"stdout","time":897.312987794,"data":"  \"started_at_utc\": \"2026-07-25T07:45:35.281391+00:00\",\n"}
,{"stream_name":"stdout","time":897.312992455,"data":"  \"finished_at_utc\": \"2026-07-25T08:00:31.557438+00:00\",\n"}
,{"stream_name":"stdout","time":897.312996982,"data":"  \"elapsed_seconds\": 896.2760779900001,\n"}
,{"stream_name":"stdout","time":897.313001776,"data":"  \"split_manifest_sha256\": \"85511ee1bd1339c7b6b4f527acc504869da935997fd6b2485042edd619193c8c\",\n"}
,{"stream_name":"stdout","time":897.31300658,"data":"  \"split_audit\": {\n"}
,{"stream_name":"stdout","time":897.313010969,"data":"    \"train\": {\n"}
,{"stream_name":"stdout","time":897.31301541,"data":"      \"images\": 2981,\n"}
,{"stream_name":"stdout","time":897.313019722,"data":"      \"tumor\": 1488,\n"}
,{"stream_name":"stdout","time":897.313024099,"data":"      \"normal\": 1493\n"}
,{"stream_name":"stdout","time":897.313028214,"data":"    },\n"}
,{"stream_name":"stdout","time":897.313032488,"data":"    \"val\": {\n"}
,{"stream_name":"stdout","time":897.313036804,"data":"      \"images\": 371,\n"}
,{"stream_name":"stdout","time":897.313041446,"data":"      \"tumor\": 184,\n"}
,{"stream_name":"stdout","time":897.313046177,"data":"      \"normal\": 187\n"}
,{"stream_name":"stdout","time":897.313050918,"data":"    },\n"}
,{"stream_name":"stdout","time":897.313055068,"data":"    \"test\": {\n"}
,{"stream_name":"stdout","time":897.31305972,"data":"      \"images\": 373,\n"}
,{"stream_name":"stdout","time":897.313064052,"data":"      \"tumor\": 187,\n"}
,{"stream_name":"stdout","time":897.313068516,"data":"      \"normal\": 186\n"}
,{"stream_name":"stdout","time":897.313073081,"data":"    }\n"}
,{"stream_name":"stdout","time":897.313077571,"data":"  },\n"}
,{"stream_name":"stdout","time":897.31308182,"data":"  \"processed_split\": \"train\",\n"}
,{"stream_name":"stdout","time":897.313086617,"data":"  \"processed_population\": \"tumor image-level label only\",\n"}
,{"stream_name":"stdout","time":897.313091314,"data":"  \"processed_images\": 1488,\n"}
,{"stream_name":"stdout","time":897.313105183,"data":"  \"sam\": {\n"}
,{"stream_name":"stdout","time":897.313108653,"data":"    \"model\": \"vit_b\",\n"}
,{"stream_name":"stdout","time":897.313112053,"data":"    \"checkpoint_sha256\": \"ec2df62732614e57411cdcf32a23ffdf28910380d03139ee0f4fcbe91eb8c912\",\n"}
,{"stream_name":"stdout","time":897.31311577,"data":"    \"segment_anything_commit\": \"6fdee8f2727f4506cfbbe553e23b895e27956588\",\n"}
,{"stream_name":"stdout","time":897.313119711,"data":"    \"source_image_size\": [\n"}
,{"stream_name":"stdout","time":897.313123189,"data":"      512,\n"}
,{"stream_name":"stdout","time":897.313126786,"data":"      512\n"}
,{"stream_name":"stdout","time":897.313130128,"data":"    ],\n"}
,{"stream_name":"stdout","time":897.313133548,"data":"    \"internal_encoder_size\": 1024,\n"}
,{"stream_name":"stdout","time":897.313137187,"data":"    \"embedding_shape\": [\n"}
,{"stream_name":"stdout","time":897.313140645,"data":"      256,\n"}
,{"stream_name":"stdout","time":897.313144407,"data":"      64,\n"}
,{"stream_name":"stdout","time":897.313147922,"data":"      64\n"}
,{"stream_name":"stdout","time":897.313151473,"data":"    ],\n"}
,{"stream_name":"stdout","time":897.313154632,"data":"    \"embedding_dtype\": \"float16\"\n"}
,{"stream_name":"stdout","time":897.313158177,"data":"  },\n"}
,{"stream_name":"stdout","time":897.313161257,"data":"  \"artifacts\": {\n"}
,{"stream_name":"stdout","time":897.313164689,"data":"    \"embedding_cache\": \"sam_embeddings_fp16.npy\",\n"}
,{"stream_name":"stdout","time":897.313167862,"data":"    \"embedding_cache_bytes\": 3120562304,\n"}
,{"stream_name":"stdout","time":897.313171214,"data":"    \"embedding_cache_sha256\": \"1853602fb36913c049010461057014465780ba06f37e5a562a4aae2f0a6436be\",\n"}
,{"stream_name":"stdout","time":897.313174763,"data":"    \"index\": \"embedding_index.csv\",\n"}
,{"stream_name":"stdout","time":897.313178458,"data":"    \"index_rows\": 1488,\n"}
,{"stream_name":"stdout","time":897.313181859,"data":"    \"index_sha256\": \"4c838827c02be65f3c1793b4c7036b2c7d0625d920d19c56666251a237ad7d06\"\n"}
,{"stream_name":"stdout","time":897.313185575,"data":"  },\n"}
,{"stream_name":"stdout","time":897.313189393,"data":"  \"environment\": {\n"}
,{"stream_name":"stdout","time":897.313192831,"data":"    \"python\": \"3.12.13 (main, Mar  4 2026, 09:23:07) [GCC 11.4.0]\",\n"}
,{"stream_name":"stdout","time":897.313196494,"data":"    \"platform\": \"Linux-6.12.90+-x86_64-with-glibc2.35\",\n"}
,{"stream_name":"stdout","time":897.313199749,"data":"    \"torch\": \"2.10.0+cu128\",\n"}
,{"stream_name":"stdout","time":897.313203199,"data":"    \"torchvision\": \"0.25.0+cu128\",\n"}
,{"stream_name":"stdout","time":897.313206765,"data":"    \"cuda\": \"12.8\",\n"}
,{"stream_name":"stdout","time":897.313210178,"data":"    \"gpu\": \"Tesla T4\"\n"}
,{"stream_name":"stdout","time":897.313213429,"data":"  },\n"}
,{"stream_name":"stdout","time":897.313216747,"data":"  \"kernel_script_sha256\": \"44d9150a73826da79b1a951b2332016a14b09db00b32a8c38d927df111b6d3a9\",\n"}
,{"stream_name":"stdout","time":897.313220392,"data":"  \"known_limitation\": \"BTXRD group IDs are heuristic because verified patient IDs are unavailable\"\n"}
,{"stream_name":"stdout","time":897.313223872,"data":"}\n"}
,{"stream_name":"stderr","time":901.253195991,"data":"/usr/local/lib/python3.12/dist-packages/mistune.py:435: SyntaxWarning: invalid escape sequence '\\|'\n"}
,{"stream_name":"stderr","time":901.253221879,"data":"  cells[i][c] = re.sub('\\\\\\\\\\|', '|', cell)\n"}
,{"stream_name":"stderr","time":901.466542951,"data":"/usr/local/lib/python3.12/dist-packages/nbconvert/filters/filter_links.py:36: SyntaxWarning: invalid escape sequence '\\_'\n"}
,{"stream_name":"stderr","time":901.466588258,"data":"  text = re.sub(r'_', '\\_', text) # Escape underscores in display text\n"}
,{"stream_name":"stderr","time":902.044112036,"data":"[NbConvertApp] Converting notebook __script__.ipynb to html\n"}
,{"stream_name":"stderr","time":903.224520053,"data":"[NbConvertApp] Writing 335872 bytes to __results__.html\n"}
]