[{"stream_name":"stdout","time":16.966701799,"data":"{\n"}
,{"stream_name":"stdout","time":16.966769194,"data":"  \"python\": \"3.12.13 (main, Mar  4 2026, 09:23:07) [GCC 11.4.0]\",\n"}
,{"stream_name":"stdout","time":16.966774461,"data":"  \"platform\": \"Linux-6.12.90+-x86_64-with-glibc2.35\",\n"}
,{"stream_name":"stdout","time":16.966777222,"data":"  \"torch\": \"2.10.0+cu128\",\n"}
,{"stream_name":"stdout","time":16.966779709,"data":"  \"torch_cuda\": \"12.8\",\n"}
,{"stream_name":"stdout","time":16.966782059,"data":"  \"gpu\": \"Tesla T4\",\n"}
,{"stream_name":"stdout","time":16.966784443999998,"data":"  \"gpu_count\": 2,\n"}
,{"stream_name":"stdout","time":16.966786802,"data":"  \"data_root\": \"/kaggle/input/datasets/itsthang333/btxrd-raw/BTXRD\",\n"}
,{"stream_name":"stdout","time":16.966789237,"data":"  \"split_manifest\": \"/kaggle/input/datasets/itsthang333/btxrd-small-lesion-research-v1/split_manifest.csv\",\n"}
,{"stream_name":"stdout","time":16.966791714,"data":"  \"split_sha256\": \"85511ee1bd1339c7b6b4f527acc504869da935997fd6b2485042edd619193c8c\",\n"}
,{"stream_name":"stdout","time":16.966794172,"data":"  \"reproduction_mode\": \"independent epoch-1 training with frozen seed-42 contract\",\n"}
,{"stream_name":"stdout","time":16.966796574,"data":"  \"source_canonical_lf_sha256\": {\n"}
,{"stream_name":"stdout","time":16.966798891,"data":"    \"train_segmentation.py\": \"5c940cf86ff95d395b320d9f973b625d3d15b5296820606a654a404259891fd4\",\n"}
,{"stream_name":"stdout","time":16.96680132,"data":"    \"models/unet.py\": \"aa867b3c95aeed4e906dd03203283bee7d5dd717e1144ba626bd41150c88bf64\",\n"}
,{"stream_name":"stdout","time":16.9668187,"data":"    \"models/losses.py\": \"330b1d4eb536c078ea73f4ea68b1ba34ea3392704c104dd99b5f7950a8d51e7c\",\n"}
,{"stream_name":"stdout","time":16.966823052,"data":"    \"datasets/btxrd.py\": \"e0b78250577804092549bce848476c55f1ed432530238c6a1b070642af720ae9\",\n"}
,{"stream_name":"stdout","time":16.966827302,"data":"    \"evaluate_unet.py\": \"61cf37093f5e4d335d47d33c2d2e7e6c14cd712badc761afc27aeed30f0860eb\",\n"}
,{"stream_name":"stdout","time":16.966831046,"data":"    \"evaluation/segmentation_metrics.py\": \"070ebb9f1092dac5fe87ff7c1acc7470d5834ce4e1dae0373b8ef60783cf314a\"\n"}
,{"stream_name":"stdout","time":16.966835589,"data":"  }\n"}
,{"stream_name":"stdout","time":16.96683921,"data":"}\n"}
,{"stream_name":"stdout","time":16.966888595,"data":"$ /usr/bin/python3 -u /kaggle/input/datasets/itsthang333/btxrd-small-lesion-research-v1/project/train_segmentation.py --pipeline-profile btxrd_best --data-root /kaggle/input/datasets/itsthang333/btxrd-raw/BTXRD --train-split train --val-split val --split-manifest /kaggle/input/datasets/itsthang333/btxrd-small-lesion-research-v1/split_manifest.csv --image-size 448 --model-architecture resnet18_unet --batch-size 8 --lr 0.0001 --weight-decay 0.0001 --epochs 35 --seed 42 --num-workers 4 --output-dir /kaggle/working/btxrd_gt_reference_independent_reproduction_v2/fs_resnet18_pw10_full_448_seed42 --early-stop-patience 10 --checkpoint-dice-tolerance 0.0001 --pos-weight-mode manual --pos-weight-value 10 --pos-weight-clamp-min 1 --pos-weight-clamp-max 20 --pos-weight-fixed-reference 10\n"}
,{"stream_name":"stdout","time":55.310665009,"data":"Loaded btxrd: 2981 train images from train, 371 validation images from val.\n"}
,{"stream_name":"stdout","time":55.960162574,"data":"/kaggle/input/datasets/itsthang333/btxrd-small-lesion-research-v1/project/train_segmentation.py:557: FutureWarning: `torch.cuda.amp.GradScaler(args...)` is deprecated. Please use `torch.amp.GradScaler('cuda', args...)` instead.\n"}
,{"stream_name":"stdout","time":55.960194948,"data":"  scaler = torch.cuda.amp.GradScaler(enabled=device.type == \"cuda\")\n"}
,{"stream_name":"stdout","time":55.960201582,"data":"Scanning deterministic, non-augmented train masks for foreground ratio and empty-mask rate...\n"}
,{"stream_name":"stdout","time":60.17509755,"data":"  pos_weight scan: batch 0/94\n"}
,{"stream_name":"stdout","time":64.051201569,"data":"  pos_weight scan: batch 10/94\n"}
,{"stream_name":"stdout","time":71.425953143,"data":"  pos_weight scan: batch 20/94\n"}
,{"stream_name":"stdout","time":77.278594674,"data":"  pos_weight scan: batch 30/94\n"}
,{"stream_name":"stdout","time":84.613319723,"data":"  pos_weight scan: batch 40/94\n"}
,{"stream_name":"stdout","time":88.994457032,"data":"  pos_weight scan: batch 50/94\n"}
,{"stream_name":"stdout","time":97.675236662,"data":"  pos_weight scan: batch 60/94\n"}
,{"stream_name":"stdout","time":103.195194636,"data":"  pos_weight scan: batch 70/94\n"}
,{"stream_name":"stdout","time":111.999376892,"data":"  pos_weight scan: batch 80/94\n"}
,{"stream_name":"stdout","time":116.222992784,"data":"  pos_weight scan: batch 90/94\n"}
,{"stream_name":"stdout","time":117.559107978,"data":"{\n"}
,{"stream_name":"stdout","time":117.559143831,"data":"  \"images\": 2981,\n"}
,{"stream_name":"stdout","time":117.559150159,"data":"  \"total_pixels\": 598298624,\n"}
,{"stream_name":"stdout","time":117.55915492,"data":"  \"foreground_pixels\": 7247249,\n"}
,{"stream_name":"stdout","time":117.559160495,"data":"  \"background_pixels\": 591051375,\n"}
,{"stream_name":"stdout","time":117.559166475,"data":"  \"foreground_ratio\": 0.012113096552934743,\n"}
,{"stream_name":"stdout","time":117.559172327,"data":"  \"empty_mask_count\": 1493,\n"}
,{"stream_name":"stdout","time":117.559177835,"data":"  \"empty_mask_rate\": 0.5008386447500839,\n"}
,{"stream_name":"stdout","time":117.559182769,"data":"  \"raw_pos_weight\": 81.55527359415966,\n"}
,{"stream_name":"stdout","time":117.559188537,"data":"  \"requested_mode\": \"manual\",\n"}
,{"stream_name":"stdout","time":117.559193447,"data":"  \"resolved_mode\": \"manual\",\n"}
,{"stream_name":"stdout","time":117.559197894,"data":"  \"candidate_weights\": {\n"}
,{"stream_name":"stdout","time":117.559202232,"data":"    \"raw\": 81.55527359415966,\n"}
,{"stream_name":"stdout","time":117.559211764,"data":"    \"clamped\": 20.0,\n"}
,{"stream_name":"stdout","time":117.559224482,"data":"    \"fixed_reference\": 10.0,\n"}
,{"stream_name":"stdout","time":117.559227826,"data":"    \"none\": null\n"}
,{"stream_name":"stdout","time":117.559230774,"data":"  },\n"}
,{"stream_name":"stdout","time":117.559233717,"data":"  \"selected_pos_weight\": 10.0,\n"}
,{"stream_name":"stdout","time":117.559236745,"data":"  \"effective_pos_weight\": 10.0,\n"}
,{"stream_name":"stdout","time":117.559239715,"data":"  \"clamp_min\": 1.0,\n"}
,{"stream_name":"stdout","time":117.559242695,"data":"  \"clamp_max\": 20.0,\n"}
,{"stream_name":"stdout","time":117.559245671,"data":"  \"ablation_note\": \"Compare separate otherwise-identical runs using auto-raw, auto-clamped, and manual --pos-weight-value equal to fixed_reference.\"\n"}
,{"stream_name":"stdout","time":117.559254289,"data":"}\n"}
,{"stream_name":"stdout","time":118.652306369,"data":"/kaggle/input/datasets/itsthang333/btxrd-small-lesion-research-v1/project/train_segmentation.py:257: FutureWarning: `torch.cuda.amp.autocast(args...)` is deprecated. Please use `torch.amp.autocast('cuda', args...)` instead.\n"}
,{"stream_name":"stdout","time":118.652336039,"data":"  with torch.cuda.amp.autocast(enabled=device.type == \"cuda\"):\n"}
,{"stream_name":"stdout","time":203.731173186,"data":"Epoch 001 | train_loss=0.7212 train_dice=0.2095 val_loss=0.6843 val_dice=0.3033 val_positive_dice=0.2203 val_normal_empty_case_specificity=0.3850\n"}
,{"stream_name":"stdout","time":204.44822935,"data":"--\u003e Saved new best model: positive-target Dice=0.2203, normal empty-case specificity=0.3850\n"}
,{"stream_name":"stdout","time":205.215276449,"data":"/kaggle/input/datasets/itsthang333/btxrd-small-lesion-research-v1/project/train_segmentation.py:257: FutureWarning: `torch.cuda.amp.autocast(args...)` is deprecated. Please use `torch.amp.autocast('cuda', args...)` instead.\n"}
,{"stream_name":"stdout","time":205.215344134,"data":"  with torch.cuda.amp.autocast(enabled=device.type == \"cuda\"):\n"}
,{"stream_name":"stdout","time":289.029075299,"data":"Epoch 002 | train_loss=0.6386 train_dice=0.3391 val_loss=0.6204 val_dice=0.4113 val_positive_dice=0.2804 val_normal_empty_case_specificity=0.5401\n"}
,{"stream_name":"stdout","time":290.101727675,"data":"--\u003e Saved new best model: positive-target Dice=0.2804, normal empty-case specificity=0.5401\n"}
,{"stream_name":"stdout","time":290.697242687,"data":"/kaggle/input/datasets/itsthang333/btxrd-small-lesion-research-v1/project/train_segmentation.py:257: FutureWarning: `torch.cuda.amp.autocast(args...)` is deprecated. Please use `torch.amp.autocast('cuda', args...)` instead.\n"}
,{"stream_name":"stdout","time":290.697373037,"data":"  with torch.cuda.amp.autocast(enabled=device.type == \"cuda\"):\n"}
,{"stream_name":"stdout","time":374.696225888,"data":"Epoch 003 | train_loss=0.5858 train_dice=0.4273 val_loss=0.5880 val_dice=0.4465 val_positive_dice=0.2807 val_normal_empty_case_specificity=0.6096\n"}
,{"stream_name":"stdout","time":375.611983823,"data":"--\u003e Saved new best model: positive-target Dice=0.2807, normal empty-case specificity=0.6096\n"}
,{"stream_name":"stdout","time":376.297236078,"data":"/kaggle/input/datasets/itsthang333/btxrd-small-lesion-research-v1/project/train_segmentation.py:257: FutureWarning: `torch.cuda.amp.autocast(args...)` is deprecated. Please use `torch.amp.autocast('cuda', args...)` instead.\n"}
,{"stream_name":"stdout","time":376.297268422,"data":"  with torch.cuda.amp.autocast(enabled=device.type == \"cuda\"):\n"}
,{"stream_name":"stdout","time":459.993051298,"data":"Epoch 004 | train_loss=0.5463 train_dice=0.4576 val_loss=0.5558 val_dice=0.4252 val_positive_dice=0.3030 val_normal_empty_case_specificity=0.5455\n"}
,{"stream_name":"stdout","time":460.954711263,"data":"--\u003e Saved new best model: positive-target Dice=0.3030, normal empty-case specificity=0.5455\n"}
,{"stream_name":"stdout","time":461.66927921,"data":"/kaggle/input/datasets/itsthang333/btxrd-small-lesion-research-v1/project/train_segmentation.py:257: FutureWarning: `torch.cuda.amp.autocast(args...)` is deprecated. Please use `torch.amp.autocast('cuda', args...)` instead.\n"}
,{"stream_name":"stdout","time":461.669415078,"data":"  with torch.cuda.amp.autocast(enabled=device.type == \"cuda\"):\n"}
,{"stream_name":"stdout","time":545.407190342,"data":"Epoch 005 | train_loss=0.5164 train_dice=0.4837 val_loss=0.5372 val_dice=0.5363 val_positive_dice=0.3150 val_normal_empty_case_specificity=0.7540\n"}
,{"stream_name":"stdout","time":546.444999729,"data":"--\u003e Saved new best model: positive-target Dice=0.3150, normal empty-case specificity=0.7540\n"}
,{"stream_name":"stdout","time":547.165128884,"data":"/kaggle/input/datasets/itsthang333/btxrd-small-lesion-research-v1/project/train_segmentation.py:257: FutureWarning: `torch.cuda.amp.autocast(args...)` is deprecated. Please use `torch.amp.autocast('cuda', args...)` instead.\n"}
,{"stream_name":"stdout","time":547.168175181,"data":"  with torch.cuda.amp.autocast(enabled=device.type == \"cuda\"):\n"}
,{"stream_name":"stdout","time":630.833299517,"data":"Epoch 006 | train_loss=0.4898 train_dice=0.5161 val_loss=0.5240 val_dice=0.3086 val_positive_dice=0.3233 val_normal_empty_case_specificity=0.2941\n"}
,{"stream_name":"stdout","time":631.83380906,"data":"--\u003e Saved new best model: positive-target Dice=0.3233, normal empty-case specificity=0.2941\n"}
,{"stream_name":"stdout","time":632.304269455,"data":"/kaggle/input/datasets/itsthang333/btxrd-small-lesion-research-v1/project/train_segmentation.py:257: FutureWarning: `torch.cuda.amp.autocast(args...)` is deprecated. Please use `torch.amp.autocast('cuda', args...)` instead.\n"}
,{"stream_name":"stdout","time":632.3042944,"data":"  with torch.cuda.amp.autocast(enabled=device.type == \"cuda\"):\n"}
,{"stream_name":"stdout","time":716.809506583,"data":"Epoch 007 | train_loss=0.4700 train_dice=0.5175 val_loss=0.5080 val_dice=0.4648 val_positive_dice=0.3556 val_normal_empty_case_specificity=0.5722\n"}
,{"stream_name":"stdout","time":717.812421596,"data":"--\u003e Saved new best model: positive-target Dice=0.3556, normal empty-case specificity=0.5722\n"}
,{"stream_name":"stdout","time":718.614280778,"data":"/kaggle/input/datasets/itsthang333/btxrd-small-lesion-research-v1/project/train_segmentation.py:257: FutureWarning: `torch.cuda.amp.autocast(args...)` is deprecated. Please use `torch.amp.autocast('cuda', args...)` instead.\n"}
,{"stream_name":"stdout","time":718.614310159,"data":"  with torch.cuda.amp.autocast(enabled=device.type == \"cuda\"):\n"}
,{"stream_name":"stdout","time":802.956905042,"data":"Epoch 008 | train_loss=0.4472 train_dice=0.5403 val_loss=0.4974 val_dice=0.2932 val_positive_dice=0.3955 val_normal_empty_case_specificity=0.1925\n"}
,{"stream_name":"stdout","time":804.004901311,"data":"--\u003e Saved new best model: positive-target Dice=0.3955, normal empty-case specificity=0.1925\n"}
,{"stream_name":"stdout","time":804.775931694,"data":"/kaggle/input/datasets/itsthang333/btxrd-small-lesion-research-v1/project/train_segmentation.py:257: FutureWarning: `torch.cuda.amp.autocast(args...)` is deprecated. Please use `torch.amp.autocast('cuda', args...)` instead.\n"}
,{"stream_name":"stdout","time":804.776402781,"data":"  with torch.cuda.amp.autocast(enabled=device.type == \"cuda\"):\n"}
,{"stream_name":"stdout","time":888.969161943,"data":"Epoch 009 | train_loss=0.4329 train_dice=0.5339 val_loss=0.4971 val_dice=0.4032 val_positive_dice=0.3292 val_normal_empty_case_specificity=0.4759\n"}
,{"stream_name":"stdout","time":890.316248476,"data":"/kaggle/input/datasets/itsthang333/btxrd-small-lesion-research-v1/project/train_segmentation.py:257: FutureWarning: `torch.cuda.amp.autocast(args...)` is deprecated. Please use `torch.amp.autocast('cuda', args...)` instead.\n"}
,{"stream_name":"stdout","time":890.31630963,"data":"  with torch.cuda.amp.autocast(enabled=device.type == \"cuda\"):\n"}
,{"stream_name":"stdout","time":974.149506737,"data":"Epoch 010 | train_loss=0.4170 train_dice=0.5465 val_loss=0.5015 val_dice=0.5284 val_positive_dice=0.3969 val_normal_empty_case_specificity=0.6578\n"}
,{"stream_name":"stdout","time":975.167611563,"data":"--\u003e Saved new best model: positive-target Dice=0.3969, normal empty-case specificity=0.6578\n"}
,{"stream_name":"stdout","time":975.759265182,"data":"/kaggle/input/datasets/itsthang333/btxrd-small-lesion-research-v1/project/train_segmentation.py:257: FutureWarning: `torch.cuda.amp.autocast(args...)` is deprecated. Please use `torch.amp.autocast('cuda', args...)` instead.\n"}
,{"stream_name":"stdout","time":975.75932384,"data":"  with torch.cuda.amp.autocast(enabled=device.type == \"cuda\"):\n"}
,{"stream_name":"stdout","time":1059.746364562,"data":"Epoch 011 | train_loss=0.4006 train_dice=0.5585 val_loss=0.4901 val_dice=0.2974 val_positive_dice=0.4149 val_normal_empty_case_specificity=0.1818\n"}
,{"stream_name":"stdout","time":1060.822454224,"data":"--\u003e Saved new best model: positive-target Dice=0.4149, normal empty-case specificity=0.1818\n"}
,{"stream_name":"stdout","time":1061.656491749,"data":"/kaggle/input/datasets/itsthang333/btxrd-small-lesion-research-v1/project/train_segmentation.py:257: FutureWarning: `torch.cuda.amp.autocast(args...)` is deprecated. Please use `torch.amp.autocast('cuda', args...)` instead.\n"}
,{"stream_name":"stdout","time":1061.656544985,"data":"  with torch.cuda.amp.autocast(enabled=device.type == \"cuda\"):\n"}
,{"stream_name":"stdout","time":1145.205013135,"data":"Epoch 012 | train_loss=0.3868 train_dice=0.5686 val_loss=0.4815 val_dice=0.4921 val_positive_dice=0.4488 val_normal_empty_case_specificity=0.5348\n"}
,{"stream_name":"stdout","time":1146.286923301,"data":"--\u003e Saved new best model: positive-target Dice=0.4488, normal empty-case specificity=0.5348\n"}
,{"stream_name":"stdout","time":1146.820072879,"data":"/kaggle/input/datasets/itsthang333/btxrd-small-lesion-research-v1/project/train_segmentation.py:257: FutureWarning: `torch.cuda.amp.autocast(args...)` is deprecated. Please use `torch.amp.autocast('cuda', args...)` instead.\n"}
,{"stream_name":"stdout","time":1146.822403157,"data":"  with torch.cuda.amp.autocast(enabled=device.type == \"cuda\"):\n"}
,{"stream_name":"stdout","time":1230.631620726,"data":"Epoch 013 | train_loss=0.3741 train_dice=0.6221 val_loss=0.4677 val_dice=0.3716 val_positive_dice=0.4341 val_normal_empty_case_specificity=0.3102\n"}
,{"stream_name":"stdout","time":1231.940122858,"data":"/kaggle/input/datasets/itsthang333/btxrd-small-lesion-research-v1/project/train_segmentation.py:257: FutureWarning: `torch.cuda.amp.autocast(args...)` is deprecated. Please use `torch.amp.autocast('cuda', args...)` instead.\n"}
,{"stream_name":"stdout","time":1231.940349403,"data":"  with torch.cuda.amp.autocast(enabled=device.type == \"cuda\"):\n"}
,{"stream_name":"stdout","time":1315.268805955,"data":"Epoch 014 | train_loss=0.3715 train_dice=0.5834 val_loss=0.5138 val_dice=0.6082 val_positive_dice=0.4165 val_normal_empty_case_specificity=0.7968\n"}
,{"stream_name":"stdout","time":1316.356269748,"data":"/kaggle/input/datasets/itsthang333/btxrd-small-lesion-research-v1/project/train_segmentation.py:257: FutureWarning: `torch.cuda.amp.autocast(args...)` is deprecated. Please use `torch.amp.autocast('cuda', args...)` instead.\n"}
,{"stream_name":"stdout","time":1316.356307434,"data":"  with torch.cuda.amp.autocast(enabled=device.type == \"cuda\"):\n"}
,{"stream_name":"stdout","time":1400.296715514,"data":"Epoch 015 | train_loss=0.3676 train_dice=0.5660 val_loss=0.4795 val_dice=0.5072 val_positive_dice=0.4683 val_normal_empty_case_specificity=0.5455\n"}
,{"stream_name":"stdout","time":1401.376646312,"data":"--\u003e Saved new best model: positive-target Dice=0.4683, normal empty-case specificity=0.5455\n"}
,{"stream_name":"stdout","time":1402.178098081,"data":"/kaggle/input/datasets/itsthang333/btxrd-small-lesion-research-v1/project/train_segmentation.py:257: FutureWarning: `torch.cuda.amp.autocast(args...)` is deprecated. Please use `torch.amp.autocast('cuda', args...)` instead.\n"}
,{"stream_name":"stdout","time":1402.178274179,"data":"  with torch.cuda.amp.autocast(enabled=device.type == \"cuda\"):\n"}
,{"stream_name":"stdout","time":1485.585079993,"data":"Epoch 016 | train_loss=0.3564 train_dice=0.6218 val_loss=0.4958 val_dice=0.4928 val_positive_dice=0.4772 val_normal_empty_case_specificity=0.5080\n"}
,{"stream_name":"stdout","time":1486.654587726,"data":"--\u003e Saved new best model: positive-target Dice=0.4772, normal empty-case specificity=0.5080\n"}
,{"stream_name":"stdout","time":1487.38940532,"data":"/kaggle/input/datasets/itsthang333/btxrd-small-lesion-research-v1/project/train_segmentation.py:257: FutureWarning: `torch.cuda.amp.autocast(args...)` is deprecated. Please use `torch.amp.autocast('cuda', args...)` instead.\n"}
,{"stream_name":"stdout","time":1487.39126562,"data":"  with torch.cuda.amp.autocast(enabled=device.type == \"cuda\"):\n"}
,{"stream_name":"stdout","time":1571.0650725,"data":"Epoch 017 | train_loss=0.3488 train_dice=0.6420 val_loss=0.4835 val_dice=0.5796 val_positive_dice=0.4784 val_normal_empty_case_specificity=0.6791\n"}
,{"stream_name":"stdout","time":1572.162942136,"data":"--\u003e Saved new best model: positive-target Dice=0.4784, normal empty-case specificity=0.6791\n"}
,{"stream_name":"stdout","time":1572.742227286,"data":"/kaggle/input/datasets/itsthang333/btxrd-small-lesion-research-v1/project/train_segmentation.py:257: FutureWarning: `torch.cuda.amp.autocast(args...)` is deprecated. Please use `torch.amp.autocast('cuda', args...)` instead.\n"}
,{"stream_name":"stdout","time":1572.742275258,"data":"  with torch.cuda.amp.autocast(enabled=device.type == \"cuda\"):\n"}
,{"stream_name":"stdout","time":1658.745794592,"data":"Epoch 018 | train_loss=0.3431 train_dice=0.6666 val_loss=0.4853 val_dice=0.4884 val_positive_dice=0.4630 val_normal_empty_case_specificity=0.5134\n"}
,{"stream_name":"stdout","time":1660.061241966,"data":"/kaggle/input/datasets/itsthang333/btxrd-small-lesion-research-v1/project/train_segmentation.py:257: FutureWarning: `torch.cuda.amp.autocast(args...)` is deprecated. Please use `torch.amp.autocast('cuda', args...)` instead.\n"}
,{"stream_name":"stdout","time":1660.061410586,"data":"  with torch.cuda.amp.autocast(enabled=device.type == \"cuda\"):\n"}
,{"stream_name":"stdout","time":1743.684414213,"data":"Epoch 019 | train_loss=0.3383 train_dice=0.6581 val_loss=0.4937 val_dice=0.4617 val_positive_dice=0.4852 val_normal_empty_case_specificity=0.4385\n"}
,{"stream_name":"stdout","time":1744.789362788,"data":"--\u003e Saved new best model: positive-target Dice=0.4852, normal empty-case specificity=0.4385\n"}
,{"stream_name":"stdout","time":1745.527289922,"data":"/kaggle/input/datasets/itsthang333/btxrd-small-lesion-research-v1/project/train_segmentation.py:257: FutureWarning: `torch.cuda.amp.autocast(args...)` is deprecated. Please use `torch.amp.autocast('cuda', args...)` instead.\n"}
,{"stream_name":"stdout","time":1745.527347769,"data":"  with torch.cuda.amp.autocast(enabled=device.type == \"cuda\"):\n"}
,{"stream_name":"stdout","time":1829.910926505,"data":"Epoch 020 | train_loss=0.3383 train_dice=0.6608 val_loss=0.4910 val_dice=0.4741 val_positive_dice=0.4668 val_normal_empty_case_specificity=0.4813\n"}
,{"stream_name":"stdout","time":1831.013061988,"data":"/kaggle/input/datasets/itsthang333/btxrd-small-lesion-research-v1/project/train_segmentation.py:257: FutureWarning: `torch.cuda.amp.autocast(args...)` is deprecated. Please use `torch.amp.autocast('cuda', args...)` instead.\n"}
,{"stream_name":"stdout","time":1831.015134812,"data":"  with torch.cuda.amp.autocast(enabled=device.type == \"cuda\"):\n"}
,{"stream_name":"stdout","time":1919.984389272,"data":"Epoch 021 | train_loss=0.3372 train_dice=0.6475 val_loss=0.4714 val_dice=0.3578 val_positive_dice=0.4715 val_normal_empty_case_specificity=0.2460\n"}
,{"stream_name":"stdout","time":1921.090339904,"data":"/kaggle/input/datasets/itsthang333/btxrd-small-lesion-research-v1/project/train_segmentation.py:257: FutureWarning: `torch.cuda.amp.autocast(args...)` is deprecated. Please use `torch.amp.autocast('cuda', args...)` instead.\n"}
,{"stream_name":"stdout","time":1921.090386585,"data":"  with torch.cuda.amp.autocast(enabled=device.type == \"cuda\"):\n"}
,{"stream_name":"stdout","time":2004.911357874,"data":"Epoch 022 | train_loss=0.3328 train_dice=0.6706 val_loss=0.4870 val_dice=0.5498 val_positive_dice=0.4781 val_normal_empty_case_specificity=0.6203\n"}
,{"stream_name":"stdout","time":2005.958350946,"data":"/kaggle/input/datasets/itsthang333/btxrd-small-lesion-research-v1/project/train_segmentation.py:257: FutureWarning: `torch.cuda.amp.autocast(args...)` is deprecated. Please use `torch.amp.autocast('cuda', args...)` instead.\n"}
,{"stream_name":"stdout","time":2005.958415914,"data":"  with torch.cuda.amp.autocast(enabled=device.type == \"cuda\"):\n"}
,{"stream_name":"stdout","time":2089.683111295,"data":"Epoch 023 | train_loss=0.3267 train_dice=0.6882 val_loss=0.5406 val_dice=0.6099 val_positive_dice=0.4471 val_normal_empty_case_specificity=0.7701\n"}
,{"stream_name":"stdout","time":2090.982749426,"data":"/kaggle/input/datasets/itsthang333/btxrd-small-lesion-research-v1/project/train_segmentation.py:257: FutureWarning: `torch.cuda.amp.autocast(args...)` is deprecated. Please use `torch.amp.autocast('cuda', args...)` instead.\n"}
,{"stream_name":"stdout","time":2090.982989296,"data":"  with torch.cuda.amp.autocast(enabled=device.type == \"cuda\"):\n"}
,{"stream_name":"stdout","time":2174.395722462,"data":"Epoch 024 | train_loss=0.3220 train_dice=0.7439 val_loss=0.4910 val_dice=0.6111 val_positive_dice=0.4876 val_normal_empty_case_specificity=0.7326\n"}
,{"stream_name":"stdout","time":2175.461937096,"data":"--\u003e Saved new best model: positive-target Dice=0.4876, normal empty-case specificity=0.7326\n"}
,{"stream_name":"stdout","time":2175.971596549,"data":"/kaggle/input/datasets/itsthang333/btxrd-small-lesion-research-v1/project/train_segmentation.py:257: FutureWarning: `torch.cuda.amp.autocast(args...)` is deprecated. Please use `torch.amp.autocast('cuda', args...)` instead.\n"}
,{"stream_name":"stdout","time":2175.974140874,"data":"  with torch.cuda.amp.autocast(enabled=device.type == \"cuda\"):\n"}
,{"stream_name":"stdout","time":2259.737109184,"data":"Epoch 025 | train_loss=0.3186 train_dice=0.7691 val_loss=0.4990 val_dice=0.5320 val_positive_dice=0.4639 val_normal_empty_case_specificity=0.5989\n"}
,{"stream_name":"stdout","time":2260.84528793,"data":"/kaggle/input/datasets/itsthang333/btxrd-small-lesion-research-v1/project/train_segmentation.py:257: FutureWarning: `torch.cuda.amp.autocast(args...)` is deprecated. Please use `torch.amp.autocast('cuda', args...)` instead.\n"}
,{"stream_name":"stdout","time":2260.845475739,"data":"  with torch.cuda.amp.autocast(enabled=device.type == \"cuda\"):\n"}
,{"stream_name":"stdout","time":2344.423537619,"data":"Epoch 026 | train_loss=0.3234 train_dice=0.7437 val_loss=0.4657 val_dice=0.6468 val_positive_dice=0.4944 val_normal_empty_case_specificity=0.7968\n"}
,{"stream_name":"stdout","time":2345.645104251,"data":"--\u003e Saved new best model: positive-target Dice=0.4944, normal empty-case specificity=0.7968\n"}
,{"stream_name":"stdout","time":2346.387883295,"data":"/kaggle/input/datasets/itsthang333/btxrd-small-lesion-research-v1/project/train_segmentation.py:257: FutureWarning: `torch.cuda.amp.autocast(args...)` is deprecated. Please use `torch.amp.autocast('cuda', args...)` instead.\n"}
,{"stream_name":"stdout","time":2346.388106549,"data":"  with torch.cuda.amp.autocast(enabled=device.type == \"cuda\"):\n"}
,{"stream_name":"stdout","time":2430.135005251,"data":"Epoch 027 | train_loss=0.3180 train_dice=0.7533 val_loss=0.4668 val_dice=0.4910 val_positive_dice=0.4737 val_normal_empty_case_specificity=0.5080\n"}
,{"stream_name":"stdout","time":2431.469270037,"data":"/kaggle/input/datasets/itsthang333/btxrd-small-lesion-research-v1/project/train_segmentation.py:257: FutureWarning: `torch.cuda.amp.autocast(args...)` is deprecated. Please use `torch.amp.autocast('cuda', args...)` instead.\n"}
,{"stream_name":"stdout","time":2431.469299772,"data":"  with torch.cuda.amp.autocast(enabled=device.type == \"cuda\"):\n"}
,{"stream_name":"stdout","time":2515.302498411,"data":"Epoch 028 | train_loss=0.3195 train_dice=0.7361 val_loss=0.5021 val_dice=0.6136 val_positive_dice=0.4763 val_normal_empty_case_specificity=0.7487\n"}
,{"stream_name":"stdout","time":2516.426212448,"data":"/kaggle/input/datasets/itsthang333/btxrd-small-lesion-research-v1/project/train_segmentation.py:257: FutureWarning: `torch.cuda.amp.autocast(args...)` is deprecated. Please use `torch.amp.autocast('cuda', args...)` instead.\n"}
,{"stream_name":"stdout","time":2516.426414634,"data":"  with torch.cuda.amp.autocast(enabled=device.type == \"cuda\"):\n"}
,{"stream_name":"stdout","time":2599.736434672,"data":"Epoch 029 | train_loss=0.3164 train_dice=0.7320 val_loss=0.4907 val_dice=0.5735 val_positive_dice=0.4879 val_normal_empty_case_specificity=0.6578\n"}
,{"stream_name":"stdout","time":2600.995246574,"data":"/kaggle/input/datasets/itsthang333/btxrd-small-lesion-research-v1/project/train_segmentation.py:257: FutureWarning: `torch.cuda.amp.autocast(args...)` is deprecated. Please use `torch.amp.autocast('cuda', args...)` instead.\n"}
,{"stream_name":"stdout","time":2600.995419773,"data":"  with torch.cuda.amp.autocast(enabled=device.type == \"cuda\"):\n"}
,{"stream_name":"stdout","time":2684.541504527,"data":"Epoch 030 | train_loss=0.3147 train_dice=0.7541 val_loss=0.4942 val_dice=0.6627 val_positive_dice=0.4829 val_normal_empty_case_specificity=0.8396\n"}
,{"stream_name":"stdout","time":2685.724226215,"data":"/kaggle/input/datasets/itsthang333/btxrd-small-lesion-research-v1/project/train_segmentation.py:257: FutureWarning: `torch.cuda.amp.autocast(args...)` is deprecated. Please use `torch.amp.autocast('cuda', args...)` instead.\n"}
,{"stream_name":"stdout","time":2685.724430137,"data":"  with torch.cuda.amp.autocast(enabled=device.type == \"cuda\"):\n"}
,{"stream_name":"stdout","time":2769.30886429,"data":"Epoch 031 | train_loss=0.3101 train_dice=0.7762 val_loss=0.5195 val_dice=0.6552 val_positive_dice=0.4787 val_normal_empty_case_specificity=0.8289\n"}
,{"stream_name":"stdout","time":2770.61071871,"data":"/kaggle/input/datasets/itsthang333/btxrd-small-lesion-research-v1/project/train_segmentation.py:257: FutureWarning: `torch.cuda.amp.autocast(args...)` is deprecated. Please use `torch.amp.autocast('cuda', args...)` instead.\n"}
,{"stream_name":"stdout","time":2770.610753371,"data":"  with torch.cuda.amp.autocast(enabled=device.type == \"cuda\"):\n"}
,{"stream_name":"stdout","time":2854.326401438,"data":"Epoch 032 | train_loss=0.3135 train_dice=0.7607 val_loss=0.5279 val_dice=0.5744 val_positive_dice=0.4463 val_normal_empty_case_specificity=0.7005\n"}
,{"stream_name":"stdout","time":2855.517744772,"data":"/kaggle/input/datasets/itsthang333/btxrd-small-lesion-research-v1/project/train_segmentation.py:257: FutureWarning: `torch.cuda.amp.autocast(args...)` is deprecated. Please use `torch.amp.autocast('cuda', args...)` instead.\n"}
,{"stream_name":"stdout","time":2855.517988985,"data":"  with torch.cuda.amp.autocast(enabled=device.type == \"cuda\"):\n"}
,{"stream_name":"stdout","time":2939.036053063,"data":"Epoch 033 | train_loss=0.3134 train_dice=0.7414 val_loss=0.5123 val_dice=0.5498 val_positive_dice=0.5107 val_normal_empty_case_specificity=0.5882\n"}
,{"stream_name":"stdout","time":2940.087282532,"data":"--\u003e Saved new best model: positive-target Dice=0.5107, normal empty-case specificity=0.5882\n"}
,{"stream_name":"stdout","time":2940.819215664,"data":"/kaggle/input/datasets/itsthang333/btxrd-small-lesion-research-v1/project/train_segmentation.py:257: FutureWarning: `torch.cuda.amp.autocast(args...)` is deprecated. Please use `torch.amp.autocast('cuda', args...)` instead.\n"}
,{"stream_name":"stdout","time":2940.819252714,"data":"  with torch.cuda.amp.autocast(enabled=device.type == \"cuda\"):\n"}
,{"stream_name":"stdout","time":3024.659821348,"data":"Epoch 034 | train_loss=0.3063 train_dice=0.8153 val_loss=0.5060 val_dice=0.6580 val_positive_dice=0.4897 val_normal_empty_case_specificity=0.8235\n"}
,{"stream_name":"stdout","time":3025.868251139,"data":"/kaggle/input/datasets/itsthang333/btxrd-small-lesion-research-v1/project/train_segmentation.py:257: FutureWarning: `torch.cuda.amp.autocast(args...)` is deprecated. Please use `torch.amp.autocast('cuda', args...)` instead.\n"}
,{"stream_name":"stdout","time":3025.868308061,"data":"  with torch.cuda.amp.autocast(enabled=device.type == \"cuda\"):\n"}
,{"stream_name":"stdout","time":3109.477264234,"data":"Epoch 035 | train_loss=0.3067 train_dice=0.8041 val_loss=0.5051 val_dice=0.6410 val_positive_dice=0.4827 val_normal_empty_case_specificity=0.7968\n"}
,{"stream_name":"stdout","time":3113.215729962,"data":"$ /usr/bin/python3 -u /kaggle/input/datasets/itsthang333/btxrd-small-lesion-research-v1/project/evaluate_unet.py --data-root /kaggle/input/datasets/itsthang333/btxrd-raw/BTXRD --split val --split-manifest /kaggle/input/datasets/itsthang333/btxrd-small-lesion-research-v1/split_manifest.csv --checkpoint /kaggle/working/btxrd_gt_reference_independent_reproduction_v2/fs_resnet18_pw10_full_448_seed42/best_unet.pt --image-size 448 --batch-size 8 --num-workers 4 --threshold 0.5 --threshold-grid 0.2 0.25 0.3 0.35 0.4 0.45 0.5 0.55 0.6 0.65 0.7 0.75 0.8 0.85 --output-csv /kaggle/working/btxrd_gt_reference_independent_reproduction_v2/evaluation/fixed_per_image.csv --output-json /kaggle/working/btxrd_gt_reference_independent_reproduction_v2/evaluation/fixed_summary.json --bootstrap-iterations 5000 --bootstrap-seed 42\n"}
,{"stream_name":"stdout","time":3205.365596199,"data":"{\n"}
,{"stream_name":"stdout","time":3205.365639754,"data":"  \"dataset\": \"btxrd\",\n"}
,{"stream_name":"stdout","time":3205.365646883,"data":"  \"split\": \"val\",\n"}
,{"stream_name":"stdout","time":3205.365652981,"data":"  \"checkpoint\": \"/kaggle/working/btxrd_gt_reference_independent_reproduction_v2/fs_resnet18_pw10_full_448_seed42/best_unet.pt\",\n"}
,{"stream_name":"stdout","time":3205.365658956,"data":"  \"checkpoint_sha256\": \"ad0605a97e716a195b9981ca4f22170048c6a6e82d751f8d783846a400bd0824\",\n"}
,{"stream_name":"stdout","time":3205.365665392,"data":"  \"image_size\": 448,\n"}
,{"stream_name":"stdout","time":3205.365670844,"data":"  \"threshold\": 0.5,\n"}
,{"stream_name":"stdout","time":3205.365677144,"data":"  \"boundary_distance_unit\": \"pixels on the resized evaluation grid\",\n"}
,{"stream_name":"stdout","time":3205.365682758,"data":"  \"images\": 371,\n"}
,{"stream_name":"stdout","time":3205.365797141,"data":"  \"tumor_images\": 184,\n"}
,{"stream_name":"stdout","time":3205.365806745,"data":"  \"normal_images\": 187,\n"}
,{"stream_name":"stdout","time":3205.365812369,"data":"  \"main_population\": \"tumor images only\",\n"}
,{"stream_name":"stdout","time":3205.365818174,"data":"  \"mean_tumor_dice\": 0.510678529421355,\n"}
,{"stream_name":"stdout","time":3205.365822834,"data":"  \"mean_tumor_iou\": 0.415036753150549,\n"}
,{"stream_name":"stdout","time":3205.365828449,"data":"  \"mean_tumor_precision\": 0.5553627882560989,\n"}
,{"stream_name":"stdout","time":3205.365861527,"data":"  \"mean_tumor_recall\": 0.5712153192065249,\n"}
,{"stream_name":"stdout","time":3205.365867862,"data":"  \"mean_tumor_hd95_px_conditional_defined\": 61.46604968624956,\n"}
,{"stream_name":"stdout","time":3205.365873499,"data":"  \"mean_tumor_assd_px_conditional_defined\": 25.934187508115023,\n"}
,{"stream_name":"stdout","time":3205.365879293,"data":"  \"boundary_metric_definition\": \"conditional mean over tumor images with both GT and prediction non-empty; distances are pixels on the resized evaluation grid (not mm); complete misses are excluded and counted separately\",\n"}
,{"stream_name":"stdout","time":3205.365886892,"data":"  \"boundary_metric_eligible_tumor_images\": 160,\n"}
,{"stream_name":"stdout","time":3205.365892534,"data":"  \"boundary_metric_excluded_tumor_images\": 24,\n"}
,{"stream_name":"stdout","time":3205.365897892,"data":"  \"boundary_metric_complete_misses\": 24,\n"}
,{"stream_name":"stdout","time":3205.365903594,"data":"  \"tumor_non_empty_prediction_rate\": 0.8695652173913043,\n"}
,{"stream_name":"stdout","time":3205.365919561,"data":"  \"tumor_overlap_detection_rate\": 0.782608695652174,\n"}
,{"stream_name":"stdout","time":3205.365924074,"data":"  \"lesion_any_overlap_recall\": 0.775330396475771,\n"}
,{"stream_name":"stdout","time":3205.365928136,"data":"  \"lesion_any_overlap_precision\": 0.509641873278237,\n"}
,{"stream_name":"stdout","time":3205.365932359,"data":"  \"gt_lesions\": 227,\n"}
,{"stream_name":"stdout","time":3205.365936797,"data":"  \"detected_lesions_any_overlap\": 176,\n"}
,{"stream_name":"stdout","time":3205.36594096,"data":"  \"predicted_lesions\": 363,\n"}
,{"stream_name":"stdout","time":3205.365945034,"data":"  \"multifocal_tumor_images\": 22,\n"}
,{"stream_name":"stdout","time":3205.365949217,"data":"  \"multifocal_tumor_image_rate\": 0.11956521739130435,\n"}
,{"stream_name":"stdout","time":3205.365953321,"data":"  \"gt_component_count_histogram\": {\n"}
,{"stream_name":"stdout","time":3205.365957666,"data":"    \"1\": 162,\n"}
,{"stream_name":"stdout","time":3205.365961584,"data":"    \"2\": 11,\n"}
,{"stream_name":"stdout","time":3205.365965857,"data":"    \"3\": 5,\n"}
,{"stream_name":"stdout","time":3205.365969592,"data":"    \"4\": 4,\n"}
,{"stream_name":"stdout","time":3205.365973759,"data":"    \"5\": 1,\n"}
,{"stream_name":"stdout","time":3205.365977736,"data":"    \"7\": 1\n"}
,{"stream_name":"stdout","time":3205.365981759,"data":"  },\n"}
,{"stream_name":"stdout","time":3205.365989782,"data":"  \"normal_empty_prediction_rate\": 0.5828877005347594,\n"}
,{"stream_name":"stdout","time":3205.365994304,"data":"  \"normal_false_positive_case_rate\": 0.41711229946524064,\n"}
,{"stream_name":"stdout","time":3205.365998821,"data":"  \"pixel_specificity\": 0.9977462543363297,\n"}
,{"stream_name":"stdout","time":3205.366002716,"data":"  \"pixel_precision\": 0.7352420843254822,\n"}
,{"stream_name":"stdout","time":3205.366007012,"data":"  \"pixel_recall\": 0.6113685851093297,\n"}
,{"stream_name":"stdout","time":3205.366011299,"data":"  \"tp_pixels\": 461310,\n"}
,{"stream_name":"stdout","time":3205.366015369,"data":"  \"fp_pixels\": 166116,\n"}
,{"stream_name":"stdout","time":3205.366033337,"data":"  \"fn_pixels\": 293243,\n"}
,{"stream_name":"stdout","time":3205.366037509,"data":"  \"tn_pixels\": 73540515,\n"}
,{"stream_name":"stdout","time":3205.366042954,"data":"  \"lesion_one_to_one_iou10_recall\": 0.7092511013215859,\n"}
,{"stream_name":"stdout","time":3205.366046922,"data":"  \"lesion_one_to_one_iou10_precision\": 0.44352617079889806,\n"}
,{"stream_name":"stdout","time":3205.366051032,"data":"  \"lesion_one_to_one_iou10_f1\": 0.5457627118644067,\n"}
,{"stream_name":"stdout","time":3205.366055082,"data":"  \"lesion_tp_one_to_one_iou10\": 161,\n"}
,{"stream_name":"stdout","time":3205.366059322,"data":"  \"lesion_one_to_one_iou25_recall\": 0.6563876651982379,\n"}
,{"stream_name":"stdout","time":3205.36606332,"data":"  \"lesion_one_to_one_iou25_precision\": 0.41046831955922863,\n"}
,{"stream_name":"stdout","time":3205.366072167,"data":"  \"lesion_one_to_one_iou25_f1\": 0.5050847457627119,\n"}
,{"stream_name":"stdout","time":3205.366077487,"data":"  \"lesion_tp_one_to_one_iou25\": 149,\n"}
,{"stream_name":"stdout","time":3205.366080855,"data":"  \"lesion_one_to_one_iou50_recall\": 0.4845814977973568,\n"}
,{"stream_name":"stdout","time":3205.366084587,"data":"  \"lesion_one_to_one_iou50_precision\": 0.30303030303030304,\n"}
,{"stream_name":"stdout","time":3205.366088191,"data":"  \"lesion_one_to_one_iou50_f1\": 0.3728813559322034,\n"}
,{"stream_name":"stdout","time":3205.366092354,"data":"  \"lesion_tp_one_to_one_iou50\": 110,\n"}
,{"stream_name":"stdout","time":3205.366096831,"data":"  \"lesion_matching_definition\": \"maximum-cardinality one-to-one connected-component matching at IoU thresholds 0.10, 0.25, 0.50\"\n"}
,{"stream_name":"stdout","time":3205.366106839,"data":"}\n"}
,{"stream_name":"stdout","time":3205.366110787,"data":"Saved per-image metrics to /kaggle/working/btxrd_gt_reference_independent_reproduction_v2/evaluation/fixed_per_image.csv\n"}
,{"stream_name":"stdout","time":3205.366115012,"data":"Saved summary to /kaggle/working/btxrd_gt_reference_independent_reproduction_v2/evaluation/fixed_summary.json\n"}
,{"stream_name":"stdout","time":3205.366119391,"data":"Saved validation threshold sweep and selection to /kaggle/working/btxrd_gt_reference_independent_reproduction_v2/evaluation/fixed_per_image_threshold_selection.json\n"}
,{"stream_name":"stdout","time":3205.366147443,"data":"Saved subgroup/bootstrap/confusion/run-manifest artifacts next to /kaggle/working/btxrd_gt_reference_independent_reproduction_v2/evaluation/fixed_per_image.csv\n"}
,{"stream_name":"stdout","time":3206.507957045,"data":"$ /usr/bin/python3 -u /kaggle/input/datasets/itsthang333/btxrd-small-lesion-research-v1/project/evaluate_unet.py --data-root /kaggle/input/datasets/itsthang333/btxrd-raw/BTXRD --split val --split-manifest /kaggle/input/datasets/itsthang333/btxrd-small-lesion-research-v1/split_manifest.csv --checkpoint /kaggle/working/btxrd_gt_reference_independent_reproduction_v2/fs_resnet18_pw10_full_448_seed42/best_unet.pt --image-size 448 --batch-size 8 --num-workers 4 --threshold 0.25 --output-csv /kaggle/working/btxrd_gt_reference_independent_reproduction_v2/evaluation/selected_per_image.csv --output-json /kaggle/working/btxrd_gt_reference_independent_reproduction_v2/evaluation/selected_summary.json --bootstrap-iterations 5000 --bootstrap-seed 42\n"}
,{"stream_name":"stdout","time":3246.850463859,"data":"{\n"}
,{"stream_name":"stdout","time":3246.850505206,"data":"  \"dataset\": \"btxrd\",\n"}
,{"stream_name":"stdout","time":3246.850511929,"data":"  \"split\": \"val\",\n"}
,{"stream_name":"stdout","time":3246.850517867,"data":"  \"checkpoint\": \"/kaggle/working/btxrd_gt_reference_independent_reproduction_v2/fs_resnet18_pw10_full_448_seed42/best_unet.pt\",\n"}
,{"stream_name":"stdout","time":3246.850523149,"data":"  \"checkpoint_sha256\": \"ad0605a97e716a195b9981ca4f22170048c6a6e82d751f8d783846a400bd0824\",\n"}
,{"stream_name":"stdout","time":3246.85052845,"data":"  \"image_size\": 448,\n"}
,{"stream_name":"stdout","time":3246.850533407,"data":"  \"threshold\": 0.25,\n"}
,{"stream_name":"stdout","time":3246.850538178,"data":"  \"boundary_distance_unit\": \"pixels on the resized evaluation grid\",\n"}
,{"stream_name":"stdout","time":3246.850543541,"data":"  \"images\": 371,\n"}
,{"stream_name":"stdout","time":3246.850548036,"data":"  \"tumor_images\": 184,\n"}
,{"stream_name":"stdout","time":3246.850552663,"data":"  \"normal_images\": 187,\n"}
,{"stream_name":"stdout","time":3246.850557781,"data":"  \"main_population\": \"tumor images only\",\n"}
,{"stream_name":"stdout","time":3246.850562796,"data":"  \"mean_tumor_dice\": 0.5113904440613517,\n"}
,{"stream_name":"stdout","time":3246.850567427,"data":"  \"mean_tumor_iou\": 0.4155582268458225,\n"}
,{"stream_name":"stdout","time":3246.850572024,"data":"  \"mean_tumor_precision\": 0.5425878841047996,\n"}
,{"stream_name":"stdout","time":3246.850576487,"data":"  \"mean_tumor_recall\": 0.591311074236238,\n"}
,{"stream_name":"stdout","time":3246.850581343,"data":"  \"mean_tumor_hd95_px_conditional_defined\": 64.36232500182876,\n"}
,{"stream_name":"stdout","time":3246.850586339,"data":"  \"mean_tumor_assd_px_conditional_defined\": 25.82096101640149,\n"}
,{"stream_name":"stdout","time":3246.850591294,"data":"  \"boundary_metric_definition\": \"conditional mean over tumor images with both GT and prediction non-empty; distances are pixels on the resized evaluation grid (not mm); complete misses are excluded and counted separately\",\n"}
,{"stream_name":"stdout","time":3246.850610315,"data":"  \"boundary_metric_eligible_tumor_images\": 161,\n"}
,{"stream_name":"stdout","time":3246.850614338,"data":"  \"boundary_metric_excluded_tumor_images\": 23,\n"}
,{"stream_name":"stdout","time":3246.850618154,"data":"  \"boundary_metric_complete_misses\": 23,\n"}
,{"stream_name":"stdout","time":3246.850621619,"data":"  \"tumor_non_empty_prediction_rate\": 0.875,\n"}
,{"stream_name":"stdout","time":3246.850625014,"data":"  \"tumor_overlap_detection_rate\": 0.7934782608695652,\n"}
,{"stream_name":"stdout","time":3246.850628839,"data":"  \"lesion_any_overlap_recall\": 0.788546255506608,\n"}
,{"stream_name":"stdout","time":3246.85063305,"data":"  \"lesion_any_overlap_precision\": 0.473551637279597,\n"}
,{"stream_name":"stdout","time":3246.850636673,"data":"  \"gt_lesions\": 227,\n"}
,{"stream_name":"stdout","time":3246.850640404,"data":"  \"detected_lesions_any_overlap\": 179,\n"}
,{"stream_name":"stdout","time":3246.850644029,"data":"  \"predicted_lesions\": 397,\n"}
,{"stream_name":"stdout","time":3246.850659718,"data":"  \"multifocal_tumor_images\": 22,\n"}
,{"stream_name":"stdout","time":3246.850663813,"data":"  \"multifocal_tumor_image_rate\": 0.11956521739130435,\n"}
,{"stream_name":"stdout","time":3246.850667525,"data":"  \"gt_component_count_histogram\": {\n"}
,{"stream_name":"stdout","time":3246.850671127,"data":"    \"1\": 162,\n"}
,{"stream_name":"stdout","time":3246.850674869,"data":"    \"2\": 11,\n"}
,{"stream_name":"stdout","time":3246.850678457,"data":"    \"3\": 5,\n"}
,{"stream_name":"stdout","time":3246.85068164,"data":"    \"4\": 4,\n"}
,{"stream_name":"stdout","time":3246.850685236,"data":"    \"5\": 1,\n"}
,{"stream_name":"stdout","time":3246.850689076,"data":"    \"7\": 1\n"}
,{"stream_name":"stdout","time":3246.850692936,"data":"  },\n"}
,{"stream_name":"stdout","time":3246.850696632,"data":"  \"normal_empty_prediction_rate\": 0.5454545454545454,\n"}
,{"stream_name":"stdout","time":3246.850700374,"data":"  \"normal_false_positive_case_rate\": 0.45454545454545453,\n"}
,{"stream_name":"stdout","time":3246.850704129,"data":"  \"pixel_specificity\": 0.9972376840829965,\n"}
,{"stream_name":"stdout","time":3246.850708172,"data":"  \"pixel_precision\": 0.7032193833523801,\n"}
,{"stream_name":"stdout","time":3246.850712068,"data":"  \"pixel_recall\": 0.6393599919422492,\n"}
,{"stream_name":"stdout","time":3246.850720287,"data":"  \"tp_pixels\": 482431,\n"}
,{"stream_name":"stdout","time":3246.850724084,"data":"  \"fp_pixels\": 203601,\n"}
,{"stream_name":"stdout","time":3246.850727829,"data":"  \"fn_pixels\": 272122,\n"}
,{"stream_name":"stdout","time":3246.850731757,"data":"  \"tn_pixels\": 73503030,\n"}
,{"stream_name":"stdout","time":3246.850745039,"data":"  \"lesion_one_to_one_iou10_recall\": 0.7092511013215859,\n"}
,{"stream_name":"stdout","time":3246.850749449,"data":"  \"lesion_one_to_one_iou10_precision\": 0.40554156171284633,\n"}
,{"stream_name":"stdout","time":3246.850753392,"data":"  \"lesion_one_to_one_iou10_f1\": 0.5160256410256411,\n"}
,{"stream_name":"stdout","time":3246.850757566,"data":"  \"lesion_tp_one_to_one_iou10\": 161,\n"}
,{"stream_name":"stdout","time":3246.850762819,"data":"  \"lesion_one_to_one_iou25_recall\": 0.6563876651982379,\n"}
,{"stream_name":"stdout","time":3246.850766844,"data":"  \"lesion_one_to_one_iou25_precision\": 0.37531486146095716,\n"}
,{"stream_name":"stdout","time":3246.850770866,"data":"  \"lesion_one_to_one_iou25_f1\": 0.4775641025641026,\n"}
,{"stream_name":"stdout","time":3246.850779091,"data":"  \"lesion_tp_one_to_one_iou25\": 149,\n"}
,{"stream_name":"stdout","time":3246.850784586,"data":"  \"lesion_one_to_one_iou50_recall\": 0.4889867841409692,\n"}
,{"stream_name":"stdout","time":3246.850812667,"data":"  \"lesion_one_to_one_iou50_precision\": 0.2795969773299748,\n"}
,{"stream_name":"stdout","time":3246.85081679,"data":"  \"lesion_one_to_one_iou50_f1\": 0.3557692307692308,\n"}
,{"stream_name":"stdout","time":3246.850820754,"data":"  \"lesion_tp_one_to_one_iou50\": 111,\n"}
,{"stream_name":"stdout","time":3246.85082466,"data":"  \"lesion_matching_definition\": \"maximum-cardinality one-to-one connected-component matching at IoU thresholds 0.10, 0.25, 0.50\"\n"}
,{"stream_name":"stdout","time":3246.850828878,"data":"}\n"}
,{"stream_name":"stdout","time":3246.850832666,"data":"Saved per-image metrics to /kaggle/working/btxrd_gt_reference_independent_reproduction_v2/evaluation/selected_per_image.csv\n"}
,{"stream_name":"stdout","time":3246.850843619,"data":"Saved summary to /kaggle/working/btxrd_gt_reference_independent_reproduction_v2/evaluation/selected_summary.json\n"}
,{"stream_name":"stdout","time":3246.850894258,"data":"Saved subgroup/bootstrap/confusion/run-manifest artifacts next to /kaggle/working/btxrd_gt_reference_independent_reproduction_v2/evaluation/selected_per_image.csv\n"}
,{"stream_name":"stdout","time":3249.998935532,"data":"{\n"}
,{"stream_name":"stdout","time":3249.998963147,"data":"  \"protocol\": \"independent epoch-1 GT training; clean validation only; test untouched; mean per-image Dice over all 184 tumor validation images\",\n"}
,{"stream_name":"stdout","time":3249.998967111,"data":"  \"started_at_utc\": \"2026-07-25T18:31:06.867213+00:00\",\n"}
,{"stream_name":"stdout","time":3249.998969762,"data":"  \"finished_at_utc\": \"2026-07-25T19:24:58.729516+00:00\",\n"}
,{"stream_name":"stdout","time":3249.99897226,"data":"  \"elapsed_seconds\": 3231.862322783,\n"}
,{"stream_name":"stdout","time":3249.998974737,"data":"  \"environment\": {\n"}
,{"stream_name":"stdout","time":3249.998977013,"data":"    \"python\": \"3.12.13 (main, Mar  4 2026, 09:23:07) [GCC 11.4.0]\",\n"}
,{"stream_name":"stdout","time":3249.998979455,"data":"    \"platform\": \"Linux-6.12.90+-x86_64-with-glibc2.35\",\n"}
,{"stream_name":"stdout","time":3249.998981873,"data":"    \"torch\": \"2.10.0+cu128\",\n"}
,{"stream_name":"stdout","time":3249.998984246,"data":"    \"torch_cuda\": \"12.8\",\n"}
,{"stream_name":"stdout","time":3249.998986632,"data":"    \"gpu\": \"Tesla T4\",\n"}
,{"stream_name":"stdout","time":3249.998988926,"data":"    \"gpu_count\": 2,\n"}
,{"stream_name":"stdout","time":3249.998991325,"data":"    \"data_root\": \"/kaggle/input/datasets/itsthang333/btxrd-raw/BTXRD\",\n"}
,{"stream_name":"stdout","time":3249.998993782,"data":"    \"split_manifest\": \"/kaggle/input/datasets/itsthang333/btxrd-small-lesion-research-v1/split_manifest.csv\",\n"}
,{"stream_name":"stdout","time":3249.998996267,"data":"    \"split_sha256\": \"85511ee1bd1339c7b6b4f527acc504869da935997fd6b2485042edd619193c8c\",\n"}
,{"stream_name":"stdout","time":3249.998998714,"data":"    \"reproduction_mode\": \"independent epoch-1 training with frozen seed-42 contract\",\n"}
,{"stream_name":"stdout","time":3249.999001127,"data":"    \"source_canonical_lf_sha256\": {\n"}
,{"stream_name":"stdout","time":3249.999003515,"data":"      \"train_segmentation.py\": \"5c940cf86ff95d395b320d9f973b625d3d15b5296820606a654a404259891fd4\",\n"}
,{"stream_name":"stdout","time":3249.999005913,"data":"      \"models/unet.py\": \"aa867b3c95aeed4e906dd03203283bee7d5dd717e1144ba626bd41150c88bf64\",\n"}
,{"stream_name":"stdout","time":3249.999008296,"data":"      \"models/losses.py\": \"330b1d4eb536c078ea73f4ea68b1ba34ea3392704c104dd99b5f7950a8d51e7c\",\n"}
,{"stream_name":"stdout","time":3249.999054241,"data":"      \"datasets/btxrd.py\": \"e0b78250577804092549bce848476c55f1ed432530238c6a1b070642af720ae9\",\n"}
,{"stream_name":"stdout","time":3249.999062061,"data":"      \"evaluate_unet.py\": \"61cf37093f5e4d335d47d33c2d2e7e6c14cd712badc761afc27aeed30f0860eb\",\n"}
,{"stream_name":"stdout","time":3249.999065875,"data":"      \"evaluation/segmentation_metrics.py\": \"070ebb9f1092dac5fe87ff7c1acc7470d5834ce4e1dae0373b8ef60783cf314a\"\n"}
,{"stream_name":"stdout","time":3249.999069536,"data":"    }\n"}
,{"stream_name":"stdout","time":3249.999072852,"data":"  },\n"}
,{"stream_name":"stdout","time":3249.999077948,"data":"  \"training\": {\n"}
,{"stream_name":"stdout","time":3249.999085125,"data":"    \"start_epoch\": 1,\n"}
,{"stream_name":"stdout","time":3249.999087808,"data":"    \"last_completed_epoch\": 35,\n"}
,{"stream_name":"stdout","time":3249.999090203,"data":"    \"best_epoch\": 33,\n"}
,{"stream_name":"stdout","time":3249.999092724,"data":"    \"best_val_positive_dice_at_0_5\": 0.5106942783231321,\n"}
,{"stream_name":"stdout","time":3249.999095195,"data":"    \"early_stop_patience\": 10,\n"}
,{"stream_name":"stdout","time":3249.999097427,"data":"    \"max_epoch\": 35,\n"}
,{"stream_name":"stdout","time":3249.999099723,"data":"    \"checkpoint_sha256\": \"ad0605a97e716a195b9981ca4f22170048c6a6e82d751f8d783846a400bd0824\"\n"}
,{"stream_name":"stdout","time":3249.999102127,"data":"  },\n"}
,{"stream_name":"stdout","time":3249.99910468,"data":"  \"fixed_0_5\": {\n"}
,{"stream_name":"stdout","time":3249.999106959,"data":"    \"dataset\": \"btxrd\",\n"}
,{"stream_name":"stdout","time":3249.999109245,"data":"    \"split\": \"val\",\n"}
,{"stream_name":"stdout","time":3249.99911161,"data":"    \"checkpoint\": \"/kaggle/working/btxrd_gt_reference_independent_reproduction_v2/fs_resnet18_pw10_full_448_seed42/best_unet.pt\",\n"}
,{"stream_name":"stdout","time":3249.999115529,"data":"    \"checkpoint_sha256\": \"ad0605a97e716a195b9981ca4f22170048c6a6e82d751f8d783846a400bd0824\",\n"}
,{"stream_name":"stdout","time":3249.999117995,"data":"    \"image_size\": 448,\n"}
,{"stream_name":"stdout","time":3249.999120215,"data":"    \"threshold\": 0.5,\n"}
,{"stream_name":"stdout","time":3249.999122551,"data":"    \"boundary_distance_unit\": \"pixels on the resized evaluation grid\",\n"}
,{"stream_name":"stdout","time":3249.999124877,"data":"    \"images\": 371,\n"}
,{"stream_name":"stdout","time":3249.999127091,"data":"    \"tumor_images\": 184,\n"}
,{"stream_name":"stdout","time":3249.999129328,"data":"    \"normal_images\": 187,\n"}
,{"stream_name":"stdout","time":3249.99913157,"data":"    \"main_population\": \"tumor images only\",\n"}
,{"stream_name":"stdout","time":3249.999133884,"data":"    \"mean_tumor_dice\": 0.510678529421355,\n"}
,{"stream_name":"stdout","time":3249.999136191,"data":"    \"mean_tumor_iou\": 0.415036753150549,\n"}
,{"stream_name":"stdout","time":3249.999138458,"data":"    \"mean_tumor_precision\": 0.5553627882560989,\n"}
,{"stream_name":"stdout","time":3249.99914077,"data":"    \"mean_tumor_recall\": 0.5712153192065249,\n"}
,{"stream_name":"stdout","time":3249.999143051,"data":"    \"mean_tumor_hd95_px_conditional_defined\": 61.46604968624956,\n"}
,{"stream_name":"stdout","time":3249.999145459,"data":"    \"mean_tumor_assd_px_conditional_defined\": 25.934187508115023,\n"}
,{"stream_name":"stdout","time":3249.999147819,"data":"    \"boundary_metric_definition\": \"conditional mean over tumor images with both GT and prediction non-empty; distances are pixels on the resized evaluation grid (not mm); complete misses are excluded and counted separately\",\n"}
,{"stream_name":"stdout","time":3249.99916163,"data":"    \"boundary_metric_eligible_tumor_images\": 160,\n"}
,{"stream_name":"stdout","time":3249.999164115,"data":"    \"boundary_metric_excluded_tumor_images\": 24,\n"}
,{"stream_name":"stdout","time":3249.999166325,"data":"    \"boundary_metric_complete_misses\": 24,\n"}
,{"stream_name":"stdout","time":3249.999168599,"data":"    \"tumor_non_empty_prediction_rate\": 0.8695652173913043,\n"}
,{"stream_name":"stdout","time":3249.999170905,"data":"    \"tumor_overlap_detection_rate\": 0.782608695652174,\n"}
,{"stream_name":"stdout","time":3249.999173183,"data":"    \"lesion_any_overlap_recall\": 0.775330396475771,\n"}
,{"stream_name":"stdout","time":3249.999175569,"data":"    \"lesion_any_overlap_precision\": 0.509641873278237,\n"}
,{"stream_name":"stdout","time":3249.999177817,"data":"    \"gt_lesions\": 227,\n"}
,{"stream_name":"stdout","time":3249.999180102,"data":"    \"detected_lesions_any_overlap\": 176,\n"}
,{"stream_name":"stdout","time":3249.999182426,"data":"    \"predicted_lesions\": 363,\n"}
,{"stream_name":"stdout","time":3249.999184685,"data":"    \"multifocal_tumor_images\": 22,\n"}
,{"stream_name":"stdout","time":3249.999186905,"data":"    \"multifocal_tumor_image_rate\": 0.11956521739130435,\n"}
,{"stream_name":"stdout","time":3249.999189339,"data":"    \"gt_component_count_histogram\": {\n"}
,{"stream_name":"stdout","time":3249.999191682,"data":"      \"1\": 162,\n"}
,{"stream_name":"stdout","time":3249.999193977,"data":"      \"2\": 11,\n"}
,{"stream_name":"stdout","time":3249.999196161,"data":"      \"3\": 5,\n"}
,{"stream_name":"stdout","time":3249.99919839,"data":"      \"4\": 4,\n"}
,{"stream_name":"stdout","time":3249.999200552,"data":"      \"5\": 1,\n"}
,{"stream_name":"stdout","time":3249.999202689,"data":"      \"7\": 1\n"}
,{"stream_name":"stdout","time":3249.999204895,"data":"    },\n"}
,{"stream_name":"stdout","time":3249.99920706,"data":"    \"normal_empty_prediction_rate\": 0.5828877005347594,\n"}
,{"stream_name":"stdout","time":3249.999209392,"data":"    \"normal_false_positive_case_rate\": 0.41711229946524064,\n"}
,{"stream_name":"stdout","time":3249.999214334,"data":"    \"pixel_specificity\": 0.9977462543363297,\n"}
,{"stream_name":"stdout","time":3249.999216727,"data":"    \"pixel_precision\": 0.7352420843254822,\n"}
,{"stream_name":"stdout","time":3249.999219043,"data":"    \"pixel_recall\": 0.6113685851093297,\n"}
,{"stream_name":"stdout","time":3249.999221305,"data":"    \"tp_pixels\": 461310,\n"}
,{"stream_name":"stdout","time":3249.999223829,"data":"    \"fp_pixels\": 166116,\n"}
,{"stream_name":"stdout","time":3249.999226046,"data":"    \"fn_pixels\": 293243,\n"}
,{"stream_name":"stdout","time":3249.999228452,"data":"    \"tn_pixels\": 73540515,\n"}
,{"stream_name":"stdout","time":3249.999230713,"data":"    \"lesion_one_to_one_iou10_recall\": 0.7092511013215859,\n"}
,{"stream_name":"stdout","time":3249.999233081,"data":"    \"lesion_one_to_one_iou10_precision\": 0.44352617079889806,\n"}
,{"stream_name":"stdout","time":3249.99923551,"data":"    \"lesion_one_to_one_iou10_f1\": 0.5457627118644067,\n"}
,{"stream_name":"stdout","time":3249.999238266,"data":"    \"lesion_tp_one_to_one_iou10\": 161,\n"}
,{"stream_name":"stdout","time":3249.999240615,"data":"    \"lesion_one_to_one_iou25_recall\": 0.6563876651982379,\n"}
,{"stream_name":"stdout","time":3249.99924305,"data":"    \"lesion_one_to_one_iou25_precision\": 0.41046831955922863,\n"}
,{"stream_name":"stdout","time":3249.999245331,"data":"    \"lesion_one_to_one_iou25_f1\": 0.5050847457627119,\n"}
,{"stream_name":"stdout","time":3249.999247706,"data":"    \"lesion_tp_one_to_one_iou25\": 149,\n"}
,{"stream_name":"stdout","time":3249.99925333,"data":"    \"lesion_one_to_one_iou50_recall\": 0.4845814977973568,\n"}
,{"stream_name":"stdout","time":3249.999255715,"data":"    \"lesion_one_to_one_iou50_precision\": 0.30303030303030304,\n"}
,{"stream_name":"stdout","time":3249.999257989,"data":"    \"lesion_one_to_one_iou50_f1\": 0.3728813559322034,\n"}
,{"stream_name":"stdout","time":3249.999260377,"data":"    \"lesion_tp_one_to_one_iou50\": 110,\n"}
,{"stream_name":"stdout","time":3249.99926272,"data":"    \"lesion_matching_definition\": \"maximum-cardinality one-to-one connected-component matching at IoU thresholds 0.10, 0.25, 0.50\"\n"}
,{"stream_name":"stdout","time":3249.999265276,"data":"  },\n"}
,{"stream_name":"stdout","time":3249.999267582,"data":"  \"selected_threshold\": 0.25,\n"}
,{"stream_name":"stdout","time":3249.999269905,"data":"  \"selected\": {\n"}
,{"stream_name":"stdout","time":3249.999272176,"data":"    \"dataset\": \"btxrd\",\n"}
,{"stream_name":"stdout","time":3249.999274504,"data":"    \"split\": \"val\",\n"}
,{"stream_name":"stdout","time":3249.999276802,"data":"    \"checkpoint\": \"/kaggle/working/btxrd_gt_reference_independent_reproduction_v2/fs_resnet18_pw10_full_448_seed42/best_unet.pt\",\n"}
,{"stream_name":"stdout","time":3249.99927931,"data":"    \"checkpoint_sha256\": \"ad0605a97e716a195b9981ca4f22170048c6a6e82d751f8d783846a400bd0824\",\n"}
,{"stream_name":"stdout","time":3249.999281696,"data":"    \"image_size\": 448,\n"}
,{"stream_name":"stdout","time":3249.999283913,"data":"    \"threshold\": 0.25,\n"}
,{"stream_name":"stdout","time":3249.999286144,"data":"    \"boundary_distance_unit\": \"pixels on the resized evaluation grid\",\n"}
,{"stream_name":"stdout","time":3249.999288492,"data":"    \"images\": 371,\n"}
,{"stream_name":"stdout","time":3249.999290688,"data":"    \"tumor_images\": 184,\n"}
,{"stream_name":"stdout","time":3249.99929299,"data":"    \"normal_images\": 187,\n"}
,{"stream_name":"stdout","time":3249.999295242,"data":"    \"main_population\": \"tumor images only\",\n"}
,{"stream_name":"stdout","time":3249.999297528,"data":"    \"mean_tumor_dice\": 0.5113904440613517,\n"}
,{"stream_name":"stdout","time":3249.999299799,"data":"    \"mean_tumor_iou\": 0.4155582268458225,\n"}
,{"stream_name":"stdout","time":3249.999302047,"data":"    \"mean_tumor_precision\": 0.5425878841047996,\n"}
,{"stream_name":"stdout","time":3249.999304321,"data":"    \"mean_tumor_recall\": 0.591311074236238,\n"}
,{"stream_name":"stdout","time":3249.999306635,"data":"    \"mean_tumor_hd95_px_conditional_defined\": 64.36232500182876,\n"}
,{"stream_name":"stdout","time":3249.999308941,"data":"    \"mean_tumor_assd_px_conditional_defined\": 25.82096101640149,\n"}
,{"stream_name":"stdout","time":3249.999311255,"data":"    \"boundary_metric_definition\": \"conditional mean over tumor images with both GT and prediction non-empty; distances are pixels on the resized evaluation grid (not mm); complete misses are excluded and counted separately\",\n"}
,{"stream_name":"stdout","time":3249.999313872,"data":"    \"boundary_metric_eligible_tumor_images\": 161,\n"}
,{"stream_name":"stdout","time":3249.999316154,"data":"    \"boundary_metric_excluded_tumor_images\": 23,\n"}
,{"stream_name":"stdout","time":3249.999318498,"data":"    \"boundary_metric_complete_misses\": 23,\n"}
,{"stream_name":"stdout","time":3249.999320737,"data":"    \"tumor_non_empty_prediction_rate\": 0.875,\n"}
,{"stream_name":"stdout","time":3249.99932299,"data":"    \"tumor_overlap_detection_rate\": 0.7934782608695652,\n"}
,{"stream_name":"stdout","time":3249.999325313,"data":"    \"lesion_any_overlap_recall\": 0.788546255506608,\n"}
,{"stream_name":"stdout","time":3249.999327563,"data":"    \"lesion_any_overlap_precision\": 0.473551637279597,\n"}
,{"stream_name":"stdout","time":3249.999332855,"data":"    \"gt_lesions\": 227,\n"}
,{"stream_name":"stdout","time":3249.999335468,"data":"    \"detected_lesions_any_overlap\": 179,\n"}
,{"stream_name":"stdout","time":3249.999337785,"data":"    \"predicted_lesions\": 397,\n"}
,{"stream_name":"stdout","time":3249.999340041,"data":"    \"multifocal_tumor_images\": 22,\n"}
,{"stream_name":"stdout","time":3249.999342272,"data":"    \"multifocal_tumor_image_rate\": 0.11956521739130435,\n"}
,{"stream_name":"stdout","time":3249.999344652,"data":"    \"gt_component_count_histogram\": {\n"}
,{"stream_name":"stdout","time":3249.999347024,"data":"      \"1\": 162,\n"}
,{"stream_name":"stdout","time":3249.999350213,"data":"      \"2\": 11,\n"}
,{"stream_name":"stdout","time":3249.999352381,"data":"      \"3\": 5,\n"}
,{"stream_name":"stdout","time":3249.99935457,"data":"      \"4\": 4,\n"}
,{"stream_name":"stdout","time":3249.999356812,"data":"      \"5\": 1,\n"}
,{"stream_name":"stdout","time":3249.999359063,"data":"      \"7\": 1\n"}
,{"stream_name":"stdout","time":3249.999361242,"data":"    },\n"}
,{"stream_name":"stdout","time":3249.9993634,"data":"    \"normal_empty_prediction_rate\": 0.5454545454545454,\n"}
,{"stream_name":"stdout","time":3249.999365797,"data":"    \"normal_false_positive_case_rate\": 0.45454545454545453,\n"}
,{"stream_name":"stdout","time":3249.999368088,"data":"    \"pixel_specificity\": 0.9972376840829965,\n"}
,{"stream_name":"stdout","time":3249.999370348,"data":"    \"pixel_precision\": 0.7032193833523801,\n"}
,{"stream_name":"stdout","time":3249.999372593,"data":"    \"pixel_recall\": 0.6393599919422492,\n"}
,{"stream_name":"stdout","time":3249.999374931,"data":"    \"tp_pixels\": 482431,\n"}
,{"stream_name":"stdout","time":3249.999377144,"data":"    \"fp_pixels\": 203601,\n"}
,{"stream_name":"stdout","time":3249.999379413,"data":"    \"fn_pixels\": 272122,\n"}
,{"stream_name":"stdout","time":3249.999381737,"data":"    \"tn_pixels\": 73503030,\n"}
,{"stream_name":"stdout","time":3249.999384002,"data":"    \"lesion_one_to_one_iou10_recall\": 0.7092511013215859,\n"}
,{"stream_name":"stdout","time":3249.999386304,"data":"    \"lesion_one_to_one_iou10_precision\": 0.40554156171284633,\n"}
,{"stream_name":"stdout","time":3249.999388602,"data":"    \"lesion_one_to_one_iou10_f1\": 0.5160256410256411,\n"}
,{"stream_name":"stdout","time":3249.999390864,"data":"    \"lesion_tp_one_to_one_iou10\": 161,\n"}
,{"stream_name":"stdout","time":3249.99939312,"data":"    \"lesion_one_to_one_iou25_recall\": 0.6563876651982379,\n"}
,{"stream_name":"stdout","time":3249.999395395,"data":"    \"lesion_one_to_one_iou25_precision\": 0.37531486146095716,\n"}
,{"stream_name":"stdout","time":3249.999397656,"data":"    \"lesion_one_to_one_iou25_f1\": 0.4775641025641026,\n"}
,{"stream_name":"stdout","time":3249.999399912,"data":"    \"lesion_tp_one_to_one_iou25\": 149,\n"}
,{"stream_name":"stdout","time":3249.999402191,"data":"    \"lesion_one_to_one_iou50_recall\": 0.4889867841409692,\n"}
,{"stream_name":"stdout","time":3249.999404447,"data":"    \"lesion_one_to_one_iou50_precision\": 0.2795969773299748,\n"}
,{"stream_name":"stdout","time":3249.999406702,"data":"    \"lesion_one_to_one_iou50_f1\": 0.3557692307692308,\n"}
,{"stream_name":"stdout","time":3249.999408967,"data":"    \"lesion_tp_one_to_one_iou50\": 111,\n"}
,{"stream_name":"stdout","time":3249.999411378,"data":"    \"lesion_matching_definition\": \"maximum-cardinality one-to-one connected-component matching at IoU thresholds 0.10, 0.25, 0.50\"\n"}
,{"stream_name":"stdout","time":3249.999413837,"data":"  },\n"}
,{"stream_name":"stdout","time":3249.999418209,"data":"  \"selected_lesion_size_subgroups\": {\n"}
,{"stream_name":"stdout","time":3249.999420574,"data":"    \"large_ge_5pct\": {\n"}
,{"stream_name":"stdout","time":3249.999422843,"data":"      \"subgroup_field\": \"lesion_size\",\n"}
,{"stream_name":"stdout","time":3249.999425143,"data":"      \"subgroup_value\": \"large_ge_5pct\",\n"}
,{"stream_name":"stdout","time":3249.999427427,"data":"      \"images\": \"18\",\n"}
,{"stream_name":"stdout","time":3249.999429696,"data":"      \"tumor_images\": \"18\",\n"}
,{"stream_name":"stdout","time":3249.999431962,"data":"      \"normal_images\": \"0\",\n"}
,{"stream_name":"stdout","time":3249.999434222,"data":"      \"main_population\": \"tumor images only\",\n"}
,{"stream_name":"stdout","time":3249.999436496,"data":"      \"mean_tumor_dice\": \"0.6072223413382152\",\n"}
,{"stream_name":"stdout","time":3249.999438774,"data":"      \"mean_tumor_iou\": \"0.4959823220856998\",\n"}
,{"stream_name":"stdout","time":3249.999441245,"data":"      \"mean_tumor_precision\": \"0.8113104245691797\",\n"}
,{"stream_name":"stdout","time":3249.99944356,"data":"      \"mean_tumor_recall\": \"0.5556337743876213\",\n"}
,{"stream_name":"stdout","time":3249.999445841,"data":"      \"mean_tumor_hd95_px_conditional_defined\": \"93.49463329945483\",\n"}
,{"stream_name":"stdout","time":3249.999448189,"data":"      \"mean_tumor_assd_px_conditional_defined\": \"26.155934127640656\",\n"}
,{"stream_name":"stdout","time":3249.999450879,"data":"      \"boundary_metric_definition\": \"conditional mean over tumor images with both GT and prediction non-empty; distances are pixels on the resized evaluation grid (not mm); complete misses are excluded and counted separately\",\n"}
,{"stream_name":"stdout","time":3249.999453642,"data":"      \"boundary_metric_eligible_tumor_images\": \"18\",\n"}
,{"stream_name":"stdout","time":3249.999455965,"data":"      \"boundary_metric_excluded_tumor_images\": \"0\",\n"}
,{"stream_name":"stdout","time":3249.999458285,"data":"      \"boundary_metric_complete_misses\": \"0\",\n"}
,{"stream_name":"stdout","time":3249.999460591,"data":"      \"tumor_non_empty_prediction_rate\": \"1.0\",\n"}
,{"stream_name":"stdout","time":3249.999462864,"data":"      \"tumor_overlap_detection_rate\": \"0.9444444444444444\",\n"}
,{"stream_name":"stdout","time":3249.999465142,"data":"      \"lesion_any_overlap_recall\": \"0.875\",\n"}
,{"stream_name":"stdout","time":3249.999467412,"data":"      \"lesion_any_overlap_precision\": \"0.8085106382978723\",\n"}
,{"stream_name":"stdout","time":3249.999469867,"data":"      \"gt_lesions\": \"40\",\n"}
,{"stream_name":"stdout","time":3249.999472245,"data":"      \"detected_lesions_any_overlap\": \"35\",\n"}
,{"stream_name":"stdout","time":3249.999474501,"data":"      \"predicted_lesions\": \"47\",\n"}
,{"stream_name":"stdout","time":3249.999476779,"data":"      \"multifocal_tumor_images\": \"7\",\n"}
,{"stream_name":"stdout","time":3249.999479074,"data":"      \"multifocal_tumor_image_rate\": \"0.3888888888888889\",\n"}
,{"stream_name":"stdout","time":3249.999481389,"data":"      \"gt_component_count_histogram\": \"{'1': 11, '2': 1, '5': 1, '4': 3, '7': 1, '3': 1}\",\n"}
,{"stream_name":"stdout","time":3249.999483749,"data":"      \"normal_empty_prediction_rate\": \"\",\n"}
,{"stream_name":"stdout","time":3249.999486011,"data":"      \"normal_false_positive_case_rate\": \"\",\n"}
,{"stream_name":"stdout","time":3249.999488253,"data":"      \"pixel_specificity\": \"0.9877260321999537\",\n"}
,{"stream_name":"stdout","time":3249.99949052,"data":"      \"pixel_precision\": \"0.8482240650915349\",\n"}
,{"stream_name":"stdout","time":3249.999492771,"data":"      \"pixel_recall\": \"0.596704261425415\",\n"}
,{"stream_name":"stdout","time":3249.999497289,"data":"      \"tp_pixels\": \"222261\",\n"}
,{"stream_name":"stdout","time":3249.999499701,"data":"      \"fp_pixels\": \"39770\",\n"}
,{"stream_name":"stdout","time":3249.999502037,"data":"      \"fn_pixels\": \"150220\",\n"}
,{"stream_name":"stdout","time":3249.999504283,"data":"      \"tn_pixels\": \"3200421\",\n"}
,{"stream_name":"stdout","time":3249.999506533,"data":"      \"lesion_one_to_one_iou10_recall\": \"0.7\",\n"}
,{"stream_name":"stdout","time":3249.999508831,"data":"      \"lesion_one_to_one_iou10_precision\": \"0.5957446808510638\",\n"}
,{"stream_name":"stdout","time":3249.999511152,"data":"      \"lesion_one_to_one_iou10_f1\": \"0.6436781609195402\",\n"}
,{"stream_name":"stdout","time":3249.999513422,"data":"      \"lesion_tp_one_to_one_iou10\": \"28\",\n"}
,{"stream_name":"stdout","time":3249.999515654,"data":"      \"lesion_one_to_one_iou25_recall\": \"0.65\",\n"}
,{"stream_name":"stdout","time":3249.999518011,"data":"      \"lesion_one_to_one_iou25_precision\": \"0.5531914893617021\",\n"}
,{"stream_name":"stdout","time":3249.999520332,"data":"      \"lesion_one_to_one_iou25_f1\": \"0.5977011494252874\",\n"}
,{"stream_name":"stdout","time":3249.999522606,"data":"      \"lesion_tp_one_to_one_iou25\": \"26\",\n"}
,{"stream_name":"stdout","time":3249.999524851,"data":"      \"lesion_one_to_one_iou50_recall\": \"0.475\",\n"}
,{"stream_name":"stdout","time":3249.999527119,"data":"      \"lesion_one_to_one_iou50_precision\": \"0.40425531914893614\",\n"}
,{"stream_name":"stdout","time":3249.999529437,"data":"      \"lesion_one_to_one_iou50_f1\": \"0.4367816091954023\",\n"}
,{"stream_name":"stdout","time":3249.999531717,"data":"      \"lesion_tp_one_to_one_iou50\": \"19\",\n"}
,{"stream_name":"stdout","time":3249.999533967,"data":"      \"lesion_matching_definition\": \"maximum-cardinality one-to-one connected-component matching at IoU thresholds 0.10, 0.25, 0.50\"\n"}
,{"stream_name":"stdout","time":3249.999536572,"data":"    },\n"}
,{"stream_name":"stdout","time":3249.999538707,"data":"    \"medium_1_to_5pct\": {\n"}
,{"stream_name":"stdout","time":3249.999541054,"data":"      \"subgroup_field\": \"lesion_size\",\n"}
,{"stream_name":"stdout","time":3249.999543722,"data":"      \"subgroup_value\": \"medium_1_to_5pct\",\n"}
,{"stream_name":"stdout","time":3249.999546056,"data":"      \"images\": \"72\",\n"}
,{"stream_name":"stdout","time":3249.999548326,"data":"      \"tumor_images\": \"72\",\n"}
,{"stream_name":"stdout","time":3249.999550574,"data":"      \"normal_images\": \"0\",\n"}
,{"stream_name":"stdout","time":3249.999552813,"data":"      \"main_population\": \"tumor images only\",\n"}
,{"stream_name":"stdout","time":3249.999555118,"data":"      \"mean_tumor_dice\": \"0.6330372530709371\",\n"}
,{"stream_name":"stdout","time":3249.999557372,"data":"      \"mean_tumor_iou\": \"0.5323147985075969\",\n"}
,{"stream_name":"stdout","time":3249.99955963,"data":"      \"mean_tumor_precision\": \"0.6497689185494724\",\n"}
,{"stream_name":"stdout","time":3249.999561891,"data":"      \"mean_tumor_recall\": \"0.6784036555824406\",\n"}
,{"stream_name":"stdout","time":3249.999564173,"data":"      \"mean_tumor_hd95_px_conditional_defined\": \"54.79564762604326\",\n"}
,{"stream_name":"stdout","time":3249.999566542,"data":"      \"mean_tumor_assd_px_conditional_defined\": \"18.471440587591506\",\n"}
,{"stream_name":"stdout","time":3249.999568962,"data":"      \"boundary_metric_definition\": \"conditional mean over tumor images with both GT and prediction non-empty; distances are pixels on the resized evaluation grid (not mm); complete misses are excluded and counted separately\",\n"}
,{"stream_name":"stdout","time":3249.999574044,"data":"      \"boundary_metric_eligible_tumor_images\": \"64\",\n"}
,{"stream_name":"stdout","time":3249.999576466,"data":"      \"boundary_metric_excluded_tumor_images\": \"8\",\n"}
,{"stream_name":"stdout","time":3249.999578797,"data":"      \"boundary_metric_complete_misses\": \"8\",\n"}
,{"stream_name":"stdout","time":3249.999581376,"data":"      \"tumor_non_empty_prediction_rate\": \"0.8888888888888888\",\n"}
,{"stream_name":"stdout","time":3249.999583669,"data":"      \"tumor_overlap_detection_rate\": \"0.8611111111111112\",\n"}
,{"stream_name":"stdout","time":3249.999585967,"data":"      \"lesion_any_overlap_recall\": \"0.8658536585365854\",\n"}
,{"stream_name":"stdout","time":3249.999588268,"data":"      \"lesion_any_overlap_precision\": \"0.7475728155339806\",\n"}
,{"stream_name":"stdout","time":3249.999590762,"data":"      \"gt_lesions\": \"82\",\n"}
,{"stream_name":"stdout","time":3249.999593101,"data":"      \"detected_lesions_any_overlap\": \"71\",\n"}
,{"stream_name":"stdout","time":3249.99959536,"data":"      \"predicted_lesions\": \"103\",\n"}
,{"stream_name":"stdout","time":3249.999597649,"data":"      \"multifocal_tumor_images\": \"7\",\n"}
,{"stream_name":"stdout","time":3249.999599946,"data":"      \"multifocal_tumor_image_rate\": \"0.09722222222222222\",\n"}
,{"stream_name":"stdout","time":3249.999602236,"data":"      \"gt_component_count_histogram\": \"{'1': 65, '3': 3, '2': 4}\",\n"}
,{"stream_name":"stdout","time":3249.999604536,"data":"      \"normal_empty_prediction_rate\": \"\",\n"}
,{"stream_name":"stdout","time":3249.999606788,"data":"      \"normal_false_positive_case_rate\": \"\",\n"}
,{"stream_name":"stdout","time":3249.999609092,"data":"      \"pixel_specificity\": \"0.9934289529425864\",\n"}
,{"stream_name":"stdout","time":3249.999611395,"data":"      \"pixel_precision\": \"0.7233609983281586\",\n"}
,{"stream_name":"stdout","time":3249.999613682,"data":"      \"pixel_recall\": \"0.694304512032277\",\n"}
,{"stream_name":"stdout","time":3249.999616061,"data":"      \"tp_pixels\": \"242297\",\n"}
,{"stream_name":"stdout","time":3249.99961828,"data":"      \"fp_pixels\": \"92663\",\n"}
,{"stream_name":"stdout","time":3249.999620537,"data":"      \"fn_pixels\": \"106681\",\n"}
,{"stream_name":"stdout","time":3249.999622752,"data":"      \"tn_pixels\": \"14009047\",\n"}
,{"stream_name":"stdout","time":3249.999625037,"data":"      \"lesion_one_to_one_iou10_recall\": \"0.8048780487804879\",\n"}
,{"stream_name":"stdout","time":3249.999627342,"data":"      \"lesion_one_to_one_iou10_precision\": \"0.6407766990291263\",\n"}
,{"stream_name":"stdout","time":3249.999629664,"data":"      \"lesion_one_to_one_iou10_f1\": \"0.7135135135135136\",\n"}
,{"stream_name":"stdout","time":3249.999632052,"data":"      \"lesion_tp_one_to_one_iou10\": \"66\",\n"}
,{"stream_name":"stdout","time":3249.999634307,"data":"      \"lesion_one_to_one_iou25_recall\": \"0.7804878048780488\",\n"}
,{"stream_name":"stdout","time":3249.999636632,"data":"      \"lesion_one_to_one_iou25_precision\": \"0.6213592233009708\",\n"}
,{"stream_name":"stdout","time":3249.999639324,"data":"      \"lesion_one_to_one_iou25_f1\": \"0.6918918918918919\",\n"}
,{"stream_name":"stdout","time":3249.9996417,"data":"      \"lesion_tp_one_to_one_iou25\": \"64\",\n"}
,{"stream_name":"stdout","time":3249.999643962,"data":"      \"lesion_one_to_one_iou50_recall\": \"0.6585365853658537\",\n"}
,{"stream_name":"stdout","time":3249.999646279,"data":"      \"lesion_one_to_one_iou50_precision\": \"0.5242718446601942\",\n"}
,{"stream_name":"stdout","time":3249.999648563,"data":"      \"lesion_one_to_one_iou50_f1\": \"0.5837837837837838\",\n"}
,{"stream_name":"stdout","time":3249.999651006,"data":"      \"lesion_tp_one_to_one_iou50\": \"54\",\n"}
,{"stream_name":"stdout","time":3249.999655333,"data":"      \"lesion_matching_definition\": \"maximum-cardinality one-to-one connected-component matching at IoU thresholds 0.10, 0.25, 0.50\"\n"}
,{"stream_name":"stdout","time":3249.999657879,"data":"    },\n"}
,{"stream_name":"stdout","time":3249.999660047,"data":"    \"small_lt_1pct\": {\n"}
,{"stream_name":"stdout","time":3249.999662256,"data":"      \"subgroup_field\": \"lesion_size\",\n"}
,{"stream_name":"stdout","time":3249.999664489,"data":"      \"subgroup_value\": \"small_lt_1pct\",\n"}
,{"stream_name":"stdout","time":3249.999666765,"data":"      \"images\": \"94\",\n"}
,{"stream_name":"stdout","time":3249.999669009,"data":"      \"tumor_images\": \"94\",\n"}
,{"stream_name":"stdout","time":3249.999671316,"data":"      \"normal_images\": \"0\",\n"}
,{"stream_name":"stdout","time":3249.999673552,"data":"      \"main_population\": \"tumor images only\",\n"}
,{"stream_name":"stdout","time":3249.999675837,"data":"      \"mean_tumor_dice\": \"0.3998633759797166\",\n"}
,{"stream_name":"stdout","time":3249.999678098,"data":"      \"mean_tumor_iou\": \"0.31072730265469967\",\n"}
,{"stream_name":"stdout","time":3249.999680367,"data":"      \"mean_tumor_precision\": \"0.4090342648667648\",\n"}
,{"stream_name":"stdout","time":3249.999682614,"data":"      \"mean_tumor_recall\": \"0.5314336863676051\",\n"}
,{"stream_name":"stdout","time":3249.999684883,"data":"      \"mean_tumor_hd95_px_conditional_defined\": \"65.47480351693008\",\n"}
,{"stream_name":"stdout","time":3249.999687202,"data":"      \"mean_tumor_assd_px_conditional_defined\": \"31.69867989540825\",\n"}
,{"stream_name":"stdout","time":3249.999689569,"data":"      \"boundary_metric_definition\": \"conditional mean over tumor images with both GT and prediction non-empty; distances are pixels on the resized evaluation grid (not mm); complete misses are excluded and counted separately\",\n"}
,{"stream_name":"stdout","time":3249.999692118,"data":"      \"boundary_metric_eligible_tumor_images\": \"79\",\n"}
,{"stream_name":"stdout","time":3249.999694402,"data":"      \"boundary_metric_excluded_tumor_images\": \"15\",\n"}
,{"stream_name":"stdout","time":3249.999696669,"data":"      \"boundary_metric_complete_misses\": \"15\",\n"}
,{"stream_name":"stdout","time":3249.999698951,"data":"      \"tumor_non_empty_prediction_rate\": \"0.8404255319148937\",\n"}
,{"stream_name":"stdout","time":3249.999701222,"data":"      \"tumor_overlap_detection_rate\": \"0.7127659574468085\",\n"}
,{"stream_name":"stdout","time":3249.999703495,"data":"      \"lesion_any_overlap_recall\": \"0.6952380952380952\",\n"}
,{"stream_name":"stdout","time":3249.999705774,"data":"      \"lesion_any_overlap_precision\": \"0.6033057851239669\",\n"}
,{"stream_name":"stdout","time":3249.999708165,"data":"      \"gt_lesions\": \"105\",\n"}
,{"stream_name":"stdout","time":3249.999710405,"data":"      \"detected_lesions_any_overlap\": \"73\",\n"}
,{"stream_name":"stdout","time":3249.99971267,"data":"      \"predicted_lesions\": \"121\",\n"}
,{"stream_name":"stdout","time":3249.999714909,"data":"      \"multifocal_tumor_images\": \"8\",\n"}
,{"stream_name":"stdout","time":3249.999717133,"data":"      \"multifocal_tumor_image_rate\": \"0.0851063829787234\",\n"}
,{"stream_name":"stdout","time":3249.999719418,"data":"      \"gt_component_count_histogram\": \"{'2': 6, '1': 86, '3': 1, '4': 1}\",\n"}
,{"stream_name":"stdout","time":3249.999721872,"data":"      \"normal_empty_prediction_rate\": \"\",\n"}
,{"stream_name":"stdout","time":3249.999724145,"data":"      \"normal_false_positive_case_rate\": \"\",\n"}
,{"stream_name":"stdout","time":3249.999726839,"data":"      \"pixel_specificity\": \"0.9976871018774304\",\n"}
,{"stream_name":"stdout","time":3249.999731581,"data":"      \"pixel_precision\": \"0.29093957546555543\",\n"}
,{"stream_name":"stdout","time":3249.99973396,"data":"      \"pixel_recall\": \"0.540067685985375\",\n"}
,{"stream_name":"stdout","time":3249.999736242,"data":"      \"tp_pixels\": \"17873\",\n"}
,{"stream_name":"stdout","time":3249.999738488,"data":"      \"fp_pixels\": \"43559\",\n"}
,{"stream_name":"stdout","time":3249.999740702,"data":"      \"fn_pixels\": \"15221\",\n"}
,{"stream_name":"stdout","time":3249.999742992,"data":"      \"tn_pixels\": \"18789523\",\n"}
,{"stream_name":"stdout","time":3249.99974525,"data":"      \"lesion_one_to_one_iou10_recall\": \"0.638095238095238\",\n"}
,{"stream_name":"stdout","time":3249.999747768,"data":"      \"lesion_one_to_one_iou10_precision\": \"0.5537190082644629\",\n"}
,{"stream_name":"stdout","time":3249.999750123,"data":"      \"lesion_one_to_one_iou10_f1\": \"0.5929203539823009\",\n"}
,{"stream_name":"stdout","time":3249.999752403,"data":"      \"lesion_tp_one_to_one_iou10\": \"67\",\n"}
,{"stream_name":"stdout","time":3249.999754668,"data":"      \"lesion_one_to_one_iou25_recall\": \"0.5619047619047619\",\n"}
,{"stream_name":"stdout","time":3249.999756973,"data":"      \"lesion_one_to_one_iou25_precision\": \"0.48760330578512395\",\n"}
,{"stream_name":"stdout","time":3249.999759251,"data":"      \"lesion_one_to_one_iou25_f1\": \"0.5221238938053098\",\n"}
,{"stream_name":"stdout","time":3249.999761533,"data":"      \"lesion_tp_one_to_one_iou25\": \"59\",\n"}
,{"stream_name":"stdout","time":3249.99976379,"data":"      \"lesion_one_to_one_iou50_recall\": \"0.3619047619047619\",\n"}
,{"stream_name":"stdout","time":3249.999766097,"data":"      \"lesion_one_to_one_iou50_precision\": \"0.3140495867768595\",\n"}
,{"stream_name":"stdout","time":3249.999768385,"data":"      \"lesion_one_to_one_iou50_f1\": \"0.336283185840708\",\n"}
,{"stream_name":"stdout","time":3249.999770797,"data":"      \"lesion_tp_one_to_one_iou50\": \"38\",\n"}
,{"stream_name":"stdout","time":3249.999773085,"data":"      \"lesion_matching_definition\": \"maximum-cardinality one-to-one connected-component matching at IoU thresholds 0.10, 0.25, 0.50\"\n"}
,{"stream_name":"stdout","time":3249.999775505,"data":"    }\n"}
,{"stream_name":"stdout","time":3249.999777639,"data":"  },\n"}
,{"stream_name":"stdout","time":3249.999779872,"data":"  \"authoritative_reference\": {\n"}
,{"stream_name":"stdout","time":3249.999782172,"data":"    \"checkpoint_sha256\": \"05606a0ace6c845ca52a26e8c4a5269bf8e03350dd31d27bbd5e80d55df70c31\",\n"}
,{"stream_name":"stdout","time":3249.999784582,"data":"    \"best_epoch\": 20,\n"}
,{"stream_name":"stdout","time":3249.999786793,"data":"    \"last_completed_epoch\": 30,\n"}
,{"stream_name":"stdout","time":3249.99978903,"data":"    \"selected_threshold\": 0.2,\n"}
,{"stream_name":"stdout","time":3249.999791266,"data":"    \"selected_mean_tumor_dice\": 0.4951316962732512,\n"}
,{"stream_name":"stdout","time":3249.999793515,"data":"    \"fixed_0_5_mean_tumor_dice\": 0.489941358174933,\n"}
,{"stream_name":"stdout","time":3249.999795748,"data":"    \"small_lt_1pct_mean_tumor_dice\": 0.32895493248574226,\n"}
,{"stream_name":"stdout","time":3249.999797992,"data":"    \"medium_1_to_5pct_mean_tumor_dice\": 0.6624417783635557,\n"}
,{"stream_name":"stdout","time":3249.999800283,"data":"    \"large_ge_5pct_mean_tumor_dice\": 0.6937033565801355\n"}
,{"stream_name":"stdout","time":3249.999802601,"data":"  },\n"}
,{"stream_name":"stdout","time":3249.99980471,"data":"  \"reference_comparison\": {\n"}
,{"stream_name":"stdout","time":3249.999811748,"data":"    \"checkpoint_sha256_equal\": false,\n"}
,{"stream_name":"stdout","time":3249.999816418,"data":"    \"best_epoch_delta\": 13,\n"}
,{"stream_name":"stdout","time":3249.999818757,"data":"    \"last_completed_epoch_delta\": 5,\n"}
,{"stream_name":"stdout","time":3249.999820995,"data":"    \"selected_threshold_delta\": 0.04999999999999999,\n"}
,{"stream_name":"stdout","time":3249.99982328,"data":"    \"selected_mean_tumor_dice_delta\": 0.01625874778810049,\n"}
,{"stream_name":"stdout","time":3249.999825546,"data":"    \"fixed_0_5_mean_tumor_dice_delta\": 0.020737171246422048,\n"}
,{"stream_name":"stdout","time":3249.999827922,"data":"    \"small_lt_1pct_mean_tumor_dice_delta\": 0.07090844349397435,\n"}
,{"stream_name":"stdout","time":3249.999830248,"data":"    \"medium_1_to_5pct_mean_tumor_dice_delta\": -0.02940452529261861,\n"}
,{"stream_name":"stdout","time":3249.999832528,"data":"    \"large_ge_5pct_mean_tumor_dice_delta\": -0.08648101524192031\n"}
,{"stream_name":"stdout","time":3249.999834858,"data":"  },\n"}
,{"stream_name":"stdout","time":3249.999837323,"data":"  \"artifact_sha256\": {\n"}
,{"stream_name":"stdout","time":3249.999839645,"data":"    \"checkpoint\": \"ad0605a97e716a195b9981ca4f22170048c6a6e82d751f8d783846a400bd0824\",\n"}
,{"stream_name":"stdout","time":3249.999842032,"data":"    \"training_log\": \"3d7ec00a53d644b40fc7d243f5a478020ff3d94a9531b461c140645d12f273f0\",\n"}
,{"stream_name":"stdout","time":3249.999844396,"data":"    \"selected_per_image\": \"baf1a67b9103d221e452e7f89b1922182f7f82bb9ee8292d309423818e6c4134\",\n"}
,{"stream_name":"stdout","time":3249.999847089,"data":"    \"selected_subgroups\": \"e147e98788fe91209282d97051268140e8635226b2ffeea4293e139d06b15389\",\n"}
,{"stream_name":"stdout","time":3249.999849479,"data":"    \"threshold_selection\": \"a3156f744fe0f5608b2bd8f3b9921cfea14e4c0207f554c8cd24dd869330f9e6\"\n"}
,{"stream_name":"stdout","time":3249.999851855,"data":"  },\n"}
,{"stream_name":"stdout","time":3249.999854051,"data":"  \"test_evaluated\": false\n"}
,{"stream_name":"stdout","time":3249.999856389,"data":"}\n"}
,{"stream_name":"stderr","time":3252.892458186,"data":"/usr/local/lib/python3.12/dist-packages/mistune.py:435: SyntaxWarning: invalid escape sequence '\\|'\n"}
,{"stream_name":"stderr","time":3252.892531079,"data":"  cells[i][c] = re.sub('\\\\\\\\\\|', '|', cell)\n"}
,{"stream_name":"stderr","time":3253.208647002,"data":"/usr/local/lib/python3.12/dist-packages/nbconvert/filters/filter_links.py:36: SyntaxWarning: invalid escape sequence '\\_'\n"}
,{"stream_name":"stderr","time":3253.208679371,"data":"  text = re.sub(r'_', '\\_', text) # Escape underscores in display text\n"}
,{"stream_name":"stderr","time":3253.899722533,"data":"[NbConvertApp] Converting notebook __script__.ipynb to html\n"}
,{"stream_name":"stderr","time":3255.3539846,"data":"[NbConvertApp] Writing 333542 bytes to __results__.html\n"}
]