[{"stream_name":"stdout","time":21.035788035,"data":"RUN [\"/usr/bin/python3\", \"-m\", \"unittest\", \"discover\", \"-s\", \"/kaggle/input/datasets/itsthang333/btxrd-small-lesion-research-v7/tests\", \"-p\", \"test_torch_math_and_resume.py\", \"-v\"]\n"}
,{"stream_name":"stderr","time":24.222420311,"data":"test_resume_config_is_path_portable_but_training_strict (test_torch_math_and_resume.ResumeIntegrationTests.test_resume_config_is_path_portable_but_training_strict) ... ok\n"}
,{"stream_name":"stderr","time":24.480376198,"data":"test_resume_matches_uninterrupted_next_step (test_torch_math_and_resume.ResumeIntegrationTests.test_resume_matches_uninterrupted_next_step) ... /kaggle/input/datasets/itsthang333/btxrd-small-lesion-research-v7/tests/test_torch_math_and_resume.py:138: FutureWarning: `torch.cuda.amp.GradScaler(args...)` is deprecated. Please use `torch.amp.GradScaler('cuda', args...)` instead.\n"}
,{"stream_name":"stderr","time":24.480425624,"data":"  scaler = torch.cuda.amp.GradScaler(enabled=False)\n"}
,{"stream_name":"stderr","time":27.044025871,"data":"ok\n"}
,{"stream_name":"stderr","time":27.044887547,"data":"test_bce_dice_formula (test_torch_math_and_resume.TorchMathTests.test_bce_dice_formula) ... ok\n"}
,{"stream_name":"stderr","time":27.116594464,"data":"test_classifier_budget_audit_runs_after_early_stopping (test_torch_math_and_resume.TorchMathTests.test_classifier_budget_audit_runs_after_early_stopping) ... ok\n"}
,{"stream_name":"stderr","time":27.122356859,"data":"test_flat_puzzle_cam_normalises_to_zero (test_torch_math_and_resume.TorchMathTests.test_flat_puzzle_cam_normalises_to_zero) ... ok\n"}
,{"stream_name":"stderr","time":27.136761937,"data":"test_postprocess_guidance_threshold_fails_closed (test_torch_math_and_resume.TorchMathTests.test_postprocess_guidance_threshold_fails_closed) ... ok\n"}
,{"stream_name":"stderr","time":27.138247918,"data":"test_puzzle_tile_merge_is_exact (test_torch_math_and_resume.TorchMathTests.test_puzzle_tile_merge_is_exact) ... ok\n"}
,{"stream_name":"stderr","time":27.360088883,"data":"test_resnet18_unet_preserves_spatial_shape_and_backpropagates (test_torch_math_and_resume.TorchMathTests.test_resnet18_unet_preserves_spatial_shape_and_backpropagates) ... ok\n"}
,{"stream_name":"stderr","time":27.407627179,"data":"test_unet_preserves_spatial_shape_and_backpropagates (test_torch_math_and_resume.TorchMathTests.test_unet_preserves_spatial_shape_and_backpropagates) ... ok\n"}
,{"stream_name":"stderr","time":27.407654405,"data":"\n"}
,{"stream_name":"stderr","time":27.407717781,"data":"----------------------------------------------------------------------\n"}
,{"stream_name":"stderr","time":27.407723394,"data":"Ran 9 tests in 4.626s\n"}
,{"stream_name":"stderr","time":27.407727445,"data":"\n"}
,{"stream_name":"stderr","time":27.407731144,"data":"OK\n"}
,{"stream_name":"stdout","time":29.55099141,"data":"RUN [\"/usr/bin/python3\", \"-m\", \"unittest\", \"discover\", \"-s\", \"/kaggle/input/datasets/itsthang333/btxrd-small-lesion-research-v7/tests\", \"-p\", \"test_pipeline_audit_fixes.py\", \"-v\"]\n"}
,{"stream_name":"stderr","time":30.523390909,"data":"test_invalid_flag_is_not_silently_converted_to_zero (test_pipeline_audit_fixes.BTXRDDatasetValidationTests.test_invalid_flag_is_not_silently_converted_to_zero) ... ok\n"}
,{"stream_name":"stderr","time":30.525041608,"data":"test_manifest_assignments_are_authoritative (test_pipeline_audit_fixes.BTXRDDatasetValidationTests.test_manifest_assignments_are_authoritative) ... ok\n"}
,{"stream_name":"stderr","time":30.526517817,"data":"test_manifest_rejects_changed_image_hash (test_pipeline_audit_fixes.BTXRDDatasetValidationTests.test_manifest_rejects_changed_image_hash) ... ok\n"}
,{"stream_name":"stderr","time":30.52823798,"data":"test_manifest_rejects_group_overlap (test_pipeline_audit_fixes.BTXRDDatasetValidationTests.test_manifest_rejects_group_overlap) ... ok\n"}
,{"stream_name":"stderr","time":30.529578432,"data":"test_missing_pseudo_mask_fails_before_training (test_pipeline_audit_fixes.BTXRDDatasetValidationTests.test_missing_pseudo_mask_fails_before_training) ... ok\n"}
,{"stream_name":"stderr","time":30.534353748,"data":"test_training_resizes_verified_pseudo_masks_from_source_grid (test_pipeline_audit_fixes.BTXRDDatasetValidationTests.test_training_resizes_verified_pseudo_masks_from_source_grid) ... ok\n"}
,{"stream_name":"stderr","time":30.534529451,"data":"test_test_split_requires_frozen_config_before_access (test_pipeline_audit_fixes.FrozenTestGuardTests.test_test_split_requires_frozen_config_before_access) ... ok\n"}
,{"stream_name":"stderr","time":30.534570518,"data":"test_validation_split_does_not_require_frozen_config (test_pipeline_audit_fixes.FrozenTestGuardTests.test_validation_split_does_not_require_frozen_config) ... ok\n"}
,{"stream_name":"stderr","time":30.535217115000002,"data":"test_causal_selector_retains_support_clipping (test_pipeline_audit_fixes.MaskSelectionTests.test_causal_selector_retains_support_clipping) ... ok\n"}
,{"stream_name":"stderr","time":30.539015718,"data":"test_causal_selector_uses_classifier_rank_within_component (test_pipeline_audit_fixes.MaskSelectionTests.test_causal_selector_uses_classifier_rank_within_component) ... ok\n"}
,{"stream_name":"stderr","time":30.539285808,"data":"test_coverage_mass_sam_applies_support_clipping (test_pipeline_audit_fixes.MaskSelectionTests.test_coverage_mass_sam_applies_support_clipping) ... ok\n"}
,{"stream_name":"stderr","time":30.541175042,"data":"test_keep_best_policy_is_explicit_debug_opt_in (test_pipeline_audit_fixes.MaskSelectionTests.test_keep_best_policy_is_explicit_debug_opt_in) ... ok\n"}
,{"stream_name":"stderr","time":30.541463258,"data":"test_rejects_all_candidates_below_threshold_by_default (test_pipeline_audit_fixes.MaskSelectionTests.test_rejects_all_candidates_below_threshold_by_default) ... ok\n"}
,{"stream_name":"stderr","time":30.542553575,"data":"test_selection_details_distinguish_threshold_candidates_and_components (test_pipeline_audit_fixes.MaskSelectionTests.test_selection_details_distinguish_threshold_candidates_and_components) ... ok\n"}
,{"stream_name":"stderr","time":30.542845109,"data":"test_support_clipping_fails_closed_when_candidate_is_off_support (test_pipeline_audit_fixes.MaskSelectionTests.test_support_clipping_fails_closed_when_candidate_is_off_support) ... ok\n"}
,{"stream_name":"stderr","time":30.546163885,"data":"test_manifest_detects_mask_tampering (test_pipeline_audit_fixes.PseudoManifestTests.test_manifest_detects_mask_tampering) ... ok\n"}
,{"stream_name":"stderr","time":30.548117014,"data":"test_non_finite_cam_produces_empty_support (test_pipeline_audit_fixes.PseudoManifestTests.test_non_finite_cam_produces_empty_support) ... ok\n"}
,{"stream_name":"stderr","time":30.550181711,"data":"test_binary_metric_math_on_small_mask (test_pipeline_audit_fixes.ReportingMetricTests.test_binary_metric_math_on_small_mask) ... ok\n"}
,{"stream_name":"stderr","time":30.55138731,"data":"test_boundary_means_are_explicitly_conditional_and_misses_are_counted (test_pipeline_audit_fixes.ReportingMetricTests.test_boundary_means_are_explicitly_conditional_and_misses_are_counted) ... ok\n"}
,{"stream_name":"stderr","time":30.554686325,"data":"test_classifier_auc_metrics_are_tie_invariant (test_pipeline_audit_fixes.ReportingMetricTests.test_classifier_auc_metrics_are_tie_invariant) ... ok\n"}
,{"stream_name":"stderr","time":30.562202564,"data":"test_classifier_group_bootstrap_reports_required_intervals (test_pipeline_audit_fixes.ReportingMetricTests.test_classifier_group_bootstrap_reports_required_intervals) ... ok\n"}
,{"stream_name":"stderr","time":30.562787914,"data":"test_normal_cases_are_not_mixed_into_main_tumor_dice (test_pipeline_audit_fixes.ReportingMetricTests.test_normal_cases_are_not_mixed_into_main_tumor_dice) ... ok\n"}
,{"stream_name":"stderr","time":30.563678557,"data":"test_one_to_one_lesion_matching_does_not_double_credit_merged_prediction (test_pipeline_audit_fixes.ReportingMetricTests.test_one_to_one_lesion_matching_does_not_double_credit_merged_prediction) ... ok\n"}
,{"stream_name":"stderr","time":30.563912534,"data":"test_pure_box_ignores_negative_points_and_passes_no_point_arrays (test_pipeline_audit_fixes.SAMPromptTests.test_pure_box_ignores_negative_points_and_passes_no_point_arrays) ... ok\n"}
,{"stream_name":"stderr","time":30.564489531,"data":"test_constant_zero_cam_produces_empty_support (test_pipeline_audit_fixes.TumorMorphologyTests.test_constant_zero_cam_produces_empty_support) ... ok\n"}
,{"stream_name":"stderr","time":30.564927514,"data":"test_flat_cam_does_not_create_corner_prompt (test_pipeline_audit_fixes.TumorMorphologyTests.test_flat_cam_does_not_create_corner_prompt) ... ok\n"}
,{"stream_name":"stderr","time":30.56494234,"data":"test_legacy_tumor_guidance_also_fails_closed_on_flat_cam (test_pipeline_audit_fixes.TumorMorphologyTests.test_legacy_tumor_guidance_also_fails_closed_on_flat_cam) ... ok\n"}
,{"stream_name":"stderr","time":30.583969949,"data":"test_negative_points_are_outside_positive_component (test_pipeline_audit_fixes.TumorMorphologyTests.test_negative_points_are_outside_positive_component) ... ok\n"}
,{"stream_name":"stderr","time":30.583986601,"data":"test_non_finite_cam_does_not_create_prompt (test_pipeline_audit_fixes.TumorMorphologyTests.test_non_finite_cam_does_not_create_prompt) ... ok\n"}
,{"stream_name":"stderr","time":30.583991618,"data":"\n"}
,{"stream_name":"stderr","time":30.5839952,"data":"----------------------------------------------------------------------\n"}
,{"stream_name":"stderr","time":30.583999078,"data":"Ran 29 tests in 0.102s\n"}
,{"stream_name":"stderr","time":30.5840028,"data":"\n"}
,{"stream_name":"stderr","time":30.584006307,"data":"OK\n"}
,{"stream_name":"stdout","time":30.640495052,"data":"RUN [\"/usr/bin/python3\", \"-m\", \"pip\", \"install\", \"--disable-pip-version-check\", \"--no-input\", \"--no-deps\", \"git+https://github.com/facebookresearch/segment-anything.git@6fdee8f2727f4506cfbbe553e23b895e27956588\"]\n"}
,{"stream_name":"stdout","time":32.919532854,"data":"Collecting git+https://github.com/facebookresearch/segment-anything.git@6fdee8f2727f4506cfbbe553e23b895e27956588\n"}
,{"stream_name":"stdout","time":32.920635752,"data":"  Cloning https://github.com/facebookresearch/segment-anything.git (to revision 6fdee8f2727f4506cfbbe553e23b895e27956588) to /tmp/pip-req-build-m59n3f2b\n"}
,{"stream_name":"stderr","time":32.924576635,"data":"  Running command git clone --filter=blob:none --quiet https://github.com/facebookresearch/segment-anything.git /tmp/pip-req-build-m59n3f2b\n"}
,{"stream_name":"stderr","time":35.074290354,"data":"  Running command git rev-parse -q --verify 'sha^6fdee8f2727f4506cfbbe553e23b895e27956588'\n"}
,{"stream_name":"stderr","time":35.077015067,"data":"  Running command git fetch -q https://github.com/facebookresearch/segment-anything.git 6fdee8f2727f4506cfbbe553e23b895e27956588\n"}
,{"stream_name":"stderr","time":35.294245996,"data":"  Running command git checkout -q 6fdee8f2727f4506cfbbe553e23b895e27956588\n"}
,{"stream_name":"stdout","time":35.626290938,"data":"  Resolved https://github.com/facebookresearch/segment-anything.git to commit 6fdee8f2727f4506cfbbe553e23b895e27956588\n"}
,{"stream_name":"stdout","time":35.633699935,"data":"  Preparing metadata (setup.py): started\n"}
,{"stream_name":"stdout","time":36.503289914,"data":"  Preparing metadata (setup.py): finished with status 'done'\n"}
,{"stream_name":"stdout","time":42.147168609,"data":"RUN [\"/usr/bin/python3\", \"/kaggle/input/datasets/itsthang333/btxrd-small-lesion-research-v7/project/generate_pseudo_masks.py\", \"--pipeline-profile\", \"default\", \"--data-root\", \"/kaggle/input/datasets/itsthang333/btxrd-raw/BTXRD\", \"--split\", \"val\", \"--split-manifest\", \"/kaggle/input/datasets/itsthang333/btxrd-small-lesion-research-v7/split_manifest.csv\", \"--classifier-checkpoint\", \"/kaggle/input/notebooks/itsthang333/btxrd-clean-binary-classifier-448/btxrd_clean_binary_classifier_448/training/best_classifier.pt\", \"--sam-checkpoint\", \"/kaggle/input/datasets/itsthang333/btxrd-model-checkpoints/btxrd-model-checkpoints/sam_vit_b_01ec64.pth\", \"--classifier-device\", \"cuda\", \"--sam-device\", \"cuda\", \"--target-columns\", \"tumor\", \"--image-size\", \"448\", \"--sam-image-size\", \"512\", \"--batch-size\", \"1\", \"--num-workers\", \"2\", \"--output-dir\", \"/kaggle/working/btxrd_binary_cam_sam_classifier448/ground_truth/pseudo_masks\", \"--process-all\", \"--save-visuals-limit\", \"0\", \"--confidence-threshold\", \"0.5\", \"--cam-percentile\", \"90\", \"--cam-percentile-ensemble\", \"--cam-percentile-values\", \"85,90,95\", \"--cam-tta-flip\", \"--max-points\", \"5\", \"--min-component-area\", \"196\", \"--mask-score-threshold\", \"0.4\", \"--seed-percentile\", \"82\", \"--support-percentile\", \"55\", \"--morphology-fusion-mode\", \"components\", \"--sam-prompt-mode\", \"box_point\", \"--sam-prompt-ensemble\", \"--max-components\", \"3\", \"--all-cam-components\", \"--points-per-component\", \"5\", \"--bbox-padding-ratio\", \"0.02\", \"--negative-points-per-component\", \"4\", \"--prompt-border-margin\", \"3\", \"--max-box-area-ratio\", \"0.35\", \"--layercam-weights\", \"0.20,0.30,0.50\", \"--layercam-gradient-mode\", \"positive\", \"--selection-method\", \"coverage_mass_sam\", \"--fusion-topk\", \"1\", \"--component-topk\", \"3\", \"--support-clip-kernel\", \"7\", \"--closing-kernel\", \"0\", \"--opening-kernel\", \"0\", \"--min-size\", \"78\", \"--max-hole-area\", \"0\", \"--guidance-threshold\", \"0.4\", \"--preprocessing-mode\", \"none\", \"--cam-aggregation\", \"class\", \"--low-score-policy\", \"empty\", \"--cam-target-class\", \"ground_truth\", \"--evaluate-prompt-quality\"]\n"}
,{"stream_name":"stdout","time":46.140443172,"data":"Loaded classifier checkpoint task=multi-label normalization=imagenet\n"}
,{"stream_name":"stdout","time":89.773596584,"data":"Loaded 371 ground-truth masks for prompt-quality evaluation\n"}
,{"stream_name":"stderr","time":91.000172044,"data":"/kaggle/input/datasets/itsthang333/btxrd-small-lesion-research-v7/project/models/classifier.py:54: FutureWarning: `torch.cuda.amp.autocast(args...)` is deprecated. Please use `torch.amp.autocast('cuda', args...)` instead.\n"}
,{"stream_name":"stderr","time":91.00020154,"data":"  with torch.cuda.amp.autocast(enabled=False):\n"}
,{"stream_name":"stdout","time":460.197307153,"data":"\n"}
,{"stream_name":"stdout","time":460.197341941,"data":"Done: full dataset. Masks saved to /kaggle/working/btxrd_binary_cam_sam_classifier448/ground_truth/pseudo_masks/masks (skipped 187 normal/low-confidence images)\n"}
,{"stream_name":"stdout","time":460.197526664,"data":"Saved list of 187 skipped image names to /kaggle/working/btxrd_binary_cam_sam_classifier448/ground_truth/pseudo_masks/skipped_low_confidence.txt\n"}
,{"stream_name":"stdout","time":461.553194872,"data":"Pseudo-mask completeness: 371/371 rows; manifest_sha256=11a0439bb739bde563ad6d0ccf73d0fe66aac42f0c71686ccef0f1969187f40e\n"}
,{"stream_name":"stdout","time":461.556993425,"data":"Prompt quality (184 images with GT): mean foreground_iou=0.0753 mean foreground_recall=0.7688 mean foreground_precision=0.0817 mean point_hit_rate=0.2692 mean negative_rejection=0.9758 mean box_recall=0.8379\n"}
,{"stream_name":"stdout","time":461.557180387,"data":"SAM-vs-selection oracle diagnostic (total gap decomposed into support-clip loss vs. mask-selection loss): mean oracle_best_single_dice=0.4346 mean oracle_best_single_dice_clipped=0.4100 mean selected_dice=0.2281 mean total_gap=0.2065 mean support_loss=0.0246 mean selection_loss=0.1819 mean final_dice=0.2296 mean postprocess_delta=0.0015 (large support_loss =\u003e bone_support under-covers the lesion, fix morphology seed/support percentiles, not mask_selection.py; large selection_loss =\u003e bone_hybrid scoring is discarding a good clipped candidate, fix mask_selection.py)\n"}
,{"stream_name":"stdout","time":461.55721657,"data":"\n"}
,{"stream_name":"stdout","time":461.557226466,"data":"Oracle Dice by tumor_type (breaks down where CAM localization fails):\n"}
,{"stream_name":"stdout","time":461.557297707,"data":"  osteochondroma               n=  75  mean_oracle_dice=0.2896\n"}
,{"stream_name":"stdout","time":461.557303748,"data":"  osteosarcoma                 n=  30  mean_oracle_dice=0.6064\n"}
,{"stream_name":"stdout","time":461.557307517,"data":"  multiple osteochondromas     n=  26  mean_oracle_dice=0.5090\n"}
,{"stream_name":"stdout","time":461.557311084,"data":"  simple bone cyst             n=  20  mean_oracle_dice=0.5140\n"}
,{"stream_name":"stdout","time":461.55731464,"data":"  other bt                     n=  11  mean_oracle_dice=0.2669\n"}
,{"stream_name":"stdout","time":461.557318379,"data":"  giant cell tumor             n=   9  mean_oracle_dice=0.5593\n"}
,{"stream_name":"stdout","time":461.557331504,"data":"  synovial osteochondroma      n=   5  mean_oracle_dice=0.8221\n"}
,{"stream_name":"stdout","time":461.557335384,"data":"  other mt                     n=   4  mean_oracle_dice=0.6880\n"}
,{"stream_name":"stdout","time":461.557339582,"data":"  osteofibroma                 n=   4  mean_oracle_dice=0.4292\n"}
,{"stream_name":"stdout","time":461.557344169,"data":"Saved per-image prompt-quality metrics to /kaggle/working/btxrd_binary_cam_sam_classifier448/ground_truth/pseudo_masks/prompt_quality.csv\n"}
,{"stream_name":"stdout","time":462.679018238,"data":"RUN [\"/usr/bin/python3\", \"/kaggle/input/datasets/itsthang333/btxrd-small-lesion-research-v7/project/evaluate_pseudo_masks.py\", \"--data-root\", \"/kaggle/input/datasets/itsthang333/btxrd-raw/BTXRD\", \"--split\", \"val\", \"--split-manifest\", \"/kaggle/input/datasets/itsthang333/btxrd-small-lesion-research-v7/split_manifest.csv\", \"--pred-mask-root\", \"/kaggle/working/btxrd_binary_cam_sam_classifier448/ground_truth/pseudo_masks/masks\", \"--image-size\", \"448\", \"--batch-size\", \"8\", \"--num-workers\", \"2\", \"--output-csv\", \"/kaggle/working/btxrd_binary_cam_sam_classifier448/ground_truth/evaluation/per_image.csv\", \"--output-json\", \"/kaggle/working/btxrd_binary_cam_sam_classifier448/ground_truth/evaluation/summary.json\", \"--bootstrap-iterations\", \"2000\", \"--bootstrap-seed\", \"42\"]\n"}
,{"stream_name":"stdout","time":480.653740266,"data":"Validated pseudo-mask manifest: 11a0439bb739bde563ad6d0ccf73d0fe66aac42f0c71686ccef0f1969187f40e\n"}
,{"stream_name":"stdout","time":480.661174301,"data":"Pseudo-mask protocol: ground_truth\n"}
,{"stream_name":"stdout","time":480.661212028,"data":"Loaded 187 low-confidence-skipped image names\n"}
,{"stream_name":"stdout","time":496.150860908,"data":"btxrd val: tumor images=184 (image-gate skips=0) conditional Dice=0.2296 end-to-end Dice=0.2296 | normal empty_prediction_rate=1.0000 | missing=0\n"}
,{"stream_name":"stdout","time":496.150921261,"data":"Saved separate per-image, summary, subgroup, bootstrap, confusion and run-manifest artifacts\n"}
,{"stream_name":"stdout","time":499.629061841,"data":"{\n"}
,{"stream_name":"stdout","time":499.629090769,"data":"  \"run_id\": \"btxrd_binary_cam_sam_classifier448_v1\",\n"}
,{"stream_name":"stdout","time":499.629096288,"data":"  \"status\": \"complete\",\n"}
,{"stream_name":"stdout","time":499.629109851,"data":"  \"test_evaluated\": false,\n"}
,{"stream_name":"stdout","time":499.629114098,"data":"  \"split_manifest_sha256\": \"85511ee1bd1339c7b6b4f527acc504869da935997fd6b2485042edd619193c8c\",\n"}
,{"stream_name":"stdout","time":499.629118173,"data":"  \"classifier_checkpoint_sha256\": \"bb70912c179bda8cc32498b6bf8c405f11d46a37143cb4577a9986a838cec45c\",\n"}
,{"stream_name":"stdout","time":499.629121516,"data":"  \"sam_checkpoint_sha256\": \"ec2df62732614e57411cdcf32a23ffdf28910380d03139ee0f4fcbe91eb8c912\",\n"}
,{"stream_name":"stdout","time":499.629125421,"data":"  \"baseline\": {\n"}
,{"stream_name":"stdout","time":499.629128727,"data":"    \"run_id\": \"btxrd_binary_cam_sam_tta_flip_v1\",\n"}
,{"stream_name":"stdout","time":499.629132024,"data":"    \"per_image_sha256\": \"fe5cf247cd236799de9e279db342314c11ff65fdb065cda26986c302efd05540\",\n"}
,{"stream_name":"stdout","time":499.629135453,"data":"    \"mean_tumor_dice\": 0.23433922219069755\n"}
,{"stream_name":"stdout","time":499.629138963,"data":"  },\n"}
,{"stream_name":"stdout","time":499.629142321,"data":"  \"candidate_mean_tumor_dice\": 0.22960199799064948,\n"}
,{"stream_name":"stdout","time":499.629145781,"data":"  \"lesion_size_diagnostics\": {\n"}
,{"stream_name":"stdout","time":499.62914911,"data":"    \"small\": {\n"}
,{"stream_name":"stdout","time":499.629152294,"data":"      \"definition\": \"frozen baseline validation tumor gt_area_ratio \u003c 0.01\",\n"}
,{"stream_name":"stdout","time":499.629156156,"data":"      \"diagnostic_only_never_inference_input\": true,\n"}
,{"stream_name":"stdout","time":499.629159354,"data":"      \"images\": 94,\n"}
,{"stream_name":"stdout","time":499.629165468,"data":"      \"baseline_mean_dice\": 0.1121634039404338,\n"}
,{"stream_name":"stdout","time":499.629169069,"data":"      \"candidate_mean_dice\": 0.11404884654207659,\n"}
,{"stream_name":"stdout","time":499.629172456,"data":"      \"delta\": 0.0018854426016427922\n"}
,{"stream_name":"stdout","time":499.629175751,"data":"    },\n"}
,{"stream_name":"stdout","time":499.629178987,"data":"    \"medium\": {\n"}
,{"stream_name":"stdout","time":499.629182246,"data":"      \"definition\": \"frozen baseline validation tumor 0.01 \u003c= gt_area_ratio \u003c 0.05\",\n"}
,{"stream_name":"stdout","time":499.62918622,"data":"      \"diagnostic_only_never_inference_input\": true,\n"}
,{"stream_name":"stdout","time":499.629189614,"data":"      \"images\": 72,\n"}
,{"stream_name":"stdout","time":499.629192885,"data":"      \"baseline_mean_dice\": 0.34860371437700266,\n"}
,{"stream_name":"stdout","time":499.629196136,"data":"      \"candidate_mean_dice\": 0.35018725245984067,\n"}
,{"stream_name":"stdout","time":499.629199509,"data":"      \"delta\": 0.0015835380828380097\n"}
,{"stream_name":"stdout","time":499.629202677,"data":"    },\n"}
,{"stream_name":"stdout","time":499.629206233,"data":"    \"large\": {\n"}
,{"stream_name":"stdout","time":499.629209719,"data":"      \"definition\": \"frozen baseline validation tumor gt_area_ratio \u003e= 0.05\",\n"}
,{"stream_name":"stdout","time":499.629213437,"data":"      \"diagnostic_only_never_inference_input\": true,\n"}
,{"stream_name":"stdout","time":499.629216651,"data":"      \"images\": 18,\n"}
,{"stream_name":"stdout","time":499.629219799,"data":"      \"baseline_mean_dice\": 0.4153105265301879,\n"}
,{"stream_name":"stdout","time":499.629223403,"data":"      \"candidate_mean_dice\": 0.3507052154564321,\n"}
,{"stream_name":"stdout","time":499.629226775,"data":"      \"delta\": -0.06460531107375583\n"}
,{"stream_name":"stdout","time":499.629230188,"data":"    }\n"}
,{"stream_name":"stdout","time":499.629236656,"data":"  },\n"}
,{"stream_name":"stdout","time":499.629257295,"data":"  \"paired_vs_promoted_tta\": {\n"}
,{"stream_name":"stdout","time":499.629260553,"data":"    \"method\": \"paired nonparametric bootstrap resampling complete tumor groups\",\n"}
,{"stream_name":"stdout","time":499.629264078,"data":"    \"tumor_groups\": 167,\n"}
,{"stream_name":"stdout","time":499.629267806,"data":"    \"tumor_images\": 184,\n"}
,{"stream_name":"stdout","time":499.629271369,"data":"    \"iterations\": 10000,\n"}
,{"stream_name":"stdout","time":499.629274885,"data":"    \"seed\": 42,\n"}
,{"stream_name":"stdout","time":499.629278321,"data":"    \"mean_tumor_dice_delta\": -0.00473722420004807,\n"}
,{"stream_name":"stdout","time":499.629281985,"data":"    \"ci95_low\": -0.04150315826547935,\n"}
,{"stream_name":"stdout","time":499.629285537,"data":"    \"ci95_high\": 0.032055769379261974\n"}
,{"stream_name":"stdout","time":499.629289123,"data":"  },\n"}
,{"stream_name":"stdout","time":499.629294103,"data":"  \"promotion_rule\": \"candidate mean_tumor_dice exceeds promoted TTA baseline and paired tumor-group bootstrap ci95_low is above zero and the predeclared 94-image small-lesion mean does not decrease\",\n"}
,{"stream_name":"stdout","time":499.629298207,"data":"  \"promoted\": false,\n"}
,{"stream_name":"stdout","time":499.629301812,"data":"  \"protocol_results\": {\n"}
,{"stream_name":"stdout","time":499.629305298,"data":"    \"ground_truth\": {\n"}
,{"stream_name":"stdout","time":499.629308705,"data":"      \"evaluation\": {\n"}
,{"stream_name":"stdout","time":499.629312113,"data":"        \"dataset\": \"btxrd\",\n"}
,{"stream_name":"stdout","time":499.629315962,"data":"        \"split\": \"val\",\n"}
,{"stream_name":"stdout","time":499.629319729,"data":"        \"cam_target_class_protocol\": \"ground_truth\",\n"}
,{"stream_name":"stdout","time":499.629323775,"data":"        \"pred_mask_root\": \"/kaggle/working/btxrd_binary_cam_sam_classifier448/ground_truth/pseudo_masks/masks\",\n"}
,{"stream_name":"stdout","time":499.629327627,"data":"        \"boundary_distance_unit\": \"pixels on the resized evaluation grid\",\n"}
,{"stream_name":"stdout","time":499.629331175,"data":"        \"missing\": 0,\n"}
,{"stream_name":"stdout","time":499.629334702,"data":"        \"tumor_images_skipped_by_image_gate\": 0,\n"}
,{"stream_name":"stdout","time":499.629338163,"data":"        \"images\": 371,\n"}
,{"stream_name":"stdout","time":499.629341805,"data":"        \"tumor_images\": 184,\n"}
,{"stream_name":"stdout","time":499.629345407,"data":"        \"normal_images\": 187,\n"}
,{"stream_name":"stdout","time":499.629348877,"data":"        \"main_population\": \"tumor images only\",\n"}
,{"stream_name":"stdout","time":499.629352424,"data":"        \"mean_tumor_dice\": 0.22960199799064948,\n"}
,{"stream_name":"stdout","time":499.629356046,"data":"        \"mean_tumor_iou\": 0.16420361652562526,\n"}
,{"stream_name":"stdout","time":499.629359857,"data":"        \"mean_tumor_precision\": 0.21343114544367528,\n"}
,{"stream_name":"stdout","time":499.629363479,"data":"        \"mean_tumor_recall\": 0.5142101136840934,\n"}
,{"stream_name":"stdout","time":499.629366951,"data":"        \"mean_tumor_hd95_px_conditional_defined\": 146.93723010014807,\n"}
,{"stream_name":"stdout","time":499.629370551,"data":"        \"mean_tumor_assd_px_conditional_defined\": 78.12819351217193,\n"}
,{"stream_name":"stdout","time":499.629374102,"data":"        \"boundary_metric_definition\": \"conditional mean over tumor images with both GT and prediction non-empty; distances are pixels on the resized evaluation grid (not mm); complete misses are excluded and counted separately\",\n"}
,{"stream_name":"stdout","time":499.629381651,"data":"        \"boundary_metric_eligible_tumor_images\": 182,\n"}
,{"stream_name":"stdout","time":499.629385776,"data":"        \"boundary_metric_excluded_tumor_images\": 2,\n"}
,{"stream_name":"stdout","time":499.629389243,"data":"        \"boundary_metric_complete_misses\": 2,\n"}
,{"stream_name":"stdout","time":499.629393164,"data":"        \"tumor_non_empty_prediction_rate\": 0.9891304347826086,\n"}
,{"stream_name":"stdout","time":499.629396603,"data":"        \"tumor_overlap_detection_rate\": 0.7336956521739131,\n"}
,{"stream_name":"stdout","time":499.629400236,"data":"        \"lesion_any_overlap_recall\": 0.6563876651982379,\n"}
,{"stream_name":"stdout","time":499.629403689,"data":"        \"lesion_any_overlap_precision\": 0.45426829268292684,\n"}
,{"stream_name":"stdout","time":499.629415829,"data":"        \"gt_lesions\": 227,\n"}
,{"stream_name":"stdout","time":499.629419559,"data":"        \"detected_lesions_any_overlap\": 149,\n"}
,{"stream_name":"stdout","time":499.629423219,"data":"        \"predicted_lesions\": 328,\n"}
,{"stream_name":"stdout","time":499.629426654,"data":"        \"multifocal_tumor_images\": 22,\n"}
,{"stream_name":"stdout","time":499.629430227,"data":"        \"multifocal_tumor_image_rate\": 0.11956521739130435,\n"}
,{"stream_name":"stdout","time":499.629433967,"data":"        \"gt_component_count_histogram\": {\n"}
,{"stream_name":"stdout","time":499.629437597,"data":"          \"1\": 162,\n"}
,{"stream_name":"stdout","time":499.629441227,"data":"          \"2\": 11,\n"}
,{"stream_name":"stdout","time":499.62944476,"data":"          \"3\": 5,\n"}
,{"stream_name":"stdout","time":499.629448283,"data":"          \"4\": 4,\n"}
,{"stream_name":"stdout","time":499.629451695,"data":"          \"5\": 1,\n"}
,{"stream_name":"stdout","time":499.629454999,"data":"          \"7\": 1\n"}
,{"stream_name":"stdout","time":499.629458546,"data":"        },\n"}
,{"stream_name":"stdout","time":499.62946388,"data":"        \"normal_empty_prediction_rate\": 1.0,\n"}
,{"stream_name":"stdout","time":499.62946759,"data":"        \"normal_false_positive_case_rate\": 0.0,\n"}
,{"stream_name":"stdout","time":499.629471104,"data":"        \"pixel_specificity\": 0.9817839320318412,\n"}
,{"stream_name":"stdout","time":499.629474594,"data":"        \"pixel_precision\": 0.184606919738155,\n"}
,{"stream_name":"stdout","time":499.629478036,"data":"        \"pixel_recall\": 0.40285838105474364,\n"}
,{"stream_name":"stdout","time":499.629482161,"data":"        \"tp_pixels\": 303978,\n"}
,{"stream_name":"stdout","time":499.629485531,"data":"        \"fp_pixels\": 1342645,\n"}
,{"stream_name":"stdout","time":499.629488927,"data":"        \"fn_pixels\": 450575,\n"}
,{"stream_name":"stdout","time":499.629492276,"data":"        \"tn_pixels\": 72363986,\n"}
,{"stream_name":"stdout","time":499.629495797,"data":"        \"lesion_one_to_one_iou10_recall\": 0.3832599118942731,\n"}
,{"stream_name":"stdout","time":499.629499666,"data":"        \"lesion_one_to_one_iou10_precision\": 0.2652439024390244,\n"}
,{"stream_name":"stdout","time":499.629503141,"data":"        \"lesion_one_to_one_iou10_f1\": 0.31351351351351353,\n"}
,{"stream_name":"stdout","time":499.629506681,"data":"        \"lesion_tp_one_to_one_iou10\": 87,\n"}
,{"stream_name":"stdout","time":499.629510093,"data":"        \"lesion_one_to_one_iou25_recall\": 0.28193832599118945,\n"}
,{"stream_name":"stdout","time":499.629513759,"data":"        \"lesion_one_to_one_iou25_precision\": 0.1951219512195122,\n"}
,{"stream_name":"stdout","time":499.629517399,"data":"        \"lesion_one_to_one_iou25_f1\": 0.23063063063063063,\n"}
,{"stream_name":"stdout","time":499.629524959,"data":"        \"lesion_tp_one_to_one_iou25\": 64,\n"}
,{"stream_name":"stdout","time":499.629528593,"data":"        \"lesion_one_to_one_iou50_recall\": 0.11013215859030837,\n"}
,{"stream_name":"stdout","time":499.629532146,"data":"        \"lesion_one_to_one_iou50_precision\": 0.07621951219512195,\n"}
,{"stream_name":"stdout","time":499.629535603,"data":"        \"lesion_one_to_one_iou50_f1\": 0.09009009009009009,\n"}
,{"stream_name":"stdout","time":499.629539095,"data":"        \"lesion_tp_one_to_one_iou50\": 25,\n"}
,{"stream_name":"stdout","time":499.629543307,"data":"        \"lesion_matching_definition\": \"maximum-cardinality one-to-one connected-component matching at IoU thresholds 0.10, 0.25, 0.50\",\n"}
,{"stream_name":"stdout","time":499.629547073,"data":"        \"end_to_end\": {\n"}
,{"stream_name":"stdout","time":499.629550355,"data":"          \"images\": 371,\n"}
,{"stream_name":"stdout","time":499.629553789,"data":"          \"tumor_images\": 184,\n"}
,{"stream_name":"stdout","time":499.629557442,"data":"          \"normal_images\": 187,\n"}
,{"stream_name":"stdout","time":499.629560833,"data":"          \"main_population\": \"tumor images only\",\n"}
,{"stream_name":"stdout","time":499.629564613,"data":"          \"mean_tumor_dice\": 0.22960199799064948,\n"}
,{"stream_name":"stdout","time":499.629568115,"data":"          \"mean_tumor_iou\": 0.16420361652562526,\n"}
,{"stream_name":"stdout","time":499.62957152,"data":"          \"mean_tumor_precision\": 0.21343114544367528,\n"}
,{"stream_name":"stdout","time":499.629574973,"data":"          \"mean_tumor_recall\": 0.5142101136840934,\n"}
,{"stream_name":"stdout","time":499.629578588,"data":"          \"mean_tumor_hd95_px_conditional_defined\": 146.93723010014807,\n"}
,{"stream_name":"stdout","time":499.629582467,"data":"          \"mean_tumor_assd_px_conditional_defined\": 78.12819351217193,\n"}
,{"stream_name":"stdout","time":499.629586268,"data":"          \"boundary_metric_definition\": \"conditional mean over tumor images with both GT and prediction non-empty; distances are pixels on the resized evaluation grid (not mm); complete misses are excluded and counted separately\",\n"}
,{"stream_name":"stdout","time":499.629590369,"data":"          \"boundary_metric_eligible_tumor_images\": 182,\n"}
,{"stream_name":"stdout","time":499.629593934,"data":"          \"boundary_metric_excluded_tumor_images\": 2,\n"}
,{"stream_name":"stdout","time":499.629597425,"data":"          \"boundary_metric_complete_misses\": 2,\n"}
,{"stream_name":"stdout","time":499.629601803,"data":"          \"tumor_non_empty_prediction_rate\": 0.9891304347826086,\n"}
,{"stream_name":"stdout","time":499.629605479,"data":"          \"tumor_overlap_detection_rate\": 0.7336956521739131,\n"}
,{"stream_name":"stdout","time":499.629609157,"data":"          \"lesion_any_overlap_recall\": 0.6563876651982379,\n"}
,{"stream_name":"stdout","time":499.629612801,"data":"          \"lesion_any_overlap_precision\": 0.45426829268292684,\n"}
,{"stream_name":"stdout","time":499.629616434,"data":"          \"gt_lesions\": 227,\n"}
,{"stream_name":"stdout","time":499.629620379,"data":"          \"detected_lesions_any_overlap\": 149,\n"}
,{"stream_name":"stdout","time":499.629623826,"data":"          \"predicted_lesions\": 328,\n"}
,{"stream_name":"stdout","time":499.629627141,"data":"          \"multifocal_tumor_images\": 22,\n"}
,{"stream_name":"stdout","time":499.629630646,"data":"          \"multifocal_tumor_image_rate\": 0.11956521739130435,\n"}
,{"stream_name":"stdout","time":499.629634172,"data":"          \"gt_component_count_histogram\": {\n"}
,{"stream_name":"stdout","time":499.629640845,"data":"            \"1\": 162,\n"}
,{"stream_name":"stdout","time":499.629644304,"data":"            \"2\": 11,\n"}
,{"stream_name":"stdout","time":499.629647697,"data":"            \"3\": 5,\n"}
,{"stream_name":"stdout","time":499.629651442,"data":"            \"4\": 4,\n"}
,{"stream_name":"stdout","time":499.629654784,"data":"            \"5\": 1,\n"}
,{"stream_name":"stdout","time":499.629658359,"data":"            \"7\": 1\n"}
,{"stream_name":"stdout","time":499.629661762,"data":"          },\n"}
,{"stream_name":"stdout","time":499.629664941,"data":"          \"normal_empty_prediction_rate\": 1.0,\n"}
,{"stream_name":"stdout","time":499.629668487,"data":"          \"normal_false_positive_case_rate\": 0.0,\n"}
,{"stream_name":"stdout","time":499.62967201,"data":"          \"pixel_specificity\": 0.9817839320318412,\n"}
,{"stream_name":"stdout","time":499.629675603,"data":"          \"pixel_precision\": 0.184606919738155,\n"}
,{"stream_name":"stdout","time":499.629679269,"data":"          \"pixel_recall\": 0.40285838105474364,\n"}
,{"stream_name":"stdout","time":499.629683,"data":"          \"tp_pixels\": 303978,\n"}
,{"stream_name":"stdout","time":499.629686734,"data":"          \"fp_pixels\": 1342645,\n"}
,{"stream_name":"stdout","time":499.629689985,"data":"          \"fn_pixels\": 450575,\n"}
,{"stream_name":"stdout","time":499.629693576,"data":"          \"tn_pixels\": 72363986,\n"}
,{"stream_name":"stdout","time":499.629697159,"data":"          \"lesion_one_to_one_iou10_recall\": 0.3832599118942731,\n"}
,{"stream_name":"stdout","time":499.629700739,"data":"          \"lesion_one_to_one_iou10_precision\": 0.2652439024390244,\n"}
,{"stream_name":"stdout","time":499.629704381,"data":"          \"lesion_one_to_one_iou10_f1\": 0.31351351351351353,\n"}
,{"stream_name":"stdout","time":499.629707946,"data":"          \"lesion_tp_one_to_one_iou10\": 87,\n"}
,{"stream_name":"stdout","time":499.629711443,"data":"          \"lesion_one_to_one_iou25_recall\": 0.28193832599118945,\n"}
,{"stream_name":"stdout","time":499.629715437,"data":"          \"lesion_one_to_one_iou25_precision\": 0.1951219512195122,\n"}
,{"stream_name":"stdout","time":499.629718968,"data":"          \"lesion_one_to_one_iou25_f1\": 0.23063063063063063,\n"}
,{"stream_name":"stdout","time":499.629722445,"data":"          \"lesion_tp_one_to_one_iou25\": 64,\n"}
,{"stream_name":"stdout","time":499.629725972,"data":"          \"lesion_one_to_one_iou50_recall\": 0.11013215859030837,\n"}
,{"stream_name":"stdout","time":499.629729571,"data":"          \"lesion_one_to_one_iou50_precision\": 0.07621951219512195,\n"}
,{"stream_name":"stdout","time":499.629733286,"data":"          \"lesion_one_to_one_iou50_f1\": 0.09009009009009009,\n"}
,{"stream_name":"stdout","time":499.629736954,"data":"          \"lesion_tp_one_to_one_iou50\": 25,\n"}
,{"stream_name":"stdout","time":499.629740568,"data":"          \"lesion_matching_definition\": \"maximum-cardinality one-to-one connected-component matching at IoU thresholds 0.10, 0.25, 0.50\"\n"}
,{"stream_name":"stdout","time":499.629744439,"data":"        },\n"}
,{"stream_name":"stdout","time":499.629747772,"data":"        \"cam_sam_conditional_tumor_only\": {\n"}
,{"stream_name":"stdout","time":499.629751315,"data":"          \"images\": 184,\n"}
,{"stream_name":"stdout","time":499.629754726,"data":"          \"tumor_images\": 184,\n"}
,{"stream_name":"stdout","time":499.62975816,"data":"          \"normal_images\": 0,\n"}
,{"stream_name":"stdout","time":499.629761749,"data":"          \"main_population\": \"tumor images only\",\n"}
,{"stream_name":"stdout","time":499.629765723,"data":"          \"mean_tumor_dice\": 0.22960199799064948,\n"}
,{"stream_name":"stdout","time":499.629772119,"data":"          \"mean_tumor_iou\": 0.16420361652562526,\n"}
,{"stream_name":"stdout","time":499.629775943,"data":"          \"mean_tumor_precision\": 0.21343114544367528,\n"}
,{"stream_name":"stdout","time":499.629779546,"data":"          \"mean_tumor_recall\": 0.5142101136840934,\n"}
,{"stream_name":"stdout","time":499.629782873,"data":"          \"mean_tumor_hd95_px_conditional_defined\": 146.93723010014807,\n"}
,{"stream_name":"stdout","time":499.629786403,"data":"          \"mean_tumor_assd_px_conditional_defined\": 78.12819351217193,\n"}
,{"stream_name":"stdout","time":499.629790153,"data":"          \"boundary_metric_definition\": \"conditional mean over tumor images with both GT and prediction non-empty; distances are pixels on the resized evaluation grid (not mm); complete misses are excluded and counted separately\",\n"}
,{"stream_name":"stdout","time":499.629794093,"data":"          \"boundary_metric_eligible_tumor_images\": 182,\n"}
,{"stream_name":"stdout","time":499.629797783,"data":"          \"boundary_metric_excluded_tumor_images\": 2,\n"}
,{"stream_name":"stdout","time":499.629801304,"data":"          \"boundary_metric_complete_misses\": 2,\n"}
,{"stream_name":"stdout","time":499.629804823,"data":"          \"tumor_non_empty_prediction_rate\": 0.9891304347826086,\n"}
,{"stream_name":"stdout","time":499.629808515,"data":"          \"tumor_overlap_detection_rate\": 0.7336956521739131,\n"}
,{"stream_name":"stdout","time":499.629812212,"data":"          \"lesion_any_overlap_recall\": 0.6563876651982379,\n"}
,{"stream_name":"stdout","time":499.629815843,"data":"          \"lesion_any_overlap_precision\": 0.45426829268292684,\n"}
,{"stream_name":"stdout","time":499.629819266,"data":"          \"gt_lesions\": 227,\n"}
,{"stream_name":"stdout","time":499.629822902,"data":"          \"detected_lesions_any_overlap\": 149,\n"}
,{"stream_name":"stdout","time":499.629826665,"data":"          \"predicted_lesions\": 328,\n"}
,{"stream_name":"stdout","time":499.62983024,"data":"          \"multifocal_tumor_images\": 22,\n"}
,{"stream_name":"stdout","time":499.629833539,"data":"          \"multifocal_tumor_image_rate\": 0.11956521739130435,\n"}
,{"stream_name":"stdout","time":499.629837183,"data":"          \"gt_component_count_histogram\": {\n"}
,{"stream_name":"stdout","time":499.629840497,"data":"            \"1\": 162,\n"}
,{"stream_name":"stdout","time":499.629843881,"data":"            \"2\": 11,\n"}
,{"stream_name":"stdout","time":499.629847214,"data":"            \"3\": 5,\n"}
,{"stream_name":"stdout","time":499.629850981,"data":"            \"4\": 4,\n"}
,{"stream_name":"stdout","time":499.629854689,"data":"            \"5\": 1,\n"}
,{"stream_name":"stdout","time":499.629877219,"data":"            \"7\": 1\n"}
,{"stream_name":"stdout","time":499.629885699,"data":"          },\n"}
,{"stream_name":"stdout","time":499.629889651,"data":"          \"normal_empty_prediction_rate\": null,\n"}
,{"stream_name":"stdout","time":499.629892979,"data":"          \"normal_false_positive_case_rate\": null,\n"}
,{"stream_name":"stdout","time":499.629896411,"data":"          \"pixel_specificity\": 0.9628847095795456,\n"}
,{"stream_name":"stdout","time":499.629899785,"data":"          \"pixel_precision\": 0.184606919738155,\n"}
,{"stream_name":"stdout","time":499.629903145,"data":"          \"pixel_recall\": 0.40285838105474364,\n"}
,{"stream_name":"stdout","time":499.629906443,"data":"          \"tp_pixels\": 303978,\n"}
,{"stream_name":"stdout","time":499.629910489,"data":"          \"fp_pixels\": 1342645,\n"}
,{"stream_name":"stdout","time":499.629917643,"data":"          \"fn_pixels\": 450575,\n"}
,{"stream_name":"stdout","time":499.629921333,"data":"          \"tn_pixels\": 34832338,\n"}
,{"stream_name":"stdout","time":499.629925013,"data":"          \"lesion_one_to_one_iou10_recall\": 0.3832599118942731,\n"}
,{"stream_name":"stdout","time":499.629928717,"data":"          \"lesion_one_to_one_iou10_precision\": 0.2652439024390244,\n"}
,{"stream_name":"stdout","time":499.629932353,"data":"          \"lesion_one_to_one_iou10_f1\": 0.31351351351351353,\n"}
,{"stream_name":"stdout","time":499.629935965,"data":"          \"lesion_tp_one_to_one_iou10\": 87,\n"}
,{"stream_name":"stdout","time":499.629941327,"data":"          \"lesion_one_to_one_iou25_recall\": 0.28193832599118945,\n"}
,{"stream_name":"stdout","time":499.629945183,"data":"          \"lesion_one_to_one_iou25_precision\": 0.1951219512195122,\n"}
,{"stream_name":"stdout","time":499.629948537,"data":"          \"lesion_one_to_one_iou25_f1\": 0.23063063063063063,\n"}
,{"stream_name":"stdout","time":499.629952117,"data":"          \"lesion_tp_one_to_one_iou25\": 64,\n"}
,{"stream_name":"stdout","time":499.629955595,"data":"          \"lesion_one_to_one_iou50_recall\": 0.11013215859030837,\n"}
,{"stream_name":"stdout","time":499.629959333,"data":"          \"lesion_one_to_one_iou50_precision\": 0.07621951219512195,\n"}
,{"stream_name":"stdout","time":499.629962798,"data":"          \"lesion_one_to_one_iou50_f1\": 0.09009009009009009,\n"}
,{"stream_name":"stdout","time":499.629966197,"data":"          \"lesion_tp_one_to_one_iou50\": 25,\n"}
,{"stream_name":"stdout","time":499.629969655,"data":"          \"lesion_matching_definition\": \"maximum-cardinality one-to-one connected-component matching at IoU thresholds 0.10, 0.25, 0.50\"\n"}
,{"stream_name":"stdout","time":499.629973498,"data":"        }\n"}
,{"stream_name":"stdout","time":499.629977025,"data":"      },\n"}
,{"stream_name":"stdout","time":499.629980561,"data":"      \"prompt_quality\": {\n"}
,{"stream_name":"stdout","time":499.629983841,"data":"        \"all_rows\": 184,\n"}
,{"stream_name":"stdout","time":499.629987371,"data":"        \"tumor_rows\": 184,\n"}
,{"stream_name":"stdout","time":499.629990777,"data":"        \"tumor_only_means\": {\n"}
,{"stream_name":"stdout","time":499.629994321,"data":"          \"foreground_iou\": 0.0753317668744884,\n"}
,{"stream_name":"stdout","time":499.629997701,"data":"          \"foreground_recall\": 0.768752455671105,\n"}
,{"stream_name":"stdout","time":499.630001334,"data":"          \"foreground_precision\": 0.08167549592997346,\n"}
,{"stream_name":"stdout","time":499.630004879,"data":"          \"point_hit_rate\": 0.2691665858182276,\n"}
,{"stream_name":"stdout","time":499.630008213,"data":"          \"negative_rejection_rate\": 0.9757814372834257,\n"}
,{"stream_name":"stdout","time":499.630011767,"data":"          \"box_recall\": 0.8378859469619404,\n"}
,{"stream_name":"stdout","time":499.630015075,"data":"          \"box_precision\": 0.06036284793087865,\n"}
,{"stream_name":"stdout","time":499.6300185,"data":"          \"oracle_best_single_dice\": 0.4346305362280568,\n"}
,{"stream_name":"stdout","time":499.630022373,"data":"          \"oracle_best_single_dice_clipped\": 0.40999944125226995,\n"}
,{"stream_name":"stdout","time":499.630025951,"data":"          \"selected_dice\": 0.22814192478995604,\n"}
,{"stream_name":"stdout","time":499.630029373,"data":"          \"oracle_gap_dice\": 0.20648861143810077,\n"}
,{"stream_name":"stdout","time":499.630033299,"data":"          \"support_loss_dice\": 0.024631094975786857,\n"}
,{"stream_name":"stdout","time":499.630036776,"data":"          \"selection_loss_dice\": 0.1818575164623139,\n"}
,{"stream_name":"stdout","time":499.630043734,"data":"          \"final_dice\": 0.2296019983346615,\n"}
,{"stream_name":"stdout","time":499.630047401,"data":"          \"final_iou\": 0.16420361691635074,\n"}
,{"stream_name":"stdout","time":499.630050733,"data":"          \"postprocess_delta_dice\": 0.0014600735447054675\n"}
,{"stream_name":"stdout","time":499.630054345,"data":"        }\n"}
,{"stream_name":"stdout","time":499.630057793,"data":"      },\n"}
,{"stream_name":"stdout","time":499.630061265,"data":"      \"run_metadata_sha256\": \"0f5558b66c0c7bc7bc146371020712bbe8e59a24e5d9ce636d8106576017a6af\",\n"}
,{"stream_name":"stdout","time":499.630065428,"data":"      \"pseudo_mask_manifest_sha256\": \"11a0439bb739bde563ad6d0ccf73d0fe66aac42f0c71686ccef0f1969187f40e\",\n"}
,{"stream_name":"stdout","time":499.630069108,"data":"      \"evaluation_per_image_sha256\": \"dc086958f8b89747eecedfda5268119b1f3008f931fe4a5fe1809d24c2db0c6a\"\n"}
,{"stream_name":"stdout","time":499.630073222,"data":"    }\n"}
,{"stream_name":"stdout","time":499.630076561,"data":"  }\n"}
,{"stream_name":"stdout","time":499.630079653,"data":"}\n"}
,{"stream_name":"stderr","time":502.493895477,"data":"/usr/local/lib/python3.12/dist-packages/mistune.py:435: SyntaxWarning: invalid escape sequence '\\|'\n"}
,{"stream_name":"stderr","time":502.493934174,"data":"  cells[i][c] = re.sub('\\\\\\\\\\|', '|', cell)\n"}
,{"stream_name":"stderr","time":502.779634919,"data":"/usr/local/lib/python3.12/dist-packages/nbconvert/filters/filter_links.py:36: SyntaxWarning: invalid escape sequence '\\_'\n"}
,{"stream_name":"stderr","time":502.779664458,"data":"  text = re.sub(r'_', '\\_', text) # Escape underscores in display text\n"}
,{"stream_name":"stderr","time":503.418895618,"data":"[NbConvertApp] Converting notebook __script__.ipynb to html\n"}
,{"stream_name":"stderr","time":504.78163886,"data":"[NbConvertApp] Writing 396993 bytes to __results__.html\n"}
]