[{"stream_name":"stdout","time":22.071264622,"data":"RUN [\"/usr/bin/python3\", \"-m\", \"pip\", \"install\", \"--disable-pip-version-check\", \"--no-input\", \"--no-deps\", \"git+https://github.com/facebookresearch/segment-anything.git@6fdee8f2727f4506cfbbe553e23b895e27956588\"]\n"}
,{"stream_name":"stdout","time":24.1862899,"data":"Collecting git+https://github.com/facebookresearch/segment-anything.git@6fdee8f2727f4506cfbbe553e23b895e27956588\n"}
,{"stream_name":"stdout","time":24.187527375,"data":"  Cloning https://github.com/facebookresearch/segment-anything.git (to revision 6fdee8f2727f4506cfbbe553e23b895e27956588) to /tmp/pip-req-build-8713x6jz\n"}
,{"stream_name":"stderr","time":24.207777974,"data":"  Running command git clone --filter=blob:none --quiet https://github.com/facebookresearch/segment-anything.git /tmp/pip-req-build-8713x6jz\n"}
,{"stream_name":"stderr","time":25.987896881,"data":"  Running command git rev-parse -q --verify 'sha^6fdee8f2727f4506cfbbe553e23b895e27956588'\n"}
,{"stream_name":"stderr","time":25.991223998,"data":"  Running command git fetch -q https://github.com/facebookresearch/segment-anything.git 6fdee8f2727f4506cfbbe553e23b895e27956588\n"}
,{"stream_name":"stderr","time":26.114719482,"data":"  Running command git checkout -q 6fdee8f2727f4506cfbbe553e23b895e27956588\n"}
,{"stream_name":"stdout","time":26.344689737,"data":"  Resolved https://github.com/facebookresearch/segment-anything.git to commit 6fdee8f2727f4506cfbbe553e23b895e27956588\n"}
,{"stream_name":"stdout","time":26.352360723,"data":"  Preparing metadata (setup.py): started\n"}
,{"stream_name":"stdout","time":27.373894106,"data":"  Preparing metadata (setup.py): finished with status 'done'\n"}
,{"stream_name":"stdout","time":31.213978017,"data":"RUN [\"/usr/bin/python3\", \"/kaggle/input/datasets/itsthang333/btxrd-small-lesion-research-v1/project/generate_pseudo_masks.py\", \"--pipeline-profile\", \"default\", \"--data-root\", \"/kaggle/input/datasets/itsthang333/btxrd-raw/BTXRD\", \"--split\", \"val\", \"--split-manifest\", \"/kaggle/input/datasets/itsthang333/btxrd-small-lesion-research-v1/split_manifest.csv\", \"--classifier-checkpoint\", \"/kaggle/input/notebooks/itsthang333/btxrd-clean-binary-classifier/btxrd_clean_binary_classifier/training/best_classifier.pt\", \"--sam-checkpoint\", \"/kaggle/input/datasets/itsthang333/btxrd-model-checkpoints/btxrd-model-checkpoints/sam_vit_b_01ec64.pth\", \"--classifier-device\", \"cuda\", \"--sam-device\", \"cuda\", \"--target-columns\", \"tumor\", \"--image-size\", \"320\", \"--sam-image-size\", \"512\", \"--batch-size\", \"1\", \"--num-workers\", \"2\", \"--output-dir\", \"/kaggle/working/btxrd_binary_cam_sam_prompt_hybrid/ground_truth/pseudo_masks\", \"--process-all\", \"--save-visuals-limit\", \"0\", \"--confidence-threshold\", \"0.5\", \"--cam-percentile\", \"90\", \"--cam-percentile-ensemble\", \"--cam-percentile-values\", \"85,90,95\", \"--max-points\", \"5\", \"--min-component-area\", \"100\", \"--mask-score-threshold\", \"0.4\", \"--seed-percentile\", \"82\", \"--support-percentile\", \"55\", \"--morphology-fusion-mode\", \"components\", \"--sam-prompt-mode\", \"box_point\", \"--sam-prompt-ensemble\", \"--max-components\", \"3\", \"--all-cam-components\", \"--points-per-component\", \"5\", \"--bbox-padding-ratio\", \"0.02\", \"--negative-points-per-component\", \"4\", \"--prompt-border-margin\", \"2\", \"--max-box-area-ratio\", \"0.35\", \"--layercam-weights\", \"0.20,0.30,0.50\", \"--layercam-gradient-mode\", \"positive\", \"--selection-method\", \"prompt_hybrid\", \"--prompt-score-weights\", \"0.30,0.20,0.15,0.15,0.20\", \"--prompt-area-target\", \"2.0\", \"--prompt-area-log-sigma\", \"1.0\", \"--fusion-topk\", \"1\", \"--component-topk\", \"3\", \"--support-clip-kernel\", \"-1\", \"--closing-kernel\", \"0\", \"--opening-kernel\", \"0\", \"--min-size\", \"40\", \"--max-hole-area\", \"0\", \"--guidance-threshold\", \"0.4\", \"--preprocessing-mode\", \"none\", \"--cam-aggregation\", \"class\", \"--low-score-policy\", \"empty\", \"--cam-target-class\", \"ground_truth\", \"--evaluate-prompt-quality\"]\n"}
,{"stream_name":"stdout","time":36.611191044,"data":"Loaded classifier checkpoint task=multi-label normalization=imagenet\n"}
,{"stream_name":"stdout","time":84.805467788,"data":"Loaded 371 ground-truth masks for prompt-quality evaluation\n"}
,{"stream_name":"stderr","time":86.18771348,"data":"/kaggle/input/datasets/itsthang333/btxrd-small-lesion-research-v1/project/models/classifier.py:54: FutureWarning: `torch.cuda.amp.autocast(args...)` is deprecated. Please use `torch.amp.autocast('cuda', args...)` instead.\n"}
,{"stream_name":"stderr","time":86.187754348,"data":"  with torch.cuda.amp.autocast(enabled=False):\n"}
,{"stream_name":"stdout","time":392.961232852,"data":"\n"}
,{"stream_name":"stdout","time":392.961280923,"data":"Done: full dataset. Masks saved to /kaggle/working/btxrd_binary_cam_sam_prompt_hybrid/ground_truth/pseudo_masks/masks (skipped 187 normal/low-confidence images)\n"}
,{"stream_name":"stdout","time":392.96182557,"data":"Saved list of 187 skipped image names to /kaggle/working/btxrd_binary_cam_sam_prompt_hybrid/ground_truth/pseudo_masks/skipped_low_confidence.txt\n"}
,{"stream_name":"stdout","time":393.805023892,"data":"Pseudo-mask completeness: 371/371 rows; manifest_sha256=a9cf1ede46f93bf17dd072949bb5dedd908114b4e76f68502b6ba0c4e45d4f6a\n"}
,{"stream_name":"stdout","time":393.809262499,"data":"Prompt quality (184 images with GT): mean foreground_iou=0.0704 mean foreground_recall=0.6059 mean foreground_precision=0.0777 mean point_hit_rate=0.2706 mean negative_rejection=0.9668 mean box_recall=0.6719\n"}
,{"stream_name":"stdout","time":393.809298673,"data":"SAM-vs-selection oracle diagnostic (total gap decomposed into support-clip loss vs. mask-selection loss): mean oracle_best_single_dice=0.3809 mean oracle_best_single_dice_clipped=0.3809 mean selected_dice=0.1314 mean total_gap=0.2496 mean support_loss=0.0000 mean selection_loss=0.2496 mean final_dice=0.1118 mean postprocess_delta=-0.0195 (large support_loss =\u003e bone_support under-covers the lesion, fix morphology seed/support percentiles, not mask_selection.py; large selection_loss =\u003e bone_hybrid scoring is discarding a good clipped candidate, fix mask_selection.py)\n"}
,{"stream_name":"stdout","time":393.809309798,"data":"\n"}
,{"stream_name":"stdout","time":393.809315849,"data":"Oracle Dice by tumor_type (breaks down where CAM localization fails):\n"}
,{"stream_name":"stdout","time":393.80934903,"data":"  osteochondroma               n=  75  mean_oracle_dice=0.2247\n"}
,{"stream_name":"stdout","time":393.809356073,"data":"  osteosarcoma                 n=  30  mean_oracle_dice=0.6162\n"}
,{"stream_name":"stdout","time":393.80936214,"data":"  multiple osteochondromas     n=  26  mean_oracle_dice=0.4100\n"}
,{"stream_name":"stdout","time":393.809434784,"data":"  simple bone cyst             n=  20  mean_oracle_dice=0.4325\n"}
,{"stream_name":"stdout","time":393.809445121,"data":"  other bt                     n=  11  mean_oracle_dice=0.1543\n"}
,{"stream_name":"stdout","time":393.809451308,"data":"  giant cell tumor             n=   9  mean_oracle_dice=0.6704\n"}
,{"stream_name":"stdout","time":393.809457581,"data":"  synovial osteochondroma      n=   5  mean_oracle_dice=0.7732\n"}
,{"stream_name":"stdout","time":393.809463465,"data":"  other mt                     n=   4  mean_oracle_dice=0.5374\n"}
,{"stream_name":"stdout","time":393.809469799,"data":"  osteofibroma                 n=   4  mean_oracle_dice=0.4227\n"}
,{"stream_name":"stdout","time":393.8094757,"data":"Saved per-image prompt-quality metrics to /kaggle/working/btxrd_binary_cam_sam_prompt_hybrid/ground_truth/pseudo_masks/prompt_quality.csv\n"}
,{"stream_name":"stdout","time":396.336742876,"data":"RUN [\"/usr/bin/python3\", \"/kaggle/input/datasets/itsthang333/btxrd-small-lesion-research-v1/project/evaluate_pseudo_masks.py\", \"--data-root\", \"/kaggle/input/datasets/itsthang333/btxrd-raw/BTXRD\", \"--split\", \"val\", \"--split-manifest\", \"/kaggle/input/datasets/itsthang333/btxrd-small-lesion-research-v1/split_manifest.csv\", \"--pred-mask-root\", \"/kaggle/working/btxrd_binary_cam_sam_prompt_hybrid/ground_truth/pseudo_masks/masks\", \"--image-size\", \"320\", \"--batch-size\", \"8\", \"--num-workers\", \"2\", \"--output-csv\", \"/kaggle/working/btxrd_binary_cam_sam_prompt_hybrid/ground_truth/evaluation/per_image.csv\", \"--output-json\", \"/kaggle/working/btxrd_binary_cam_sam_prompt_hybrid/ground_truth/evaluation/summary.json\", \"--bootstrap-iterations\", \"2000\", \"--bootstrap-seed\", \"42\"]\n"}
,{"stream_name":"stdout","time":412.920405662,"data":"Validated pseudo-mask manifest: a9cf1ede46f93bf17dd072949bb5dedd908114b4e76f68502b6ba0c4e45d4f6a\n"}
,{"stream_name":"stdout","time":412.929499368,"data":"Pseudo-mask protocol: ground_truth\n"}
,{"stream_name":"stdout","time":412.929538021,"data":"Loaded 187 low-confidence-skipped image names\n"}
,{"stream_name":"stdout","time":428.487801102,"data":"btxrd val: tumor images=184 (image-gate skips=0) conditional Dice=0.1118 end-to-end Dice=0.1118 | normal empty_prediction_rate=1.0000 | missing=0\n"}
,{"stream_name":"stdout","time":428.487859724,"data":"Saved separate per-image, summary, subgroup, bootstrap, confusion and run-manifest artifacts\n"}
,{"stream_name":"stdout","time":431.915631139,"data":"{\n"}
,{"stream_name":"stdout","time":431.915664426,"data":"  \"run_id\": \"btxrd_binary_cam_sam_prompt_hybrid_v1\",\n"}
,{"stream_name":"stdout","time":431.915671617,"data":"  \"status\": \"complete\",\n"}
,{"stream_name":"stdout","time":431.915677332,"data":"  \"test_evaluated\": false,\n"}
,{"stream_name":"stdout","time":431.915682763,"data":"  \"split_manifest_sha256\": \"85511ee1bd1339c7b6b4f527acc504869da935997fd6b2485042edd619193c8c\",\n"}
,{"stream_name":"stdout","time":431.91569759,"data":"  \"classifier_checkpoint_sha256\": \"f62d3702541ec3e6571751ddda22dab4c723943397471d3897500da1620304c5\",\n"}
,{"stream_name":"stdout","time":431.915703213,"data":"  \"sam_checkpoint_sha256\": \"ec2df62732614e57411cdcf32a23ffdf28910380d03139ee0f4fcbe91eb8c912\",\n"}
,{"stream_name":"stdout","time":431.915708956,"data":"  \"protocol_results\": {\n"}
,{"stream_name":"stdout","time":431.91571409,"data":"    \"ground_truth\": {\n"}
,{"stream_name":"stdout","time":431.915719444,"data":"      \"evaluation\": {\n"}
,{"stream_name":"stdout","time":431.915724681,"data":"        \"dataset\": \"btxrd\",\n"}
,{"stream_name":"stdout","time":431.915730333,"data":"        \"split\": \"val\",\n"}
,{"stream_name":"stdout","time":431.915735633,"data":"        \"cam_target_class_protocol\": \"ground_truth\",\n"}
,{"stream_name":"stdout","time":431.915742123,"data":"        \"pred_mask_root\": \"/kaggle/working/btxrd_binary_cam_sam_prompt_hybrid/ground_truth/pseudo_masks/masks\",\n"}
,{"stream_name":"stdout","time":431.915748072,"data":"        \"boundary_distance_unit\": \"pixels on the resized evaluation grid\",\n"}
,{"stream_name":"stdout","time":431.915753887,"data":"        \"missing\": 0,\n"}
,{"stream_name":"stdout","time":431.915759293,"data":"        \"tumor_images_skipped_by_image_gate\": 0,\n"}
,{"stream_name":"stdout","time":431.915764478,"data":"        \"images\": 371,\n"}
,{"stream_name":"stdout","time":431.915769588,"data":"        \"tumor_images\": 184,\n"}
,{"stream_name":"stdout","time":431.915775284,"data":"        \"normal_images\": 187,\n"}
,{"stream_name":"stdout","time":431.915780979,"data":"        \"main_population\": \"tumor images only\",\n"}
,{"stream_name":"stdout","time":431.915801328,"data":"        \"mean_tumor_dice\": 0.11181863961832947,\n"}
,{"stream_name":"stdout","time":431.915805675,"data":"        \"mean_tumor_iou\": 0.07465805998219535,\n"}
,{"stream_name":"stdout","time":431.915809877,"data":"        \"mean_tumor_precision\": 0.09111106351486543,\n"}
,{"stream_name":"stdout","time":431.915814072,"data":"        \"mean_tumor_recall\": 0.30933563643816503,\n"}
,{"stream_name":"stdout","time":431.915818121,"data":"        \"mean_tumor_hd95_px_conditional_defined\": 144.48440729483403,\n"}
,{"stream_name":"stdout","time":431.9158225,"data":"        \"mean_tumor_assd_px_conditional_defined\": 83.44824276613335,\n"}
,{"stream_name":"stdout","time":431.915826801,"data":"        \"boundary_metric_definition\": \"conditional mean over tumor images with both GT and prediction non-empty; distances are pixels on the resized evaluation grid (not mm); complete misses are excluded and counted separately\",\n"}
,{"stream_name":"stdout","time":431.915833549,"data":"        \"boundary_metric_eligible_tumor_images\": 139,\n"}
,{"stream_name":"stdout","time":431.915837559,"data":"        \"boundary_metric_excluded_tumor_images\": 45,\n"}
,{"stream_name":"stdout","time":431.91584171,"data":"        \"boundary_metric_complete_misses\": 45,\n"}
,{"stream_name":"stdout","time":431.915845846,"data":"        \"tumor_non_empty_prediction_rate\": 0.7554347826086957,\n"}
,{"stream_name":"stdout","time":431.915850187,"data":"        \"tumor_overlap_detection_rate\": 0.42391304347826086,\n"}
,{"stream_name":"stdout","time":431.915854316,"data":"        \"lesion_any_overlap_recall\": 0.38596491228070173,\n"}
,{"stream_name":"stdout","time":431.915858994,"data":"        \"lesion_any_overlap_precision\": 0.3401639344262295,\n"}
,{"stream_name":"stdout","time":431.915863267,"data":"        \"gt_lesions\": 228,\n"}
,{"stream_name":"stdout","time":431.915867195,"data":"        \"detected_lesions_any_overlap\": 88,\n"}
,{"stream_name":"stdout","time":431.915871396,"data":"        \"predicted_lesions\": 244,\n"}
,{"stream_name":"stdout","time":431.915877268,"data":"        \"multifocal_tumor_images\": 23,\n"}
,{"stream_name":"stdout","time":431.91588143,"data":"        \"multifocal_tumor_image_rate\": 0.125,\n"}
,{"stream_name":"stdout","time":431.915885651,"data":"        \"gt_component_count_histogram\": {\n"}
,{"stream_name":"stdout","time":431.915893584,"data":"          \"1\": 161,\n"}
,{"stream_name":"stdout","time":431.915897848,"data":"          \"2\": 12,\n"}
,{"stream_name":"stdout","time":431.91590196,"data":"          \"3\": 5,\n"}
,{"stream_name":"stdout","time":431.915907035,"data":"          \"4\": 4,\n"}
,{"stream_name":"stdout","time":431.915911101,"data":"          \"5\": 1,\n"}
,{"stream_name":"stdout","time":431.915915227,"data":"          \"7\": 1\n"}
,{"stream_name":"stdout","time":431.915919487,"data":"        },\n"}
,{"stream_name":"stdout","time":431.915923498,"data":"        \"normal_empty_prediction_rate\": 1.0,\n"}
,{"stream_name":"stdout","time":431.915927213,"data":"        \"normal_false_positive_case_rate\": 0.0,\n"}
,{"stream_name":"stdout","time":431.915931153,"data":"        \"pixel_specificity\": 0.974549205245689,\n"}
,{"stream_name":"stdout","time":431.915935061,"data":"        \"pixel_precision\": 0.13497987688431085,\n"}
,{"stream_name":"stdout","time":431.915939159,"data":"        \"pixel_recall\": 0.38809976716144856,\n"}
,{"stream_name":"stdout","time":431.915944231,"data":"        \"tp_pixels\": 149347,\n"}
,{"stream_name":"stdout","time":431.915948216,"data":"        \"fp_pixels\": 957092,\n"}
,{"stream_name":"stdout","time":431.915957633,"data":"        \"fn_pixels\": 235469,\n"}
,{"stream_name":"stdout","time":431.915961827,"data":"        \"tn_pixels\": 36648492,\n"}
,{"stream_name":"stdout","time":431.915965831,"data":"        \"lesion_one_to_one_iou10_recall\": 0.21052631578947367,\n"}
,{"stream_name":"stdout","time":431.915970031,"data":"        \"lesion_one_to_one_iou10_precision\": 0.19672131147540983,\n"}
,{"stream_name":"stdout","time":431.9159743,"data":"        \"lesion_one_to_one_iou10_f1\": 0.2033898305084746,\n"}
,{"stream_name":"stdout","time":431.915978253,"data":"        \"lesion_tp_one_to_one_iou10\": 48,\n"}
,{"stream_name":"stdout","time":431.915982407,"data":"        \"lesion_one_to_one_iou25_recall\": 0.13157894736842105,\n"}
,{"stream_name":"stdout","time":431.915986422,"data":"        \"lesion_one_to_one_iou25_precision\": 0.12295081967213115,\n"}
,{"stream_name":"stdout","time":431.915990314,"data":"        \"lesion_one_to_one_iou25_f1\": 0.1271186440677966,\n"}
,{"stream_name":"stdout","time":431.915994655,"data":"        \"lesion_tp_one_to_one_iou25\": 30,\n"}
,{"stream_name":"stdout","time":431.915999187,"data":"        \"lesion_one_to_one_iou50_recall\": 0.03508771929824561,\n"}
,{"stream_name":"stdout","time":431.916003258,"data":"        \"lesion_one_to_one_iou50_precision\": 0.03278688524590164,\n"}
,{"stream_name":"stdout","time":431.916007446,"data":"        \"lesion_one_to_one_iou50_f1\": 0.03389830508474576,\n"}
,{"stream_name":"stdout","time":431.916011913,"data":"        \"lesion_tp_one_to_one_iou50\": 8,\n"}
,{"stream_name":"stdout","time":431.916016093,"data":"        \"lesion_matching_definition\": \"maximum-cardinality one-to-one connected-component matching at IoU thresholds 0.10, 0.25, 0.50\",\n"}
,{"stream_name":"stdout","time":431.91602071,"data":"        \"end_to_end\": {\n"}
,{"stream_name":"stdout","time":431.916024566,"data":"          \"images\": 371,\n"}
,{"stream_name":"stdout","time":431.916028454,"data":"          \"tumor_images\": 184,\n"}
,{"stream_name":"stdout","time":431.916032347,"data":"          \"normal_images\": 187,\n"}
,{"stream_name":"stdout","time":431.916036469,"data":"          \"main_population\": \"tumor images only\",\n"}
,{"stream_name":"stdout","time":431.916040677,"data":"          \"mean_tumor_dice\": 0.11181863961832947,\n"}
,{"stream_name":"stdout","time":431.916044991,"data":"          \"mean_tumor_iou\": 0.07465805998219535,\n"}
,{"stream_name":"stdout","time":431.916049427,"data":"          \"mean_tumor_precision\": 0.09111106351486543,\n"}
,{"stream_name":"stdout","time":431.916053426,"data":"          \"mean_tumor_recall\": 0.30933563643816503,\n"}
,{"stream_name":"stdout","time":431.916057684,"data":"          \"mean_tumor_hd95_px_conditional_defined\": 144.48440729483403,\n"}
,{"stream_name":"stdout","time":431.916062175,"data":"          \"mean_tumor_assd_px_conditional_defined\": 83.44824276613335,\n"}
,{"stream_name":"stdout","time":431.9160674,"data":"          \"boundary_metric_definition\": \"conditional mean over tumor images with both GT and prediction non-empty; distances are pixels on the resized evaluation grid (not mm); complete misses are excluded and counted separately\",\n"}
,{"stream_name":"stdout","time":431.916072481,"data":"          \"boundary_metric_eligible_tumor_images\": 139,\n"}
,{"stream_name":"stdout","time":431.91607687,"data":"          \"boundary_metric_excluded_tumor_images\": 45,\n"}
,{"stream_name":"stdout","time":431.916081027,"data":"          \"boundary_metric_complete_misses\": 45,\n"}
,{"stream_name":"stdout","time":431.916085233,"data":"          \"tumor_non_empty_prediction_rate\": 0.7554347826086957,\n"}
,{"stream_name":"stdout","time":431.916125173,"data":"          \"tumor_overlap_detection_rate\": 0.42391304347826086,\n"}
,{"stream_name":"stdout","time":431.916130912,"data":"          \"lesion_any_overlap_recall\": 0.38596491228070173,\n"}
,{"stream_name":"stdout","time":431.916135222,"data":"          \"lesion_any_overlap_precision\": 0.3401639344262295,\n"}
,{"stream_name":"stdout","time":431.916139378,"data":"          \"gt_lesions\": 228,\n"}
,{"stream_name":"stdout","time":431.916143565,"data":"          \"detected_lesions_any_overlap\": 88,\n"}
,{"stream_name":"stdout","time":431.916148287,"data":"          \"predicted_lesions\": 244,\n"}
,{"stream_name":"stdout","time":431.916152253,"data":"          \"multifocal_tumor_images\": 23,\n"}
,{"stream_name":"stdout","time":431.91615635,"data":"          \"multifocal_tumor_image_rate\": 0.125,\n"}
,{"stream_name":"stdout","time":431.916160502,"data":"          \"gt_component_count_histogram\": {\n"}
,{"stream_name":"stdout","time":431.916164382,"data":"            \"1\": 161,\n"}
,{"stream_name":"stdout","time":431.916168111,"data":"            \"2\": 12,\n"}
,{"stream_name":"stdout","time":431.916172111,"data":"            \"3\": 5,\n"}
,{"stream_name":"stdout","time":431.916175998,"data":"            \"4\": 4,\n"}
,{"stream_name":"stdout","time":431.916180194,"data":"            \"5\": 1,\n"}
,{"stream_name":"stdout","time":431.916184405,"data":"            \"7\": 1\n"}
,{"stream_name":"stdout","time":431.916188847,"data":"          },\n"}
,{"stream_name":"stdout","time":431.916192552,"data":"          \"normal_empty_prediction_rate\": 1.0,\n"}
,{"stream_name":"stdout","time":431.91619747,"data":"          \"normal_false_positive_case_rate\": 0.0,\n"}
,{"stream_name":"stdout","time":431.916201264,"data":"          \"pixel_specificity\": 0.974549205245689,\n"}
,{"stream_name":"stdout","time":431.916205081,"data":"          \"pixel_precision\": 0.13497987688431085,\n"}
,{"stream_name":"stdout","time":431.916209131,"data":"          \"pixel_recall\": 0.38809976716144856,\n"}
,{"stream_name":"stdout","time":431.916213063,"data":"          \"tp_pixels\": 149347,\n"}
,{"stream_name":"stdout","time":431.916217216,"data":"          \"fp_pixels\": 957092,\n"}
,{"stream_name":"stdout","time":431.916221201,"data":"          \"fn_pixels\": 235469,\n"}
,{"stream_name":"stdout","time":431.91622496,"data":"          \"tn_pixels\": 36648492,\n"}
,{"stream_name":"stdout","time":431.916228855,"data":"          \"lesion_one_to_one_iou10_recall\": 0.21052631578947367,\n"}
,{"stream_name":"stdout","time":431.916232851,"data":"          \"lesion_one_to_one_iou10_precision\": 0.19672131147540983,\n"}
,{"stream_name":"stdout","time":431.916237265,"data":"          \"lesion_one_to_one_iou10_f1\": 0.2033898305084746,\n"}
,{"stream_name":"stdout","time":431.916241271,"data":"          \"lesion_tp_one_to_one_iou10\": 48,\n"}
,{"stream_name":"stdout","time":431.916245322,"data":"          \"lesion_one_to_one_iou25_recall\": 0.13157894736842105,\n"}
,{"stream_name":"stdout","time":431.91624971,"data":"          \"lesion_one_to_one_iou25_precision\": 0.12295081967213115,\n"}
,{"stream_name":"stdout","time":431.916253475,"data":"          \"lesion_one_to_one_iou25_f1\": 0.1271186440677966,\n"}
,{"stream_name":"stdout","time":431.916257522,"data":"          \"lesion_tp_one_to_one_iou25\": 30,\n"}
,{"stream_name":"stdout","time":431.916261426,"data":"          \"lesion_one_to_one_iou50_recall\": 0.03508771929824561,\n"}
,{"stream_name":"stdout","time":431.916265604,"data":"          \"lesion_one_to_one_iou50_precision\": 0.03278688524590164,\n"}
,{"stream_name":"stdout","time":431.916269638,"data":"          \"lesion_one_to_one_iou50_f1\": 0.03389830508474576,\n"}
,{"stream_name":"stdout","time":431.916278024,"data":"          \"lesion_tp_one_to_one_iou50\": 8,\n"}
,{"stream_name":"stdout","time":431.916284616,"data":"          \"lesion_matching_definition\": \"maximum-cardinality one-to-one connected-component matching at IoU thresholds 0.10, 0.25, 0.50\"\n"}
,{"stream_name":"stdout","time":431.916289222,"data":"        },\n"}
,{"stream_name":"stdout","time":431.916293064,"data":"        \"cam_sam_conditional_tumor_only\": {\n"}
,{"stream_name":"stdout","time":431.916297042,"data":"          \"images\": 184,\n"}
,{"stream_name":"stdout","time":431.916300866,"data":"          \"tumor_images\": 184,\n"}
,{"stream_name":"stdout","time":431.916305217,"data":"          \"normal_images\": 0,\n"}
,{"stream_name":"stdout","time":431.916309281,"data":"          \"main_population\": \"tumor images only\",\n"}
,{"stream_name":"stdout","time":431.916314435,"data":"          \"mean_tumor_dice\": 0.11181863961832947,\n"}
,{"stream_name":"stdout","time":431.916318385,"data":"          \"mean_tumor_iou\": 0.07465805998219535,\n"}
,{"stream_name":"stdout","time":431.916322279,"data":"          \"mean_tumor_precision\": 0.09111106351486543,\n"}
,{"stream_name":"stdout","time":431.916326254,"data":"          \"mean_tumor_recall\": 0.30933563643816503,\n"}
,{"stream_name":"stdout","time":431.916330714,"data":"          \"mean_tumor_hd95_px_conditional_defined\": 144.48440729483403,\n"}
,{"stream_name":"stdout","time":431.916334637,"data":"          \"mean_tumor_assd_px_conditional_defined\": 83.44824276613335,\n"}
,{"stream_name":"stdout","time":431.916338685,"data":"          \"boundary_metric_definition\": \"conditional mean over tumor images with both GT and prediction non-empty; distances are pixels on the resized evaluation grid (not mm); complete misses are excluded and counted separately\",\n"}
,{"stream_name":"stdout","time":431.916343131,"data":"          \"boundary_metric_eligible_tumor_images\": 139,\n"}
,{"stream_name":"stdout","time":431.916347113,"data":"          \"boundary_metric_excluded_tumor_images\": 45,\n"}
,{"stream_name":"stdout","time":431.916351493,"data":"          \"boundary_metric_complete_misses\": 45,\n"}
,{"stream_name":"stdout","time":431.916355982,"data":"          \"tumor_non_empty_prediction_rate\": 0.7554347826086957,\n"}
,{"stream_name":"stdout","time":431.916359974,"data":"          \"tumor_overlap_detection_rate\": 0.42391304347826086,\n"}
,{"stream_name":"stdout","time":431.916364467,"data":"          \"lesion_any_overlap_recall\": 0.38596491228070173,\n"}
,{"stream_name":"stdout","time":431.916368814,"data":"          \"lesion_any_overlap_precision\": 0.3401639344262295,\n"}
,{"stream_name":"stdout","time":431.916373273,"data":"          \"gt_lesions\": 228,\n"}
,{"stream_name":"stdout","time":431.916377153,"data":"          \"detected_lesions_any_overlap\": 88,\n"}
,{"stream_name":"stdout","time":431.916381317,"data":"          \"predicted_lesions\": 244,\n"}
,{"stream_name":"stdout","time":431.916385394,"data":"          \"multifocal_tumor_images\": 23,\n"}
,{"stream_name":"stdout","time":431.916389545,"data":"          \"multifocal_tumor_image_rate\": 0.125,\n"}
,{"stream_name":"stdout","time":431.916393267,"data":"          \"gt_component_count_histogram\": {\n"}
,{"stream_name":"stdout","time":431.916397273,"data":"            \"1\": 161,\n"}
,{"stream_name":"stdout","time":431.916401059,"data":"            \"2\": 12,\n"}
,{"stream_name":"stdout","time":431.916404926,"data":"            \"3\": 5,\n"}
,{"stream_name":"stdout","time":431.916408719,"data":"            \"4\": 4,\n"}
,{"stream_name":"stdout","time":431.916412493,"data":"            \"5\": 1,\n"}
,{"stream_name":"stdout","time":431.916420636,"data":"            \"7\": 1\n"}
,{"stream_name":"stdout","time":431.916425059,"data":"          },\n"}
,{"stream_name":"stdout","time":431.916429028,"data":"          \"normal_empty_prediction_rate\": null,\n"}
,{"stream_name":"stdout","time":431.916433198,"data":"          \"normal_false_positive_case_rate\": null,\n"}
,{"stream_name":"stdout","time":431.916437172,"data":"          \"pixel_specificity\": 0.9481441620598692,\n"}
,{"stream_name":"stdout","time":431.916441225,"data":"          \"pixel_precision\": 0.13497987688431085,\n"}
,{"stream_name":"stdout","time":431.916445548,"data":"          \"pixel_recall\": 0.38809976716144856,\n"}
,{"stream_name":"stdout","time":431.916450003,"data":"          \"tp_pixels\": 149347,\n"}
,{"stream_name":"stdout","time":431.916454043,"data":"          \"fp_pixels\": 957092,\n"}
,{"stream_name":"stdout","time":431.916458234,"data":"          \"fn_pixels\": 235469,\n"}
,{"stream_name":"stdout","time":431.916462309,"data":"          \"tn_pixels\": 17499692,\n"}
,{"stream_name":"stdout","time":431.916467108,"data":"          \"lesion_one_to_one_iou10_recall\": 0.21052631578947367,\n"}
,{"stream_name":"stdout","time":431.916470921,"data":"          \"lesion_one_to_one_iou10_precision\": 0.19672131147540983,\n"}
,{"stream_name":"stdout","time":431.916475418,"data":"          \"lesion_one_to_one_iou10_f1\": 0.2033898305084746,\n"}
,{"stream_name":"stdout","time":431.916479401,"data":"          \"lesion_tp_one_to_one_iou10\": 48,\n"}
,{"stream_name":"stdout","time":431.916483414,"data":"          \"lesion_one_to_one_iou25_recall\": 0.13157894736842105,\n"}
,{"stream_name":"stdout","time":431.916487428,"data":"          \"lesion_one_to_one_iou25_precision\": 0.12295081967213115,\n"}
,{"stream_name":"stdout","time":431.916491454,"data":"          \"lesion_one_to_one_iou25_f1\": 0.1271186440677966,\n"}
,{"stream_name":"stdout","time":431.916495409,"data":"          \"lesion_tp_one_to_one_iou25\": 30,\n"}
,{"stream_name":"stdout","time":431.916499277,"data":"          \"lesion_one_to_one_iou50_recall\": 0.03508771929824561,\n"}
,{"stream_name":"stdout","time":431.916503585,"data":"          \"lesion_one_to_one_iou50_precision\": 0.03278688524590164,\n"}
,{"stream_name":"stdout","time":431.916507919,"data":"          \"lesion_one_to_one_iou50_f1\": 0.03389830508474576,\n"}
,{"stream_name":"stdout","time":431.916511999,"data":"          \"lesion_tp_one_to_one_iou50\": 8,\n"}
,{"stream_name":"stdout","time":431.91651616,"data":"          \"lesion_matching_definition\": \"maximum-cardinality one-to-one connected-component matching at IoU thresholds 0.10, 0.25, 0.50\"\n"}
,{"stream_name":"stdout","time":431.916520621,"data":"        }\n"}
,{"stream_name":"stdout","time":431.91652517,"data":"      },\n"}
,{"stream_name":"stdout","time":431.916528964,"data":"      \"prompt_quality\": {\n"}
,{"stream_name":"stdout","time":431.916533157,"data":"        \"all_rows\": 184,\n"}
,{"stream_name":"stdout","time":431.916537114,"data":"        \"tumor_rows\": 184,\n"}
,{"stream_name":"stdout","time":431.916541662,"data":"        \"tumor_only_means\": {\n"}
,{"stream_name":"stdout","time":431.916546079,"data":"          \"foreground_iou\": 0.07038751111536486,\n"}
,{"stream_name":"stdout","time":431.916550732,"data":"          \"foreground_recall\": 0.6058501890795857,\n"}
,{"stream_name":"stdout","time":431.916555157,"data":"          \"foreground_precision\": 0.07769095424000125,\n"}
,{"stream_name":"stdout","time":431.91655922,"data":"          \"point_hit_rate\": 0.27055759742761587,\n"}
,{"stream_name":"stdout","time":431.916568137,"data":"          \"negative_rejection_rate\": 0.9667645106047671,\n"}
,{"stream_name":"stdout","time":431.91657255,"data":"          \"box_recall\": 0.6719485351243112,\n"}
,{"stream_name":"stdout","time":431.916576894,"data":"          \"box_precision\": 0.05949023082137527,\n"}
,{"stream_name":"stdout","time":431.916581183,"data":"          \"oracle_best_single_dice\": 0.38091865510492257,\n"}
,{"stream_name":"stdout","time":431.916585454,"data":"          \"oracle_best_single_dice_clipped\": 0.38091865510492257,\n"}
,{"stream_name":"stdout","time":431.916590121,"data":"          \"selected_dice\": 0.13135521060823047,\n"}
,{"stream_name":"stdout","time":431.916594557,"data":"          \"oracle_gap_dice\": 0.24956344449669207,\n"}
,{"stream_name":"stdout","time":431.916598566,"data":"          \"support_loss_dice\": 0.0,\n"}
,{"stream_name":"stdout","time":431.916602768,"data":"          \"selection_loss_dice\": 0.24956344449669207,\n"}
,{"stream_name":"stdout","time":431.916607234,"data":"          \"final_dice\": 0.11181864255758978,\n"}
,{"stream_name":"stdout","time":431.916611179,"data":"          \"final_iou\": 0.0746580629298493,\n"}
,{"stream_name":"stdout","time":431.916615811,"data":"          \"postprocess_delta_dice\": -0.019536568050640683\n"}
,{"stream_name":"stdout","time":431.916620509,"data":"        }\n"}
,{"stream_name":"stdout","time":431.916624627,"data":"      },\n"}
,{"stream_name":"stdout","time":431.916628825,"data":"      \"run_metadata_sha256\": \"6ca58e110fa4e75569ff9a8c49108eab8fea7db4c2cfa17dfac9f9ee8dffe57e\",\n"}
,{"stream_name":"stdout","time":431.916633911,"data":"      \"pseudo_mask_manifest_sha256\": \"a9cf1ede46f93bf17dd072949bb5dedd908114b4e76f68502b6ba0c4e45d4f6a\",\n"}
,{"stream_name":"stdout","time":431.916639909,"data":"      \"evaluation_per_image_sha256\": \"a626785aeaac434541029a336a080d62d00afdb58f3b377cdc2e0e265ba9f874\"\n"}
,{"stream_name":"stdout","time":431.91664492,"data":"    }\n"}
,{"stream_name":"stdout","time":431.916648928,"data":"  }\n"}
,{"stream_name":"stdout","time":431.916652994,"data":"}\n"}
,{"stream_name":"stderr","time":435.277656216,"data":"/usr/local/lib/python3.12/dist-packages/mistune.py:435: SyntaxWarning: invalid escape sequence '\\|'\n"}
,{"stream_name":"stderr","time":435.277707836,"data":"  cells[i][c] = re.sub('\\\\\\\\\\|', '|', cell)\n"}
,{"stream_name":"stderr","time":435.532880312,"data":"/usr/local/lib/python3.12/dist-packages/nbconvert/filters/filter_links.py:36: SyntaxWarning: invalid escape sequence '\\_'\n"}
,{"stream_name":"stderr","time":435.532910818,"data":"  text = re.sub(r'_', '\\_', text) # Escape underscores in display text\n"}
,{"stream_name":"stderr","time":436.241861053,"data":"[NbConvertApp] Converting notebook __script__.ipynb to html\n"}
,{"stream_name":"stderr","time":437.717997907,"data":"[NbConvertApp] Writing 354833 bytes to __results__.html\n"}
]