[{"stream_name":"stdout","time":24.186145912,"data":"RUN [\"/usr/bin/python3\", \"-m\", \"pip\", \"install\", \"--disable-pip-version-check\", \"--no-input\", \"--no-deps\", \"git+https://github.com/facebookresearch/segment-anything.git@6fdee8f2727f4506cfbbe553e23b895e27956588\"]\n"}
,{"stream_name":"stdout","time":26.499414778,"data":"Collecting git+https://github.com/facebookresearch/segment-anything.git@6fdee8f2727f4506cfbbe553e23b895e27956588\n"}
,{"stream_name":"stdout","time":26.50054744,"data":"  Cloning https://github.com/facebookresearch/segment-anything.git (to revision 6fdee8f2727f4506cfbbe553e23b895e27956588) to /tmp/pip-req-build-yvtztwj8\n"}
,{"stream_name":"stderr","time":26.528826233,"data":"  Running command git clone --filter=blob:none --quiet https://github.com/facebookresearch/segment-anything.git /tmp/pip-req-build-yvtztwj8\n"}
,{"stream_name":"stderr","time":28.444695032,"data":"  Running command git rev-parse -q --verify 'sha^6fdee8f2727f4506cfbbe553e23b895e27956588'\n"}
,{"stream_name":"stderr","time":28.447568096,"data":"  Running command git fetch -q https://github.com/facebookresearch/segment-anything.git 6fdee8f2727f4506cfbbe553e23b895e27956588\n"}
,{"stream_name":"stderr","time":28.620838312,"data":"  Running command git checkout -q 6fdee8f2727f4506cfbbe553e23b895e27956588\n"}
,{"stream_name":"stdout","time":28.8744753,"data":"  Resolved https://github.com/facebookresearch/segment-anything.git to commit 6fdee8f2727f4506cfbbe553e23b895e27956588\n"}
,{"stream_name":"stdout","time":28.883041764,"data":"  Preparing metadata (setup.py): started\n"}
,{"stream_name":"stdout","time":29.771500161,"data":"  Preparing metadata (setup.py): finished with status 'done'\n"}
,{"stream_name":"stdout","time":33.204484858,"data":"RUN [\"/usr/bin/python3\", \"/kaggle/input/datasets/itsthang333/btxrd-small-lesion-research-v3/project/generate_pseudo_masks.py\", \"--pipeline-profile\", \"default\", \"--data-root\", \"/kaggle/input/datasets/itsthang333/btxrd-raw/BTXRD\", \"--split\", \"val\", \"--split-manifest\", \"/kaggle/input/datasets/itsthang333/btxrd-small-lesion-research-v3/split_manifest.csv\", \"--classifier-checkpoint\", \"/kaggle/input/notebooks/itsthang333/btxrd-clean-binary-classifier/btxrd_clean_binary_classifier/training/best_classifier.pt\", \"--sam-checkpoint\", \"/kaggle/input/datasets/itsthang333/btxrd-model-checkpoints/btxrd-model-checkpoints/sam_vit_b_01ec64.pth\", \"--classifier-device\", \"cuda\", \"--sam-device\", \"cuda\", \"--target-columns\", \"tumor\", \"--image-size\", \"320\", \"--sam-image-size\", \"512\", \"--batch-size\", \"1\", \"--num-workers\", \"2\", \"--output-dir\", \"/kaggle/working/btxrd_binary_cam_sam_causal/ground_truth/pseudo_masks\", \"--process-all\", \"--save-visuals-limit\", \"0\", \"--confidence-threshold\", \"0.5\", \"--cam-percentile\", \"90\", \"--cam-percentile-ensemble\", \"--cam-percentile-values\", \"85,90,95\", \"--cam-tta-flip\", \"--max-points\", \"5\", \"--min-component-area\", \"100\", \"--mask-score-threshold\", \"0.4\", \"--seed-percentile\", \"82\", \"--support-percentile\", \"55\", \"--morphology-fusion-mode\", \"components\", \"--sam-prompt-mode\", \"box_point\", \"--sam-prompt-ensemble\", \"--max-components\", \"3\", \"--all-cam-components\", \"--points-per-component\", \"5\", \"--bbox-padding-ratio\", \"0.02\", \"--negative-points-per-component\", \"4\", \"--prompt-border-margin\", \"2\", \"--max-box-area-ratio\", \"0.35\", \"--layercam-weights\", \"0.20,0.30,0.50\", \"--layercam-gradient-mode\", \"positive\", \"--selection-method\", \"coverage_mass_sam_causal\", \"--fusion-topk\", \"1\", \"--component-topk\", \"3\", \"--support-clip-kernel\", \"5\", \"--closing-kernel\", \"0\", \"--opening-kernel\", \"0\", \"--min-size\", \"40\", \"--max-hole-area\", \"0\", \"--guidance-threshold\", \"0.4\", \"--preprocessing-mode\", \"none\", \"--cam-aggregation\", \"class\", \"--low-score-policy\", \"empty\", \"--cam-target-class\", \"ground_truth\", \"--evaluate-prompt-quality\"]\n"}
,{"stream_name":"stdout","time":37.932205798,"data":"Loaded classifier checkpoint task=multi-label normalization=imagenet\n"}
,{"stream_name":"stdout","time":75.491405698,"data":"Loaded 371 ground-truth masks for prompt-quality evaluation\n"}
,{"stream_name":"stderr","time":76.733458825,"data":"/kaggle/input/datasets/itsthang333/btxrd-small-lesion-research-v3/project/models/classifier.py:54: FutureWarning: `torch.cuda.amp.autocast(args...)` is deprecated. Please use `torch.amp.autocast('cuda', args...)` instead.\n"}
,{"stream_name":"stderr","time":76.733494788,"data":"  with torch.cuda.amp.autocast(enabled=False):\n"}
,{"stream_name":"stdout","time":531.088633665,"data":"\n"}
,{"stream_name":"stdout","time":531.088673845,"data":"Done: full dataset. Masks saved to /kaggle/working/btxrd_binary_cam_sam_causal/ground_truth/pseudo_masks/masks (skipped 187 normal/low-confidence images)\n"}
,{"stream_name":"stdout","time":531.088917643,"data":"Saved list of 187 skipped image names to /kaggle/working/btxrd_binary_cam_sam_causal/ground_truth/pseudo_masks/skipped_low_confidence.txt\n"}
,{"stream_name":"stdout","time":531.822485767,"data":"Pseudo-mask completeness: 371/371 rows; manifest_sha256=7620f9c6bdddb552be1196a8263e75bc28924caf371318d22be14b2c68be74f7\n"}
,{"stream_name":"stdout","time":531.825967348,"data":"Prompt quality (184 images with GT): mean foreground_iou=0.0768 mean foreground_recall=0.6511 mean foreground_precision=0.0842 mean point_hit_rate=0.2957 mean negative_rejection=0.9686 mean box_recall=0.7044\n"}
,{"stream_name":"stdout","time":531.826007053,"data":"SAM-vs-selection oracle diagnostic (total gap decomposed into support-clip loss vs. mask-selection loss): mean oracle_best_single_dice=0.4091 mean oracle_best_single_dice_clipped=0.3890 mean selected_dice=0.2256 mean total_gap=0.1835 mean support_loss=0.0201 mean selection_loss=0.1634 mean final_dice=0.2267 mean postprocess_delta=0.0011 (large support_loss =\u003e bone_support under-covers the lesion, fix morphology seed/support percentiles, not mask_selection.py; large selection_loss =\u003e bone_hybrid scoring is discarding a good clipped candidate, fix mask_selection.py)\n"}
,{"stream_name":"stdout","time":531.826016527,"data":"\n"}
,{"stream_name":"stdout","time":531.826022257,"data":"Oracle Dice by tumor_type (breaks down where CAM localization fails):\n"}
,{"stream_name":"stdout","time":531.82607045,"data":"  osteochondroma               n=  75  mean_oracle_dice=0.2640\n"}
,{"stream_name":"stdout","time":531.826090542,"data":"  osteosarcoma                 n=  30  mean_oracle_dice=0.6102\n"}
,{"stream_name":"stdout","time":531.826109508,"data":"  multiple osteochondromas     n=  26  mean_oracle_dice=0.4854\n"}
,{"stream_name":"stdout","time":531.826115048,"data":"  simple bone cyst             n=  20  mean_oracle_dice=0.4125\n"}
,{"stream_name":"stdout","time":531.826120186,"data":"  other bt                     n=  11  mean_oracle_dice=0.2180\n"}
,{"stream_name":"stdout","time":531.826125953,"data":"  giant cell tumor             n=   9  mean_oracle_dice=0.6178\n"}
,{"stream_name":"stdout","time":531.826131649,"data":"  synovial osteochondroma      n=   5  mean_oracle_dice=0.8479\n"}
,{"stream_name":"stdout","time":531.826136953,"data":"  other mt                     n=   4  mean_oracle_dice=0.6312\n"}
,{"stream_name":"stdout","time":531.82614214,"data":"  osteofibroma                 n=   4  mean_oracle_dice=0.3919\n"}
,{"stream_name":"stdout","time":531.826151541,"data":"Saved per-image prompt-quality metrics to /kaggle/working/btxrd_binary_cam_sam_causal/ground_truth/pseudo_masks/prompt_quality.csv\n"}
,{"stream_name":"stdout","time":534.740842739,"data":"RUN [\"/usr/bin/python3\", \"/kaggle/input/datasets/itsthang333/btxrd-small-lesion-research-v3/project/evaluate_pseudo_masks.py\", \"--data-root\", \"/kaggle/input/datasets/itsthang333/btxrd-raw/BTXRD\", \"--split\", \"val\", \"--split-manifest\", \"/kaggle/input/datasets/itsthang333/btxrd-small-lesion-research-v3/split_manifest.csv\", \"--pred-mask-root\", \"/kaggle/working/btxrd_binary_cam_sam_causal/ground_truth/pseudo_masks/masks\", \"--image-size\", \"320\", \"--batch-size\", \"8\", \"--num-workers\", \"2\", \"--output-csv\", \"/kaggle/working/btxrd_binary_cam_sam_causal/ground_truth/evaluation/per_image.csv\", \"--output-json\", \"/kaggle/working/btxrd_binary_cam_sam_causal/ground_truth/evaluation/summary.json\", \"--bootstrap-iterations\", \"2000\", \"--bootstrap-seed\", \"42\"]\n"}
,{"stream_name":"stdout","time":546.948890274,"data":"Validated pseudo-mask manifest: 7620f9c6bdddb552be1196a8263e75bc28924caf371318d22be14b2c68be74f7\n"}
,{"stream_name":"stdout","time":546.956757403,"data":"Pseudo-mask protocol: ground_truth\n"}
,{"stream_name":"stdout","time":546.956786382,"data":"Loaded 187 low-confidence-skipped image names\n"}
,{"stream_name":"stdout","time":559.850119819,"data":"btxrd val: tumor images=184 (image-gate skips=0) conditional Dice=0.2267 end-to-end Dice=0.2267 | normal empty_prediction_rate=1.0000 | missing=0\n"}
,{"stream_name":"stdout","time":559.850169169,"data":"Saved separate per-image, summary, subgroup, bootstrap, confusion and run-manifest artifacts\n"}
,{"stream_name":"stdout","time":563.341832695,"data":"{\n"}
,{"stream_name":"stdout","time":563.341863764,"data":"  \"run_id\": \"btxrd_binary_cam_sam_causal_v1\",\n"}
,{"stream_name":"stdout","time":563.341874536,"data":"  \"status\": \"complete\",\n"}
,{"stream_name":"stdout","time":563.341878276,"data":"  \"test_evaluated\": false,\n"}
,{"stream_name":"stdout","time":563.341881577,"data":"  \"split_manifest_sha256\": \"85511ee1bd1339c7b6b4f527acc504869da935997fd6b2485042edd619193c8c\",\n"}
,{"stream_name":"stdout","time":563.341884969,"data":"  \"classifier_checkpoint_sha256\": \"f62d3702541ec3e6571751ddda22dab4c723943397471d3897500da1620304c5\",\n"}
,{"stream_name":"stdout","time":563.341888396,"data":"  \"sam_checkpoint_sha256\": \"ec2df62732614e57411cdcf32a23ffdf28910380d03139ee0f4fcbe91eb8c912\",\n"}
,{"stream_name":"stdout","time":563.34189161,"data":"  \"baseline\": {\n"}
,{"stream_name":"stdout","time":563.341894715,"data":"    \"run_id\": \"btxrd_binary_cam_sam_tta_flip_v1\",\n"}
,{"stream_name":"stdout","time":563.341897869,"data":"    \"per_image_sha256\": \"fe5cf247cd236799de9e279db342314c11ff65fdb065cda26986c302efd05540\",\n"}
,{"stream_name":"stdout","time":563.341901039,"data":"    \"mean_tumor_dice\": 0.23433922219069755\n"}
,{"stream_name":"stdout","time":563.341904229,"data":"  },\n"}
,{"stream_name":"stdout","time":563.341907249,"data":"  \"candidate_mean_tumor_dice\": 0.22671748716400308,\n"}
,{"stream_name":"stdout","time":563.341910409,"data":"  \"paired_vs_promoted_tta\": {\n"}
,{"stream_name":"stdout","time":563.341913493,"data":"    \"method\": \"paired nonparametric bootstrap resampling complete tumor groups\",\n"}
,{"stream_name":"stdout","time":563.341916787,"data":"    \"tumor_groups\": 167,\n"}
,{"stream_name":"stdout","time":563.341919942,"data":"    \"tumor_images\": 184,\n"}
,{"stream_name":"stdout","time":563.341922927,"data":"    \"iterations\": 10000,\n"}
,{"stream_name":"stdout","time":563.341925986,"data":"    \"seed\": 42,\n"}
,{"stream_name":"stdout","time":563.341929012,"data":"    \"mean_tumor_dice_delta\": -0.007621735026694507,\n"}
,{"stream_name":"stdout","time":563.341932163,"data":"    \"ci95_low\": -0.027079805377736636,\n"}
,{"stream_name":"stdout","time":563.341935239,"data":"    \"ci95_high\": 0.011757322157091604\n"}
,{"stream_name":"stdout","time":563.341938466,"data":"  },\n"}
,{"stream_name":"stdout","time":563.341950364,"data":"  \"promotion_rule\": \"candidate mean_tumor_dice exceeds promoted TTA baseline and paired tumor-group bootstrap ci95_low is above zero\",\n"}
,{"stream_name":"stdout","time":563.341953154,"data":"  \"promoted\": false,\n"}
,{"stream_name":"stdout","time":563.341955433,"data":"  \"protocol_results\": {\n"}
,{"stream_name":"stdout","time":563.341957713,"data":"    \"ground_truth\": {\n"}
,{"stream_name":"stdout","time":563.341960082,"data":"      \"evaluation\": {\n"}
,{"stream_name":"stdout","time":563.341962341,"data":"        \"dataset\": \"btxrd\",\n"}
,{"stream_name":"stdout","time":563.341964646,"data":"        \"split\": \"val\",\n"}
,{"stream_name":"stdout","time":563.341966957,"data":"        \"cam_target_class_protocol\": \"ground_truth\",\n"}
,{"stream_name":"stdout","time":563.341969436,"data":"        \"pred_mask_root\": \"/kaggle/working/btxrd_binary_cam_sam_causal/ground_truth/pseudo_masks/masks\",\n"}
,{"stream_name":"stdout","time":563.341972041,"data":"        \"boundary_distance_unit\": \"pixels on the resized evaluation grid\",\n"}
,{"stream_name":"stdout","time":563.341974449,"data":"        \"missing\": 0,\n"}
,{"stream_name":"stdout","time":563.341976729,"data":"        \"tumor_images_skipped_by_image_gate\": 0,\n"}
,{"stream_name":"stdout","time":563.341979044,"data":"        \"images\": 371,\n"}
,{"stream_name":"stdout","time":563.341981282,"data":"        \"tumor_images\": 184,\n"}
,{"stream_name":"stdout","time":563.341983561,"data":"        \"normal_images\": 187,\n"}
,{"stream_name":"stdout","time":563.341985834,"data":"        \"main_population\": \"tumor images only\",\n"}
,{"stream_name":"stdout","time":563.341988202,"data":"        \"mean_tumor_dice\": 0.22671748716400308,\n"}
,{"stream_name":"stdout","time":563.341990518,"data":"        \"mean_tumor_iou\": 0.1638773059443276,\n"}
,{"stream_name":"stdout","time":563.341992809,"data":"        \"mean_tumor_precision\": 0.20622439174276458,\n"}
,{"stream_name":"stdout","time":563.34199511,"data":"        \"mean_tumor_recall\": 0.47024238251931116,\n"}
,{"stream_name":"stdout","time":563.341997448,"data":"        \"mean_tumor_hd95_px_conditional_defined\": 117.32028546011922,\n"}
,{"stream_name":"stdout","time":563.341999863,"data":"        \"mean_tumor_assd_px_conditional_defined\": 67.71852732657345,\n"}
,{"stream_name":"stdout","time":563.342003326,"data":"        \"boundary_metric_definition\": \"conditional mean over tumor images with both GT and prediction non-empty; distances are pixels on the resized evaluation grid (not mm); complete misses are excluded and counted separately\",\n"}
,{"stream_name":"stdout","time":563.342006966,"data":"        \"boundary_metric_eligible_tumor_images\": 184,\n"}
,{"stream_name":"stdout","time":563.342009274,"data":"        \"boundary_metric_excluded_tumor_images\": 0,\n"}
,{"stream_name":"stdout","time":563.342011628,"data":"        \"boundary_metric_complete_misses\": 0,\n"}
,{"stream_name":"stdout","time":563.342013904,"data":"        \"tumor_non_empty_prediction_rate\": 1.0,\n"}
,{"stream_name":"stdout","time":563.342016191,"data":"        \"tumor_overlap_detection_rate\": 0.657608695652174,\n"}
,{"stream_name":"stdout","time":563.342018507,"data":"        \"lesion_any_overlap_recall\": 0.5833333333333334,\n"}
,{"stream_name":"stdout","time":563.342020884,"data":"        \"lesion_any_overlap_precision\": 0.38328530259365995,\n"}
,{"stream_name":"stdout","time":563.342023466,"data":"        \"gt_lesions\": 228,\n"}
,{"stream_name":"stdout","time":563.342025984,"data":"        \"detected_lesions_any_overlap\": 133,\n"}
,{"stream_name":"stdout","time":563.34203084,"data":"        \"predicted_lesions\": 347,\n"}
,{"stream_name":"stdout","time":563.342033288,"data":"        \"multifocal_tumor_images\": 23,\n"}
,{"stream_name":"stdout","time":563.342035556,"data":"        \"multifocal_tumor_image_rate\": 0.125,\n"}
,{"stream_name":"stdout","time":563.342037948,"data":"        \"gt_component_count_histogram\": {\n"}
,{"stream_name":"stdout","time":563.342040337,"data":"          \"1\": 161,\n"}
,{"stream_name":"stdout","time":563.342042601,"data":"          \"2\": 12,\n"}
,{"stream_name":"stdout","time":563.342044866,"data":"          \"3\": 5,\n"}
,{"stream_name":"stdout","time":563.342047206,"data":"          \"4\": 4,\n"}
,{"stream_name":"stdout","time":563.342049409,"data":"          \"5\": 1,\n"}
,{"stream_name":"stdout","time":563.342051621,"data":"          \"7\": 1\n"}
,{"stream_name":"stdout","time":563.342053874,"data":"        },\n"}
,{"stream_name":"stdout","time":563.342056163,"data":"        \"normal_empty_prediction_rate\": 1.0,\n"}
,{"stream_name":"stdout","time":563.342058509,"data":"        \"normal_false_positive_case_rate\": 0.0,\n"}
,{"stream_name":"stdout","time":563.342060806,"data":"        \"pixel_specificity\": 0.9792095503689027,\n"}
,{"stream_name":"stdout","time":563.342063083,"data":"        \"pixel_precision\": 0.18906250810328643,\n"}
,{"stream_name":"stdout","time":563.342065434,"data":"        \"pixel_recall\": 0.4736757307388466,\n"}
,{"stream_name":"stdout","time":563.342067723,"data":"        \"tp_pixels\": 182278,\n"}
,{"stream_name":"stdout","time":563.342070012,"data":"        \"fp_pixels\": 781837,\n"}
,{"stream_name":"stdout","time":563.342072272,"data":"        \"fn_pixels\": 202538,\n"}
,{"stream_name":"stdout","time":563.342074506,"data":"        \"tn_pixels\": 36823747,\n"}
,{"stream_name":"stdout","time":563.342076804,"data":"        \"lesion_one_to_one_iou10_recall\": 0.36403508771929827,\n"}
,{"stream_name":"stdout","time":563.342079164,"data":"        \"lesion_one_to_one_iou10_precision\": 0.23919308357348704,\n"}
,{"stream_name":"stdout","time":563.342081542,"data":"        \"lesion_one_to_one_iou10_f1\": 0.288695652173913,\n"}
,{"stream_name":"stdout","time":563.342083849,"data":"        \"lesion_tp_one_to_one_iou10\": 83,\n"}
,{"stream_name":"stdout","time":563.342086133,"data":"        \"lesion_one_to_one_iou25_recall\": 0.2894736842105263,\n"}
,{"stream_name":"stdout","time":563.342088485,"data":"        \"lesion_one_to_one_iou25_precision\": 0.19020172910662825,\n"}
,{"stream_name":"stdout","time":563.342090772,"data":"        \"lesion_one_to_one_iou25_f1\": 0.22956521739130434,\n"}
,{"stream_name":"stdout","time":563.342093042,"data":"        \"lesion_tp_one_to_one_iou25\": 66,\n"}
,{"stream_name":"stdout","time":563.342095322,"data":"        \"lesion_one_to_one_iou50_recall\": 0.10964912280701754,\n"}
,{"stream_name":"stdout","time":563.342097656,"data":"        \"lesion_one_to_one_iou50_precision\": 0.07204610951008646,\n"}
,{"stream_name":"stdout","time":563.34209994,"data":"        \"lesion_one_to_one_iou50_f1\": 0.08695652173913043,\n"}
,{"stream_name":"stdout","time":563.342102217,"data":"        \"lesion_tp_one_to_one_iou50\": 25,\n"}
,{"stream_name":"stdout","time":563.342105119,"data":"        \"lesion_matching_definition\": \"maximum-cardinality one-to-one connected-component matching at IoU thresholds 0.10, 0.25, 0.50\",\n"}
,{"stream_name":"stdout","time":563.342107659,"data":"        \"end_to_end\": {\n"}
,{"stream_name":"stdout","time":563.342109924,"data":"          \"images\": 371,\n"}
,{"stream_name":"stdout","time":563.342112213,"data":"          \"tumor_images\": 184,\n"}
,{"stream_name":"stdout","time":563.342116542,"data":"          \"normal_images\": 187,\n"}
,{"stream_name":"stdout","time":563.342118917,"data":"          \"main_population\": \"tumor images only\",\n"}
,{"stream_name":"stdout","time":563.342121253,"data":"          \"mean_tumor_dice\": 0.22671748716400308,\n"}
,{"stream_name":"stdout","time":563.34212365,"data":"          \"mean_tumor_iou\": 0.1638773059443276,\n"}
,{"stream_name":"stdout","time":563.342125926,"data":"          \"mean_tumor_precision\": 0.20622439174276458,\n"}
,{"stream_name":"stdout","time":563.342128235,"data":"          \"mean_tumor_recall\": 0.47024238251931116,\n"}
,{"stream_name":"stdout","time":563.342130524,"data":"          \"mean_tumor_hd95_px_conditional_defined\": 117.32028546011922,\n"}
,{"stream_name":"stdout","time":563.342132887,"data":"          \"mean_tumor_assd_px_conditional_defined\": 67.71852732657345,\n"}
,{"stream_name":"stdout","time":563.342135436,"data":"          \"boundary_metric_definition\": \"conditional mean over tumor images with both GT and prediction non-empty; distances are pixels on the resized evaluation grid (not mm); complete misses are excluded and counted separately\",\n"}
,{"stream_name":"stdout","time":563.342138107,"data":"          \"boundary_metric_eligible_tumor_images\": 184,\n"}
,{"stream_name":"stdout","time":563.342140463,"data":"          \"boundary_metric_excluded_tumor_images\": 0,\n"}
,{"stream_name":"stdout","time":563.342142772,"data":"          \"boundary_metric_complete_misses\": 0,\n"}
,{"stream_name":"stdout","time":563.342145049,"data":"          \"tumor_non_empty_prediction_rate\": 1.0,\n"}
,{"stream_name":"stdout","time":563.34214731,"data":"          \"tumor_overlap_detection_rate\": 0.657608695652174,\n"}
,{"stream_name":"stdout","time":563.342149623,"data":"          \"lesion_any_overlap_recall\": 0.5833333333333334,\n"}
,{"stream_name":"stdout","time":563.342151936,"data":"          \"lesion_any_overlap_precision\": 0.38328530259365995,\n"}
,{"stream_name":"stdout","time":563.342154266,"data":"          \"gt_lesions\": 228,\n"}
,{"stream_name":"stdout","time":563.342156526,"data":"          \"detected_lesions_any_overlap\": 133,\n"}
,{"stream_name":"stdout","time":563.342158814,"data":"          \"predicted_lesions\": 347,\n"}
,{"stream_name":"stdout","time":563.342161059,"data":"          \"multifocal_tumor_images\": 23,\n"}
,{"stream_name":"stdout","time":563.342163336,"data":"          \"multifocal_tumor_image_rate\": 0.125,\n"}
,{"stream_name":"stdout","time":563.342165626,"data":"          \"gt_component_count_histogram\": {\n"}
,{"stream_name":"stdout","time":563.34216792,"data":"            \"1\": 161,\n"}
,{"stream_name":"stdout","time":563.342170202,"data":"            \"2\": 12,\n"}
,{"stream_name":"stdout","time":563.342206121,"data":"            \"3\": 5,\n"}
,{"stream_name":"stdout","time":563.342213492,"data":"            \"4\": 4,\n"}
,{"stream_name":"stdout","time":563.342218873,"data":"            \"5\": 1,\n"}
,{"stream_name":"stdout","time":563.342225341,"data":"            \"7\": 1\n"}
,{"stream_name":"stdout","time":563.342227758,"data":"          },\n"}
,{"stream_name":"stdout","time":563.34222997,"data":"          \"normal_empty_prediction_rate\": 1.0,\n"}
,{"stream_name":"stdout","time":563.342232262,"data":"          \"normal_false_positive_case_rate\": 0.0,\n"}
,{"stream_name":"stdout","time":563.342234535,"data":"          \"pixel_specificity\": 0.9792095503689027,\n"}
,{"stream_name":"stdout","time":563.342236851,"data":"          \"pixel_precision\": 0.18906250810328643,\n"}
,{"stream_name":"stdout","time":563.342239102,"data":"          \"pixel_recall\": 0.4736757307388466,\n"}
,{"stream_name":"stdout","time":563.34224459,"data":"          \"tp_pixels\": 182278,\n"}
,{"stream_name":"stdout","time":563.342247012,"data":"          \"fp_pixels\": 781837,\n"}
,{"stream_name":"stdout","time":563.342249247,"data":"          \"fn_pixels\": 202538,\n"}
,{"stream_name":"stdout","time":563.342251474,"data":"          \"tn_pixels\": 36823747,\n"}
,{"stream_name":"stdout","time":563.342253758,"data":"          \"lesion_one_to_one_iou10_recall\": 0.36403508771929827,\n"}
,{"stream_name":"stdout","time":563.342256812,"data":"          \"lesion_one_to_one_iou10_precision\": 0.23919308357348704,\n"}
,{"stream_name":"stdout","time":563.342266407,"data":"          \"lesion_one_to_one_iou10_f1\": 0.288695652173913,\n"}
,{"stream_name":"stdout","time":563.342268832,"data":"          \"lesion_tp_one_to_one_iou10\": 83,\n"}
,{"stream_name":"stdout","time":563.342271075,"data":"          \"lesion_one_to_one_iou25_recall\": 0.2894736842105263,\n"}
,{"stream_name":"stdout","time":563.342273475,"data":"          \"lesion_one_to_one_iou25_precision\": 0.19020172910662825,\n"}
,{"stream_name":"stdout","time":563.342275808,"data":"          \"lesion_one_to_one_iou25_f1\": 0.22956521739130434,\n"}
,{"stream_name":"stdout","time":563.342278058,"data":"          \"lesion_tp_one_to_one_iou25\": 66,\n"}
,{"stream_name":"stdout","time":563.34228038,"data":"          \"lesion_one_to_one_iou50_recall\": 0.10964912280701754,\n"}
,{"stream_name":"stdout","time":563.342282656,"data":"          \"lesion_one_to_one_iou50_precision\": 0.07204610951008646,\n"}
,{"stream_name":"stdout","time":563.342284935,"data":"          \"lesion_one_to_one_iou50_f1\": 0.08695652173913043,\n"}
,{"stream_name":"stdout","time":563.342287189,"data":"          \"lesion_tp_one_to_one_iou50\": 25,\n"}
,{"stream_name":"stdout","time":563.342289487,"data":"          \"lesion_matching_definition\": \"maximum-cardinality one-to-one connected-component matching at IoU thresholds 0.10, 0.25, 0.50\"\n"}
,{"stream_name":"stdout","time":563.342291963,"data":"        },\n"}
,{"stream_name":"stdout","time":563.342294143,"data":"        \"cam_sam_conditional_tumor_only\": {\n"}
,{"stream_name":"stdout","time":563.342296483,"data":"          \"images\": 184,\n"}
,{"stream_name":"stdout","time":563.342298715,"data":"          \"tumor_images\": 184,\n"}
,{"stream_name":"stdout","time":563.342300943,"data":"          \"normal_images\": 0,\n"}
,{"stream_name":"stdout","time":563.342303165,"data":"          \"main_population\": \"tumor images only\",\n"}
,{"stream_name":"stdout","time":563.342305453,"data":"          \"mean_tumor_dice\": 0.22671748716400308,\n"}
,{"stream_name":"stdout","time":563.342307685,"data":"          \"mean_tumor_iou\": 0.1638773059443276,\n"}
,{"stream_name":"stdout","time":563.34230998,"data":"          \"mean_tumor_precision\": 0.20622439174276458,\n"}
,{"stream_name":"stdout","time":563.342312213,"data":"          \"mean_tumor_recall\": 0.47024238251931116,\n"}
,{"stream_name":"stdout","time":563.34231458,"data":"          \"mean_tumor_hd95_px_conditional_defined\": 117.32028546011922,\n"}
,{"stream_name":"stdout","time":563.342316882,"data":"          \"mean_tumor_assd_px_conditional_defined\": 67.71852732657345,\n"}
,{"stream_name":"stdout","time":563.342319231,"data":"          \"boundary_metric_definition\": \"conditional mean over tumor images with both GT and prediction non-empty; distances are pixels on the resized evaluation grid (not mm); complete misses are excluded and counted separately\",\n"}
,{"stream_name":"stdout","time":563.342321927,"data":"          \"boundary_metric_eligible_tumor_images\": 184,\n"}
,{"stream_name":"stdout","time":563.34232419,"data":"          \"boundary_metric_excluded_tumor_images\": 0,\n"}
,{"stream_name":"stdout","time":563.342328677,"data":"          \"boundary_metric_complete_misses\": 0,\n"}
,{"stream_name":"stdout","time":563.342331001,"data":"          \"tumor_non_empty_prediction_rate\": 1.0,\n"}
,{"stream_name":"stdout","time":563.342333265,"data":"          \"tumor_overlap_detection_rate\": 0.657608695652174,\n"}
,{"stream_name":"stdout","time":563.342335535,"data":"          \"lesion_any_overlap_recall\": 0.5833333333333334,\n"}
,{"stream_name":"stdout","time":563.342337795,"data":"          \"lesion_any_overlap_precision\": 0.38328530259365995,\n"}
,{"stream_name":"stdout","time":563.342340064,"data":"          \"gt_lesions\": 228,\n"}
,{"stream_name":"stdout","time":563.342342297,"data":"          \"detected_lesions_any_overlap\": 133,\n"}
,{"stream_name":"stdout","time":563.34234456,"data":"          \"predicted_lesions\": 347,\n"}
,{"stream_name":"stdout","time":563.342347055,"data":"          \"multifocal_tumor_images\": 23,\n"}
,{"stream_name":"stdout","time":563.342349321,"data":"          \"multifocal_tumor_image_rate\": 0.125,\n"}
,{"stream_name":"stdout","time":563.342351603,"data":"          \"gt_component_count_histogram\": {\n"}
,{"stream_name":"stdout","time":563.34235386,"data":"            \"1\": 161,\n"}
,{"stream_name":"stdout","time":563.34235608,"data":"            \"2\": 12,\n"}
,{"stream_name":"stdout","time":563.342358299,"data":"            \"3\": 5,\n"}
,{"stream_name":"stdout","time":563.342360508,"data":"            \"4\": 4,\n"}
,{"stream_name":"stdout","time":563.342362699,"data":"            \"5\": 1,\n"}
,{"stream_name":"stdout","time":563.342364875,"data":"            \"7\": 1\n"}
,{"stream_name":"stdout","time":563.342367087,"data":"          },\n"}
,{"stream_name":"stdout","time":563.342369246,"data":"          \"normal_empty_prediction_rate\": null,\n"}
,{"stream_name":"stdout","time":563.34237152,"data":"          \"normal_false_positive_case_rate\": null,\n"}
,{"stream_name":"stdout","time":563.342373862,"data":"          \"pixel_specificity\": 0.9576395866148729,\n"}
,{"stream_name":"stdout","time":563.342376107,"data":"          \"pixel_precision\": 0.18906250810328643,\n"}
,{"stream_name":"stdout","time":563.342378369,"data":"          \"pixel_recall\": 0.4736757307388466,\n"}
,{"stream_name":"stdout","time":563.342380628,"data":"          \"tp_pixels\": 182278,\n"}
,{"stream_name":"stdout","time":563.342382931,"data":"          \"fp_pixels\": 781837,\n"}
,{"stream_name":"stdout","time":563.342387377,"data":"          \"fn_pixels\": 202538,\n"}
,{"stream_name":"stdout","time":563.342389686,"data":"          \"tn_pixels\": 17674947,\n"}
,{"stream_name":"stdout","time":563.34239201,"data":"          \"lesion_one_to_one_iou10_recall\": 0.36403508771929827,\n"}
,{"stream_name":"stdout","time":563.342394367,"data":"          \"lesion_one_to_one_iou10_precision\": 0.23919308357348704,\n"}
,{"stream_name":"stdout","time":563.342396827,"data":"          \"lesion_one_to_one_iou10_f1\": 0.288695652173913,\n"}
,{"stream_name":"stdout","time":563.342399133,"data":"          \"lesion_tp_one_to_one_iou10\": 83,\n"}
,{"stream_name":"stdout","time":563.342401461,"data":"          \"lesion_one_to_one_iou25_recall\": 0.2894736842105263,\n"}
,{"stream_name":"stdout","time":563.342403836,"data":"          \"lesion_one_to_one_iou25_precision\": 0.19020172910662825,\n"}
,{"stream_name":"stdout","time":563.342406103,"data":"          \"lesion_one_to_one_iou25_f1\": 0.22956521739130434,\n"}
,{"stream_name":"stdout","time":563.34240839,"data":"          \"lesion_tp_one_to_one_iou25\": 66,\n"}
,{"stream_name":"stdout","time":563.342412585,"data":"          \"lesion_one_to_one_iou50_recall\": 0.10964912280701754,\n"}
,{"stream_name":"stdout","time":563.342414961,"data":"          \"lesion_one_to_one_iou50_precision\": 0.07204610951008646,\n"}
,{"stream_name":"stdout","time":563.342417432,"data":"          \"lesion_one_to_one_iou50_f1\": 0.08695652173913043,\n"}
,{"stream_name":"stdout","time":563.342419904,"data":"          \"lesion_tp_one_to_one_iou50\": 25,\n"}
,{"stream_name":"stdout","time":563.342422207,"data":"          \"lesion_matching_definition\": \"maximum-cardinality one-to-one connected-component matching at IoU thresholds 0.10, 0.25, 0.50\"\n"}
,{"stream_name":"stdout","time":563.342424783,"data":"        }\n"}
,{"stream_name":"stdout","time":563.342426981,"data":"      },\n"}
,{"stream_name":"stdout","time":563.342429251,"data":"      \"prompt_quality\": {\n"}
,{"stream_name":"stdout","time":563.34243156,"data":"        \"all_rows\": 184,\n"}
,{"stream_name":"stdout","time":563.342433807,"data":"        \"tumor_rows\": 184,\n"}
,{"stream_name":"stdout","time":563.342436088,"data":"        \"tumor_only_means\": {\n"}
,{"stream_name":"stdout","time":563.342438346,"data":"          \"foreground_iou\": 0.07678008573265244,\n"}
,{"stream_name":"stdout","time":563.342440618,"data":"          \"foreground_recall\": 0.6510582698077519,\n"}
,{"stream_name":"stdout","time":563.342442895,"data":"          \"foreground_precision\": 0.08417819564911738,\n"}
,{"stream_name":"stdout","time":563.342445159,"data":"          \"point_hit_rate\": 0.295700345741352,\n"}
,{"stream_name":"stdout","time":563.34244741,"data":"          \"negative_rejection_rate\": 0.968616388181312,\n"}
,{"stream_name":"stdout","time":563.342449771,"data":"          \"box_recall\": 0.7043623912139073,\n"}
,{"stream_name":"stdout","time":563.342452016,"data":"          \"box_precision\": 0.0639886027481602,\n"}
,{"stream_name":"stdout","time":563.342455228,"data":"          \"oracle_best_single_dice\": 0.40907629052253885,\n"}
,{"stream_name":"stdout","time":563.342458423,"data":"          \"oracle_best_single_dice_clipped\": 0.3889930968250641,\n"}
,{"stream_name":"stdout","time":563.34246096,"data":"          \"selected_dice\": 0.22557007974214044,\n"}
,{"stream_name":"stdout","time":563.342463284,"data":"          \"oracle_gap_dice\": 0.18350621078039844,\n"}
,{"stream_name":"stdout","time":563.342465604,"data":"          \"support_loss_dice\": 0.02008319369747481,\n"}
,{"stream_name":"stdout","time":563.342467942,"data":"          \"selection_loss_dice\": 0.16342301708292362,\n"}
,{"stream_name":"stdout","time":563.342470298,"data":"          \"final_dice\": 0.22671748758192825,\n"}
,{"stream_name":"stdout","time":563.34247253,"data":"          \"final_iou\": 0.1638773064395023,\n"}
,{"stream_name":"stdout","time":563.342474779,"data":"          \"postprocess_delta_dice\": 0.001147407839787819\n"}
,{"stream_name":"stdout","time":563.342477089,"data":"        }\n"}
,{"stream_name":"stdout","time":563.342479275,"data":"      },\n"}
,{"stream_name":"stdout","time":563.342481475,"data":"      \"run_metadata_sha256\": \"98ae591f3ba01c368bf9cd106997bc197eaa639e266dd635e1917a643ee4254b\",\n"}
,{"stream_name":"stdout","time":563.342483908,"data":"      \"pseudo_mask_manifest_sha256\": \"7620f9c6bdddb552be1196a8263e75bc28924caf371318d22be14b2c68be74f7\",\n"}
,{"stream_name":"stdout","time":563.342487017,"data":"      \"evaluation_per_image_sha256\": \"e268e30d0815c34aca8f2916ee9c4c712d800fc7f6b3a5d2c51ddec7965feba2\"\n"}
,{"stream_name":"stdout","time":563.342489626,"data":"    }\n"}
,{"stream_name":"stdout","time":563.342491917,"data":"  }\n"}
,{"stream_name":"stdout","time":563.342496188,"data":"}\n"}
,{"stream_name":"stderr","time":566.17203853,"data":"/usr/local/lib/python3.12/dist-packages/mistune.py:435: SyntaxWarning: invalid escape sequence '\\|'\n"}
,{"stream_name":"stderr","time":566.172070952,"data":"  cells[i][c] = re.sub('\\\\\\\\\\|', '|', cell)\n"}
,{"stream_name":"stderr","time":566.462383856,"data":"/usr/local/lib/python3.12/dist-packages/nbconvert/filters/filter_links.py:36: SyntaxWarning: invalid escape sequence '\\_'\n"}
,{"stream_name":"stderr","time":566.462411633,"data":"  text = re.sub(r'_', '\\_', text) # Escape underscores in display text\n"}
,{"stream_name":"stderr","time":567.10236332,"data":"[NbConvertApp] Converting notebook __script__.ipynb to html\n"}
,{"stream_name":"stderr","time":568.431908891,"data":"[NbConvertApp] Writing 375989 bytes to __results__.html\n"}
]